** Drc report for CM5IO.kicad_pcb **
** Created on 2026-09-03T14:19:18 **
** Report includes: Errors, Warnings **

** Found 67 DRC violations **
[clearance]: Clearance violation (netclass 'POE TAPS' clearance 1.0000 mm; actual 0.8400 mm)
    Rule: netclass 'POE TAPS'; warning
    @(141.7700 mm, 151.7700 mm): PTH pad 1 [/CM5_GPIO ( Ethernet, GPIO, SDCARD)/TR1_TAP] of J9
    @(139.2300 mm, 151.7700 mm): PTH pad 2 [/CM5_GPIO ( Ethernet, GPIO, SDCARD)/TR2_TAP] of J9
[clearance]: Clearance violation (netclass 'POE TAPS' clearance 1.0000 mm; actual 0.8400 mm)
    Rule: netclass 'POE TAPS'; warning
    @(141.7700 mm, 151.7700 mm): PTH pad 1 [/CM5_GPIO ( Ethernet, GPIO, SDCARD)/TR1_TAP] of J9
    @(141.7700 mm, 149.2300 mm): PTH pad 3 [/CM5_GPIO ( Ethernet, GPIO, SDCARD)/TR0_TAP] of J9
[clearance]: Clearance violation (netclass 'POE TAPS' clearance 1.0000 mm; actual 0.8400 mm)
    Rule: netclass 'POE TAPS'; warning
    @(141.7700 mm, 151.7700 mm): PTH pad 1 [/CM5_GPIO ( Ethernet, GPIO, SDCARD)/TR1_TAP] of J9
    @(139.2300 mm, 151.7700 mm): PTH pad 2 [/CM5_GPIO ( Ethernet, GPIO, SDCARD)/TR2_TAP] of J9
[clearance]: Clearance violation (netclass 'POE TAPS' clearance 1.0000 mm; actual 0.8400 mm)
    Rule: netclass 'POE TAPS'; warning
    @(141.7700 mm, 151.7700 mm): PTH pad 1 [/CM5_GPIO ( Ethernet, GPIO, SDCARD)/TR1_TAP] of J9
    @(141.7700 mm, 149.2300 mm): PTH pad 3 [/CM5_GPIO ( Ethernet, GPIO, SDCARD)/TR0_TAP] of J9
[clearance]: Clearance violation (netclass 'POE TAPS' clearance 1.0000 mm; actual 0.8400 mm)
    Rule: netclass 'POE TAPS'; warning
    @(141.7700 mm, 151.7700 mm): PTH pad 1 [/CM5_GPIO ( Ethernet, GPIO, SDCARD)/TR1_TAP] of J9
    @(139.2300 mm, 151.7700 mm): PTH pad 2 [/CM5_GPIO ( Ethernet, GPIO, SDCARD)/TR2_TAP] of J9
[clearance]: Clearance violation (netclass 'POE TAPS' clearance 1.0000 mm; actual 0.8400 mm)
    Rule: netclass 'POE TAPS'; warning
    @(141.7700 mm, 151.7700 mm): PTH pad 1 [/CM5_GPIO ( Ethernet, GPIO, SDCARD)/TR1_TAP] of J9
    @(141.7700 mm, 149.2300 mm): PTH pad 3 [/CM5_GPIO ( Ethernet, GPIO, SDCARD)/TR0_TAP] of J9
[clearance]: Clearance violation (netclass 'POE TAPS' clearance 1.0000 mm; actual 0.8400 mm)
    Rule: netclass 'POE TAPS'; warning
    @(139.2300 mm, 151.7700 mm): PTH pad 2 [/CM5_GPIO ( Ethernet, GPIO, SDCARD)/TR2_TAP] of J9
    @(139.2300 mm, 149.2300 mm): PTH pad 4 [/CM5_GPIO ( Ethernet, GPIO, SDCARD)/TR3_TAP] of J9
[clearance]: Clearance violation (netclass 'POE TAPS' clearance 1.0000 mm; actual 0.8400 mm)
    Rule: netclass 'POE TAPS'; warning
    @(139.2300 mm, 151.7700 mm): PTH pad 2 [/CM5_GPIO ( Ethernet, GPIO, SDCARD)/TR2_TAP] of J9
    @(139.2300 mm, 149.2300 mm): PTH pad 4 [/CM5_GPIO ( Ethernet, GPIO, SDCARD)/TR3_TAP] of J9
[clearance]: Clearance violation (netclass 'POE TAPS' clearance 1.0000 mm; actual 0.8400 mm)
    Rule: netclass 'POE TAPS'; warning
    @(139.2300 mm, 151.7700 mm): PTH pad 2 [/CM5_GPIO ( Ethernet, GPIO, SDCARD)/TR2_TAP] of J9
    @(139.2300 mm, 149.2300 mm): PTH pad 4 [/CM5_GPIO ( Ethernet, GPIO, SDCARD)/TR3_TAP] of J9
[clearance]: Clearance violation (netclass 'POE TAPS' clearance 1.0000 mm; actual 0.8400 mm)
    Rule: netclass 'POE TAPS'; warning
    @(141.7700 mm, 149.2300 mm): PTH pad 3 [/CM5_GPIO ( Ethernet, GPIO, SDCARD)/TR0_TAP] of J9
    @(139.2300 mm, 149.2300 mm): PTH pad 4 [/CM5_GPIO ( Ethernet, GPIO, SDCARD)/TR3_TAP] of J9
[clearance]: Clearance violation (netclass 'POE TAPS' clearance 1.0000 mm; actual 0.8400 mm)
    Rule: netclass 'POE TAPS'; warning
    @(141.7700 mm, 149.2300 mm): PTH pad 3 [/CM5_GPIO ( Ethernet, GPIO, SDCARD)/TR0_TAP] of J9
    @(139.2300 mm, 149.2300 mm): PTH pad 4 [/CM5_GPIO ( Ethernet, GPIO, SDCARD)/TR3_TAP] of J9
[clearance]: Clearance violation (netclass 'POE TAPS' clearance 1.0000 mm; actual 0.8400 mm)
    Rule: netclass 'POE TAPS'; warning
    @(141.7700 mm, 149.2300 mm): PTH pad 3 [/CM5_GPIO ( Ethernet, GPIO, SDCARD)/TR0_TAP] of J9
    @(139.2300 mm, 149.2300 mm): PTH pad 4 [/CM5_GPIO ( Ethernet, GPIO, SDCARD)/TR3_TAP] of J9
[clearance]: Clearance violation (netclass 'POE TAPS' clearance 1.0000 mm; actual 0.2965 mm)
    Rule: netclass 'POE TAPS'; warning
    @(147.2850 mm, 146.6700 mm): PTH pad 11 [/CM5_GPIO ( Ethernet, GPIO, SDCARD)/TR0_TAP] of U3
    @(145.1250 mm, 147.4500 mm): PTH pad 19 [GND] of U3
[clearance]: Clearance violation (netclass 'POE TAPS' clearance 1.0000 mm; actual 0.2965 mm)
    Rule: netclass 'POE TAPS'; warning
    @(147.2850 mm, 146.6700 mm): PTH pad 11 [/CM5_GPIO ( Ethernet, GPIO, SDCARD)/TR0_TAP] of U3
    @(145.1250 mm, 147.4500 mm): PTH pad 19 [GND] of U3
[clearance]: Clearance violation (netclass 'POE TAPS' clearance 1.0000 mm; actual 0.2965 mm)
    Rule: netclass 'POE TAPS'; warning
    @(147.2850 mm, 146.6700 mm): PTH pad 11 [/CM5_GPIO ( Ethernet, GPIO, SDCARD)/TR0_TAP] of U3
    @(145.1250 mm, 147.4500 mm): PTH pad 19 [GND] of U3
[clearance]: Clearance violation (netclass 'POE TAPS' clearance 1.0000 mm; actual 0.2965 mm)
    Rule: netclass 'POE TAPS'; warning
    @(158.7150 mm, 146.6700 mm): PTH pad 14 [/CM5_GPIO ( Ethernet, GPIO, SDCARD)/TR3_TAP] of U3
    @(160.8750 mm, 147.4500 mm): PTH pad 20 [GND] of U3
[clearance]: Clearance violation (netclass 'POE TAPS' clearance 1.0000 mm; actual 0.2965 mm)
    Rule: netclass 'POE TAPS'; warning
    @(158.7150 mm, 146.6700 mm): PTH pad 14 [/CM5_GPIO ( Ethernet, GPIO, SDCARD)/TR3_TAP] of U3
    @(160.8750 mm, 147.4500 mm): PTH pad 20 [GND] of U3
[clearance]: Clearance violation (netclass 'POE TAPS' clearance 1.0000 mm; actual 0.2965 mm)
    Rule: netclass 'POE TAPS'; warning
    @(158.7150 mm, 146.6700 mm): PTH pad 14 [/CM5_GPIO ( Ethernet, GPIO, SDCARD)/TR3_TAP] of U3
    @(160.8750 mm, 147.4500 mm): PTH pad 20 [GND] of U3
[lib_footprint_mismatch]: Footprint 'C_0402_1005Metric' does not match copy in library 'Capacitor_SMD'
    Local override; warning
    @(152.3000 mm, 138.3000 mm): Footprint C1
[lib_footprint_mismatch]: Footprint 'C_0805_2012Metric' does not match copy in library 'Capacitor_SMD'
    Local override; warning
    @(199.4500 mm, 143.7500 mm): Footprint C5
[lib_footprint_mismatch]: Footprint 'C_0402_1005Metric' does not match copy in library 'Capacitor_SMD'
    Local override; warning
    @(111.5500 mm, 149.5000 mm): Footprint C12
[lib_footprint_mismatch]: Footprint 'C_0402_1005Metric' does not match copy in library 'Capacitor_SMD'
    Local override; warning
    @(116.8000 mm, 148.6000 mm): Footprint C13
[lib_footprint_mismatch]: Footprint 'R_0402_1005Metric' does not match copy in library 'Resistor_SMD'
    Local override; warning
    @(113.6000 mm, 156.4000 mm): Footprint R10
[lib_footprint_mismatch]: Footprint 'PinHeader_2x20_P2.54mm_Vertical' does not match copy in library 'Connector_PinHeader_2.54mm'
    Local override; warning
    @(87.3700 mm, 108.7700 mm): Footprint J8
[lib_footprint_mismatch]: Footprint 'LED_0603_1608Metric' does not match copy in library 'LED_SMD'
    Local override; warning
    @(116.3500 mm, 158.9000 mm): Footprint D2
[lib_footprint_mismatch]: Footprint 'R_0402_1005Metric' does not match copy in library 'Resistor_SMD'
    Local override; warning
    @(160.3000 mm, 138.2150 mm): Footprint R3
[lib_footprint_mismatch]: Footprint 'R_0402_1005Metric' does not match copy in library 'Resistor_SMD'
    Local override; warning
    @(162.6000 mm, 138.2150 mm): Footprint R2
[lib_footprint_mismatch]: Footprint 'PinHeader_2x02_P2.54mm_Vertical' does not match copy in library 'Connector_PinHeader_2.54mm'
    Local override; warning
    @(141.7700 mm, 151.7700 mm): Footprint J9
[lib_footprint_mismatch]: Footprint 'USB_C_Receptacle_GCT_USB4105-xx-A_16P_TopMnt_Horizontal' does not match copy in library 'Connector_USB'
    Local override; warning
    @(187.0000 mm, 157.5250 mm): Footprint J11
[lib_footprint_mismatch]: Footprint 'LED_0603_1608Metric' does not match copy in library 'LED_SMD'
    Local override; warning
    @(112.7000 mm, 158.9000 mm): Footprint D1
[lib_footprint_mismatch]: Footprint 'R_0402_1005Metric' does not match copy in library 'Resistor_SMD'
    Local override; warning
    @(115.8000 mm, 156.4000 mm): Footprint R1
[lib_footprint_mismatch]: Footprint 'SOT-23-5' does not match copy in library 'Package_TO_SOT_SMD'
    Local override; warning
    @(206.9000 mm, 93.3500 mm): Footprint U18
[lib_footprint_mismatch]: Footprint 'PinHeader_2x02_P2.54mm_Vertical' does not match copy in library 'Connector_PinHeader_2.54mm'
    Local override; warning
    @(120.4000 mm, 103.2000 mm): Footprint J6
[lib_footprint_mismatch]: Footprint 'R_0402_1005Metric' does not match copy in library 'Resistor_SMD'
    Local override; warning
    @(111.6850 mm, 94.6000 mm): Footprint R6
[lib_footprint_mismatch]: Footprint 'R_0402_1005Metric' does not match copy in library 'Resistor_SMD'
    Local override; warning
    @(111.6850 mm, 96.1000 mm): Footprint R7
[lib_footprint_mismatch]: Footprint 'PinHeader_2x07_P2.54mm_Vertical' does not match copy in library 'Connector_PinHeader_2.54mm'
    Local override; warning
    @(139.0000 mm, 74.5000 mm): Footprint J2
[lib_footprint_mismatch]: Footprint 'R_0805_2012Metric_Pad1.20x1.40mm_HandSolder' does not match copy in library 'Resistor_SMD'
    Local override; warning
    @(196.0000 mm, 79.0000 mm): Footprint R4
[lib_footprint_mismatch]: Footprint 'R_0805_2012Metric_Pad1.20x1.40mm_HandSolder' does not match copy in library 'Resistor_SMD'
    Local override; warning
    @(196.0000 mm, 81.5000 mm): Footprint R5
[lib_footprint_mismatch]: Footprint 'LED_0603_1608Metric' does not match copy in library 'LED_SMD'
    Local override; warning
    @(211.5000 mm, 158.9000 mm): Footprint D3
[lib_footprint_mismatch]: Footprint 'PinHeader_1x03_P2.54mm_Vertical' does not match copy in library 'Connector_PinHeader_2.54mm'
    Local override; warning
    @(207.5000 mm, 72.5000 mm): Footprint J3
[lib_footprint_mismatch]: Footprint 'R_0402_1005Metric' does not match copy in library 'Resistor_SMD'
    Local override; warning
    @(133.2150 mm, 79.7000 mm): Footprint R8
[lib_footprint_mismatch]: Footprint 'R_0402_1005Metric' does not match copy in library 'Resistor_SMD'
    Local override; warning
    @(206.3000 mm, 143.5000 mm): Footprint R9
[lib_footprint_mismatch]: Footprint 'C_0805_2012Metric' does not match copy in library 'Capacitor_SMD'
    Local override; warning
    @(209.0500 mm, 142.0000 mm): Footprint C6
[lib_footprint_mismatch]: Footprint 'C_0805_2012Metric' does not match copy in library 'Capacitor_SMD'
    Local override; warning
    @(212.5500 mm, 140.0000 mm): Footprint C16
[lib_footprint_mismatch]: Footprint 'C_0402_1005Metric' does not match copy in library 'Capacitor_SMD'
    Local override; warning
    @(206.5000 mm, 140.0850 mm): Footprint C10
[lib_footprint_mismatch]: Footprint 'C_0402_1005Metric' does not match copy in library 'Capacitor_SMD'
    Local override; warning
    @(204.8000 mm, 138.9000 mm): Footprint C11
[lib_footprint_mismatch]: Footprint 'C_0805_2012Metric' does not match copy in library 'Capacitor_SMD'
    Local override; warning
    @(170.1375 mm, 139.5000 mm): Footprint C8
[lib_footprint_mismatch]: Footprint 'JST_SH_BM04B-SRSS-TB_1x04-1MP_P1.00mm_Vertical' does not match copy in library 'Connector_JST'
    Local override; warning
    @(205.3000 mm, 82.7000 mm): Footprint J14
[lib_footprint_mismatch]: Footprint 'C_0805_2012Metric' does not match copy in library 'Capacitor_SMD'
    Local override; warning
    @(188.4375 mm, 129.7000 mm): Footprint C2
[lib_footprint_mismatch]: Footprint 'CP_EIA-7343-31_Kemet-D' does not match copy in library 'Capacitor_Tantalum_SMD'
    Local override; warning
    @(185.9000 mm, 141.5875 mm): Footprint C3
[lib_footprint_mismatch]: Footprint 'C_0805_2012Metric' does not match copy in library 'Capacitor_SMD'
    Local override; warning
    @(212.5375 mm, 138.0000 mm): Footprint C17
[lib_footprint_mismatch]: Footprint 'Crystal_SMD_3225-4Pin_3.2x2.5mm' does not match copy in library 'Crystal'
    Local override; warning
    @(211.5500 mm, 146.2000 mm): Footprint U7
[lib_footprint_mismatch]: Footprint 'R_0402_1005Metric' does not match copy in library 'Resistor_SMD'
    Local override; warning
    @(212.6000 mm, 156.8000 mm): Footprint R17
[lib_footprint_mismatch]: Footprint 'SOT-23-6' does not match copy in library 'Package_TO_SOT_SMD'
    Local override; warning
    @(187.5000 mm, 133.2625 mm): Footprint U6
[lib_footprint_mismatch]: Footprint 'C_0402_1005Metric' does not match copy in library 'Capacitor_SMD'
    Local override; warning
    @(190.2200 mm, 151.1000 mm): Footprint C18
[lib_footprint_mismatch]: Footprint 'R_0402_1005Metric' does not match copy in library 'Resistor_SMD'
    Local override; warning
    @(209.2000 mm, 88.9500 mm): Footprint R11
[lib_footprint_mismatch]: Footprint 'R_0402_1005Metric' does not match copy in library 'Resistor_SMD'
    Local override; warning
    @(203.6500 mm, 93.3500 mm): Footprint R13
[lib_footprint_mismatch]: Footprint 'R_0402_1005Metric' does not match copy in library 'Resistor_SMD'
    Local override; warning
    @(206.5000 mm, 137.4150 mm): Footprint R16
[lib_footprint_mismatch]: Footprint 'C_0805_2012Metric' does not match copy in library 'Capacitor_SMD'
    Local override; warning
    @(170.1500 mm, 141.9000 mm): Footprint C7
[lib_footprint_mismatch]: Footprint 'R_0402_1005Metric' does not match copy in library 'Resistor_SMD'
    Local override; warning
    @(204.8000 mm, 137.9000 mm): Footprint R15
[lib_footprint_mismatch]: Footprint 'R_0402_1005Metric' does not match copy in library 'Resistor_SMD'
    Local override; warning
    @(186.8000 mm, 136.1000 mm): Footprint R12
[lib_footprint_mismatch]: Footprint 'C_0805_2012Metric' does not match copy in library 'Capacitor_SMD'
    Local override; warning
    @(212.5500 mm, 142.0000 mm): Footprint C15
[lib_footprint_mismatch]: Footprint 'C_0805_2012Metric' does not match copy in library 'Capacitor_SMD'
    Local override; warning
    @(212.5500 mm, 136.0000 mm): Footprint C14
[lib_footprint_mismatch]: Footprint 'C_0402_1005Metric' does not match copy in library 'Capacitor_SMD'
    Local override; warning
    @(184.2200 mm, 151.1000 mm): Footprint C9
[lib_footprint_mismatch]: Footprint 'R_0402_1005Metric' does not match copy in library 'Resistor_SMD'
    Local override; warning
    @(205.9000 mm, 135.3150 mm): Footprint R14
[lib_footprint_mismatch]: Footprint 'C_0805_2012Metric' does not match copy in library 'Capacitor_SMD'
    Local override; warning
    @(209.0500 mm, 140.0000 mm): Footprint C4
[lib_footprint_mismatch]: Footprint 'C_0402_1005Metric' does not match copy in library 'Capacitor_SMD'
    Local override; warning
    @(209.1000 mm, 145.3200 mm): Footprint C19

** Found 0 unconnected pads **

** Found 0 Footprint errors **

** Ignored checks **
    - Thermal relief connection to zone incomplete
    - Footprint has no courtyard defined
    - Solder mask aperture bridges items with different nets
    - Track endpoint not centered on via
    - Tuning profile track geometries
    - Footprint doesn't match symbol's footprint filters
    - Silkscreen clipped by board edge

** End of Report **
