ERC report (2026-09-10T00:19:14, Encoding UTF8)
Report includes: Errors, Warnings

***** Sheet /
[label_dangling]: Label not connected
    ; error
    @(25.00 mm, 47.00 mm): Global Label 'CM5_PER0_P'
[label_dangling]: Label not connected
    ; error
    @(25.00 mm, 50.00 mm): Global Label 'CM5_PER0_N'
[label_dangling]: Label not connected
    ; error
    @(25.00 mm, 53.00 mm): Global Label 'CM5_PET0_P'
[label_dangling]: Label not connected
    ; error
    @(25.00 mm, 56.00 mm): Global Label 'CM5_PET0_N'
[label_dangling]: Label not connected
    ; error
    @(25.00 mm, 59.00 mm): Global Label 'CM5_REFCLK_P'
[label_dangling]: Label not connected
    ; error
    @(25.00 mm, 62.00 mm): Global Label 'CM5_REFCLK_N'
[label_dangling]: Label not connected
    ; error
    @(25.00 mm, 65.00 mm): Global Label 'CM5_PERST'
[label_dangling]: Label not connected
    ; error
    @(25.00 mm, 71.00 mm): Global Label 'CM5_GBE'
[label_dangling]: Label not connected
    ; error
    @(25.00 mm, 74.00 mm): Global Label 'SERVICE_USB2_DP'
[label_dangling]: Label not connected
    ; error
    @(25.00 mm, 77.00 mm): Global Label 'SERVICE_USB2_DM'
[label_dangling]: Label not connected
    ; error
    @(25.00 mm, 80.00 mm): Global Label 'CM5_POWER'
[label_dangling]: Label not connected
    ; error
    @(25.00 mm, 147.00 mm): Global Label 'CM5_GBE'
[label_dangling]: Label not connected
    ; error
    @(25.00 mm, 153.00 mm): Global Label 'GBE_SHIELD'
[label_dangling]: Label not connected
    ; error
    @(25.00 mm, 156.00 mm): Global Label 'ETH_POWER'
[hier_label_mismatch]: Sheet pin CM5_PER0_P has no matching hierarchical label inside the sheet
    ; error
    @(35.00 mm, 47.00 mm): Hierarchical Sheet Pin 'CM5_PER0_P'
[hier_label_mismatch]: Sheet pin CM5_PER0_N has no matching hierarchical label inside the sheet
    ; error
    @(35.00 mm, 50.00 mm): Hierarchical Sheet Pin 'CM5_PER0_N'
[hier_label_mismatch]: Sheet pin CM5_PET0_P has no matching hierarchical label inside the sheet
    ; error
    @(35.00 mm, 53.00 mm): Hierarchical Sheet Pin 'CM5_PET0_P'
[hier_label_mismatch]: Sheet pin CM5_PET0_N has no matching hierarchical label inside the sheet
    ; error
    @(35.00 mm, 56.00 mm): Hierarchical Sheet Pin 'CM5_PET0_N'
[hier_label_mismatch]: Sheet pin CM5_REFCLK_P has no matching hierarchical label inside the sheet
    ; error
    @(35.00 mm, 59.00 mm): Hierarchical Sheet Pin 'CM5_REFCLK_P'
[hier_label_mismatch]: Sheet pin CM5_REFCLK_N has no matching hierarchical label inside the sheet
    ; error
    @(35.00 mm, 62.00 mm): Hierarchical Sheet Pin 'CM5_REFCLK_N'
[hier_label_mismatch]: Sheet pin CM5_PERST has no matching hierarchical label inside the sheet
    ; error
    @(35.00 mm, 65.00 mm): Hierarchical Sheet Pin 'CM5_PERST'
[hier_label_mismatch]: Sheet pin CM5_USB3 has no matching hierarchical label inside the sheet
    ; error
    @(35.00 mm, 68.00 mm): Hierarchical Sheet Pin 'CM5_USB3'
[hier_label_mismatch]: Sheet pin CM5_GBE has no matching hierarchical label inside the sheet
    ; error
    @(35.00 mm, 71.00 mm): Hierarchical Sheet Pin 'CM5_GBE'
[hier_label_mismatch]: Sheet pin SERVICE_USB2_DP has no matching hierarchical label inside the sheet
    ; error
    @(35.00 mm, 74.00 mm): Hierarchical Sheet Pin 'SERVICE_USB2_DP'
[hier_label_mismatch]: Sheet pin SERVICE_USB2_DM has no matching hierarchical label inside the sheet
    ; error
    @(35.00 mm, 77.00 mm): Hierarchical Sheet Pin 'SERVICE_USB2_DM'
[hier_label_mismatch]: Sheet pin CM5_POWER has no matching hierarchical label inside the sheet
    ; error
    @(35.00 mm, 80.00 mm): Hierarchical Sheet Pin 'CM5_POWER'
[hier_label_mismatch]: Sheet pin CM5_5V has no matching hierarchical label inside the sheet
    ; error
    @(35.00 mm, 83.00 mm): Hierarchical Sheet Pin 'CM5_5V'
[hier_label_mismatch]: Sheet pin CM5_STORAGE_USB2_DP has no matching hierarchical label inside the sheet
    ; error
    @(35.00 mm, 84.00 mm): Hierarchical Sheet Pin 'CM5_STORAGE_USB2_DP'
[hier_label_mismatch]: Sheet pin CM5_STORAGE_USB2_DM has no matching hierarchical label inside the sheet
    ; error
    @(35.00 mm, 87.00 mm): Hierarchical Sheet Pin 'CM5_STORAGE_USB2_DM'
[hier_label_mismatch]: Sheet pin CM5_GBE has no matching hierarchical label inside the sheet
    ; error
    @(35.00 mm, 147.00 mm): Hierarchical Sheet Pin 'CM5_GBE'
[hier_label_mismatch]: Sheet pin GBE_SHIELD has no matching hierarchical label inside the sheet
    ; error
    @(35.00 mm, 153.00 mm): Hierarchical Sheet Pin 'GBE_SHIELD'
[hier_label_mismatch]: Sheet pin ETH_POWER has no matching hierarchical label inside the sheet
    ; error
    @(35.00 mm, 156.00 mm): Hierarchical Sheet Pin 'ETH_POWER'
[label_dangling]: Label not connected
    ; error
    @(60.00 mm, 47.00 mm): Global Label 'CM5_PER0_P'
[label_dangling]: Label not connected
    ; error
    @(60.00 mm, 50.00 mm): Global Label 'CM5_PER0_N'
[label_dangling]: Label not connected
    ; error
    @(60.00 mm, 53.00 mm): Global Label 'CM5_PET0_P'
[label_dangling]: Label not connected
    ; error
    @(60.00 mm, 56.00 mm): Global Label 'CM5_PET0_N'
[label_dangling]: Label not connected
    ; error
    @(60.00 mm, 59.00 mm): Global Label 'CM5_REFCLK_P'
[label_dangling]: Label not connected
    ; error
    @(60.00 mm, 62.00 mm): Global Label 'CM5_REFCLK_N'
[label_dangling]: Label not connected
    ; error
    @(60.00 mm, 65.00 mm): Global Label 'CM5_PERST'
[label_dangling]: Label not connected
    ; error
    @(60.00 mm, 68.00 mm): Global Label 'V100_PER0_P'
[label_dangling]: Label not connected
    ; error
    @(60.00 mm, 71.00 mm): Global Label 'V100_PER0_N'
[label_dangling]: Label not connected
    ; error
    @(60.00 mm, 74.00 mm): Global Label 'V100_PET0_P'
[label_dangling]: Label not connected
    ; error
    @(60.00 mm, 77.00 mm): Global Label 'V100_PET0_N'
[label_dangling]: Label not connected
    ; error
    @(60.00 mm, 80.00 mm): Global Label 'V100_REFCLK_P'
[label_dangling]: Label not connected
    ; error
    @(60.00 mm, 83.00 mm): Global Label 'V100_REFCLK_N'
[label_dangling]: Label not connected
    ; error
    @(60.00 mm, 86.00 mm): Global Label 'V100_PERST'
[hier_label_mismatch]: Sheet pin CM5_PER0_P has no matching hierarchical label inside the sheet
    ; error
    @(70.00 mm, 47.00 mm): Hierarchical Sheet Pin 'CM5_PER0_P'
[hier_label_mismatch]: Sheet pin CM5_PER0_N has no matching hierarchical label inside the sheet
    ; error
    @(70.00 mm, 50.00 mm): Hierarchical Sheet Pin 'CM5_PER0_N'
[hier_label_mismatch]: Sheet pin CM5_PET0_P has no matching hierarchical label inside the sheet
    ; error
    @(70.00 mm, 53.00 mm): Hierarchical Sheet Pin 'CM5_PET0_P'
[hier_label_mismatch]: Sheet pin CM5_PET0_N has no matching hierarchical label inside the sheet
    ; error
    @(70.00 mm, 56.00 mm): Hierarchical Sheet Pin 'CM5_PET0_N'
[hier_label_mismatch]: Sheet pin CM5_REFCLK_P has no matching hierarchical label inside the sheet
    ; error
    @(70.00 mm, 59.00 mm): Hierarchical Sheet Pin 'CM5_REFCLK_P'
[hier_label_mismatch]: Sheet pin CM5_REFCLK_N has no matching hierarchical label inside the sheet
    ; error
    @(70.00 mm, 62.00 mm): Hierarchical Sheet Pin 'CM5_REFCLK_N'
[hier_label_mismatch]: Sheet pin CM5_PERST has no matching hierarchical label inside the sheet
    ; error
    @(70.00 mm, 65.00 mm): Hierarchical Sheet Pin 'CM5_PERST'
[hier_label_mismatch]: Sheet pin V100_PER0_P has no matching hierarchical label inside the sheet
    ; error
    @(70.00 mm, 68.00 mm): Hierarchical Sheet Pin 'V100_PER0_P'
[hier_label_mismatch]: Sheet pin V100_PER0_N has no matching hierarchical label inside the sheet
    ; error
    @(70.00 mm, 71.00 mm): Hierarchical Sheet Pin 'V100_PER0_N'
[hier_label_mismatch]: Sheet pin V100_PET0_P has no matching hierarchical label inside the sheet
    ; error
    @(70.00 mm, 74.00 mm): Hierarchical Sheet Pin 'V100_PET0_P'
[hier_label_mismatch]: Sheet pin V100_PET0_N has no matching hierarchical label inside the sheet
    ; error
    @(70.00 mm, 77.00 mm): Hierarchical Sheet Pin 'V100_PET0_N'
[hier_label_mismatch]: Sheet pin V100_REFCLK_P has no matching hierarchical label inside the sheet
    ; error
    @(70.00 mm, 80.00 mm): Hierarchical Sheet Pin 'V100_REFCLK_P'
[hier_label_mismatch]: Sheet pin V100_REFCLK_N has no matching hierarchical label inside the sheet
    ; error
    @(70.00 mm, 83.00 mm): Hierarchical Sheet Pin 'V100_REFCLK_N'
[hier_label_mismatch]: Sheet pin V100_PERST has no matching hierarchical label inside the sheet
    ; error
    @(70.00 mm, 86.00 mm): Hierarchical Sheet Pin 'V100_PERST'
[label_dangling]: Label not connected
    ; error
    @(95.00 mm, 47.00 mm): Global Label 'V100_POWER_12V'
[label_dangling]: Label not connected
    ; error
    @(95.00 mm, 50.00 mm): Global Label 'V100_GND'
[label_dangling]: Label not connected
    ; error
    @(95.00 mm, 53.00 mm): Global Label 'V100_THERMAL'
[label_dangling]: Label not connected
    ; error
    @(95.00 mm, 147.00 mm): Global Label 'SERVICE_USB2_DP'
[label_dangling]: Label not connected
    ; error
    @(95.00 mm, 150.00 mm): Global Label 'SERVICE_USB2_DM'
[label_dangling]: Label not connected
    ; error
    @(95.00 mm, 153.00 mm): Global Label 'SERVICE_VBUS_SENSE'
[label_dangling]: Label not connected
    ; error
    @(95.00 mm, 156.00 mm): Global Label 'SERVICE_RD'
[label_dangling]: Label not connected
    ; error
    @(95.00 mm, 159.00 mm): Global Label 'SERVICE_GND'
[hier_label_mismatch]: Sheet pin V100_POWER_12V has no matching hierarchical label inside the sheet
    ; error
    @(105.00 mm, 47.00 mm): Hierarchical Sheet Pin 'V100_POWER_12V'
[hier_label_mismatch]: Sheet pin V100_GND has no matching hierarchical label inside the sheet
    ; error
    @(105.00 mm, 50.00 mm): Hierarchical Sheet Pin 'V100_GND'
[hier_label_mismatch]: Sheet pin V100_THERMAL has no matching hierarchical label inside the sheet
    ; error
    @(105.00 mm, 53.00 mm): Hierarchical Sheet Pin 'V100_THERMAL'
[label_dangling]: Label not connected
    ; error
    @(130.00 mm, 47.00 mm): Global Label '12V_IN_A'
[label_dangling]: Label not connected
    ; error
    @(130.00 mm, 50.00 mm): Global Label '12V_IN_B'
[label_dangling]: Label not connected
    ; error
    @(130.00 mm, 53.00 mm): Global Label '12V_PROTECTED'
[label_dangling]: Label not connected
    ; error
    @(130.00 mm, 56.00 mm): Global Label 'POWER_PG_FAULT'
[label_dangling]: Label not connected
    ; error
    @(130.00 mm, 147.00 mm): Global Label 'COOLING_12V'
[label_dangling]: Label not connected
    ; error
    @(130.00 mm, 150.00 mm): Global Label 'COOLING_PWM'
[label_dangling]: Label not connected
    ; error
    @(130.00 mm, 153.00 mm): Global Label 'COOLING_TACH'
[label_dangling]: Label not connected
    ; error
    @(130.00 mm, 156.00 mm): Global Label 'THERMAL_ALERT'
[label_dangling]: Label not connected
    ; error
    @(165.00 mm, 47.00 mm): Global Label '12V_PROTECTED'
[label_dangling]: Label not connected
    ; error
    @(165.00 mm, 56.00 mm): Global Label 'BRIDGE_1V1_3V3'
[label_dangling]: Label not connected
    ; error
    @(165.00 mm, 147.00 mm): Global Label 'UART'
[label_dangling]: Label not connected
    ; error
    @(165.00 mm, 150.00 mm): Global Label 'RECOVERY'
[label_dangling]: Label not connected
    ; error
    @(165.00 mm, 153.00 mm): Global Label 'POWER_PG_FAULT'
[label_dangling]: Label not connected
    ; error
    @(165.00 mm, 156.00 mm): Global Label 'DEBUG_GND'
[endpoint_off_grid]: Symbol pin or wire end off connection grid
    ; warning
    @(25.00 mm, 47.00 mm): Horizontal Wire, length 10.00 mm
[endpoint_off_grid]: Symbol pin or wire end off connection grid
    ; warning
    @(25.00 mm, 50.00 mm): Horizontal Wire, length 10.00 mm
[endpoint_off_grid]: Symbol pin or wire end off connection grid
    ; warning
    @(25.00 mm, 53.00 mm): Horizontal Wire, length 10.00 mm
[endpoint_off_grid]: Symbol pin or wire end off connection grid
    ; warning
    @(25.00 mm, 56.00 mm): Horizontal Wire, length 10.00 mm
[endpoint_off_grid]: Symbol pin or wire end off connection grid
    ; warning
    @(25.00 mm, 59.00 mm): Horizontal Wire, length 10.00 mm
[endpoint_off_grid]: Symbol pin or wire end off connection grid
    ; warning
    @(25.00 mm, 62.00 mm): Horizontal Wire, length 10.00 mm
[endpoint_off_grid]: Symbol pin or wire end off connection grid
    ; warning
    @(25.00 mm, 65.00 mm): Horizontal Wire, length 10.00 mm
[endpoint_off_grid]: Symbol pin or wire end off connection grid
    ; warning
    @(25.00 mm, 68.00 mm): Horizontal Wire, length 10.00 mm
[isolated_pin_label]: Label connected to only one pin
    ; warning
    @(25.00 mm, 68.00 mm): Global Label 'CM5_USB3'
[endpoint_off_grid]: Symbol pin or wire end off connection grid
    ; warning
    @(25.00 mm, 71.00 mm): Horizontal Wire, length 10.00 mm
[endpoint_off_grid]: Symbol pin or wire end off connection grid
    ; warning
    @(25.00 mm, 74.00 mm): Horizontal Wire, length 10.00 mm
[endpoint_off_grid]: Symbol pin or wire end off connection grid
    ; warning
    @(25.00 mm, 77.00 mm): Horizontal Wire, length 10.00 mm
[endpoint_off_grid]: Symbol pin or wire end off connection grid
    ; warning
    @(25.00 mm, 80.00 mm): Horizontal Wire, length 10.00 mm
[endpoint_off_grid]: Symbol pin or wire end off connection grid
    ; warning
    @(25.00 mm, 83.00 mm): Horizontal Wire, length 10.00 mm
[isolated_pin_label]: Label connected to only one pin
    ; warning
    @(25.00 mm, 83.00 mm): Global Label 'CM5_5V'
[endpoint_off_grid]: Symbol pin or wire end off connection grid
    ; warning
    @(25.00 mm, 84.00 mm): Horizontal Wire, length 10.00 mm
[isolated_pin_label]: Label connected to only one pin
    ; warning
    @(25.00 mm, 84.00 mm): Global Label 'CM5_STORAGE_USB2_DP'
[endpoint_off_grid]: Symbol pin or wire end off connection grid
    ; warning
    @(25.00 mm, 87.00 mm): Horizontal Wire, length 10.00 mm
[isolated_pin_label]: Label connected to only one pin
    ; warning
    @(25.00 mm, 87.00 mm): Global Label 'CM5_STORAGE_USB2_DM'
[endpoint_off_grid]: Symbol pin or wire end off connection grid
    ; warning
    @(25.00 mm, 147.00 mm): Horizontal Wire, length 10.00 mm
[endpoint_off_grid]: Symbol pin or wire end off connection grid
    ; warning
    @(25.00 mm, 153.00 mm): Horizontal Wire, length 10.00 mm
[endpoint_off_grid]: Symbol pin or wire end off connection grid
    ; warning
    @(25.00 mm, 156.00 mm): Horizontal Wire, length 10.00 mm
[endpoint_off_grid]: Symbol pin or wire end off connection grid
    ; warning
    @(60.00 mm, 47.00 mm): Horizontal Wire, length 10.00 mm
[endpoint_off_grid]: Symbol pin or wire end off connection grid
    ; warning
    @(60.00 mm, 50.00 mm): Horizontal Wire, length 10.00 mm
[endpoint_off_grid]: Symbol pin or wire end off connection grid
    ; warning
    @(60.00 mm, 53.00 mm): Horizontal Wire, length 10.00 mm
[endpoint_off_grid]: Symbol pin or wire end off connection grid
    ; warning
    @(60.00 mm, 56.00 mm): Horizontal Wire, length 10.00 mm
[endpoint_off_grid]: Symbol pin or wire end off connection grid
    ; warning
    @(60.00 mm, 59.00 mm): Horizontal Wire, length 10.00 mm
[endpoint_off_grid]: Symbol pin or wire end off connection grid
    ; warning
    @(60.00 mm, 62.00 mm): Horizontal Wire, length 10.00 mm
[endpoint_off_grid]: Symbol pin or wire end off connection grid
    ; warning
    @(60.00 mm, 65.00 mm): Horizontal Wire, length 10.00 mm
[endpoint_off_grid]: Symbol pin or wire end off connection grid
    ; warning
    @(60.00 mm, 68.00 mm): Horizontal Wire, length 10.00 mm
[endpoint_off_grid]: Symbol pin or wire end off connection grid
    ; warning
    @(60.00 mm, 71.00 mm): Horizontal Wire, length 10.00 mm
[endpoint_off_grid]: Symbol pin or wire end off connection grid
    ; warning
    @(60.00 mm, 74.00 mm): Horizontal Wire, length 10.00 mm
[endpoint_off_grid]: Symbol pin or wire end off connection grid
    ; warning
    @(60.00 mm, 77.00 mm): Horizontal Wire, length 10.00 mm
[endpoint_off_grid]: Symbol pin or wire end off connection grid
    ; warning
    @(60.00 mm, 80.00 mm): Horizontal Wire, length 10.00 mm
[endpoint_off_grid]: Symbol pin or wire end off connection grid
    ; warning
    @(60.00 mm, 83.00 mm): Horizontal Wire, length 10.00 mm
[endpoint_off_grid]: Symbol pin or wire end off connection grid
    ; warning
    @(60.00 mm, 86.00 mm): Horizontal Wire, length 10.00 mm
[endpoint_off_grid]: Symbol pin or wire end off connection grid
    ; warning
    @(60.00 mm, 147.00 mm): Horizontal Wire, length 10.00 mm
[isolated_pin_label]: Label connected to only one pin
    ; warning
    @(60.00 mm, 147.00 mm): Global Label 'CM5_USB3'
[endpoint_off_grid]: Symbol pin or wire end off connection grid
    ; warning
    @(60.00 mm, 150.00 mm): Horizontal Wire, length 10.00 mm
[isolated_pin_label]: Label connected to only one pin
    ; warning
    @(60.00 mm, 150.00 mm): Global Label 'BRIDGE_SATA'
[endpoint_off_grid]: Symbol pin or wire end off connection grid
    ; warning
    @(60.00 mm, 153.00 mm): Horizontal Wire, length 10.00 mm
[isolated_pin_label]: Label connected to only one pin
    ; warning
    @(60.00 mm, 153.00 mm): Global Label 'M2_SATA'
[endpoint_off_grid]: Symbol pin or wire end off connection grid
    ; warning
    @(60.00 mm, 156.00 mm): Horizontal Wire, length 10.00 mm
[endpoint_off_grid]: Symbol pin or wire end off connection grid
    ; warning
    @(60.00 mm, 159.00 mm): Horizontal Wire, length 10.00 mm
[same_local_global_label]: Local and global labels have same name
    ; warning
    @(60.00 mm, 159.00 mm): Global Label 'BRIDGE_CFG'
    @(70.00 mm, 108.75 mm): Label 'BRIDGE_CFG'
[endpoint_off_grid]: Symbol pin or wire end off connection grid
    ; warning
    @(60.00 mm, 161.00 mm): Horizontal Wire, length 10.00 mm
[same_local_global_label]: Local and global labels have same name
    ; warning
    @(60.00 mm, 161.00 mm): Global Label 'BRIDGE_3V3'
    @(70.00 mm, 101.25 mm): Label 'BRIDGE_3V3'
[endpoint_off_grid]: Symbol pin or wire end off connection grid
    ; warning
    @(60.00 mm, 164.00 mm): Horizontal Wire, length 10.00 mm
[same_local_global_label]: Local and global labels have same name
    ; warning
    @(60.00 mm, 164.00 mm): Global Label 'BRIDGE_1V1'
    @(70.00 mm, 103.75 mm): Label 'BRIDGE_1V1'
[endpoint_off_grid]: Symbol pin or wire end off connection grid
    ; warning
    @(95.00 mm, 47.00 mm): Horizontal Wire, length 10.00 mm
[endpoint_off_grid]: Symbol pin or wire end off connection grid
    ; warning
    @(95.00 mm, 50.00 mm): Horizontal Wire, length 10.00 mm
[endpoint_off_grid]: Symbol pin or wire end off connection grid
    ; warning
    @(95.00 mm, 53.00 mm): Horizontal Wire, length 10.00 mm
[endpoint_off_grid]: Symbol pin or wire end off connection grid
    ; warning
    @(95.00 mm, 147.00 mm): Horizontal Wire, length 10.00 mm
[endpoint_off_grid]: Symbol pin or wire end off connection grid
    ; warning
    @(95.00 mm, 150.00 mm): Horizontal Wire, length 10.00 mm
[endpoint_off_grid]: Symbol pin or wire end off connection grid
    ; warning
    @(95.00 mm, 153.00 mm): Horizontal Wire, length 10.00 mm
[endpoint_off_grid]: Symbol pin or wire end off connection grid
    ; warning
    @(95.00 mm, 156.00 mm): Horizontal Wire, length 10.00 mm
[endpoint_off_grid]: Symbol pin or wire end off connection grid
    ; warning
    @(95.00 mm, 159.00 mm): Horizontal Wire, length 10.00 mm
[endpoint_off_grid]: Symbol pin or wire end off connection grid
    ; warning
    @(130.00 mm, 47.00 mm): Horizontal Wire, length 10.00 mm
[endpoint_off_grid]: Symbol pin or wire end off connection grid
    ; warning
    @(130.00 mm, 50.00 mm): Horizontal Wire, length 10.00 mm
[endpoint_off_grid]: Symbol pin or wire end off connection grid
    ; warning
    @(130.00 mm, 53.00 mm): Horizontal Wire, length 10.00 mm
[endpoint_off_grid]: Symbol pin or wire end off connection grid
    ; warning
    @(130.00 mm, 56.00 mm): Horizontal Wire, length 10.00 mm
[endpoint_off_grid]: Symbol pin or wire end off connection grid
    ; warning
    @(130.00 mm, 147.00 mm): Horizontal Wire, length 10.00 mm
[endpoint_off_grid]: Symbol pin or wire end off connection grid
    ; warning
    @(130.00 mm, 150.00 mm): Horizontal Wire, length 10.00 mm
[endpoint_off_grid]: Symbol pin or wire end off connection grid
    ; warning
    @(130.00 mm, 153.00 mm): Horizontal Wire, length 10.00 mm
[endpoint_off_grid]: Symbol pin or wire end off connection grid
    ; warning
    @(130.00 mm, 156.00 mm): Horizontal Wire, length 10.00 mm
[endpoint_off_grid]: Symbol pin or wire end off connection grid
    ; warning
    @(165.00 mm, 47.00 mm): Horizontal Wire, length 10.00 mm
[endpoint_off_grid]: Symbol pin or wire end off connection grid
    ; warning
    @(165.00 mm, 50.00 mm): Horizontal Wire, length 10.00 mm
[isolated_pin_label]: Label connected to only one pin
    ; warning
    @(165.00 mm, 50.00 mm): Global Label 'CM5_5V'
[endpoint_off_grid]: Symbol pin or wire end off connection grid
    ; warning
    @(165.00 mm, 53.00 mm): Horizontal Wire, length 10.00 mm
[same_local_global_label]: Local and global labels have same name
    ; warning
    @(165.00 mm, 53.00 mm): Global Label 'STORAGE_3V3'
    @(120.00 mm, 175.795 mm): Label 'STORAGE_3V3'
[endpoint_off_grid]: Symbol pin or wire end off connection grid
    ; warning
    @(165.00 mm, 56.00 mm): Horizontal Wire, length 10.00 mm
[endpoint_off_grid]: Symbol pin or wire end off connection grid
    ; warning
    @(165.00 mm, 59.00 mm): Horizontal Wire, length 10.00 mm
[endpoint_off_grid]: Symbol pin or wire end off connection grid
    ; warning
    @(165.00 mm, 62.00 mm): Horizontal Wire, length 10.00 mm
[endpoint_off_grid]: Symbol pin or wire end off connection grid
    ; warning
    @(165.00 mm, 147.00 mm): Horizontal Wire, length 10.00 mm
[endpoint_off_grid]: Symbol pin or wire end off connection grid
    ; warning
    @(165.00 mm, 150.00 mm): Horizontal Wire, length 10.00 mm
[endpoint_off_grid]: Symbol pin or wire end off connection grid
    ; warning
    @(165.00 mm, 153.00 mm): Horizontal Wire, length 10.00 mm
[endpoint_off_grid]: Symbol pin or wire end off connection grid
    ; warning
    @(165.00 mm, 156.00 mm): Horizontal Wire, length 10.00 mm
[endpoint_off_grid]: Symbol pin or wire end off connection grid
    ; warning
    @(5.00 mm, 10.00 mm): Horizontal Wire, length 14.92 mm
[isolated_pin_label]: Label connected to only one pin
    ; warning
    @(5.00 mm, 10.00 mm): Hierarchical Label 'CM5_USB3'
[endpoint_off_grid]: Symbol pin or wire end off connection grid
    ; warning
    @(5.00 mm, 13.00 mm): Horizontal Wire, length 14.92 mm
[isolated_pin_label]: Label connected to only one pin
    ; warning
    @(5.00 mm, 13.00 mm): Hierarchical Label 'BRIDGE_SATA'
[endpoint_off_grid]: Symbol pin or wire end off connection grid
    ; warning
    @(5.00 mm, 16.00 mm): Horizontal Wire, length 14.92 mm
[isolated_pin_label]: Label connected to only one pin
    ; warning
    @(5.00 mm, 16.00 mm): Hierarchical Label 'M2_SATA'
[endpoint_off_grid]: Symbol pin or wire end off connection grid
    ; warning
    @(5.00 mm, 19.00 mm): Horizontal Wire, length 14.92 mm
[endpoint_off_grid]: Symbol pin or wire end off connection grid
    ; warning
    @(5.00 mm, 22.00 mm): Horizontal Wire, length 14.92 mm
[endpoint_off_grid]: Symbol pin or wire end off connection grid
    ; warning
    @(5.00 mm, 101.25 mm): Horizontal Wire, length 65.00 mm
[endpoint_off_grid]: Symbol pin or wire end off connection grid
    ; warning
    @(5.00 mm, 103.75 mm): Horizontal Wire, length 65.00 mm
[endpoint_off_grid]: Symbol pin or wire end off connection grid
    ; warning
    @(19.92 mm, 10.00 mm): Symbol X7 Pin 1 [CM5_USB3, Passive, Line]
[lib_symbol_issues]: The current configuration does not include the symbol library 'PiSXMeRevAClean'
    ; warning
    @(25.00 mm, 10.00 mm): Symbol X7 [STORAGE_Contract]
[footprint_link_issues]: The current configuration does not include the footprint library 'PiSXMeRevAClean'
    ; warning
    @(50.00 mm, 95.00 mm): Symbol U7 [TUSB9261IPVP_STORAGE]
[lib_symbol_issues]: The current configuration does not include the symbol library 'PiSXMeRevAClean'
    ; warning
    @(50.00 mm, 95.00 mm): Symbol U7 [TUSB9261IPVP_STORAGE]
[footprint_link_issues]: The current configuration does not include the footprint library 'PiSXMeRevAClean'
    ; warning
    @(50.00 mm, 165.00 mm): Symbol U11 [JMS583_QFN64]
[lib_symbol_issues]: The current configuration does not include the symbol library 'PiSXMeRevAClean'
    ; warning
    @(50.00 mm, 165.00 mm): Symbol U11 [JMS583_QFN64]
[endpoint_off_grid]: Symbol pin or wire end off connection grid
    ; warning
    @(70.00 mm, 81.25 mm): Symbol U7 Pin 46 [USB3_TX_P, Passive, Line]
[isolated_pin_label]: Label connected to only one pin
    ; warning
    @(70.00 mm, 106.25 mm): Label 'BRIDGE_RESET'
[isolated_pin_label]: Label connected to only one pin
    ; warning
    @(70.00 mm, 132.615 mm): Label 'NC_58'
[isolated_pin_label]: Label connected to only one pin
    ; warning
    @(70.00 mm, 132.615 mm): Label 'NC_58'
[isolated_pin_label]: Label connected to only one pin
    ; warning
    @(70.00 mm, 132.615 mm): Label 'JMS_GPIO11_NC'
[isolated_pin_label]: Label connected to only one pin
    ; warning
    @(70.00 mm, 132.615 mm): Label 'JMS_GPIO11_NC'
[isolated_pin_label]: Label connected to only one pin
    ; warning
    @(70.00 mm, 133.885 mm): Label 'NC_57'
[isolated_pin_label]: Label connected to only one pin
    ; warning
    @(70.00 mm, 133.885 mm): Label 'NC_57'
[isolated_pin_label]: Label connected to only one pin
    ; warning
    @(70.00 mm, 133.885 mm): Label 'JMS_GPIO12_NC'
[isolated_pin_label]: Label connected to only one pin
    ; warning
    @(70.00 mm, 133.885 mm): Label 'JMS_GPIO12_NC'
[isolated_pin_label]: Label connected to only one pin
    ; warning
    @(70.00 mm, 136.425 mm): Label 'PCIE_CLKREQ_N'
[isolated_pin_label]: Label connected to only one pin
    ; warning
    @(70.00 mm, 136.425 mm): Label 'PCIE_CLKREQ_N'
[isolated_pin_label]: Label connected to only one pin
    ; warning
    @(70.00 mm, 136.425 mm): Label 'PCIE_CLKREQ_N'
[isolated_pin_label]: Label connected to only one pin
    ; warning
    @(70.00 mm, 136.425 mm): Label 'PCIE_CLKREQ_N'
[isolated_pin_label]: Label connected to only one pin
    ; warning
    @(70.00 mm, 137.695 mm): Label 'PCIE_RESET_N'
[isolated_pin_label]: Label connected to only one pin
    ; warning
    @(70.00 mm, 137.695 mm): Label 'PCIE_RESET_N'
[isolated_pin_label]: Label connected to only one pin
    ; warning
    @(70.00 mm, 137.695 mm): Label 'PCIE_RESET_N'
[isolated_pin_label]: Label connected to only one pin
    ; warning
    @(70.00 mm, 137.695 mm): Label 'PCIE_RESET_N'
[isolated_pin_label]: Label connected to only one pin
    ; warning
    @(70.00 mm, 145.315 mm): Label 'REFCLK_P'
[isolated_pin_label]: Label connected to only one pin
    ; warning
    @(70.00 mm, 145.315 mm): Label 'REFCLK_P'
[isolated_pin_label]: Label connected to only one pin
    ; warning
    @(70.00 mm, 145.315 mm): Label 'REFCLK_P'
[isolated_pin_label]: Label connected to only one pin
    ; warning
    @(70.00 mm, 145.315 mm): Label 'REFCLK_P'
[isolated_pin_label]: Label connected to only one pin
    ; warning
    @(70.00 mm, 146.585 mm): Label 'REFCLK_N'
[isolated_pin_label]: Label connected to only one pin
    ; warning
    @(70.00 mm, 146.585 mm): Label 'REFCLK_N'
[isolated_pin_label]: Label connected to only one pin
    ; warning
    @(70.00 mm, 146.585 mm): Label 'REFCLK_N'
[isolated_pin_label]: Label connected to only one pin
    ; warning
    @(70.00 mm, 146.585 mm): Label 'REFCLK_N'
[isolated_pin_label]: Label connected to only one pin
    ; warning
    @(70.00 mm, 152.935 mm): Label 'PCIE_RXP0'
[isolated_pin_label]: Label connected to only one pin
    ; warning
    @(70.00 mm, 152.935 mm): Label 'PCIE_RXP0'
[isolated_pin_label]: Label connected to only one pin
    ; warning
    @(70.00 mm, 152.935 mm): Label 'PCIE_RXP0'
[isolated_pin_label]: Label connected to only one pin
    ; warning
    @(70.00 mm, 152.935 mm): Label 'PCIE_RXP0'
[isolated_pin_label]: Label connected to only one pin
    ; warning
    @(70.00 mm, 154.205 mm): Label 'PCIE_RXN0'
[isolated_pin_label]: Label connected to only one pin
    ; warning
    @(70.00 mm, 154.205 mm): Label 'PCIE_RXN0'
[isolated_pin_label]: Label connected to only one pin
    ; warning
    @(70.00 mm, 154.205 mm): Label 'PCIE_RXN0'
[isolated_pin_label]: Label connected to only one pin
    ; warning
    @(70.00 mm, 154.205 mm): Label 'PCIE_RXN0'
[isolated_pin_label]: Label connected to only one pin
    ; warning
    @(70.00 mm, 161.825 mm): Label 'PCIE_RXP1'
[isolated_pin_label]: Label connected to only one pin
    ; warning
    @(70.00 mm, 161.825 mm): Label 'PCIE_RXP1'
[isolated_pin_label]: Label connected to only one pin
    ; warning
    @(70.00 mm, 161.825 mm): Label 'PCIE_RXP1'
[isolated_pin_label]: Label connected to only one pin
    ; warning
    @(70.00 mm, 161.825 mm): Label 'PCIE_RXP1'
[isolated_pin_label]: Label connected to only one pin
    ; warning
    @(70.00 mm, 163.095 mm): Label 'PCIE_RXN1'
[isolated_pin_label]: Label connected to only one pin
    ; warning
    @(70.00 mm, 163.095 mm): Label 'PCIE_RXN1'
[isolated_pin_label]: Label connected to only one pin
    ; warning
    @(70.00 mm, 163.095 mm): Label 'PCIE_RXN1'
[isolated_pin_label]: Label connected to only one pin
    ; warning
    @(70.00 mm, 163.095 mm): Label 'PCIE_RXN1'
[isolated_pin_label]: Label connected to only one pin
    ; warning
    @(70.00 mm, 169.445 mm): Label 'USB_RXP2'
[isolated_pin_label]: Label connected to only one pin
    ; warning
    @(70.00 mm, 169.445 mm): Label 'USB_RXP2'
[isolated_pin_label]: Label connected to only one pin
    ; warning
    @(70.00 mm, 169.445 mm): Label 'USB_RXP2'
[isolated_pin_label]: Label connected to only one pin
    ; warning
    @(70.00 mm, 169.445 mm): Label 'USB_RXP2'
[isolated_pin_label]: Label connected to only one pin
    ; warning
    @(70.00 mm, 170.715 mm): Label 'USB_RXN2'
[isolated_pin_label]: Label connected to only one pin
    ; warning
    @(70.00 mm, 170.715 mm): Label 'USB_RXN2'
[isolated_pin_label]: Label connected to only one pin
    ; warning
    @(70.00 mm, 170.715 mm): Label 'USB_RXN2'
[isolated_pin_label]: Label connected to only one pin
    ; warning
    @(70.00 mm, 170.715 mm): Label 'USB_RXN2'
[isolated_pin_label]: Label connected to only one pin
    ; warning
    @(70.00 mm, 188.495 mm): Label 'NC_14'
[isolated_pin_label]: Label connected to only one pin
    ; warning
    @(70.00 mm, 188.495 mm): Label 'NC_14'
[isolated_pin_label]: Label connected to only one pin
    ; warning
    @(70.00 mm, 188.495 mm): Label 'JMS_GPIO9_NC'
[isolated_pin_label]: Label connected to only one pin
    ; warning
    @(70.00 mm, 188.495 mm): Label 'JMS_GPIO9_NC'
[isolated_pin_label]: Label connected to only one pin
    ; warning
    @(70.00 mm, 189.765 mm): Label 'NC_13'
[isolated_pin_label]: Label connected to only one pin
    ; warning
    @(70.00 mm, 189.765 mm): Label 'NC_13'
[isolated_pin_label]: Label connected to only one pin
    ; warning
    @(70.00 mm, 189.765 mm): Label 'JMS_GPIO8_NC'
[isolated_pin_label]: Label connected to only one pin
    ; warning
    @(70.00 mm, 189.765 mm): Label 'JMS_GPIO8_NC'
[isolated_pin_label]: Label connected to only one pin
    ; warning
    @(70.00 mm, 191.035 mm): Label 'JMS_GPIO7_NC'
[isolated_pin_label]: Label connected to only one pin
    ; warning
    @(70.00 mm, 194.845 mm): Label 'NC_9'
[isolated_pin_label]: Label connected to only one pin
    ; warning
    @(70.00 mm, 194.845 mm): Label 'NC_9'
[isolated_pin_label]: Label connected to only one pin
    ; warning
    @(70.00 mm, 194.845 mm): Label 'JMS_GPIO5_NC'
[isolated_pin_label]: Label connected to only one pin
    ; warning
    @(70.00 mm, 194.845 mm): Label 'JMS_GPIO5_NC'
[isolated_pin_label]: Label connected to only one pin
    ; warning
    @(70.00 mm, 197.385 mm): Label 'NC_7'
[isolated_pin_label]: Label connected to only one pin
    ; warning
    @(70.00 mm, 197.385 mm): Label 'JMS_SPI_CS_N_DNP'
[isolated_pin_label]: Label connected to only one pin
    ; warning
    @(70.00 mm, 197.385 mm): Label 'JMS_SPI_CS_N_DNP'
[isolated_pin_label]: Label connected to only one pin
    ; warning
    @(70.00 mm, 197.385 mm): Label 'JMS_SPI_CS_N_DNP'
[endpoint_off_grid]: Symbol pin or wire end off connection grid
    ; warning
    @(70.00 mm, 205.005 mm): Symbol U11 Pin 1 [JMS_VDDREG_5V, Passive, Line]
[footprint_link_issues]: The current configuration does not include the footprint library 'PiSXMeRevAClean'
    ; warning
    @(80.00 mm, 120.00 mm): Symbol C30 [SATA_AC_CAP]
[lib_symbol_issues]: The current configuration does not include the symbol library 'PiSXMeRevAClean'
    ; warning
    @(80.00 mm, 120.00 mm): Symbol C30 [SATA_AC_CAP]
[footprint_link_issues]: The current configuration does not include the footprint library 'PiSXMeRevAClean'
    ; warning
    @(92.00 mm, 120.00 mm): Symbol C31 [SATA_AC_CAP]
[lib_symbol_issues]: The current configuration does not include the symbol library 'PiSXMeRevAClean'
    ; warning
    @(92.00 mm, 120.00 mm): Symbol C31 [SATA_AC_CAP]
[endpoint_off_grid]: Symbol pin or wire end off connection grid
    ; warning
    @(100.00 mm, 121.25 mm): Symbol C30 Pin 1 [SATA_IN, Passive, Line]
[footprint_link_issues]: The current configuration does not include the footprint library 'PiSXMeRevAClean'
    ; warning
    @(100.00 mm, 165.00 mm): Symbol U12 [HD3SS6126_RUA0042A]
[lib_symbol_issues]: The current configuration does not include the symbol library 'PiSXMeRevAClean'
    ; warning
    @(100.00 mm, 165.00 mm): Symbol U12 [HD3SS6126_RUA0042A]
[footprint_link_issues]: The current configuration does not include the footprint library 'PiSXMeRevAClean'
    ; warning
    @(100.00 mm, 175.00 mm): Symbol R24 [CLOCK_R]
[lib_symbol_issues]: The current configuration does not include the symbol library 'PiSXMeRevAClean'
    ; warning
    @(100.00 mm, 175.00 mm): Symbol R24 [CLOCK_R]
[footprint_link_issues]: The current configuration does not include the footprint library 'PiSXMeRevAClean'
    ; warning
    @(100.00 mm, 190.00 mm): Symbol R32 [CLOCK_R]
[lib_symbol_issues]: The current configuration does not include the symbol library 'PiSXMeRevAClean'
    ; warning
    @(100.00 mm, 190.00 mm): Symbol R32 [CLOCK_R]
[footprint_link_issues]: The current configuration does not include the footprint library 'PiSXMeRevAClean'
    ; warning
    @(104.00 mm, 120.00 mm): Symbol C32 [SATA_AC_CAP]
[lib_symbol_issues]: The current configuration does not include the symbol library 'PiSXMeRevAClean'
    ; warning
    @(104.00 mm, 120.00 mm): Symbol C32 [SATA_AC_CAP]
[endpoint_off_grid]: Symbol pin or wire end off connection grid
    ; warning
    @(112.00 mm, 121.25 mm): Symbol C31 Pin 1 [SATA_IN, Passive, Line]
[footprint_link_issues]: The current configuration does not include the footprint library 'PiSXMeRevAClean'
    ; warning
    @(116.00 mm, 120.00 mm): Symbol C33 [SATA_AC_CAP]
[lib_symbol_issues]: The current configuration does not include the symbol library 'PiSXMeRevAClean'
    ; warning
    @(116.00 mm, 120.00 mm): Symbol C33 [SATA_AC_CAP]
[isolated_pin_label]: Label connected to only one pin
    ; warning
    @(120.00 mm, 144.045 mm): Label 'NC_38'
[isolated_pin_label]: Label connected to only one pin
    ; warning
    @(120.00 mm, 145.315 mm): Label 'NC_37'
[isolated_pin_label]: Label connected to only one pin
    ; warning
    @(120.00 mm, 147.855 mm): Label 'NC_35'
[isolated_pin_label]: Label connected to only one pin
    ; warning
    @(120.00 mm, 155.475 mm): Label 'TUSB_SSTXP'
[isolated_pin_label]: Label connected to only one pin
    ; warning
    @(120.00 mm, 156.745 mm): Label 'TUSB_SSTXN'
[isolated_pin_label]: Label connected to only one pin
    ; warning
    @(120.00 mm, 158.015 mm): Label 'TUSB_SSRXP'
[isolated_pin_label]: Label connected to only one pin
    ; warning
    @(120.00 mm, 159.285 mm): Label 'TUSB_SSRXN'
[endpoint_off_grid]: Symbol pin or wire end off connection grid
    ; warning
    @(120.00 mm, 176.25 mm): Symbol R24 Pin 1 [XI, Passive, Line]
[isolated_pin_label]: Label connected to only one pin
    ; warning
    @(120.00 mm, 182.145 mm): Global Label 'CM5_STORAGE_USB2_DP'
[isolated_pin_label]: Label connected to only one pin
    ; warning
    @(120.00 mm, 183.415 mm): Global Label 'CM5_STORAGE_USB2_DM'
[isolated_pin_label]: Label connected to only one pin
    ; warning
    @(120.00 mm, 184.685 mm): Label 'USB_OE_N'
[endpoint_off_grid]: Symbol pin or wire end off connection grid
    ; warning
    @(120.00 mm, 191.035 mm): Symbol U12 Pin 1 [JMS_VDDREG_5V, Passive, Line]
[endpoint_off_grid]: Symbol pin or wire end off connection grid
    ; warning
    @(120.00 mm, 191.25 mm): Symbol R32 Pin 1 [XI, Passive, Line]
[isolated_pin_label]: Label connected to only one pin
    ; warning
    @(120.00 mm, 191.25 mm): Global Label 'CM5_5V'
[endpoint_off_grid]: Symbol pin or wire end off connection grid
    ; warning
    @(124.00 mm, 121.25 mm): Symbol C32 Pin 1 [SATA_IN, Passive, Line]
[footprint_link_issues]: The current configuration does not include the footprint library 'PiSXMeRevAClean'
    ; warning
    @(135.00 mm, 190.00 mm): Symbol R33 [CLOCK_R]
[lib_symbol_issues]: The current configuration does not include the symbol library 'PiSXMeRevAClean'
    ; warning
    @(135.00 mm, 190.00 mm): Symbol R33 [CLOCK_R]
[endpoint_off_grid]: Symbol pin or wire end off connection grid
    ; warning
    @(136.00 mm, 121.25 mm): Symbol C33 Pin 1 [SATA_IN, Passive, Line]
[footprint_link_issues]: The current configuration does not include the footprint library 'PiSXMeRevAClean'
    ; warning
    @(150.00 mm, 130.00 mm): Symbol Y1 [CLOCK_XTAL_4P]
[lib_symbol_issues]: The current configuration does not include the symbol library 'PiSXMeRevAClean'
    ; warning
    @(150.00 mm, 130.00 mm): Symbol Y1 [CLOCK_XTAL_4P]
[footprint_link_issues]: The current configuration does not include the footprint library 'PiSXMeRevAClean'
    ; warning
    @(150.00 mm, 140.00 mm): Symbol R23 [CLOCK_R]
[lib_symbol_issues]: The current configuration does not include the symbol library 'PiSXMeRevAClean'
    ; warning
    @(150.00 mm, 140.00 mm): Symbol R23 [CLOCK_R]
[footprint_link_issues]: The current configuration does not include the footprint library 'PiSXMeRevAClean'
    ; warning
    @(150.00 mm, 165.00 mm): Symbol U13 [HD3SS3412_RUA0042A]
[lib_symbol_issues]: The current configuration does not include the symbol library 'PiSXMeRevAClean'
    ; warning
    @(150.00 mm, 165.00 mm): Symbol U13 [HD3SS3412_RUA0042A]
[endpoint_off_grid]: Symbol pin or wire end off connection grid
    ; warning
    @(155.00 mm, 191.25 mm): Symbol R33 Pin 1 [XI, Passive, Line]
[endpoint_off_grid]: Symbol pin or wire end off connection grid
    ; warning
    @(170.00 mm, 133.75 mm): Symbol Y1 Pin 1 [XI, Passive, Line]
[endpoint_off_grid]: Symbol pin or wire end off connection grid
    ; warning
    @(170.00 mm, 141.25 mm): Symbol R23 Pin 1 [XI, Passive, Line]
[isolated_pin_label]: Label connected to only one pin
    ; warning
    @(170.00 mm, 151.665 mm): Label 'JMS_PCIE_RXP0'
[isolated_pin_label]: Label connected to only one pin
    ; warning
    @(170.00 mm, 152.935 mm): Label 'JMS_PCIE_RXN0'
[isolated_pin_label]: Label connected to only one pin
    ; warning
    @(170.00 mm, 155.475 mm): Label 'NC_29'
[isolated_pin_label]: Label connected to only one pin
    ; warning
    @(170.00 mm, 158.015 mm): Label 'NC_27'
[isolated_pin_label]: Label connected to only one pin
    ; warning
    @(170.00 mm, 163.095 mm): Label 'JMS_PCIE_RXP1'
[isolated_pin_label]: Label connected to only one pin
    ; warning
    @(170.00 mm, 164.365 mm): Label 'JMS_PCIE_RXN1'
[endpoint_off_grid]: Symbol pin or wire end off connection grid
    ; warning
    @(170.00 mm, 191.035 mm): Symbol U13 Pin 1 [POWER_GND, Passive, Line]
[footprint_link_issues]: The current configuration does not include the footprint library 'PiSXMeRevAClean'
    ; warning
    @(180.00 mm, 130.00 mm): Symbol C42 [CLOCK_C]
[lib_symbol_issues]: The current configuration does not include the symbol library 'PiSXMeRevAClean'
    ; warning
    @(180.00 mm, 130.00 mm): Symbol C42 [CLOCK_C]
[footprint_link_issues]: The current configuration does not include the footprint library 'PiSXMeRevAClean'
    ; warning
    @(180.00 mm, 140.00 mm): Symbol C43 [CLOCK_C]
[lib_symbol_issues]: The current configuration does not include the symbol library 'PiSXMeRevAClean'
    ; warning
    @(180.00 mm, 140.00 mm): Symbol C43 [CLOCK_C]
[endpoint_off_grid]: Symbol pin or wire end off connection grid
    ; warning
    @(200.00 mm, 131.25 mm): Symbol C42 Pin 1 [CLOCK, Passive, Line]
[endpoint_off_grid]: Symbol pin or wire end off connection grid
    ; warning
    @(200.00 mm, 141.25 mm): Symbol C43 Pin 1 [CLOCK, Passive, Line]
[footprint_link_issues]: The current configuration does not include the footprint library 'PiSXMeRevAClean'
    ; warning
    @(220.00 mm, 165.00 mm): Symbol J3 [TE_1-2199230-4_MKEY]
[lib_symbol_issues]: The current configuration does not include the symbol library 'PiSXMeRevAClean'
    ; warning
    @(220.00 mm, 165.00 mm): Symbol J3 [TE_1-2199230-4_MKEY]
[isolated_pin_label]: Label connected to only one pin
    ; warning
    @(240.00 mm, 118.01 mm): Label 'M2_CONFIG2'
[isolated_pin_label]: Label connected to only one pin
    ; warning
    @(240.00 mm, 118.01 mm): Label 'M2_CONFIG2'
[isolated_pin_label]: Label connected to only one pin
    ; warning
    @(240.00 mm, 118.01 mm): Label 'M2_CONFIG2'
[isolated_pin_label]: Label connected to only one pin
    ; warning
    @(240.00 mm, 126.90 mm): Label 'M2_SUSCLK'
[isolated_pin_label]: Label connected to only one pin
    ; warning
    @(240.00 mm, 126.90 mm): Label 'M2_SUSCLK'
[isolated_pin_label]: Label connected to only one pin
    ; warning
    @(240.00 mm, 126.90 mm): Label 'M2_SUSCLK'
[isolated_pin_label]: Label connected to only one pin
    ; warning
    @(240.00 mm, 128.17 mm): Label 'NC_67'
[isolated_pin_label]: Label connected to only one pin
    ; warning
    @(240.00 mm, 128.17 mm): Label 'NC_67'
[isolated_pin_label]: Label connected to only one pin
    ; warning
    @(240.00 mm, 128.17 mm): Label 'NC_67'
[isolated_pin_label]: Label connected to only one pin
    ; warning
    @(240.00 mm, 129.44 mm): Label 'NC_66'
[isolated_pin_label]: Label connected to only one pin
    ; warning
    @(240.00 mm, 129.44 mm): Label 'NC_66'
[isolated_pin_label]: Label connected to only one pin
    ; warning
    @(240.00 mm, 129.44 mm): Label 'NC_66'
[isolated_pin_label]: Label connected to only one pin
    ; warning
    @(240.00 mm, 130.71 mm): Label 'NC_65'
[isolated_pin_label]: Label connected to only one pin
    ; warning
    @(240.00 mm, 130.71 mm): Label 'NC_65'
[isolated_pin_label]: Label connected to only one pin
    ; warning
    @(240.00 mm, 130.71 mm): Label 'NC_65'
[isolated_pin_label]: Label connected to only one pin
    ; warning
    @(240.00 mm, 131.98 mm): Label 'NC_64'
[isolated_pin_label]: Label connected to only one pin
    ; warning
    @(240.00 mm, 131.98 mm): Label 'NC_64'
[isolated_pin_label]: Label connected to only one pin
    ; warning
    @(240.00 mm, 131.98 mm): Label 'NC_64'
[isolated_pin_label]: Label connected to only one pin
    ; warning
    @(240.00 mm, 133.25 mm): Label 'NC_63'
[isolated_pin_label]: Label connected to only one pin
    ; warning
    @(240.00 mm, 133.25 mm): Label 'NC_63'
[isolated_pin_label]: Label connected to only one pin
    ; warning
    @(240.00 mm, 133.25 mm): Label 'NC_63'
[isolated_pin_label]: Label connected to only one pin
    ; warning
    @(240.00 mm, 137.06 mm): Label 'NC_60'
[isolated_pin_label]: Label connected to only one pin
    ; warning
    @(240.00 mm, 137.06 mm): Label 'NC_60'
[isolated_pin_label]: Label connected to only one pin
    ; warning
    @(240.00 mm, 137.06 mm): Label 'NC_60'
[isolated_pin_label]: Label connected to only one pin
    ; warning
    @(240.00 mm, 139.60 mm): Label 'M2_MFG2'
[isolated_pin_label]: Label connected to only one pin
    ; warning
    @(240.00 mm, 139.60 mm): Label 'M2_MFG2'
[isolated_pin_label]: Label connected to only one pin
    ; warning
    @(240.00 mm, 139.60 mm): Label 'M2_MFG2'
[isolated_pin_label]: Label connected to only one pin
    ; warning
    @(240.00 mm, 142.14 mm): Label 'M2_MFG1'
[isolated_pin_label]: Label connected to only one pin
    ; warning
    @(240.00 mm, 142.14 mm): Label 'M2_MFG1'
[isolated_pin_label]: Label connected to only one pin
    ; warning
    @(240.00 mm, 142.14 mm): Label 'M2_MFG1'
[isolated_pin_label]: Label connected to only one pin
    ; warning
    @(240.00 mm, 143.41 mm): Label 'M2_REFCLK_P'
[isolated_pin_label]: Label connected to only one pin
    ; warning
    @(240.00 mm, 143.41 mm): Label 'M2_REFCLK_P'
[isolated_pin_label]: Label connected to only one pin
    ; warning
    @(240.00 mm, 143.41 mm): Label 'M2_REFCLK_P'
[isolated_pin_label]: Label connected to only one pin
    ; warning
    @(240.00 mm, 144.68 mm): Label 'M2_PEWake_N'
[isolated_pin_label]: Label connected to only one pin
    ; warning
    @(240.00 mm, 144.68 mm): Label 'M2_PEWake_N'
[isolated_pin_label]: Label connected to only one pin
    ; warning
    @(240.00 mm, 144.68 mm): Label 'M2_PEWake_N'
[isolated_pin_label]: Label connected to only one pin
    ; warning
    @(240.00 mm, 145.95 mm): Label 'M2_REFCLK_N'
[isolated_pin_label]: Label connected to only one pin
    ; warning
    @(240.00 mm, 145.95 mm): Label 'M2_REFCLK_N'
[isolated_pin_label]: Label connected to only one pin
    ; warning
    @(240.00 mm, 145.95 mm): Label 'M2_REFCLK_N'
[isolated_pin_label]: Label connected to only one pin
    ; warning
    @(240.00 mm, 147.22 mm): Label 'M2_CLKREQ_N'
[isolated_pin_label]: Label connected to only one pin
    ; warning
    @(240.00 mm, 147.22 mm): Label 'M2_CLKREQ_N'
[isolated_pin_label]: Label connected to only one pin
    ; warning
    @(240.00 mm, 147.22 mm): Label 'M2_CLKREQ_N'
[isolated_pin_label]: Label connected to only one pin
    ; warning
    @(240.00 mm, 149.76 mm): Label 'M2_PERST_N'
[isolated_pin_label]: Label connected to only one pin
    ; warning
    @(240.00 mm, 149.76 mm): Label 'M2_PERST_N'
[isolated_pin_label]: Label connected to only one pin
    ; warning
    @(240.00 mm, 149.76 mm): Label 'M2_PERST_N'
[isolated_pin_label]: Label connected to only one pin
    ; warning
    @(240.00 mm, 152.30 mm): Label 'NC_48'
[isolated_pin_label]: Label connected to only one pin
    ; warning
    @(240.00 mm, 152.30 mm): Label 'NC_48'
[isolated_pin_label]: Label connected to only one pin
    ; warning
    @(240.00 mm, 152.30 mm): Label 'NC_48'
[isolated_pin_label]: Label connected to only one pin
    ; warning
    @(240.00 mm, 157.38 mm): Label 'NC_44'
[isolated_pin_label]: Label connected to only one pin
    ; warning
    @(240.00 mm, 157.38 mm): Label 'NC_44'
[isolated_pin_label]: Label connected to only one pin
    ; warning
    @(240.00 mm, 157.38 mm): Label 'NC_44'
[isolated_pin_label]: Label connected to only one pin
    ; warning
    @(240.00 mm, 165.00 mm): Label 'M2_DEVSLP'
[isolated_pin_label]: Label connected to only one pin
    ; warning
    @(240.00 mm, 165.00 mm): Label 'M2_DEVSLP'
[isolated_pin_label]: Label connected to only one pin
    ; warning
    @(240.00 mm, 165.00 mm): Label 'M2_DEVSLP'
[isolated_pin_label]: Label connected to only one pin
    ; warning
    @(240.00 mm, 166.27 mm): Label 'M2_PCIE_TXP1'
[isolated_pin_label]: Label connected to only one pin
    ; warning
    @(240.00 mm, 166.27 mm): Label 'M2_PCIE_TXP1'
[isolated_pin_label]: Label connected to only one pin
    ; warning
    @(240.00 mm, 166.27 mm): Label 'M2_PCIE_TXP1'
[isolated_pin_label]: Label connected to only one pin
    ; warning
    @(240.00 mm, 168.81 mm): Label 'M2_PCIE_TXN1'
[isolated_pin_label]: Label connected to only one pin
    ; warning
    @(240.00 mm, 168.81 mm): Label 'M2_PCIE_TXN1'
[isolated_pin_label]: Label connected to only one pin
    ; warning
    @(240.00 mm, 168.81 mm): Label 'M2_PCIE_TXN1'
[isolated_pin_label]: Label connected to only one pin
    ; warning
    @(240.00 mm, 170.08 mm): Label 'NC_34'
[isolated_pin_label]: Label connected to only one pin
    ; warning
    @(240.00 mm, 170.08 mm): Label 'NC_34'
[isolated_pin_label]: Label connected to only one pin
    ; warning
    @(240.00 mm, 170.08 mm): Label 'NC_34'
[isolated_pin_label]: Label connected to only one pin
    ; warning
    @(240.00 mm, 173.89 mm): Label 'M2_PCIE_RXP1'
[isolated_pin_label]: Label connected to only one pin
    ; warning
    @(240.00 mm, 173.89 mm): Label 'M2_PCIE_RXP1'
[isolated_pin_label]: Label connected to only one pin
    ; warning
    @(240.00 mm, 173.89 mm): Label 'M2_PCIE_RXP1'
[isolated_pin_label]: Label connected to only one pin
    ; warning
    @(240.00 mm, 176.43 mm): Label 'M2_PCIE_RXN1'
[isolated_pin_label]: Label connected to only one pin
    ; warning
    @(240.00 mm, 176.43 mm): Label 'M2_PCIE_RXN1'
[isolated_pin_label]: Label connected to only one pin
    ; warning
    @(240.00 mm, 176.43 mm): Label 'M2_PCIE_RXN1'
[isolated_pin_label]: Label connected to only one pin
    ; warning
    @(240.00 mm, 182.78 mm): Label 'NC_24'
[isolated_pin_label]: Label connected to only one pin
    ; warning
    @(240.00 mm, 182.78 mm): Label 'NC_24'
[isolated_pin_label]: Label connected to only one pin
    ; warning
    @(240.00 mm, 182.78 mm): Label 'NC_24'
[isolated_pin_label]: Label connected to only one pin
    ; warning
    @(240.00 mm, 185.32 mm): Label 'NC_22'
[isolated_pin_label]: Label connected to only one pin
    ; warning
    @(240.00 mm, 185.32 mm): Label 'NC_22'
[isolated_pin_label]: Label connected to only one pin
    ; warning
    @(240.00 mm, 185.32 mm): Label 'NC_22'
[isolated_pin_label]: Label connected to only one pin
    ; warning
    @(240.00 mm, 186.59 mm): Label 'M2_CONFIG0'
[isolated_pin_label]: Label connected to only one pin
    ; warning
    @(240.00 mm, 186.59 mm): Label 'M2_CONFIG0'
[isolated_pin_label]: Label connected to only one pin
    ; warning
    @(240.00 mm, 186.59 mm): Label 'M2_CONFIG0'
[isolated_pin_label]: Label connected to only one pin
    ; warning
    @(240.00 mm, 189.13 mm): Label 'M2_PCIE_RXP2'
[isolated_pin_label]: Label connected to only one pin
    ; warning
    @(240.00 mm, 189.13 mm): Label 'M2_PCIE_RXP2'
[isolated_pin_label]: Label connected to only one pin
    ; warning
    @(240.00 mm, 189.13 mm): Label 'M2_PCIE_RXP2'
[isolated_pin_label]: Label connected to only one pin
    ; warning
    @(240.00 mm, 191.67 mm): Label 'M2_PCIE_RXN2'
[isolated_pin_label]: Label connected to only one pin
    ; warning
    @(240.00 mm, 191.67 mm): Label 'M2_PCIE_RXN2'
[isolated_pin_label]: Label connected to only one pin
    ; warning
    @(240.00 mm, 191.67 mm): Label 'M2_PCIE_RXN2'
[isolated_pin_label]: Label connected to only one pin
    ; warning
    @(240.00 mm, 200.56 mm): Label 'M2_DAS_DSS'
[isolated_pin_label]: Label connected to only one pin
    ; warning
    @(240.00 mm, 200.56 mm): Label 'M2_DAS_DSS'
[isolated_pin_label]: Label connected to only one pin
    ; warning
    @(240.00 mm, 200.56 mm): Label 'M2_DAS_DSS'
[isolated_pin_label]: Label connected to only one pin
    ; warning
    @(240.00 mm, 204.37 mm): Label 'M2_PCIE_RXP3'
[isolated_pin_label]: Label connected to only one pin
    ; warning
    @(240.00 mm, 204.37 mm): Label 'M2_PCIE_RXP3'
[isolated_pin_label]: Label connected to only one pin
    ; warning
    @(240.00 mm, 204.37 mm): Label 'M2_PCIE_RXP3'
[isolated_pin_label]: Label connected to only one pin
    ; warning
    @(240.00 mm, 206.91 mm): Label 'M2_PCIE_RXN3'
[isolated_pin_label]: Label connected to only one pin
    ; warning
    @(240.00 mm, 206.91 mm): Label 'M2_PCIE_RXN3'
[isolated_pin_label]: Label connected to only one pin
    ; warning
    @(240.00 mm, 206.91 mm): Label 'M2_PCIE_RXN3'
[endpoint_off_grid]: Symbol pin or wire end off connection grid
    ; warning
    @(240.00 mm, 211.99 mm): Symbol J3 Pin 1 [M2_CONFIG3, Passive, Line]
[isolated_pin_label]: Label connected to only one pin
    ; warning
    @(240.00 mm, 211.99 mm): Label 'M2_CONFIG3'
[isolated_pin_label]: Label connected to only one pin
    ; warning
    @(240.00 mm, 211.99 mm): Label 'M2_CONFIG3'
[isolated_pin_label]: Label connected to only one pin
    ; warning
    @(240.00 mm, 211.99 mm): Label 'M2_CONFIG3'
[lib_symbol_issues]: The current configuration does not include the symbol library 'PiSXMeRevAClean'
    ; warning
    @(280.00 mm, 165.00 mm): Symbol U14 [STORAGE_MODE_BUFFER]
[endpoint_off_grid]: Symbol pin or wire end off connection grid
    ; warning
    @(300.00 mm, 167.54 mm): Symbol U14 Pin 1 [NC_1, Passive, Line]
[footprint_link_issues]: The current configuration does not include the footprint library ''
    ; warning
    @(300.00 mm, 185.00 mm): Symbol R80 [STORAGE_PASSIVE_2]
[lib_symbol_issues]: The current configuration does not include the symbol library 'PiSXMeRevAClean'
    ; warning
    @(300.00 mm, 185.00 mm): Symbol R80 [STORAGE_PASSIVE_2]
[footprint_link_issues]: The current configuration does not include the footprint library ''
    ; warning
    @(300.00 mm, 191.00 mm): Symbol C81 [STORAGE_PASSIVE_2]
[lib_symbol_issues]: The current configuration does not include the symbol library 'PiSXMeRevAClean'
    ; warning
    @(300.00 mm, 191.00 mm): Symbol C81 [STORAGE_PASSIVE_2]
[footprint_link_issues]: The current configuration does not include the footprint library ''
    ; warning
    @(300.00 mm, 197.00 mm): Symbol R81 [STORAGE_PASSIVE_2]
[lib_symbol_issues]: The current configuration does not include the symbol library 'PiSXMeRevAClean'
    ; warning
    @(300.00 mm, 197.00 mm): Symbol R81 [STORAGE_PASSIVE_2]
[footprint_link_issues]: The current configuration does not include the footprint library ''
    ; warning
    @(300.00 mm, 203.00 mm): Symbol C86 [STORAGE_PASSIVE_2]
[lib_symbol_issues]: The current configuration does not include the symbol library 'PiSXMeRevAClean'
    ; warning
    @(300.00 mm, 203.00 mm): Symbol C86 [STORAGE_PASSIVE_2]
[footprint_link_issues]: The current configuration does not include the footprint library ''
    ; warning
    @(300.00 mm, 209.00 mm): Symbol C90 [STORAGE_PASSIVE_2]
[lib_symbol_issues]: The current configuration does not include the symbol library 'PiSXMeRevAClean'
    ; warning
    @(300.00 mm, 209.00 mm): Symbol C90 [STORAGE_PASSIVE_2]
[footprint_link_issues]: The current configuration does not include the footprint library ''
    ; warning
    @(308.00 mm, 185.00 mm): Symbol L10 [STORAGE_PASSIVE_2]
[lib_symbol_issues]: The current configuration does not include the symbol library 'PiSXMeRevAClean'
    ; warning
    @(308.00 mm, 185.00 mm): Symbol L10 [STORAGE_PASSIVE_2]
[footprint_link_issues]: The current configuration does not include the footprint library ''
    ; warning
    @(308.00 mm, 191.00 mm): Symbol C82 [STORAGE_PASSIVE_2]
[lib_symbol_issues]: The current configuration does not include the symbol library 'PiSXMeRevAClean'
    ; warning
    @(308.00 mm, 191.00 mm): Symbol C82 [STORAGE_PASSIVE_2]
[footprint_link_issues]: The current configuration does not include the footprint library ''
    ; warning
    @(308.00 mm, 197.00 mm): Symbol C85 [STORAGE_PASSIVE_2]
[lib_symbol_issues]: The current configuration does not include the symbol library 'PiSXMeRevAClean'
    ; warning
    @(308.00 mm, 197.00 mm): Symbol C85 [STORAGE_PASSIVE_2]
[footprint_link_issues]: The current configuration does not include the footprint library ''
    ; warning
    @(308.00 mm, 203.00 mm): Symbol C87 [STORAGE_PASSIVE_2]
[lib_symbol_issues]: The current configuration does not include the symbol library 'PiSXMeRevAClean'
    ; warning
    @(308.00 mm, 203.00 mm): Symbol C87 [STORAGE_PASSIVE_2]
[footprint_link_issues]: The current configuration does not include the footprint library ''
    ; warning
    @(308.00 mm, 209.00 mm): Symbol C91 [STORAGE_PASSIVE_2]
[lib_symbol_issues]: The current configuration does not include the symbol library 'PiSXMeRevAClean'
    ; warning
    @(308.00 mm, 209.00 mm): Symbol C91 [STORAGE_PASSIVE_2]
[footprint_link_issues]: The current configuration does not include the footprint library ''
    ; warning
    @(316.00 mm, 185.00 mm): Symbol Y10 [STORAGE_CRYSTAL_4]
[lib_symbol_issues]: The current configuration does not include the symbol library 'PiSXMeRevAClean'
    ; warning
    @(316.00 mm, 185.00 mm): Symbol Y10 [STORAGE_CRYSTAL_4]
[footprint_link_issues]: The current configuration does not include the footprint library ''
    ; warning
    @(316.00 mm, 191.00 mm): Symbol C83 [STORAGE_PASSIVE_2]
[lib_symbol_issues]: The current configuration does not include the symbol library 'PiSXMeRevAClean'
    ; warning
    @(316.00 mm, 191.00 mm): Symbol C83 [STORAGE_PASSIVE_2]
[footprint_link_issues]: The current configuration does not include the footprint library ''
    ; warning
    @(316.00 mm, 197.00 mm): Symbol R82 [STORAGE_PASSIVE_2]
[lib_symbol_issues]: The current configuration does not include the symbol library 'PiSXMeRevAClean'
    ; warning
    @(316.00 mm, 197.00 mm): Symbol R82 [STORAGE_PASSIVE_2]
[footprint_link_issues]: The current configuration does not include the footprint library ''
    ; warning
    @(316.00 mm, 203.00 mm): Symbol C88 [STORAGE_PASSIVE_2]
[lib_symbol_issues]: The current configuration does not include the symbol library 'PiSXMeRevAClean'
    ; warning
    @(316.00 mm, 203.00 mm): Symbol C88 [STORAGE_PASSIVE_2]
[footprint_link_issues]: The current configuration does not include the footprint library ''
    ; warning
    @(316.00 mm, 209.00 mm): Symbol C92 [STORAGE_PASSIVE_2]
[lib_symbol_issues]: The current configuration does not include the symbol library 'PiSXMeRevAClean'
    ; warning
    @(316.00 mm, 209.00 mm): Symbol C92 [STORAGE_PASSIVE_2]
[endpoint_off_grid]: Symbol pin or wire end off connection grid
    ; warning
    @(320.00 mm, 185.635 mm): Symbol R80 Pin 1 [P1, Passive, Line]
[endpoint_off_grid]: Symbol pin or wire end off connection grid
    ; warning
    @(320.00 mm, 191.635 mm): Symbol C81 Pin 1 [P1, Passive, Line]
[endpoint_off_grid]: Symbol pin or wire end off connection grid
    ; warning
    @(320.00 mm, 197.635 mm): Symbol R81 Pin 1 [P1, Passive, Line]
[endpoint_off_grid]: Symbol pin or wire end off connection grid
    ; warning
    @(320.00 mm, 203.635 mm): Symbol C86 Pin 1 [P1, Passive, Line]
[endpoint_off_grid]: Symbol pin or wire end off connection grid
    ; warning
    @(320.00 mm, 209.635 mm): Symbol C90 Pin 1 [P1, Passive, Line]
[footprint_link_issues]: The current configuration does not include the footprint library ''
    ; warning
    @(324.00 mm, 185.00 mm): Symbol C80 [STORAGE_PASSIVE_2]
[lib_symbol_issues]: The current configuration does not include the symbol library 'PiSXMeRevAClean'
    ; warning
    @(324.00 mm, 185.00 mm): Symbol C80 [STORAGE_PASSIVE_2]
[footprint_link_issues]: The current configuration does not include the footprint library ''
    ; warning
    @(324.00 mm, 191.00 mm): Symbol C84 [STORAGE_PASSIVE_2]
[lib_symbol_issues]: The current configuration does not include the symbol library 'PiSXMeRevAClean'
    ; warning
    @(324.00 mm, 191.00 mm): Symbol C84 [STORAGE_PASSIVE_2]
[footprint_link_issues]: The current configuration does not include the footprint library ''
    ; warning
    @(324.00 mm, 197.00 mm): Symbol R83 [STORAGE_PASSIVE_2]
[lib_symbol_issues]: The current configuration does not include the symbol library 'PiSXMeRevAClean'
    ; warning
    @(324.00 mm, 197.00 mm): Symbol R83 [STORAGE_PASSIVE_2]
[footprint_link_issues]: The current configuration does not include the footprint library ''
    ; warning
    @(324.00 mm, 203.00 mm): Symbol C89 [STORAGE_PASSIVE_2]
[lib_symbol_issues]: The current configuration does not include the symbol library 'PiSXMeRevAClean'
    ; warning
    @(324.00 mm, 203.00 mm): Symbol C89 [STORAGE_PASSIVE_2]
[footprint_link_issues]: The current configuration does not include the footprint library ''
    ; warning
    @(324.00 mm, 209.00 mm): Symbol C93 [STORAGE_PASSIVE_2]
[lib_symbol_issues]: The current configuration does not include the symbol library 'PiSXMeRevAClean'
    ; warning
    @(324.00 mm, 209.00 mm): Symbol C93 [STORAGE_PASSIVE_2]
[endpoint_off_grid]: Symbol pin or wire end off connection grid
    ; warning
    @(328.00 mm, 185.635 mm): Symbol L10 Pin 1 [P1, Passive, Line]
[endpoint_off_grid]: Symbol pin or wire end off connection grid
    ; warning
    @(328.00 mm, 191.635 mm): Symbol C82 Pin 1 [P1, Passive, Line]
[endpoint_off_grid]: Symbol pin or wire end off connection grid
    ; warning
    @(328.00 mm, 197.635 mm): Symbol C85 Pin 1 [P1, Passive, Line]
[endpoint_off_grid]: Symbol pin or wire end off connection grid
    ; warning
    @(328.00 mm, 203.635 mm): Symbol C87 Pin 1 [P1, Passive, Line]
[endpoint_off_grid]: Symbol pin or wire end off connection grid
    ; warning
    @(328.00 mm, 209.635 mm): Symbol C91 Pin 1 [P1, Passive, Line]
[footprint_link_issues]: The current configuration does not include the footprint library 'PiSXMeRevAClean'
    ; warning
    @(330.00 mm, 165.00 mm): Symbol J8 [STORAGE_MODE_OVERRIDE]
[lib_symbol_issues]: The current configuration does not include the symbol library 'PiSXMeRevAClean'
    ; warning
    @(330.00 mm, 165.00 mm): Symbol J8 [STORAGE_MODE_OVERRIDE]
[endpoint_off_grid]: Symbol pin or wire end off connection grid
    ; warning
    @(336.00 mm, 186.905 mm): Symbol Y10 Pin 1 [P1, Passive, Line]
[endpoint_off_grid]: Symbol pin or wire end off connection grid
    ; warning
    @(336.00 mm, 191.635 mm): Symbol C83 Pin 1 [P1, Passive, Line]
[endpoint_off_grid]: Symbol pin or wire end off connection grid
    ; warning
    @(336.00 mm, 197.635 mm): Symbol R82 Pin 1 [P1, Passive, Line]
[isolated_pin_label]: Label connected to only one pin
    ; warning
    @(336.00 mm, 202.365 mm): Label 'JMS_USB3_TXP2'
[endpoint_off_grid]: Symbol pin or wire end off connection grid
    ; warning
    @(336.00 mm, 203.635 mm): Symbol C88 Pin 1 [P1, Passive, Line]
[endpoint_off_grid]: Symbol pin or wire end off connection grid
    ; warning
    @(336.00 mm, 209.635 mm): Symbol C92 Pin 1 [P1, Passive, Line]
[endpoint_off_grid]: Symbol pin or wire end off connection grid
    ; warning
    @(344.00 mm, 185.635 mm): Symbol C80 Pin 1 [P1, Passive, Line]
[endpoint_off_grid]: Symbol pin or wire end off connection grid
    ; warning
    @(344.00 mm, 191.635 mm): Symbol C84 Pin 1 [P1, Passive, Line]
[endpoint_off_grid]: Symbol pin or wire end off connection grid
    ; warning
    @(344.00 mm, 197.635 mm): Symbol R83 Pin 1 [P1, Passive, Line]
[isolated_pin_label]: Label connected to only one pin
    ; warning
    @(344.00 mm, 202.365 mm): Label 'JMS_USB3_TXN2'
[endpoint_off_grid]: Symbol pin or wire end off connection grid
    ; warning
    @(344.00 mm, 203.635 mm): Symbol C89 Pin 1 [P1, Passive, Line]
[endpoint_off_grid]: Symbol pin or wire end off connection grid
    ; warning
    @(344.00 mm, 209.635 mm): Symbol C93 Pin 1 [P1, Passive, Line]
[isolated_pin_label]: Label connected to only one pin
    ; warning
    @(350.00 mm, 164.365 mm): Label 'FORCE_NVME'
[endpoint_off_grid]: Symbol pin or wire end off connection grid
    ; warning
    @(350.00 mm, 166.905 mm): Symbol J8 Pin 1 [FORCE_SATA, Passive, Line]
[isolated_pin_label]: Label connected to only one pin
    ; warning
    @(350.00 mm, 166.905 mm): Label 'FORCE_SATA'

***** Sheet /V100_PCIE/

***** Sheet /V100_POWER/

***** Sheet /POWER_INPUT/

***** Sheet /REGULATORS/

***** Sheet /ETHERNET/

***** Sheet /STORAGE/
[multiple_net_names]: Both M2_3V3 and STORAGE_3V3 are attached to the same items; M2_3V3 will be used in the netlist
    ; warning
    @(240.00 mm, 195.48 mm): Label 'M2_3V3'
    @(5.00 mm, 19.00 mm): Hierarchical Label 'STORAGE_3V3'
[same_local_global_label]: Local and global labels have same name
    ; warning
    @(70.00 mm, 81.25 mm): Global Label 'CM5_USB3_TX_P'
    @(120.00 mm, 178.335 mm): Label 'CM5_USB3_TX_P'
[same_local_global_label]: Local and global labels have same name
    ; warning
    @(70.00 mm, 83.75 mm): Global Label 'CM5_USB3_TX_N'
    @(120.00 mm, 177.065 mm): Label 'CM5_USB3_TX_N'
[same_local_global_label]: Local and global labels have same name
    ; warning
    @(70.00 mm, 86.25 mm): Global Label 'CM5_USB3_RX_P'
    @(120.00 mm, 173.255 mm): Label 'CM5_USB3_RX_P'
[same_local_global_label]: Local and global labels have same name
    ; warning
    @(70.00 mm, 88.75 mm): Global Label 'CM5_USB3_RX_N'
    @(120.00 mm, 171.985 mm): Label 'CM5_USB3_RX_N'
[multiple_net_names]: Both JMS_CC1_NC and NC_62 are attached to the same items; JMS_CC1_NC will be used in the netlist
    ; warning
    @(70.00 mm, 127.535 mm): Label 'JMS_CC1_NC'
    @(70.00 mm, 127.535 mm): Label 'NC_62'
[multiple_net_names]: Both JMS_CC2_NC and NC_61 are attached to the same items; JMS_CC2_NC will be used in the netlist
    ; warning
    @(70.00 mm, 128.805 mm): Label 'JMS_CC2_NC'
    @(70.00 mm, 128.805 mm): Label 'NC_61'
[multiple_net_names]: Both POWER_GND and TME are attached to the same items; POWER_GND will be used in the netlist
    ; warning
    @(70.00 mm, 155.00 mm): Global Label 'POWER_GND'
    @(70.00 mm, 130.075 mm): Label 'TME'
[multiple_net_names]: Both JMS_GPIO10_NC and NC_59 are attached to the same items; JMS_GPIO10_NC will be used in the netlist
    ; warning
    @(70.00 mm, 131.345 mm): Label 'JMS_GPIO10_NC'
    @(70.00 mm, 131.345 mm): Label 'NC_59'
[multiple_net_names]: Both JMS_GPIO11_NC and NC_58 are attached to the same items; JMS_GPIO11_NC will be used in the netlist
    ; warning
    @(70.00 mm, 132.615 mm): Label 'JMS_GPIO11_NC'
    @(70.00 mm, 132.615 mm): Label 'NC_58'
[multiple_net_names]: Both JMS_GPIO12_NC and NC_57 are attached to the same items; JMS_GPIO12_NC will be used in the netlist
    ; warning
    @(70.00 mm, 133.885 mm): Label 'JMS_GPIO12_NC'
    @(70.00 mm, 133.885 mm): Label 'NC_57'
[multiple_net_names]: Both JMS_XAVDDH and NC_52 are attached to the same items; JMS_XAVDDH will be used in the netlist
    ; warning
    @(70.00 mm, 140.235 mm): Label 'JMS_XAVDDH'
    @(70.00 mm, 140.235 mm): Label 'NC_52'
[same_local_global_label]: Local and global labels have same name
    ; warning
    @(70.00 mm, 142.50 mm): Global Label 'BRIDGE_USB_DM'
    @(120.00 mm, 151.665 mm): Label 'BRIDGE_USB_DM'
[same_local_global_label]: Local and global labels have same name
    ; warning
    @(70.00 mm, 145.00 mm): Global Label 'BRIDGE_USB_DP'
    @(120.00 mm, 152.935 mm): Label 'BRIDGE_USB_DP'
[same_local_global_label]: Local and global labels have same name
    ; warning
    @(70.00 mm, 155.00 mm): Global Label 'POWER_GND'
    @(240.00 mm, 148.49 mm): Label 'POWER_GND'
[multiple_net_names]: Both JMS_AVDDL and NC_20 are attached to the same items; JMS_AVDDL will be used in the netlist
    ; warning
    @(70.00 mm, 174.525 mm): Label 'JMS_AVDDL'
    @(70.00 mm, 180.875 mm): Label 'NC_20'
[multiple_net_names]: Both JMS_AVDD33 and NC_19 are attached to the same items; JMS_AVDD33 will be used in the netlist
    ; warning
    @(70.00 mm, 182.145 mm): Label 'JMS_AVDD33'
    @(70.00 mm, 182.145 mm): Label 'NC_19'
[multiple_net_names]: Both JMS_RESET_N and NC_15 are attached to the same items; JMS_RESET_N will be used in the netlist
    ; warning
    @(70.00 mm, 187.225 mm): Label 'JMS_RESET_N'
    @(70.00 mm, 187.225 mm): Label 'NC_15'
[multiple_net_names]: Both JMS_GPIO9_NC and NC_14 are attached to the same items; JMS_GPIO9_NC will be used in the netlist
    ; warning
    @(70.00 mm, 188.495 mm): Label 'JMS_GPIO9_NC'
    @(70.00 mm, 188.495 mm): Label 'NC_14'
[multiple_net_names]: Both JMS_GPIO8_NC and NC_13 are attached to the same items; JMS_GPIO8_NC will be used in the netlist
    ; warning
    @(70.00 mm, 189.765 mm): Label 'JMS_GPIO8_NC'
    @(70.00 mm, 189.765 mm): Label 'NC_13'
[multiple_net_names]: Both JMS_VBUS_SENSE and NC_10 are attached to the same items; JMS_VBUS_SENSE will be used in the netlist
    ; warning
    @(70.00 mm, 193.575 mm): Label 'JMS_VBUS_SENSE'
    @(70.00 mm, 193.575 mm): Label 'NC_10'
[multiple_net_names]: Both JMS_GPIO5_NC and NC_9 are attached to the same items; JMS_GPIO5_NC will be used in the netlist
    ; warning
    @(70.00 mm, 194.845 mm): Label 'JMS_GPIO5_NC'
    @(70.00 mm, 194.845 mm): Label 'NC_9'
[multiple_net_names]: Both JMS_GPIO4_NC and NC_8 are attached to the same items; JMS_GPIO4_NC will be used in the netlist
    ; warning
    @(70.00 mm, 196.115 mm): Label 'JMS_GPIO4_NC'
    @(70.00 mm, 196.115 mm): Label 'NC_8'
[multiple_net_names]: Both JMS_SPI_CS_N_DNP and NC_7 are attached to the same items; JMS_SPI_CS_N_DNP will be used in the netlist
    ; warning
    @(70.00 mm, 197.385 mm): Label 'JMS_SPI_CS_N_DNP'
    @(70.00 mm, 197.385 mm): Label 'NC_7'
[multiple_net_names]: Both JMS_VCCO and NC_6 are attached to the same items; JMS_VCCO will be used in the netlist
    ; warning
    @(70.00 mm, 135.155 mm): Label 'JMS_VCCO'
    @(70.00 mm, 198.655 mm): Label 'NC_6'
[multiple_net_names]: Both JMS_SPI_SI_DNP and NC_5 are attached to the same items; JMS_SPI_SI_DNP will be used in the netlist
    ; warning
    @(70.00 mm, 199.925 mm): Label 'JMS_SPI_SI_DNP'
    @(70.00 mm, 199.925 mm): Label 'NC_5'
[multiple_net_names]: Both JMS_SPI_SCK_DNP and NC_4 are attached to the same items; JMS_SPI_SCK_DNP will be used in the netlist
    ; warning
    @(70.00 mm, 201.195 mm): Label 'JMS_SPI_SCK_DNP'
    @(70.00 mm, 201.195 mm): Label 'NC_4'
[multiple_net_names]: Both JMS_SPI_SO_DNP and NC_3 are attached to the same items; JMS_SPI_SO_DNP will be used in the netlist
    ; warning
    @(70.00 mm, 202.465 mm): Label 'JMS_SPI_SO_DNP'
    @(70.00 mm, 202.465 mm): Label 'NC_3'
[multiple_net_names]: Both JMS_VCCK and NC_2 are attached to the same items; JMS_VCCK will be used in the netlist
    ; warning
    @(70.00 mm, 203.735 mm): Label 'JMS_VCCK'
    @(70.00 mm, 203.735 mm): Label 'NC_2'
[multiple_net_names]: Both JMS_VDDREG_5V and NC_1 are attached to the same items; JMS_VDDREG_5V will be used in the netlist
    ; warning
    @(70.00 mm, 205.005 mm): Label 'JMS_VDDREG_5V'
    @(70.00 mm, 205.005 mm): Label 'NC_1'
[multiple_net_names]: Both AUTO_PEDET and M2_CONFIG1 are attached to the same items; AUTO_PEDET will be used in the netlist
    ; warning
    @(240.00 mm, 125.63 mm): Label 'AUTO_PEDET'
    @(240.00 mm, 125.63 mm): Label 'M2_CONFIG1'

***** Sheet /SERVICE/

***** Sheet /COOLING/

***** Sheet /DEBUG/

***** Sheet /CORE_CM5/

 ** ERC messages: 501  Errors 85  Warnings 416

 ** Ignored checks:
    - Global label only appears once in the schematic
    - Four connection points are joined together
    - SPICE model issue
    - Assigned footprint doesn't match footprint filters
