** Drc report for CM5IO_J7_CM5IO_BOUNDARY_FIXTURE.kicad_pcb **
** Created on 2026-09-03T19:07:15 **
** Report includes: Errors, Warnings **

** Found 277 DRC violations **
[tracks_crossing]: Tracks crossing
    Local override; error
    @(45.0000 mm, 76.8000 mm): Track [CM5_GBE_TD1_N] on F.Cu, length 21.4210 mm
    @(40.0000 mm, 72.0000 mm): Track [CM5_GBE_TD1_P] on F.Cu, length 40.0000 mm
[clearance]: Clearance violation ( clearance 0.2000 mm; actual 0.0759 mm)
    Local override; error
    @(90.0000 mm, 90.0000 mm): Track [CM5_GBE_TD1_P] on F.Cu, length 4.0000 mm
    @(96.0000 mm, 92.0000 mm): Track [CM5_GBE_TD1_N] on F.Cu, length 53.2169 mm
[clearance]: Clearance violation ( clearance 0.2000 mm; actual 0.0865 mm)
    Local override; error
    @(32.9600 mm, 99.5000 mm): Track [CM5_GBE_TD3_N] on F.Cu, length 4.9600 mm
    @(30.0000 mm, 99.1000 mm): Via [CM5_GBE_TD3_P] on F.Cu - B.Cu
[tracks_crossing]: Tracks crossing
    Local override; error
    @(42.0000 mm, 72.5000 mm): Track [CM5_GBE_TD1_N] on F.Cu, length 36.5000 mm
    @(45.0000 mm, 75.2000 mm): Track [CM5_GBE_TD1_P] on F.Cu, length 20.4671 mm
[tracks_crossing]: Tracks crossing
    Local override; error
    @(45.0000 mm, 80.0000 mm): Track [CM5_GBE_TD0_N] on B.Cu, length 23.8541 mm
    @(40.0000 mm, 97.5000 mm): Track [CM5_GBE_TD1_P] on B.Cu, length 25.5000 mm
[tracks_crossing]: Tracks crossing
    Local override; error
    @(20.0000 mm, 72.8000 mm): Track [CM5_GBE_TD2_P] on F.Cu, length 14.2503 mm
    @(20.0000 mm, 76.0000 mm): Track [CM5_GBE_TD3_N] on F.Cu, length 17.5999 mm
[clearance]: Clearance violation ( clearance 0.2000 mm; actual 0.1755 mm)
    Local override; error
    @(69.1000 mm, 61.5364 mm): Track [CM5_GBE_TD3_N] on F.Cu, length 3.0920 mm
    @(68.0550 mm, 61.8900 mm): PTH pad 9 [CM5_GBE_TD3_P] of J2
[tracks_crossing]: Tracks crossing
    Local override; error
    @(2.0000 mm, 94.0000 mm): Track [CM5_GBE_TD2_N] on F.Cu, length 23.3032 mm
    @(8.0000 mm, 92.0000 mm): Track [CM5_GBE_TD3_N] on F.Cu, length 4.0000 mm
[clearance]: Clearance violation ( clearance 0.2000 mm; actual 0.1476 mm)
    Local override; error
    @(2.0000 mm, 94.0000 mm): Track [CM5_GBE_TD2_N] on F.Cu, length 23.3032 mm
    @(4.0000 mm, 92.0000 mm): Track [CM5_GBE_TD3_N] on F.Cu, length 22.6274 mm
[clearance]: Clearance violation ( clearance 0.2000 mm; actual 0.1857 mm)
    Local override; error
    @(69.6000 mm, 65.6000 mm): Track [CM5_GBE_TD3_N] on F.Cu, length 0.4125 mm
    @(70.0324 mm, 66.2071 mm): Track [ETH_GND] on F.Cu, length 0.0000 mm
[clearance]: Clearance violation ( clearance 0.2000 mm; actual 0.0092 mm)
    Local override; error
    @(45.0000 mm, 80.0000 mm): Track [CM5_GBE_TD0_P] on B.Cu, length 26.8835 mm
    @(40.0000 mm, 72.0000 mm): Via [CM5_GBE_TD1_P] on F.Cu - B.Cu
[clearance]: Clearance violation ( clearance 0.2000 mm; actual 0.1857 mm)
    Local override; error
    @(69.6000 mm, 66.0125 mm): Track [CM5_GBE_TD3_N] on F.Cu, length 0.0849 mm
    @(70.0324 mm, 66.2071 mm): Track [ETH_GND] on F.Cu, length 0.0000 mm
[clearance]: Clearance violation ( clearance 0.2000 mm; actual 0.0835 mm)
    Local override; error
    @(36.0400 mm, 99.1000 mm): Track [CM5_GBE_TD1_P] on F.Cu, length 4.2710 mm
    @(36.0400 mm, 98.7000 mm): Pad 2 [/CORE_CM5/POWER_GND] of J7 on F.Cu
[tracks_crossing]: Tracks crossing
    Local override; error
    @(78.5000 mm, 72.5000 mm): Track [CM5_GBE_TD1_N] on F.Cu, length 19.5000 mm
    @(94.0000 mm, 90.0000 mm): Track [CM5_GBE_TD1_P] on F.Cu, length 51.1863 mm
[tracks_crossing]: Tracks crossing
    Local override; error
    @(80.0000 mm, 90.0000 mm): Track [CM5_GBE_TD1_P] on F.Cu, length 10.0000 mm
    @(96.0000 mm, 92.0000 mm): Track [CM5_GBE_TD1_N] on F.Cu, length 53.2169 mm
[tracks_crossing]: Tracks crossing
    Local override; error
    @(4.0000 mm, 92.0000 mm): Track [CM5_GBE_TD3_N] on F.Cu, length 22.6274 mm
    @(10.0000 mm, 90.0000 mm): Track [CM5_GBE_TD3_P] on F.Cu, length 4.0000 mm
[tracks_crossing]: Tracks crossing
    Local override; error
    @(80.0000 mm, 72.0000 mm): Track [CM5_GBE_TD1_P] on F.Cu, length 18.0000 mm
    @(96.0000 mm, 92.0000 mm): Track [CM5_GBE_TD1_N] on F.Cu, length 53.2169 mm
[clearance]: Clearance violation ( clearance 0.2000 mm; actual 0.1616 mm)
    Local override; error
    @(36.0400 mm, 100.3000 mm): Track [CM5_GBE_TD0_N] on F.Cu, length 8.1192 mm
    @(36.0400 mm, 100.7000 mm): Pad 12 [CM5_GBE_TD0_P] of J7 on F.Cu
[tracks_crossing]: Tracks crossing
    Local override; error
    @(45.0000 mm, 80.0000 mm): Track [CM5_GBE_TD0_P] on B.Cu, length 26.8835 mm
    @(44.0000 mm, 101.9000 mm): Track [CM5_GBE_TD0_N] on B.Cu, length 28.9000 mm
[tracks_crossing]: Tracks crossing
    Local override; error
    @(45.0000 mm, 80.0000 mm): Track [CM5_GBE_TD0_P] on B.Cu, length 26.8835 mm
    @(45.0000 mm, 80.0000 mm): Track [CM5_GBE_TD0_N] on B.Cu, length 23.8541 mm
[tracks_crossing]: Tracks crossing
    Local override; error
    @(90.0000 mm, 93.0000 mm): Track [CM5_GBE_TD0_N] on B.Cu, length 46.8402 mm
    @(46.0000 mm, 103.1000 mm): Track [CM5_GBE_TD0_P] on B.Cu, length 29.6000 mm
[clearance]: Clearance violation ( clearance 0.2000 mm; actual 0.1865 mm)
    Local override; error
    @(46.0000 mm, 73.5000 mm): Via [CM5_GBE_TD0_P] on F.Cu - B.Cu
    @(44.0000 mm, 73.0000 mm): Track [CM5_GBE_TD0_N] on F.Cu, length 33.0000 mm
[clearance]: Clearance violation ( clearance 0.2000 mm; actual 0.1624 mm)
    Local override; error
    @(20.0000 mm, 74.4000 mm): Track [CM5_GBE_TD3_P] on F.Cu, length 16.4081 mm
    @(20.0000 mm, 76.0000 mm): Track [CM5_GBE_TD3_N] on F.Cu, length 17.5999 mm
[clearance]: Clearance violation ( clearance 0.2000 mm; actual 0.0400 mm)
    Local override; error
    @(79.1300 mm, 48.9400 mm): PTH pad 15 [GBE_LED_Y_A] of J2
    @(75.6750 mm, 48.0000 mm): Track [ETH_CT_COMMON] on B.Cu, length 10.5950 mm
[hole_clearance]: Hole clearance violation (board setup constraints hole clearance 0.2500 mm; actual 0.2250 mm)
    Rule: board setup constraints hole; error
    @(76.0000 mm, 51.0000 mm): Track [ETH_CT_COMMON] on B.Cu, length 6.0000 mm
    @(78.2150 mm, 53.0000 mm): NPTH pad of J2
[clearance]: Clearance violation ( clearance 0.2000 mm; actual 0.0923 mm)
    Local override; error
    @(79.1300 mm, 48.9400 mm): PTH pad 15 [GBE_LED_Y_A] of J2
    @(66.7850 mm, 56.8300 mm): Track [ETH_CT_COMMON] on B.Cu, length 17.3460 mm
[clearance]: Clearance violation ( clearance 0.2000 mm; actual 0.0150 mm)
    Local override; error
    @(75.6750 mm, 55.5600 mm): Track [ETH_CT_COMMON] on B.Cu, length 7.5600 mm
    @(76.5900 mm, 48.9400 mm): PTH pad 16 [GBE_LED_Y_K] of J2
[clearance]: Clearance violation ( clearance 0.2000 mm; actual 0.1462 mm)
    Local override; error
    @(36.0400 mm, 101.1000 mm): Pad 14 [/CORE_CM5/POWER_GND] of J7 on F.Cu
    @(36.0400 mm, 100.7000 mm): Track [CM5_GBE_TD0_P] on F.Cu, length 10.2451 mm
[shorting_items]: Items shorting two nets (nets CM5_GBE_TD0_N and CM5_GBE_TD0_P)
    Local override; error
    @(31.1600 mm, 60.5713 mm): Track [CM5_GBE_TD0_N] on F.Cu, length 3.6056 mm
    @(31.5400 mm, 56.7287 mm): Track [CM5_GBE_TD0_P] on F.Cu, length 3.6056 mm
[clearance]: Clearance violation ( clearance 0.2000 mm; actual 0.1730 mm)
    Local override; error
    @(70.5000 mm, 63.0000 mm): Track [CM5_GBE_TD2_P] on F.Cu, length 0.4000 mm
    @(70.6000 mm, 63.7000 mm): Track [CM5_GBE_TD2_N] on F.Cu, length 0.5657 mm
[clearance]: Clearance violation ( clearance 0.2000 mm; actual 0.0865 mm)
    Local override; error
    @(26.0000 mm, 100.3000 mm): Via [CM5_GBE_TD2_N] on F.Cu - B.Cu
    @(32.9600 mm, 100.7000 mm): Track [CM5_GBE_TD2_P] on F.Cu, length 8.9600 mm
[clearance]: Clearance violation ( clearance 0.2000 mm; actual 0.1730 mm)
    Local override; error
    @(70.2000 mm, 63.3000 mm): Track [CM5_GBE_TD2_N] on F.Cu, length 0.3000 mm
    @(70.5000 mm, 63.0000 mm): Track [CM5_GBE_TD2_P] on F.Cu, length 0.4000 mm
[clearance]: Clearance violation ( clearance 0.2000 mm; actual 0.0819 mm)
    Local override; error
    @(0.0000 mm, 96.0000 mm): Track [CM5_GBE_TD2_P] on F.Cu, length 30.6307 mm
    @(6.0000 mm, 94.0000 mm): Track [CM5_GBE_TD2_N] on F.Cu, length 4.0000 mm
[clearance]: Clearance violation ( clearance 0.2000 mm; actual 0.1730 mm)
    Local override; error
    @(69.8000 mm, 62.7000 mm): Track [CM5_GBE_TD2_P] on F.Cu, length 0.0150 mm
    @(69.5000 mm, 62.9000 mm): Track [CM5_GBE_TD2_N] on F.Cu, length 3.3750 mm
[tracks_crossing]: Tracks crossing
    Local override; error
    @(20.0000 mm, 79.2000 mm): Track [CM5_GBE_TD2_N] on F.Cu, length 20.3403 mm
    @(20.0000 mm, 72.8000 mm): Track [CM5_GBE_TD2_P] on F.Cu, length 14.2503 mm
[clearance]: Clearance violation ( clearance 0.2000 mm; actual 0.0819 mm)
    Local override; error
    @(2.0000 mm, 94.0000 mm): Track [CM5_GBE_TD2_N] on F.Cu, length 23.3032 mm
    @(0.0000 mm, 96.0000 mm): Track [CM5_GBE_TD2_P] on F.Cu, length 30.6307 mm
[tracks_crossing]: Tracks crossing
    Local override; error
    @(45.0000 mm, 80.0000 mm): Track [CM5_GBE_TD0_N] on B.Cu, length 23.8541 mm
    @(42.0000 mm, 100.3000 mm): Track [CM5_GBE_TD1_N] on B.Cu, length 27.8000 mm
[hole_clearance]: Hole clearance violation (pad clearance 1.7000 mm; actual 0.1725 mm)
    Local override; error
    @(96.0000 mm, 92.0000 mm): Track [CM5_GBE_TD1_N] on F.Cu, length 53.2169 mm
    @(68.0000 mm, 82.0000 mm): NPTH pad of J7
[clearance]: Clearance violation ( clearance 0.2000 mm; actual 0.1865 mm)
    Local override; error
    @(42.0000 mm, 72.5000 mm): Track [CM5_GBE_TD1_N] on F.Cu, length 36.5000 mm
    @(44.0000 mm, 73.0000 mm): Via [CM5_GBE_TD0_N] on F.Cu - B.Cu
[clearance]: Clearance violation ( clearance 0.2000 mm; actual 0.1873 mm)
    Local override; error
    @(36.0400 mm, 99.9000 mm): Pad 8 [/CORE_CM5/POWER_GND] of J7 on F.Cu
    @(36.0400 mm, 99.5000 mm): Track [CM5_GBE_TD1_N] on F.Cu, length 6.0135 mm
[tracks_crossing]: Tracks crossing
    Local override; error
    @(31.1600 mm, 60.5713 mm): Track [CM5_GBE_TD0_N] on F.Cu, length 3.6056 mm
    @(45.0000 mm, 76.8000 mm): Track [CM5_GBE_TD1_N] on F.Cu, length 21.4210 mm
[tracks_crossing]: Tracks crossing
    Local override; error
    @(6.0000 mm, 90.0000 mm): Track [CM5_GBE_TD3_P] on F.Cu, length 20.9609 mm
    @(4.0000 mm, 92.0000 mm): Track [CM5_GBE_TD3_N] on F.Cu, length 22.6274 mm
[copper_edge_clearance]: Board edge clearance violation (board setup constraints edge clearance 0.5000 mm; actual 0.0000 mm)
    Rule: board setup constraints edge; error
    @(2.0000 mm, 145.0000 mm): Segment on Edge.Cuts
    @(2.0000 mm, 94.0000 mm): Track [CM5_GBE_TD2_N] on F.Cu, length 23.3032 mm
[copper_edge_clearance]: Board edge clearance violation (board setup constraints edge clearance 0.5000 mm; actual 0.0000 mm)
    Rule: board setup constraints edge; error
    @(2.0000 mm, 145.0000 mm): Segment on Edge.Cuts
    @(6.0000 mm, 94.0000 mm): Track [CM5_GBE_TD2_N] on F.Cu, length 4.0000 mm
[copper_edge_clearance]: Board edge clearance violation (board setup constraints edge clearance 0.5000 mm; actual 0.0000 mm)
    Rule: board setup constraints edge; error
    @(2.0000 mm, 145.0000 mm): Segment on Edge.Cuts
    @(4.0000 mm, 96.0000 mm): Track [CM5_GBE_TD2_P] on F.Cu, length 4.0000 mm
[copper_edge_clearance]: Board edge clearance violation (board setup constraints edge clearance 0.5000 mm; actual 0.0000 mm)
    Rule: board setup constraints edge; error
    @(2.0000 mm, 145.0000 mm): Segment on Edge.Cuts
    @(0.0000 mm, 96.0000 mm): Track [CM5_GBE_TD2_P] on F.Cu, length 30.6307 mm
[track_width]: Track width (board setup constraints min width 0.2000 mm; actual 0.1270 mm)
    Rule: netclass 'Default' (diff pair); error
    @(20.0000 mm, 74.4000 mm): Track [CM5_GBE_TD3_P] on F.Cu, length 16.4081 mm
[track_width]: Track width (board setup constraints min width 0.2000 mm; actual 0.1270 mm)
    Rule: netclass 'Default' (diff pair); error
    @(32.9600 mm, 99.1000 mm): Track [CM5_GBE_TD3_P] on F.Cu, length 2.9600 mm
[track_width]: Track width (board setup constraints min width 0.2000 mm; actual 0.1270 mm)
    Rule: netclass 'Default' (diff pair); error
    @(68.0550 mm, 63.1950 mm): Track [CM5_GBE_TD3_P] on F.Cu, length 1.3050 mm
[track_width]: Track width (board setup constraints min width 0.2000 mm; actual 0.1270 mm)
    Rule: netclass 'Default' (diff pair); error
    @(69.1000 mm, 65.6000 mm): Track [CM5_GBE_TD3_P] on F.Cu, length 0.4125 mm
[track_width]: Track width (board setup constraints min width 0.2000 mm; actual 0.1270 mm)
    Rule: netclass 'Default' (diff pair); error
    @(67.7500 mm, 65.2500 mm): Track [CM5_GBE_TD3_P] on F.Cu, length 0.3536 mm
[track_width]: Track width (board setup constraints min width 0.2000 mm; actual 0.1270 mm)
    Rule: netclass 'Default' (diff pair); error
    @(6.0000 mm, 90.0000 mm): Track [CM5_GBE_TD3_P] on F.Cu, length 20.9609 mm
[track_width]: Track width (board setup constraints min width 0.2000 mm; actual 0.1270 mm)
    Rule: netclass 'Default' (diff pair); error
    @(68.5500 mm, 64.1000 mm): Track [CM5_GBE_TD3_P] on F.Cu, length 0.4950 mm
[track_width]: Track width (board setup constraints min width 0.2000 mm; actual 0.1270 mm)
    Rule: netclass 'Default' (diff pair); error
    @(69.1600 mm, 65.3025 mm): Track [CM5_GBE_TD3_P] on F.Cu, length 0.0849 mm
[track_width]: Track width (board setup constraints min width 0.2000 mm; actual 0.1270 mm)
    Rule: netclass 'Default' (diff pair); error
    @(69.1000 mm, 64.8300 mm): Track [CM5_GBE_TD3_P] on F.Cu, length 0.5800 mm
[track_width]: Track width (board setup constraints min width 0.2000 mm; actual 0.1270 mm)
    Rule: netclass 'Default' (diff pair); error
    @(67.5000 mm, 65.0000 mm): Track [CM5_GBE_TD3_P] on F.Cu, length 1.2500 mm
[track_width]: Track width (board setup constraints min width 0.2000 mm; actual 0.1270 mm)
    Rule: netclass 'Default' (diff pair); error
    @(69.1000 mm, 64.2500 mm): Track [CM5_GBE_TD3_P] on F.Cu, length 0.2121 mm
[track_width]: Track width (board setup constraints min width 0.2000 mm; actual 0.1270 mm)
    Rule: netclass 'Default' (diff pair); error
    @(69.1600 mm, 66.7541 mm): Track [CM5_GBE_TD3_P] on F.Cu, length 0.6447 mm
[track_width]: Track width (board setup constraints min width 0.2000 mm; actual 0.1270 mm)
    Rule: netclass 'Default' (diff pair); error
    @(68.2000 mm, 65.1000 mm): Track [CM5_GBE_TD3_P] on F.Cu, length 0.2121 mm
[track_width]: Track width (board setup constraints min width 0.2000 mm; actual 0.1270 mm)
    Rule: netclass 'Default' (diff pair); error
    @(69.1000 mm, 66.0125 mm): Track [CM5_GBE_TD3_P] on F.Cu, length 0.0849 mm
[track_width]: Track width (board setup constraints min width 0.2000 mm; actual 0.1270 mm)
    Rule: netclass 'Default' (diff pair); error
    @(68.2000 mm, 64.4500 mm): Track [CM5_GBE_TD3_P] on F.Cu, length 0.6500 mm
[track_width]: Track width (board setup constraints min width 0.2000 mm; actual 0.1270 mm)
    Rule: netclass 'Default' (diff pair); error
    @(69.1600 mm, 66.0725 mm): Track [CM5_GBE_TD3_P] on F.Cu, length 0.6816 mm
[track_width]: Track width (board setup constraints min width 0.2000 mm; actual 0.1270 mm)
    Rule: netclass 'Default' (diff pair); error
    @(68.0500 mm, 65.2500 mm): Track [CM5_GBE_TD3_P] on F.Cu, length 0.3000 mm
[track_width]: Track width (board setup constraints min width 0.2000 mm; actual 0.1270 mm)
    Rule: netclass 'Default' (diff pair); error
    @(68.9500 mm, 64.1000 mm): Track [CM5_GBE_TD3_P] on F.Cu, length 0.4000 mm
[track_width]: Track width (board setup constraints min width 0.2000 mm; actual 0.1270 mm)
    Rule: netclass 'Default' (diff pair); error
    @(69.1000 mm, 65.2425 mm): Track [CM5_GBE_TD3_P] on F.Cu, length 0.4125 mm
[track_width]: Track width (board setup constraints min width 0.2000 mm; actual 0.1270 mm)
    Rule: netclass 'Default' (diff pair); error
    @(10.0000 mm, 90.0000 mm): Track [CM5_GBE_TD3_P] on F.Cu, length 4.0000 mm
[track_width]: Track width (board setup constraints min width 0.2000 mm; actual 0.1270 mm)
    Rule: netclass 'Default' (diff pair); error
    @(69.1600 mm, 65.4150 mm): Track [CM5_GBE_TD3_P] on F.Cu, length 0.1125 mm
[track_width]: Track width (board setup constraints min width 0.2000 mm; actual 0.1270 mm)
    Rule: netclass 'Default' (diff pair); error
    @(68.7041 mm, 67.2100 mm): Track [CM5_GBE_TD3_P] on F.Cu, length 9.2828 mm
[track_width]: Track width (board setup constraints min width 0.2000 mm; actual 0.1270 mm)
    Rule: netclass 'Default' (diff pair); error
    @(68.0550 mm, 63.1950 mm): Track [CM5_GBE_TD3_P] on F.Cu, length 0.7849 mm
[track_width]: Track width (board setup constraints min width 0.2000 mm; actual 0.1270 mm)
    Rule: netclass 'Default' (diff pair); error
    @(30.0000 mm, 99.1000 mm): Track [CM5_GBE_TD3_P] on B.Cu, length 21.9729 mm
[track_width]: Track width (board setup constraints min width 0.2000 mm; actual 0.1270 mm)
    Rule: netclass 'Default' (diff pair); error
    @(75.1000 mm, 66.0125 mm): Track [CM5_GBE_TD1_P] on F.Cu, length 0.4125 mm
[track_width]: Track width (board setup constraints min width 0.2000 mm; actual 0.1270 mm)
    Rule: netclass 'Default' (diff pair); error
    @(90.0000 mm, 90.0000 mm): Track [CM5_GBE_TD1_P] on F.Cu, length 4.0000 mm
[track_width]: Track width (board setup constraints min width 0.2000 mm; actual 0.1270 mm)
    Rule: netclass 'Default' (diff pair); error
    @(75.1600 mm, 66.8713 mm): Track [CM5_GBE_TD1_P] on F.Cu, length 0.7988 mm
[track_width]: Track width (board setup constraints min width 0.2000 mm; actual 0.1270 mm)
    Rule: netclass 'Default' (diff pair); error
    @(80.0000 mm, 72.0000 mm): Track [CM5_GBE_TD1_P] on F.Cu, length 18.0000 mm
[track_width]: Track width (board setup constraints min width 0.2000 mm; actual 0.1270 mm)
    Rule: netclass 'Default' (diff pair); error
    @(36.0400 mm, 99.1000 mm): Track [CM5_GBE_TD1_P] on F.Cu, length 4.2710 mm
[track_width]: Track width (board setup constraints min width 0.2000 mm; actual 0.1270 mm)
    Rule: netclass 'Default' (diff pair); error
    @(74.0500 mm, 63.1500 mm): Track [CM5_GBE_TD1_P] on F.Cu, length 0.0707 mm
[track_width]: Track width (board setup constraints min width 0.2000 mm; actual 0.1270 mm)
    Rule: netclass 'Default' (diff pair); error
    @(73.0213 mm, 69.0100 mm): Track [CM5_GBE_TD1_P] on F.Cu, length 3.0246 mm
[track_width]: Track width (board setup constraints min width 0.2000 mm; actual 0.1270 mm)
    Rule: netclass 'Default' (diff pair); error
    @(75.0500 mm, 63.9000 mm): Track [CM5_GBE_TD1_P] on F.Cu, length 0.3000 mm
[track_width]: Track width (board setup constraints min width 0.2000 mm; actual 0.1270 mm)
    Rule: netclass 'Default' (diff pair); error
    @(75.1600 mm, 64.3575 mm): Track [CM5_GBE_TD1_P] on F.Cu, length 0.3475 mm
[track_width]: Track width (board setup constraints min width 0.2000 mm; actual 0.1270 mm)
    Rule: netclass 'Default' (diff pair); error
    @(73.9500 mm, 65.0500 mm): Track [CM5_GBE_TD1_P] on F.Cu, length 0.1414 mm
[track_width]: Track width (board setup constraints min width 0.2000 mm; actual 0.1270 mm)
    Rule: netclass 'Default' (diff pair); error
    @(74.5000 mm, 62.9000 mm): Track [CM5_GBE_TD1_P] on F.Cu, length 0.0707 mm
[track_width]: Track width (board setup constraints min width 0.2000 mm; actual 0.1270 mm)
    Rule: netclass 'Default' (diff pair); error
    @(40.0000 mm, 72.0000 mm): Track [CM5_GBE_TD1_P] on F.Cu, length 40.0000 mm
[track_width]: Track width (board setup constraints min width 0.2000 mm; actual 0.1270 mm)
    Rule: netclass 'Default' (diff pair); error
    @(75.1600 mm, 64.0100 mm): Track [CM5_GBE_TD1_P] on F.Cu, length 0.1556 mm
[track_width]: Track width (board setup constraints min width 0.2000 mm; actual 0.1270 mm)
    Rule: netclass 'Default' (diff pair); error
    @(75.2500 mm, 63.3000 mm): Track [CM5_GBE_TD1_P] on F.Cu, length 0.1500 mm
[track_width]: Track width (board setup constraints min width 0.2000 mm; actual 0.1270 mm)
    Rule: netclass 'Default' (diff pair); error
    @(80.0000 mm, 90.0000 mm): Track [CM5_GBE_TD1_P] on F.Cu, length 10.0000 mm
[track_width]: Track width (board setup constraints min width 0.2000 mm; actual 0.1270 mm)
    Rule: netclass 'Default' (diff pair); error
    @(75.1600 mm, 65.3025 mm): Track [CM5_GBE_TD1_P] on F.Cu, length 0.0849 mm
[track_width]: Track width (board setup constraints min width 0.2000 mm; actual 0.1270 mm)
    Rule: netclass 'Default' (diff pair); error
    @(75.2500 mm, 63.3000 mm): Track [CM5_GBE_TD1_P] on F.Cu, length 0.6010 mm
[track_width]: Track width (board setup constraints min width 0.2000 mm; actual 0.1270 mm)
    Rule: netclass 'Default' (diff pair); error
    @(75.6750 mm, 62.8750 mm): Track [CM5_GBE_TD1_P] on F.Cu, length 0.9850 mm
[track_width]: Track width (board setup constraints min width 0.2000 mm; actual 0.1270 mm)
    Rule: netclass 'Default' (diff pair); error
    @(73.8500 mm, 64.3500 mm): Track [CM5_GBE_TD1_P] on F.Cu, length 0.1414 mm
[track_width]: Track width (board setup constraints min width 0.2000 mm; actual 0.1270 mm)
    Rule: netclass 'Default' (diff pair); error
    @(73.7500 mm, 63.1500 mm): Track [CM5_GBE_TD1_P] on F.Cu, length 1.1000 mm
[track_width]: Track width (board setup constraints min width 0.2000 mm; actual 0.1270 mm)
    Rule: netclass 'Default' (diff pair); error
    @(75.1000 mm, 65.2425 mm): Track [CM5_GBE_TD1_P] on F.Cu, length 0.4125 mm
[track_width]: Track width (board setup constraints min width 0.2000 mm; actual 0.1270 mm)
    Rule: netclass 'Default' (diff pair); error
    @(74.1500 mm, 63.7500 mm): Track [CM5_GBE_TD1_P] on F.Cu, length 0.1414 mm
[track_width]: Track width (board setup constraints min width 0.2000 mm; actual 0.1270 mm)
    Rule: netclass 'Default' (diff pair); error
    @(75.1000 mm, 63.3000 mm): Track [CM5_GBE_TD1_P] on F.Cu, length 0.5657 mm
[track_width]: Track width (board setup constraints min width 0.2000 mm; actual 0.1270 mm)
    Rule: netclass 'Default' (diff pair); error
    @(74.0000 mm, 63.1000 mm): Track [CM5_GBE_TD1_P] on F.Cu, length 0.2000 mm
[track_width]: Track width (board setup constraints min width 0.2000 mm; actual 0.1270 mm)
    Rule: netclass 'Default' (diff pair); error
    @(74.4500 mm, 62.9500 mm): Track [CM5_GBE_TD1_P] on F.Cu, length 0.6500 mm
[track_width]: Track width (board setup constraints min width 0.2000 mm; actual 0.1270 mm)
    Rule: netclass 'Default' (diff pair); error
    @(73.8500 mm, 64.9500 mm): Track [CM5_GBE_TD1_P] on F.Cu, length 0.6000 mm
[track_width]: Track width (board setup constraints min width 0.2000 mm; actual 0.1270 mm)
    Rule: netclass 'Default' (diff pair); error
    @(45.0000 mm, 75.2000 mm): Track [CM5_GBE_TD1_P] on F.Cu, length 20.4671 mm
[track_width]: Track width (board setup constraints min width 0.2000 mm; actual 0.1270 mm)
    Rule: netclass 'Default' (diff pair); error
    @(74.0500 mm, 63.6500 mm): Track [CM5_GBE_TD1_P] on F.Cu, length 0.5000 mm
[track_width]: Track width (board setup constraints min width 0.2000 mm; actual 0.1270 mm)
    Rule: netclass 'Default' (diff pair); error
    @(74.4500 mm, 63.6000 mm): Track [CM5_GBE_TD1_P] on F.Cu, length 0.2121 mm
[track_width]: Track width (board setup constraints min width 0.2000 mm; actual 0.1270 mm)
    Rule: netclass 'Default' (diff pair); error
    @(74.7500 mm, 63.9000 mm): Track [CM5_GBE_TD1_P] on F.Cu, length 0.4950 mm
[track_width]: Track width (board setup constraints min width 0.2000 mm; actual 0.1270 mm)
    Rule: netclass 'Default' (diff pair); error
    @(60.3213 mm, 69.0100 mm): Track [CM5_GBE_TD1_P] on F.Cu, length 12.7000 mm
[track_width]: Track width (board setup constraints min width 0.2000 mm; actual 0.1270 mm)
    Rule: netclass 'Default' (diff pair); error
    @(94.0000 mm, 90.0000 mm): Track [CM5_GBE_TD1_P] on F.Cu, length 51.1863 mm
[track_width]: Track width (board setup constraints min width 0.2000 mm; actual 0.1270 mm)
    Rule: netclass 'Default' (diff pair); error
    @(75.1600 mm, 66.0725 mm): Track [CM5_GBE_TD1_P] on F.Cu, length 0.0849 mm
[track_width]: Track width (board setup constraints min width 0.2000 mm; actual 0.1270 mm)
    Rule: netclass 'Default' (diff pair); error
    @(75.1600 mm, 65.4150 mm): Track [CM5_GBE_TD1_P] on F.Cu, length 0.1125 mm
[track_width]: Track width (board setup constraints min width 0.2000 mm; actual 0.1270 mm)
    Rule: netclass 'Default' (diff pair); error
    @(75.1000 mm, 64.4175 mm): Track [CM5_GBE_TD1_P] on F.Cu, length 0.0849 mm
[track_width]: Track width (board setup constraints min width 0.2000 mm; actual 0.1270 mm)
    Rule: netclass 'Default' (diff pair); error
    @(74.3000 mm, 63.7500 mm): Track [CM5_GBE_TD1_P] on F.Cu, length 0.1500 mm
[track_width]: Track width (board setup constraints min width 0.2000 mm; actual 0.1270 mm)
    Rule: netclass 'Default' (diff pair); error
    @(74.3000 mm, 65.0500 mm): Track [CM5_GBE_TD1_P] on F.Cu, length 0.3500 mm
[track_width]: Track width (board setup constraints min width 0.2000 mm; actual 0.1270 mm)
    Rule: netclass 'Default' (diff pair); error
    @(74.4000 mm, 64.9500 mm): Track [CM5_GBE_TD1_P] on F.Cu, length 0.1414 mm
[track_width]: Track width (board setup constraints min width 0.2000 mm; actual 0.1270 mm)
    Rule: netclass 'Default' (diff pair); error
    @(74.4000 mm, 64.2500 mm): Track [CM5_GBE_TD1_P] on F.Cu, length 0.7000 mm
[track_width]: Track width (board setup constraints min width 0.2000 mm; actual 0.1270 mm)
    Rule: netclass 'Default' (diff pair); error
    @(73.8000 mm, 63.1000 mm): Track [CM5_GBE_TD1_P] on F.Cu, length 0.0707 mm
[track_width]: Track width (board setup constraints min width 0.2000 mm; actual 0.1270 mm)
    Rule: netclass 'Default' (diff pair); error
    @(74.7000 mm, 62.9000 mm): Track [CM5_GBE_TD1_P] on F.Cu, length 0.2000 mm
[track_width]: Track width (board setup constraints min width 0.2000 mm; actual 0.1270 mm)
    Rule: netclass 'Default' (diff pair); error
    @(75.1000 mm, 64.8300 mm): Track [CM5_GBE_TD1_P] on F.Cu, length 0.4125 mm
[track_width]: Track width (board setup constraints min width 0.2000 mm; actual 0.1270 mm)
    Rule: netclass 'Default' (diff pair); error
    @(40.0000 mm, 97.5000 mm): Track [CM5_GBE_TD1_P] on B.Cu, length 25.5000 mm
[track_width]: Track width (board setup constraints min width 0.2000 mm; actual 0.1270 mm)
    Rule: netclass 'Default' (diff pair); error
    @(69.5400 mm, 66.9115 mm): Track [CM5_GBE_TD3_N] on F.Cu, length 0.9595 mm
[track_width]: Track width (board setup constraints min width 0.2000 mm; actual 0.1270 mm)
    Rule: netclass 'Default' (diff pair); error
    @(69.6000 mm, 64.8300 mm): Track [CM5_GBE_TD3_N] on F.Cu, length 0.7300 mm
[track_width]: Track width (board setup constraints min width 0.2000 mm; actual 0.1270 mm)
    Rule: netclass 'Default' (diff pair); error
    @(69.6000 mm, 66.0125 mm): Track [CM5_GBE_TD3_N] on F.Cu, length 0.0849 mm
[track_width]: Track width (board setup constraints min width 0.2000 mm; actual 0.1270 mm)
    Rule: netclass 'Default' (diff pair); error
    @(69.6000 mm, 64.1000 mm): Track [CM5_GBE_TD3_N] on F.Cu, length 0.7071 mm
[track_width]: Track width (board setup constraints min width 0.2000 mm; actual 0.1270 mm)
    Rule: netclass 'Default' (diff pair); error
    @(69.6000 mm, 65.6000 mm): Track [CM5_GBE_TD3_N] on F.Cu, length 0.4125 mm
[track_width]: Track width (board setup constraints min width 0.2000 mm; actual 0.1270 mm)
    Rule: netclass 'Default' (diff pair); error
    @(8.0000 mm, 92.0000 mm): Track [CM5_GBE_TD3_N] on F.Cu, length 4.0000 mm
[track_width]: Track width (board setup constraints min width 0.2000 mm; actual 0.1270 mm)
    Rule: netclass 'Default' (diff pair); error
    @(4.0000 mm, 92.0000 mm): Track [CM5_GBE_TD3_N] on F.Cu, length 22.6274 mm
[track_width]: Track width (board setup constraints min width 0.2000 mm; actual 0.1270 mm)
    Rule: netclass 'Default' (diff pair); error
    @(69.5400 mm, 65.3025 mm): Track [CM5_GBE_TD3_N] on F.Cu, length 0.0849 mm
[track_width]: Track width (board setup constraints min width 0.2000 mm; actual 0.1270 mm)
    Rule: netclass 'Default' (diff pair); error
    @(69.1000 mm, 61.5364 mm): Track [CM5_GBE_TD3_N] on F.Cu, length 3.0920 mm
[track_width]: Track width (board setup constraints min width 0.2000 mm; actual 0.1270 mm)
    Rule: netclass 'Default' (diff pair); error
    @(20.0000 mm, 76.0000 mm): Track [CM5_GBE_TD3_N] on F.Cu, length 17.5999 mm
[track_width]: Track width (board setup constraints min width 0.2000 mm; actual 0.1270 mm)
    Rule: netclass 'Default' (diff pair); error
    @(68.8615 mm, 67.5900 mm): Track [CM5_GBE_TD3_N] on F.Cu, length 9.2828 mm
[track_width]: Track width (board setup constraints min width 0.2000 mm; actual 0.1270 mm)
    Rule: netclass 'Default' (diff pair); error
    @(69.5400 mm, 66.0725 mm): Track [CM5_GBE_TD3_N] on F.Cu, length 0.8390 mm
[track_width]: Track width (board setup constraints min width 0.2000 mm; actual 0.1270 mm)
    Rule: netclass 'Default' (diff pair); error
    @(32.9600 mm, 99.5000 mm): Track [CM5_GBE_TD3_N] on F.Cu, length 4.9600 mm
[track_width]: Track width (board setup constraints min width 0.2000 mm; actual 0.1270 mm)
    Rule: netclass 'Default' (diff pair); error
    @(69.6000 mm, 65.2425 mm): Track [CM5_GBE_TD3_N] on F.Cu, length 0.4125 mm
[track_width]: Track width (board setup constraints min width 0.2000 mm; actual 0.1270 mm)
    Rule: netclass 'Default' (diff pair); error
    @(69.1000 mm, 63.6000 mm): Track [CM5_GBE_TD3_N] on F.Cu, length 2.0636 mm
[track_width]: Track width (board setup constraints min width 0.2000 mm; actual 0.1270 mm)
    Rule: netclass 'Default' (diff pair); error
    @(69.5400 mm, 65.4150 mm): Track [CM5_GBE_TD3_N] on F.Cu, length 0.1125 mm
[track_width]: Track width (board setup constraints min width 0.2000 mm; actual 0.1270 mm)
    Rule: netclass 'Default' (diff pair); error
    @(28.0000 mm, 99.5000 mm): Track [CM5_GBE_TD3_N] on B.Cu, length 21.3600 mm
[track_width]: Track width (board setup constraints min width 0.2000 mm; actual 0.1270 mm)
    Rule: netclass 'Default' (diff pair); error
    @(78.5000 mm, 72.5000 mm): Track [CM5_GBE_TD1_N] on F.Cu, length 19.5000 mm
[track_width]: Track width (board setup constraints min width 0.2000 mm; actual 0.1270 mm)
    Rule: netclass 'Default' (diff pair); error
    @(75.6000 mm, 64.4175 mm): Track [CM5_GBE_TD1_N] on F.Cu, length 0.0849 mm
[track_width]: Track width (board setup constraints min width 0.2000 mm; actual 0.1270 mm)
    Rule: netclass 'Default' (diff pair); error
    @(73.1787 mm, 69.3900 mm): Track [CM5_GBE_TD1_N] on F.Cu, length 3.3394 mm
[track_width]: Track width (board setup constraints min width 0.2000 mm; actual 0.1270 mm)
    Rule: netclass 'Default' (diff pair); error
    @(75.5400 mm, 65.4150 mm): Track [CM5_GBE_TD1_N] on F.Cu, length 0.1125 mm
[track_width]: Track width (board setup constraints min width 0.2000 mm; actual 0.1270 mm)
    Rule: netclass 'Default' (diff pair); error
    @(45.0000 mm, 76.8000 mm): Track [CM5_GBE_TD1_N] on F.Cu, length 21.4210 mm
[track_width]: Track width (board setup constraints min width 0.2000 mm; actual 0.1270 mm)
    Rule: netclass 'Default' (diff pair); error
    @(76.7000 mm, 62.4000 mm): Track [CM5_GBE_TD1_N] on F.Cu, length 1.2000 mm
[track_width]: Track width (board setup constraints min width 0.2000 mm; actual 0.1270 mm)
    Rule: netclass 'Default' (diff pair); error
    @(73.2150 mm, 60.7000 mm): Track [CM5_GBE_TD1_N] on F.Cu, length 1.9092 mm
[track_width]: Track width (board setup constraints min width 0.2000 mm; actual 0.1270 mm)
    Rule: netclass 'Default' (diff pair); error
    @(75.6000 mm, 64.8300 mm): Track [CM5_GBE_TD1_N] on F.Cu, length 0.4125 mm
[track_width]: Track width (board setup constraints min width 0.2000 mm; actual 0.1270 mm)
    Rule: netclass 'Default' (diff pair); error
    @(76.2000 mm, 60.7000 mm): Track [CM5_GBE_TD1_N] on F.Cu, length 2.9850 mm
[track_width]: Track width (board setup constraints min width 0.2000 mm; actual 0.1270 mm)
    Rule: netclass 'Default' (diff pair); error
    @(92.0000 mm, 92.0000 mm): Track [CM5_GBE_TD1_N] on F.Cu, length 4.0000 mm
[track_width]: Track width (board setup constraints min width 0.2000 mm; actual 0.1270 mm)
    Rule: netclass 'Default' (diff pair); error
    @(75.5400 mm, 67.0287 mm): Track [CM5_GBE_TD1_N] on F.Cu, length 0.9562 mm
[track_width]: Track width (board setup constraints min width 0.2000 mm; actual 0.1270 mm)
    Rule: netclass 'Default' (diff pair); error
    @(75.5400 mm, 63.5600 mm): Track [CM5_GBE_TD1_N] on F.Cu, length 1.6405 mm
[track_width]: Track width (board setup constraints min width 0.2000 mm; actual 0.1270 mm)
    Rule: netclass 'Default' (diff pair); error
    @(42.0000 mm, 72.5000 mm): Track [CM5_GBE_TD1_N] on F.Cu, length 36.5000 mm
[track_width]: Track width (board setup constraints min width 0.2000 mm; actual 0.1270 mm)
    Rule: netclass 'Default' (diff pair); error
    @(78.5000 mm, 92.0000 mm): Track [CM5_GBE_TD1_N] on F.Cu, length 13.5000 mm
[track_width]: Track width (board setup constraints min width 0.2000 mm; actual 0.1270 mm)
    Rule: netclass 'Default' (diff pair); error
    @(76.7000 mm, 61.2000 mm): Track [CM5_GBE_TD1_N] on F.Cu, length 0.7071 mm
[track_width]: Track width (board setup constraints min width 0.2000 mm; actual 0.1270 mm)
    Rule: netclass 'Default' (diff pair); error
    @(75.6000 mm, 65.2425 mm): Track [CM5_GBE_TD1_N] on F.Cu, length 0.4125 mm
[track_width]: Track width (board setup constraints min width 0.2000 mm; actual 0.1270 mm)
    Rule: netclass 'Default' (diff pair); error
    @(96.0000 mm, 92.0000 mm): Track [CM5_GBE_TD1_N] on F.Cu, length 53.2169 mm
[track_width]: Track width (board setup constraints min width 0.2000 mm; actual 0.1270 mm)
    Rule: netclass 'Default' (diff pair); error
    @(75.5400 mm, 64.3575 mm): Track [CM5_GBE_TD1_N] on F.Cu, length 0.7975 mm
[track_width]: Track width (board setup constraints min width 0.2000 mm; actual 0.1270 mm)
    Rule: netclass 'Default' (diff pair); error
    @(75.5400 mm, 65.3025 mm): Track [CM5_GBE_TD1_N] on F.Cu, length 0.0849 mm
[track_width]: Track width (board setup constraints min width 0.2000 mm; actual 0.1270 mm)
    Rule: netclass 'Default' (diff pair); error
    @(36.0400 mm, 99.5000 mm): Track [CM5_GBE_TD1_N] on F.Cu, length 6.0135 mm
[track_width]: Track width (board setup constraints min width 0.2000 mm; actual 0.1270 mm)
    Rule: netclass 'Default' (diff pair); error
    @(75.6000 mm, 66.0125 mm): Track [CM5_GBE_TD1_N] on F.Cu, length 0.4125 mm
[track_width]: Track width (board setup constraints min width 0.2000 mm; actual 0.1270 mm)
    Rule: netclass 'Default' (diff pair); error
    @(60.4787 mm, 69.3900 mm): Track [CM5_GBE_TD1_N] on F.Cu, length 12.7000 mm
[track_width]: Track width (board setup constraints min width 0.2000 mm; actual 0.1270 mm)
    Rule: netclass 'Default' (diff pair); error
    @(75.5400 mm, 66.0725 mm): Track [CM5_GBE_TD1_N] on F.Cu, length 0.0849 mm
[track_width]: Track width (board setup constraints min width 0.2000 mm; actual 0.1270 mm)
    Rule: netclass 'Default' (diff pair); error
    @(42.0000 mm, 100.3000 mm): Track [CM5_GBE_TD1_N] on B.Cu, length 27.8000 mm
[track_width]: Track width (board setup constraints min width 0.2000 mm; actual 0.1270 mm)
    Rule: netclass 'Default' (diff pair); error
    @(70.6000 mm, 65.2425 mm): Track [CM5_GBE_TD2_N] on F.Cu, length 0.4125 mm
[track_width]: Track width (board setup constraints min width 0.2000 mm; actual 0.1270 mm)
    Rule: netclass 'Default' (diff pair); error
    @(70.6600 mm, 65.3025 mm): Track [CM5_GBE_TD2_N] on F.Cu, length 0.0849 mm
[track_width]: Track width (board setup constraints min width 0.2000 mm; actual 0.1270 mm)
    Rule: netclass 'Default' (diff pair); error
    @(70.6600 mm, 66.0725 mm): Track [CM5_GBE_TD2_N] on F.Cu, length 0.8988 mm
[track_width]: Track width (board setup constraints min width 0.2000 mm; actual 0.1270 mm)
    Rule: netclass 'Default' (diff pair); error
    @(70.6000 mm, 66.0125 mm): Track [CM5_GBE_TD2_N] on F.Cu, length 0.0849 mm
[track_width]: Track width (board setup constraints min width 0.2000 mm; actual 0.1270 mm)
    Rule: netclass 'Default' (diff pair); error
    @(2.0000 mm, 94.0000 mm): Track [CM5_GBE_TD2_N] on F.Cu, length 23.3032 mm
[track_width]: Track width (board setup constraints min width 0.2000 mm; actual 0.1270 mm)
    Rule: netclass 'Default' (diff pair); error
    @(20.0000 mm, 79.2000 mm): Track [CM5_GBE_TD2_N] on F.Cu, length 20.3403 mm
[track_width]: Track width (board setup constraints min width 0.2000 mm; actual 0.1270 mm)
    Rule: netclass 'Default' (diff pair); error
    @(70.6600 mm, 66.9713 mm): Track [CM5_GBE_TD2_N] on F.Cu, length 1.6104 mm
[track_width]: Track width (board setup constraints min width 0.2000 mm; actual 0.1270 mm)
    Rule: netclass 'Default' (diff pair); error
    @(32.9600 mm, 100.3000 mm): Track [CM5_GBE_TD2_N] on F.Cu, length 6.9600 mm
[track_width]: Track width (board setup constraints min width 0.2000 mm; actual 0.1270 mm)
    Rule: netclass 'Default' (diff pair); error
    @(69.9000 mm, 63.3000 mm): Track [CM5_GBE_TD2_N] on F.Cu, length 0.5657 mm
[track_width]: Track width (board setup constraints min width 0.2000 mm; actual 0.1270 mm)
    Rule: netclass 'Default' (diff pair); error
    @(69.5000 mm, 62.9000 mm): Track [CM5_GBE_TD2_N] on F.Cu, length 3.3750 mm
[track_width]: Track width (board setup constraints min width 0.2000 mm; actual 0.1270 mm)
    Rule: netclass 'Default' (diff pair); error
    @(70.6000 mm, 64.8300 mm): Track [CM5_GBE_TD2_N] on F.Cu, length 1.1300 mm
[track_width]: Track width (board setup constraints min width 0.2000 mm; actual 0.1270 mm)
    Rule: netclass 'Default' (diff pair); error
    @(69.5213 mm, 68.1100 mm): Track [CM5_GBE_TD2_N] on F.Cu, length 9.7000 mm
[track_width]: Track width (board setup constraints min width 0.2000 mm; actual 0.1270 mm)
    Rule: netclass 'Default' (diff pair); error
    @(70.2000 mm, 63.3000 mm): Track [CM5_GBE_TD2_N] on F.Cu, length 0.3000 mm
[track_width]: Track width (board setup constraints min width 0.2000 mm; actual 0.1270 mm)
    Rule: netclass 'Default' (diff pair); error
    @(70.6600 mm, 65.4150 mm): Track [CM5_GBE_TD2_N] on F.Cu, length 0.1125 mm
[track_width]: Track width (board setup constraints min width 0.2000 mm; actual 0.1270 mm)
    Rule: netclass 'Default' (diff pair); error
    @(70.6000 mm, 63.7000 mm): Track [CM5_GBE_TD2_N] on F.Cu, length 0.5657 mm
[track_width]: Track width (board setup constraints min width 0.2000 mm; actual 0.1270 mm)
    Rule: netclass 'Default' (diff pair); error
    @(70.6000 mm, 65.6000 mm): Track [CM5_GBE_TD2_N] on F.Cu, length 0.4125 mm
[track_width]: Track width (board setup constraints min width 0.2000 mm; actual 0.1270 mm)
    Rule: netclass 'Default' (diff pair); error
    @(6.0000 mm, 94.0000 mm): Track [CM5_GBE_TD2_N] on F.Cu, length 4.0000 mm
[track_width]: Track width (board setup constraints min width 0.2000 mm; actual 0.1270 mm)
    Rule: netclass 'Default' (diff pair); error
    @(26.0000 mm, 100.3000 mm): Track [CM5_GBE_TD2_N] on B.Cu, length 20.9688 mm
[track_width]: Track width (board setup constraints min width 0.2000 mm; actual 0.1270 mm)
    Rule: netclass 'Default' (diff pair); error
    @(31.1600 mm, 60.5713 mm): Track [CM5_GBE_TD0_N] on F.Cu, length 3.6056 mm
[track_width]: Track width (board setup constraints min width 0.2000 mm; actual 0.1270 mm)
    Rule: netclass 'Default' (diff pair); error
    @(36.0400 mm, 100.3000 mm): Track [CM5_GBE_TD0_N] on F.Cu, length 8.1192 mm
[track_width]: Track width (board setup constraints min width 0.2000 mm; actual 0.1270 mm)
    Rule: netclass 'Default' (diff pair); error
    @(76.6600 mm, 66.5713 mm): Track [CM5_GBE_TD0_N] on F.Cu, length 0.4988 mm
[track_width]: Track width (board setup constraints min width 0.2000 mm; actual 0.1270 mm)
    Rule: netclass 'Default' (diff pair); error
    @(76.6600 mm, 65.4150 mm): Track [CM5_GBE_TD0_N] on F.Cu, length 0.1125 mm
[track_width]: Track width (board setup constraints min width 0.2000 mm; actual 0.1270 mm)
    Rule: netclass 'Default' (diff pair); error
    @(77.0000 mm, 73.0000 mm): Track [CM5_GBE_TD0_N] on F.Cu, length 21.0000 mm
[track_width]: Track width (board setup constraints min width 0.2000 mm; actual 0.1270 mm)
    Rule: netclass 'Default' (diff pair); error
    @(77.1000 mm, 63.2000 mm): Track [CM5_GBE_TD0_N] on F.Cu, length 0.6223 mm
[track_width]: Track width (board setup constraints min width 0.2000 mm; actual 0.1270 mm)
    Rule: netclass 'Default' (diff pair); error
    @(76.6600 mm, 65.3025 mm): Track [CM5_GBE_TD0_N] on F.Cu, length 0.0849 mm
[track_width]: Track width (board setup constraints min width 0.2000 mm; actual 0.1270 mm)
    Rule: netclass 'Default' (diff pair); error
    @(76.6600 mm, 63.6400 mm): Track [CM5_GBE_TD0_N] on F.Cu, length 0.7175 mm
[track_width]: Track width (board setup constraints min width 0.2000 mm; actual 0.1270 mm)
    Rule: netclass 'Default' (diff pair); error
    @(77.1000 mm, 59.5050 mm): Track [CM5_GBE_TD0_N] on F.Cu, length 3.6950 mm
[track_width]: Track width (board setup constraints min width 0.2000 mm; actual 0.1270 mm)
    Rule: netclass 'Default' (diff pair); error
    @(76.6000 mm, 64.4175 mm): Track [CM5_GBE_TD0_N] on F.Cu, length 0.4125 mm
[track_width]: Track width (board setup constraints min width 0.2000 mm; actual 0.1270 mm)
    Rule: netclass 'Default' (diff pair); error
    @(76.6000 mm, 65.2425 mm): Track [CM5_GBE_TD0_N] on F.Cu, length 0.4125 mm
[track_width]: Track width (board setup constraints min width 0.2000 mm; actual 0.1270 mm)
    Rule: netclass 'Default' (diff pair); error
    @(76.6600 mm, 64.3575 mm): Track [CM5_GBE_TD0_N] on F.Cu, length 0.0849 mm
[track_width]: Track width (board setup constraints min width 0.2000 mm; actual 0.1270 mm)
    Rule: netclass 'Default' (diff pair); error
    @(77.0000 mm, 94.0000 mm): Track [CM5_GBE_TD0_N] on F.Cu, length 17.0000 mm
[track_width]: Track width (board setup constraints min width 0.2000 mm; actual 0.1270 mm)
    Rule: netclass 'Default' (diff pair); error
    @(73.3213 mm, 69.9100 mm): Track [CM5_GBE_TD0_N] on F.Cu, length 4.7216 mm
[track_width]: Track width (board setup constraints min width 0.2000 mm; actual 0.1270 mm)
    Rule: netclass 'Default' (diff pair); error
    @(76.6000 mm, 66.0125 mm): Track [CM5_GBE_TD0_N] on F.Cu, length 0.4125 mm
[track_width]: Track width (board setup constraints min width 0.2000 mm; actual 0.1270 mm)
    Rule: netclass 'Default' (diff pair); error
    @(76.6600 mm, 66.0725 mm): Track [CM5_GBE_TD0_N] on F.Cu, length 0.0849 mm
[track_width]: Track width (board setup constraints min width 0.2000 mm; actual 0.1270 mm)
    Rule: netclass 'Default' (diff pair); error
    @(60.8213 mm, 69.9100 mm): Track [CM5_GBE_TD0_N] on F.Cu, length 12.5000 mm
[track_width]: Track width (board setup constraints min width 0.2000 mm; actual 0.1270 mm)
    Rule: netclass 'Default' (diff pair); error
    @(44.0000 mm, 73.0000 mm): Track [CM5_GBE_TD0_N] on F.Cu, length 33.0000 mm
[track_width]: Track width (board setup constraints min width 0.2000 mm; actual 0.1270 mm)
    Rule: netclass 'Default' (diff pair); error
    @(94.0000 mm, 94.0000 mm): Track [CM5_GBE_TD0_N] on B.Cu, length 4.1231 mm
[track_width]: Track width (board setup constraints min width 0.2000 mm; actual 0.1270 mm)
    Rule: netclass 'Default' (diff pair); error
    @(90.0000 mm, 93.0000 mm): Track [CM5_GBE_TD0_N] on B.Cu, length 46.8402 mm
[track_width]: Track width (board setup constraints min width 0.2000 mm; actual 0.1270 mm)
    Rule: netclass 'Default' (diff pair); error
    @(45.0000 mm, 80.0000 mm): Track [CM5_GBE_TD0_N] on B.Cu, length 23.8541 mm
[track_width]: Track width (board setup constraints min width 0.2000 mm; actual 0.1270 mm)
    Rule: netclass 'Default' (diff pair); error
    @(44.0000 mm, 101.9000 mm): Track [CM5_GBE_TD0_N] on B.Cu, length 28.9000 mm
[track_width]: Track width (board setup constraints min width 0.2000 mm; actual 0.1270 mm)
    Rule: netclass 'Default' (diff pair); error
    @(72.0500 mm, 63.4500 mm): Track [CM5_GBE_TD2_P] on F.Cu, length 0.2828 mm
[track_width]: Track width (board setup constraints min width 0.2000 mm; actual 0.1270 mm)
    Rule: netclass 'Default' (diff pair); error
    @(71.8500 mm, 63.2500 mm): Track [CM5_GBE_TD2_P] on F.Cu, length 1.1000 mm
[track_width]: Track width (board setup constraints min width 0.2000 mm; actual 0.1270 mm)
    Rule: netclass 'Default' (diff pair); error
    @(71.1000 mm, 65.6000 mm): Track [CM5_GBE_TD2_P] on F.Cu, length 0.4125 mm
[track_width]: Track width (board setup constraints min width 0.2000 mm; actual 0.1270 mm)
    Rule: netclass 'Default' (diff pair); error
    @(20.0000 mm, 72.8000 mm): Track [CM5_GBE_TD2_P] on F.Cu, length 14.2503 mm
[track_width]: Track width (board setup constraints min width 0.2000 mm; actual 0.1270 mm)
    Rule: netclass 'Default' (diff pair); error
    @(4.0000 mm, 96.0000 mm): Track [CM5_GBE_TD2_P] on F.Cu, length 4.0000 mm
[track_width]: Track width (board setup constraints min width 0.2000 mm; actual 0.1270 mm)
    Rule: netclass 'Default' (diff pair); error
    @(71.1000 mm, 64.8300 mm): Track [CM5_GBE_TD2_P] on F.Cu, length 0.6300 mm
[track_width]: Track width (board setup constraints min width 0.2000 mm; actual 0.1270 mm)
    Rule: netclass 'Default' (diff pair); error
    @(71.1000 mm, 65.2425 mm): Track [CM5_GBE_TD2_P] on F.Cu, length 0.4125 mm
[track_width]: Track width (board setup constraints min width 0.2000 mm; actual 0.1270 mm)
    Rule: netclass 'Default' (diff pair); error
    @(69.8000 mm, 62.7000 mm): Track [CM5_GBE_TD2_P] on F.Cu, length 0.0150 mm
[track_width]: Track width (board setup constraints min width 0.2000 mm; actual 0.1270 mm)
    Rule: netclass 'Default' (diff pair); error
    @(71.0400 mm, 66.0725 mm): Track [CM5_GBE_TD2_P] on F.Cu, length 1.0562 mm
[track_width]: Track width (board setup constraints min width 0.2000 mm; actual 0.1270 mm)
    Rule: netclass 'Default' (diff pair); error
    @(72.0500 mm, 63.9000 mm): Track [CM5_GBE_TD2_P] on F.Cu, length 0.4500 mm
[track_width]: Track width (board setup constraints min width 0.2000 mm; actual 0.1270 mm)
    Rule: netclass 'Default' (diff pair); error
    @(71.1000 mm, 66.0125 mm): Track [CM5_GBE_TD2_P] on F.Cu, length 0.0849 mm
[track_width]: Track width (board setup constraints min width 0.2000 mm; actual 0.1270 mm)
    Rule: netclass 'Default' (diff pair); error
    @(71.0400 mm, 65.3025 mm): Track [CM5_GBE_TD2_P] on F.Cu, length 0.0849 mm
[track_width]: Track width (board setup constraints min width 0.2000 mm; actual 0.1270 mm)
    Rule: netclass 'Default' (diff pair); error
    @(0.0000 mm, 96.0000 mm): Track [CM5_GBE_TD2_P] on F.Cu, length 30.6307 mm
[track_width]: Track width (board setup constraints min width 0.2000 mm; actual 0.1270 mm)
    Rule: netclass 'Default' (diff pair); error
    @(71.8500 mm, 64.1000 mm): Track [CM5_GBE_TD2_P] on F.Cu, length 0.2828 mm
[track_width]: Track width (board setup constraints min width 0.2000 mm; actual 0.1270 mm)
    Rule: netclass 'Default' (diff pair); error
    @(70.7500 mm, 63.2500 mm): Track [CM5_GBE_TD2_P] on F.Cu, length 0.3536 mm
[track_width]: Track width (board setup constraints min width 0.2000 mm; actual 0.1270 mm)
    Rule: netclass 'Default' (diff pair); error
    @(71.2000 mm, 64.1000 mm): Track [CM5_GBE_TD2_P] on F.Cu, length 0.6500 mm
[track_width]: Track width (board setup constraints min width 0.2000 mm; actual 0.1270 mm)
    Rule: netclass 'Default' (diff pair); error
    @(69.8000 mm, 62.6850 mm): Track [CM5_GBE_TD2_P] on F.Cu, length 1.1243 mm
[track_width]: Track width (board setup constraints min width 0.2000 mm; actual 0.1270 mm)
    Rule: netclass 'Default' (diff pair); error
    @(32.9600 mm, 100.7000 mm): Track [CM5_GBE_TD2_P] on F.Cu, length 8.9600 mm
[track_width]: Track width (board setup constraints min width 0.2000 mm; actual 0.1270 mm)
    Rule: netclass 'Default' (diff pair); error
    @(70.5000 mm, 63.0000 mm): Track [CM5_GBE_TD2_P] on F.Cu, length 0.4000 mm
[track_width]: Track width (board setup constraints min width 0.2000 mm; actual 0.1270 mm)
    Rule: netclass 'Default' (diff pair); error
    @(71.0400 mm, 65.4150 mm): Track [CM5_GBE_TD2_P] on F.Cu, length 0.1125 mm
[track_width]: Track width (board setup constraints min width 0.2000 mm; actual 0.1270 mm)
    Rule: netclass 'Default' (diff pair); error
    @(71.1000 mm, 64.2000 mm): Track [CM5_GBE_TD2_P] on F.Cu, length 0.1414 mm
[track_width]: Track width (board setup constraints min width 0.2000 mm; actual 0.1270 mm)
    Rule: netclass 'Default' (diff pair); error
    @(70.1000 mm, 63.0000 mm): Track [CM5_GBE_TD2_P] on F.Cu, length 0.4243 mm
[track_width]: Track width (board setup constraints min width 0.2000 mm; actual 0.1270 mm)
    Rule: netclass 'Default' (diff pair); error
    @(69.6787 mm, 68.4900 mm): Track [CM5_GBE_TD2_P] on F.Cu, length 9.7000 mm
[track_width]: Track width (board setup constraints min width 0.2000 mm; actual 0.1270 mm)
    Rule: netclass 'Default' (diff pair); error
    @(71.0400 mm, 67.1287 mm): Track [CM5_GBE_TD2_P] on F.Cu, length 1.9252 mm
[track_width]: Track width (board setup constraints min width 0.2000 mm; actual 0.1270 mm)
    Rule: netclass 'Default' (diff pair); error
    @(24.0000 mm, 100.7000 mm): Track [CM5_GBE_TD2_P] on B.Cu, length 20.5448 mm
[track_width]: Track width (board setup constraints min width 0.2000 mm; actual 0.1270 mm)
    Rule: netclass 'Default' (diff pair); error
    @(77.0400 mm, 66.7287 mm): Track [CM5_GBE_TD0_P] on F.Cu, length 0.6562 mm
[track_width]: Track width (board setup constraints min width 0.2000 mm; actual 0.1270 mm)
    Rule: netclass 'Default' (diff pair); error
    @(77.0400 mm, 65.3025 mm): Track [CM5_GBE_TD0_P] on F.Cu, length 0.0849 mm
[track_width]: Track width (board setup constraints min width 0.2000 mm; actual 0.1270 mm)
    Rule: netclass 'Default' (diff pair); error
    @(79.0000 mm, 63.5500 mm): Track [CM5_GBE_TD0_P] on F.Cu, length 0.4000 mm
[track_width]: Track width (board setup constraints min width 0.2000 mm; actual 0.1270 mm)
    Rule: netclass 'Default' (diff pair); error
    @(77.1000 mm, 64.8300 mm): Track [CM5_GBE_TD0_P] on F.Cu, length 0.4125 mm
[track_width]: Track width (board setup constraints min width 0.2000 mm; actual 0.1270 mm)
    Rule: netclass 'Default' (diff pair); error
    @(78.8000 mm, 64.1500 mm): Track [CM5_GBE_TD0_P] on F.Cu, length 0.8000 mm
[track_width]: Track width (board setup constraints min width 0.2000 mm; actual 0.1270 mm)
    Rule: netclass 'Default' (diff pair); error
    @(77.0400 mm, 65.4150 mm): Track [CM5_GBE_TD0_P] on F.Cu, length 0.1125 mm
[track_width]: Track width (board setup constraints min width 0.2000 mm; actual 0.1270 mm)
    Rule: netclass 'Default' (diff pair); error
    @(78.2150 mm, 61.8900 mm): Track [CM5_GBE_TD0_P] on F.Cu, length 0.8950 mm
[track_width]: Track width (board setup constraints min width 0.2000 mm; actual 0.1270 mm)
    Rule: netclass 'Default' (diff pair); error
    @(77.0400 mm, 66.0725 mm): Track [CM5_GBE_TD0_P] on F.Cu, length 0.0849 mm
[track_width]: Track width (board setup constraints min width 0.2000 mm; actual 0.1270 mm)
    Rule: netclass 'Default' (diff pair); error
    @(75.5000 mm, 96.0000 mm): Track [CM5_GBE_TD0_P] on F.Cu, length 20.5000 mm
[track_width]: Track width (board setup constraints min width 0.2000 mm; actual 0.1270 mm)
    Rule: netclass 'Default' (diff pair); error
    @(77.1000 mm, 66.0125 mm): Track [CM5_GBE_TD0_P] on F.Cu, length 0.4125 mm
[track_width]: Track width (board setup constraints min width 0.2000 mm; actual 0.1270 mm)
    Rule: netclass 'Default' (diff pair); error
    @(78.0000 mm, 64.1500 mm): Track [CM5_GBE_TD0_P] on F.Cu, length 0.4950 mm
[track_width]: Track width (board setup constraints min width 0.2000 mm; actual 0.1270 mm)
    Rule: netclass 'Default' (diff pair); error
    @(77.1000 mm, 64.4175 mm): Track [CM5_GBE_TD0_P] on F.Cu, length 0.0849 mm
[track_width]: Track width (board setup constraints min width 0.2000 mm; actual 0.1270 mm)
    Rule: netclass 'Default' (diff pair); error
    @(36.0400 mm, 100.7000 mm): Track [CM5_GBE_TD0_P] on F.Cu, length 10.2451 mm
[track_width]: Track width (board setup constraints min width 0.2000 mm; actual 0.1270 mm)
    Rule: netclass 'Default' (diff pair); error
    @(78.6800 mm, 63.2500 mm): Track [CM5_GBE_TD0_P] on F.Cu, length 0.6576 mm
[track_width]: Track width (board setup constraints min width 0.2000 mm; actual 0.1270 mm)
    Rule: netclass 'Default' (diff pair); error
    @(46.0000 mm, 73.5000 mm): Track [CM5_GBE_TD0_P] on F.Cu, length 29.5000 mm
[track_width]: Track width (board setup constraints min width 0.2000 mm; actual 0.1270 mm)
    Rule: netclass 'Default' (diff pair); error
    @(78.6800 mm, 63.2500 mm): Track [CM5_GBE_TD0_P] on F.Cu, length 0.0200 mm
[track_width]: Track width (board setup constraints min width 0.2000 mm; actual 0.1270 mm)
    Rule: netclass 'Default' (diff pair); error
    @(75.5000 mm, 73.5000 mm): Track [CM5_GBE_TD0_P] on F.Cu, length 22.5000 mm
[track_width]: Track width (board setup constraints min width 0.2000 mm; actual 0.1270 mm)
    Rule: netclass 'Default' (diff pair); error
    @(77.0400 mm, 64.3575 mm): Track [CM5_GBE_TD0_P] on F.Cu, length 0.4475 mm
[track_width]: Track width (board setup constraints min width 0.2000 mm; actual 0.1270 mm)
    Rule: netclass 'Default' (diff pair); error
    @(77.0400 mm, 63.9100 mm): Track [CM5_GBE_TD0_P] on F.Cu, length 0.1556 mm
[track_width]: Track width (board setup constraints min width 0.2000 mm; actual 0.1270 mm)
    Rule: netclass 'Default' (diff pair); error
    @(77.1000 mm, 65.2425 mm): Track [CM5_GBE_TD0_P] on F.Cu, length 0.4125 mm
[track_width]: Track width (board setup constraints min width 0.2000 mm; actual 0.1270 mm)
    Rule: netclass 'Default' (diff pair); error
    @(31.5400 mm, 56.7287 mm): Track [CM5_GBE_TD0_P] on F.Cu, length 3.6056 mm
[track_width]: Track width (board setup constraints min width 0.2000 mm; actual 0.1270 mm)
    Rule: netclass 'Default' (diff pair); error
    @(78.7000 mm, 63.2500 mm): Track [CM5_GBE_TD0_P] on F.Cu, length 0.4243 mm
[track_width]: Track width (board setup constraints min width 0.2000 mm; actual 0.1270 mm)
    Rule: netclass 'Default' (diff pair); error
    @(77.6500 mm, 63.8000 mm): Track [CM5_GBE_TD0_P] on F.Cu, length 0.5000 mm
[track_width]: Track width (board setup constraints min width 0.2000 mm; actual 0.1270 mm)
    Rule: netclass 'Default' (diff pair); error
    @(79.0000 mm, 63.9500 mm): Track [CM5_GBE_TD0_P] on F.Cu, length 0.2828 mm
[track_width]: Track width (board setup constraints min width 0.2000 mm; actual 0.1270 mm)
    Rule: netclass 'Default' (diff pair); error
    @(45.0000 mm, 80.0000 mm): Track [CM5_GBE_TD0_P] on B.Cu, length 26.8835 mm
[track_width]: Track width (board setup constraints min width 0.2000 mm; actual 0.1270 mm)
    Rule: netclass 'Default' (diff pair); error
    @(92.0000 mm, 97.0000 mm): Track [CM5_GBE_TD0_P] on B.Cu, length 49.9800 mm
[solder_mask_bridge]: Front solder mask aperture bridges items with different nets
    Rule: board setup solder mask min width; error
    @(96.0000 mm, 92.0000 mm): Track [CM5_GBE_TD1_N] on F.Cu, length 53.2169 mm
    @(90.0000 mm, 90.0000 mm): PTH pad 4 [CM5_GBE_TD1_P] of J7_BOUNDARY
[track_dangling]: Track has unconnected end
    Local override; warning
    @(20.0000 mm, 74.4000 mm): Track [CM5_GBE_TD3_P] on F.Cu, length 16.4081 mm
[track_dangling]: Track has unconnected end
    Local override; warning
    @(68.7041 mm, 67.2100 mm): Track [CM5_GBE_TD3_P] on F.Cu, length 9.2828 mm
[track_dangling]: Track has unconnected end
    Local override; warning
    @(45.0000 mm, 75.2000 mm): Track [CM5_GBE_TD1_P] on F.Cu, length 20.4671 mm
[track_dangling]: Track has unconnected end
    Local override; warning
    @(60.3213 mm, 69.0100 mm): Track [CM5_GBE_TD1_P] on F.Cu, length 12.7000 mm
[track_dangling]: Track has unconnected end
    Local override; warning
    @(20.0000 mm, 76.0000 mm): Track [CM5_GBE_TD3_N] on F.Cu, length 17.5999 mm
[track_dangling]: Track has unconnected end
    Local override; warning
    @(68.8615 mm, 67.5900 mm): Track [CM5_GBE_TD3_N] on F.Cu, length 9.2828 mm
[track_dangling]: Track has unconnected end
    Local override; warning
    @(45.0000 mm, 76.8000 mm): Track [CM5_GBE_TD1_N] on F.Cu, length 21.4210 mm
[track_dangling]: Track has unconnected end
    Local override; warning
    @(60.4787 mm, 69.3900 mm): Track [CM5_GBE_TD1_N] on F.Cu, length 12.7000 mm
[track_dangling]: Track has unconnected end
    Local override; warning
    @(20.0000 mm, 79.2000 mm): Track [CM5_GBE_TD2_N] on F.Cu, length 20.3403 mm
[track_dangling]: Track has unconnected end
    Local override; warning
    @(69.5213 mm, 68.1100 mm): Track [CM5_GBE_TD2_N] on F.Cu, length 9.7000 mm
[track_dangling]: Track has unconnected end
    Local override; warning
    @(60.8213 mm, 69.9100 mm): Track [CM5_GBE_TD0_N] on F.Cu, length 12.5000 mm
[track_dangling]: Track has unconnected end
    Local override; warning
    @(20.0000 mm, 72.8000 mm): Track [CM5_GBE_TD2_P] on F.Cu, length 14.2503 mm
[track_dangling]: Track has unconnected end
    Local override; warning
    @(69.6787 mm, 68.4900 mm): Track [CM5_GBE_TD2_P] on F.Cu, length 9.7000 mm
[track_dangling]: Track has unconnected end
    Local override; warning
    @(77.0400 mm, 66.7287 mm): Track [CM5_GBE_TD0_P] on F.Cu, length 0.6562 mm
[track_dangling]: Track has unconnected end
    Local override; warning
    @(31.5400 mm, 56.7287 mm): Track [CM5_GBE_TD0_P] on F.Cu, length 3.6056 mm
[track_dangling]: Track has unconnected end
    Local override; warning
    @(76.1000 mm, 64.1000 mm): Track [ETH_GND] on F.Cu, length 0.0000 mm
[track_dangling]: Track has unconnected end
    Local override; warning
    @(72.5000 mm, 65.7000 mm): Track [ETH_GND] on F.Cu, length 0.0000 mm
[track_dangling]: Track has unconnected end
    Local override; warning
    @(73.9000 mm, 65.7000 mm): Track [ETH_GND] on F.Cu, length 0.0000 mm
[track_dangling]: Track has unconnected end
    Local override; warning
    @(76.1000 mm, 66.3000 mm): Track [ETH_GND] on F.Cu, length 0.0000 mm
[track_dangling]: Track has unconnected end
    Local override; warning
    @(70.1000 mm, 64.1000 mm): Track [ETH_GND] on F.Cu, length 0.0000 mm
[track_dangling]: Track has unconnected end
    Local override; warning
    @(98.0000 mm, 50.0000 mm): Track [ETH_GND] on F.Cu, length 0.0000 mm
[track_dangling]: Track has unconnected end
    Local override; warning
    @(70.0324 mm, 66.2071 mm): Track [ETH_GND] on F.Cu, length 0.0000 mm
[track_dangling]: Track has unconnected end
    Local override; warning
    @(98.0000 mm, 50.0000 mm): Track [ETH_GND] on B.Cu, length 22.0000 mm
[track_dangling]: Track has unconnected end
    Local override; warning
    @(76.1000 mm, 66.3000 mm): Track [ETH_GND] on B.Cu, length 2.2000 mm
[track_dangling]: Track has unconnected end
    Local override; warning
    @(94.0000 mm, 42.0000 mm): Track [ETH_CT_COMMON] on F.Cu, length 0.0000 mm
[track_dangling]: Track has unconnected end
    Local override; warning
    @(94.0000 mm, 42.0000 mm): Track [ETH_CT_COMMON] on B.Cu, length 6.0000 mm
[lib_footprint_mismatch]: Footprint 'C_0402_1005Metric' does not match copy in library 'Capacitor_SMD'
    Local override; warning
    @(92.0000 mm, 44.0000 mm): Footprint C1
[lib_footprint_mismatch]: Footprint 'PinHeader_2x02_P2.54mm_Vertical' does not match copy in library 'Connector_PinHeader_2.54mm'
    Local override; warning
    @(83.7300 mm, 51.7300 mm): Footprint J9
[silk_overlap]: Silkscreen clearance
    Rule: board setup constraints silk; warning
    @(72.9000 mm, 65.2333 mm): Reference field of U9
    @(72.5000 mm, 64.4500 mm): Reference field of J2
[silk_overlap]: Silkscreen clearance
    Rule: board setup constraints silk; warning
    @(72.9000 mm, 65.2333 mm): Reference field of U9
    @(73.3000 mm, 65.2300 mm): Reference field of U6
[silk_overlap]: Silkscreen clearance
    Rule: board setup constraints silk; warning
    @(73.3000 mm, 65.2300 mm): Reference field of U6
    @(72.5000 mm, 64.4500 mm): Reference field of J2

** Found 68 unconnected pads **
[unconnected_items]: Missing connection between items
    Local override; error
    @(94.0000 mm, 42.0000 mm): Track [ETH_CT_COMMON] on B.Cu, length 6.0000 mm
    @(94.0000 mm, 43.0000 mm): Track [ETH_CT_COMMON] on F.Cu, length 1.0000 mm
[unconnected_items]: Missing connection between items
    Local override; error
    @(70.1000 mm, 64.1000 mm): Track [ETH_GND] on B.Cu, length 2.1082 mm
    @(70.1000 mm, 64.8300 mm): Track [ETH_GND] on F.Cu, length 0.7300 mm
[unconnected_items]: Missing connection between items
    Local override; error
    @(72.5000 mm, 65.7000 mm): Track [ETH_GND] on B.Cu, length 1.4000 mm
    @(72.5000 mm, 65.7000 mm): Track [ETH_GND] on F.Cu, length 0.0000 mm
[unconnected_items]: Missing connection between items
    Local override; error
    @(76.1000 mm, 66.3000 mm): Track [ETH_GND] on B.Cu, length 2.2000 mm
    @(76.1000 mm, 64.8300 mm): Track [ETH_GND] on F.Cu, length 1.4700 mm
[unconnected_items]: Missing connection between items
    Local override; error
    @(98.0000 mm, 50.0000 mm): Track [ETH_GND] on B.Cu, length 22.0000 mm
    @(90.0000 mm, 50.0000 mm): Track [ETH_GND] on F.Cu, length 8.0000 mm
[unconnected_items]: Missing connection between items
    Local override; error
    @(69.6787 mm, 68.4900 mm): Track [CM5_GBE_TD2_P] on F.Cu, length 9.7000 mm
    @(20.0000 mm, 72.8000 mm): Track [CM5_GBE_TD2_P] on F.Cu, length 14.2503 mm
[unconnected_items]: Missing connection between items
    Local override; error
    @(20.0000 mm, 79.2000 mm): Track [CM5_GBE_TD2_N] on F.Cu, length 20.3403 mm
    @(69.5213 mm, 68.1100 mm): Track [CM5_GBE_TD2_N] on F.Cu, length 9.7000 mm
[unconnected_items]: Missing connection between items
    Local override; error
    @(68.8615 mm, 67.5900 mm): Track [CM5_GBE_TD3_N] on F.Cu, length 9.2828 mm
    @(20.0000 mm, 76.0000 mm): Track [CM5_GBE_TD3_N] on F.Cu, length 17.5999 mm
[unconnected_items]: Missing connection between items
    Local override; error
    @(20.0000 mm, 74.4000 mm): Track [CM5_GBE_TD3_P] on F.Cu, length 16.4081 mm
    @(68.7041 mm, 67.2100 mm): Track [CM5_GBE_TD3_P] on F.Cu, length 9.2828 mm
[unconnected_items]: Missing connection between items
    Local override; error
    @(46.0000 mm, 73.5000 mm): Track [CM5_GBE_TD0_P] on F.Cu, length 29.5000 mm
    @(77.0400 mm, 66.7287 mm): Track [CM5_GBE_TD0_P] on F.Cu, length 0.6562 mm
[unconnected_items]: Missing connection between items
    Local override; error
    @(44.0000 mm, 73.0000 mm): Track [CM5_GBE_TD0_N] on F.Cu, length 33.0000 mm
    @(73.3213 mm, 69.9100 mm): Track [CM5_GBE_TD0_N] on F.Cu, length 4.7216 mm
[unconnected_items]: Missing connection between items
    Local override; error
    @(73.1787 mm, 69.3900 mm): Track [CM5_GBE_TD1_N] on F.Cu, length 3.3394 mm
    @(42.0000 mm, 72.5000 mm): Track [CM5_GBE_TD1_N] on F.Cu, length 36.5000 mm
[unconnected_items]: Missing connection between items
    Local override; error
    @(75.1600 mm, 66.8713 mm): Track [CM5_GBE_TD1_P] on F.Cu, length 0.7988 mm
    @(40.0000 mm, 72.0000 mm): Track [CM5_GBE_TD1_P] on F.Cu, length 40.0000 mm
[unconnected_items]: Missing connection between items
    Local override; error
    @(32.9600 mm, 98.7000 mm): Pad 1 [/CORE_CM5/POWER_GND] of J7 on F.Cu
    @(32.9600 mm, 99.9000 mm): Pad 7 [/CORE_CM5/POWER_GND] of J7 on F.Cu
[unconnected_items]: Missing connection between items
    Local override; error
    @(32.9600 mm, 99.9000 mm): Pad 7 [/CORE_CM5/POWER_GND] of J7 on F.Cu
    @(32.9600 mm, 101.1000 mm): Pad 13 [/CORE_CM5/POWER_GND] of J7 on F.Cu
[unconnected_items]: Missing connection between items
    Local override; error
    @(32.9600 mm, 101.1000 mm): Pad 13 [/CORE_CM5/POWER_GND] of J7 on F.Cu
    @(32.9600 mm, 103.1000 mm): Pad 23 [/CORE_CM5/POWER_GND] of J7 on F.Cu
[unconnected_items]: Missing connection between items
    Local override; error
    @(32.9600 mm, 103.1000 mm): Pad 23 [/CORE_CM5/POWER_GND] of J7 on F.Cu
    @(32.9600 mm, 105.1000 mm): Pad 33 [/CORE_CM5/POWER_GND] of J7 on F.Cu
[unconnected_items]: Missing connection between items
    Local override; error
    @(32.9600 mm, 105.1000 mm): Pad 33 [/CORE_CM5/POWER_GND] of J7 on F.Cu
    @(32.9600 mm, 107.1000 mm): Pad 43 [/CORE_CM5/POWER_GND] of J7 on F.Cu
[unconnected_items]: Missing connection between items
    Local override; error
    @(32.9600 mm, 107.1000 mm): Pad 43 [/CORE_CM5/POWER_GND] of J7 on F.Cu
    @(32.9600 mm, 109.1000 mm): Pad 53 [/CORE_CM5/POWER_GND] of J7 on F.Cu
[unconnected_items]: Missing connection between items
    Local override; error
    @(32.9600 mm, 109.1000 mm): Pad 53 [/CORE_CM5/POWER_GND] of J7 on F.Cu
    @(32.9600 mm, 110.3000 mm): Pad 59 [/CORE_CM5/POWER_GND] of J7 on F.Cu
[unconnected_items]: Missing connection between items
    Local override; error
    @(32.9600 mm, 110.3000 mm): Pad 59 [/CORE_CM5/POWER_GND] of J7 on F.Cu
    @(32.9600 mm, 111.5000 mm): Pad 65 [/CORE_CM5/POWER_GND] of J7 on F.Cu
[unconnected_items]: Missing connection between items
    Local override; error
    @(32.9600 mm, 111.5000 mm): Pad 65 [/CORE_CM5/POWER_GND] of J7 on F.Cu
    @(32.9600 mm, 112.7000 mm): Pad 71 [/CORE_CM5/POWER_GND] of J7 on F.Cu
[unconnected_items]: Missing connection between items
    Local override; error
    @(36.0400 mm, 99.9000 mm): Pad 8 [/CORE_CM5/POWER_GND] of J7 on F.Cu
    @(36.0400 mm, 98.7000 mm): Pad 2 [/CORE_CM5/POWER_GND] of J7 on F.Cu
[unconnected_items]: Missing connection between items
    Local override; error
    @(36.0400 mm, 101.1000 mm): Pad 14 [/CORE_CM5/POWER_GND] of J7 on F.Cu
    @(36.0400 mm, 99.9000 mm): Pad 8 [/CORE_CM5/POWER_GND] of J7 on F.Cu
[unconnected_items]: Missing connection between items
    Local override; error
    @(36.0400 mm, 101.1000 mm): Pad 14 [/CORE_CM5/POWER_GND] of J7 on F.Cu
    @(36.0400 mm, 102.7000 mm): Pad 22 [/CORE_CM5/POWER_GND] of J7 on F.Cu
[unconnected_items]: Missing connection between items
    Local override; error
    @(36.0400 mm, 102.7000 mm): Pad 22 [/CORE_CM5/POWER_GND] of J7 on F.Cu
    @(36.0400 mm, 104.7000 mm): Pad 32 [/CORE_CM5/POWER_GND] of J7 on F.Cu
[unconnected_items]: Missing connection between items
    Local override; error
    @(36.0400 mm, 104.7000 mm): Pad 32 [/CORE_CM5/POWER_GND] of J7 on F.Cu
    @(36.0400 mm, 106.7000 mm): Pad 42 [/CORE_CM5/POWER_GND] of J7 on F.Cu
[unconnected_items]: Missing connection between items
    Local override; error
    @(36.0400 mm, 106.7000 mm): Pad 42 [/CORE_CM5/POWER_GND] of J7 on F.Cu
    @(36.0400 mm, 108.7000 mm): Pad 52 [/CORE_CM5/POWER_GND] of J7 on F.Cu
[unconnected_items]: Missing connection between items
    Local override; error
    @(36.0400 mm, 110.3000 mm): Pad 60 [/CORE_CM5/POWER_GND] of J7 on F.Cu
    @(36.0400 mm, 111.5000 mm): Pad 66 [/CORE_CM5/POWER_GND] of J7 on F.Cu
[unconnected_items]: Missing connection between items
    Local override; error
    @(36.0400 mm, 110.3000 mm): Pad 60 [/CORE_CM5/POWER_GND] of J7 on F.Cu
    @(36.0400 mm, 108.7000 mm): Pad 52 [/CORE_CM5/POWER_GND] of J7 on F.Cu
[unconnected_items]: Missing connection between items
    Local override; error
    @(36.0400 mm, 111.5000 mm): Pad 66 [/CORE_CM5/POWER_GND] of J7 on F.Cu
    @(36.0400 mm, 113.1000 mm): Pad 74 [/CORE_CM5/POWER_GND] of J7 on F.Cu
[unconnected_items]: Missing connection between items
    Local override; error
    @(36.0400 mm, 111.5000 mm): Pad 66 [/CORE_CM5/POWER_GND] of J7 on F.Cu
    @(32.9600 mm, 111.5000 mm): Pad 65 [/CORE_CM5/POWER_GND] of J7 on F.Cu
[unconnected_items]: Missing connection between items
    Local override; error
    @(36.0400 mm, 117.9000 mm): Pad 98 [/CORE_CM5/POWER_GND] of J7 on F.Cu
    @(36.0400 mm, 113.1000 mm): Pad 74 [/CORE_CM5/POWER_GND] of J7 on F.Cu
[unconnected_items]: Missing connection between items
    Local override; error
    @(66.9600 mm, 101.1000 mm): Pad 113 [/CORE_CM5/POWER_GND] of J7 on F.Cu
    @(66.9600 mm, 99.9000 mm): Pad 107 [/CORE_CM5/POWER_GND] of J7 on F.Cu
[unconnected_items]: Missing connection between items
    Local override; error
    @(66.9600 mm, 102.3000 mm): Pad 119 [/CORE_CM5/POWER_GND] of J7 on F.Cu
    @(66.9600 mm, 101.1000 mm): Pad 113 [/CORE_CM5/POWER_GND] of J7 on F.Cu
[unconnected_items]: Missing connection between items
    Local override; error
    @(66.9600 mm, 103.5000 mm): Pad 125 [/CORE_CM5/POWER_GND] of J7 on F.Cu
    @(66.9600 mm, 102.3000 mm): Pad 119 [/CORE_CM5/POWER_GND] of J7 on F.Cu
[unconnected_items]: Missing connection between items
    Local override; error
    @(66.9600 mm, 104.7000 mm): Pad 131 [/CORE_CM5/POWER_GND] of J7 on F.Cu
    @(66.9600 mm, 103.5000 mm): Pad 125 [/CORE_CM5/POWER_GND] of J7 on F.Cu
[unconnected_items]: Missing connection between items
    Local override; error
    @(66.9600 mm, 104.7000 mm): Pad 131 [/CORE_CM5/POWER_GND] of J7 on F.Cu
    @(66.9600 mm, 105.9000 mm): Pad 137 [/CORE_CM5/POWER_GND] of J7 on F.Cu
[unconnected_items]: Missing connection between items
    Local override; error
    @(66.9600 mm, 104.7000 mm): Pad 131 [/CORE_CM5/POWER_GND] of J7 on F.Cu
    @(36.0400 mm, 104.7000 mm): Pad 32 [/CORE_CM5/POWER_GND] of J7 on F.Cu
[unconnected_items]: Missing connection between items
    Local override; error
    @(66.9600 mm, 105.9000 mm): Pad 137 [/CORE_CM5/POWER_GND] of J7 on F.Cu
    @(70.0400 mm, 105.9000 mm): Pad 138 [/CORE_CM5/POWER_GND] of J7 on F.Cu
[unconnected_items]: Missing connection between items
    Local override; error
    @(66.9600 mm, 110.7000 mm): Pad 161 [/CORE_CM5/POWER_GND] of J7 on F.Cu
    @(66.9600 mm, 109.5000 mm): Pad 155 [/CORE_CM5/POWER_GND] of J7 on F.Cu
[unconnected_items]: Missing connection between items
    Local override; error
    @(66.9600 mm, 110.7000 mm): Pad 161 [/CORE_CM5/POWER_GND] of J7 on F.Cu
    @(66.9600 mm, 111.9000 mm): Pad 167 [/CORE_CM5/POWER_GND] of J7 on F.Cu
[unconnected_items]: Missing connection between items
    Local override; error
    @(66.9600 mm, 111.9000 mm): Pad 167 [/CORE_CM5/POWER_GND] of J7 on F.Cu
    @(66.9600 mm, 113.1000 mm): Pad 173 [/CORE_CM5/POWER_GND] of J7 on F.Cu
[unconnected_items]: Missing connection between items
    Local override; error
    @(66.9600 mm, 113.1000 mm): Pad 173 [/CORE_CM5/POWER_GND] of J7 on F.Cu
    @(66.9600 mm, 114.3000 mm): Pad 179 [/CORE_CM5/POWER_GND] of J7 on F.Cu
[unconnected_items]: Missing connection between items
    Local override; error
    @(66.9600 mm, 115.5000 mm): Pad 185 [/CORE_CM5/POWER_GND] of J7 on F.Cu
    @(66.9600 mm, 114.3000 mm): Pad 179 [/CORE_CM5/POWER_GND] of J7 on F.Cu
[unconnected_items]: Missing connection between items
    Local override; error
    @(66.9600 mm, 116.7000 mm): Pad 191 [/CORE_CM5/POWER_GND] of J7 on F.Cu
    @(66.9600 mm, 115.5000 mm): Pad 185 [/CORE_CM5/POWER_GND] of J7 on F.Cu
[unconnected_items]: Missing connection between items
    Local override; error
    @(66.9600 mm, 117.9000 mm): Pad 197 [/CORE_CM5/POWER_GND] of J7 on F.Cu
    @(66.9600 mm, 116.7000 mm): Pad 191 [/CORE_CM5/POWER_GND] of J7 on F.Cu
[unconnected_items]: Missing connection between items
    Local override; error
    @(70.0400 mm, 101.1000 mm): Pad 114 [/CORE_CM5/POWER_GND] of J7 on F.Cu
    @(70.0400 mm, 99.9000 mm): Pad 108 [/CORE_CM5/POWER_GND] of J7 on F.Cu
[unconnected_items]: Missing connection between items
    Local override; error
    @(70.0400 mm, 102.3000 mm): Pad 120 [/CORE_CM5/POWER_GND] of J7 on F.Cu
    @(70.0400 mm, 101.1000 mm): Pad 114 [/CORE_CM5/POWER_GND] of J7 on F.Cu
[unconnected_items]: Missing connection between items
    Local override; error
    @(70.0400 mm, 103.5000 mm): Pad 126 [/CORE_CM5/POWER_GND] of J7 on F.Cu
    @(70.0400 mm, 102.3000 mm): Pad 120 [/CORE_CM5/POWER_GND] of J7 on F.Cu
[unconnected_items]: Missing connection between items
    Local override; error
    @(70.0400 mm, 104.7000 mm): Pad 132 [/CORE_CM5/POWER_GND] of J7 on F.Cu
    @(70.0400 mm, 103.5000 mm): Pad 126 [/CORE_CM5/POWER_GND] of J7 on F.Cu
[unconnected_items]: Missing connection between items
    Local override; error
    @(70.0400 mm, 105.9000 mm): Pad 138 [/CORE_CM5/POWER_GND] of J7 on F.Cu
    @(70.0400 mm, 104.7000 mm): Pad 132 [/CORE_CM5/POWER_GND] of J7 on F.Cu
[unconnected_items]: Missing connection between items
    Local override; error
    @(70.0400 mm, 107.1000 mm): Pad 144 [/CORE_CM5/POWER_GND] of J7 on F.Cu
    @(70.0400 mm, 105.9000 mm): Pad 138 [/CORE_CM5/POWER_GND] of J7 on F.Cu
[unconnected_items]: Missing connection between items
    Local override; error
    @(70.0400 mm, 108.3000 mm): Pad 150 [/CORE_CM5/POWER_GND] of J7 on F.Cu
    @(70.0400 mm, 107.1000 mm): Pad 144 [/CORE_CM5/POWER_GND] of J7 on F.Cu
[unconnected_items]: Missing connection between items
    Local override; error
    @(70.0400 mm, 109.5000 mm): Pad 156 [/CORE_CM5/POWER_GND] of J7 on F.Cu
    @(70.0400 mm, 108.3000 mm): Pad 150 [/CORE_CM5/POWER_GND] of J7 on F.Cu
[unconnected_items]: Missing connection between items
    Local override; error
    @(70.0400 mm, 110.7000 mm): Pad 162 [/CORE_CM5/POWER_GND] of J7 on F.Cu
    @(70.0400 mm, 109.5000 mm): Pad 156 [/CORE_CM5/POWER_GND] of J7 on F.Cu
[unconnected_items]: Missing connection between items
    Local override; error
    @(70.0400 mm, 111.9000 mm): Pad 168 [/CORE_CM5/POWER_GND] of J7 on F.Cu
    @(70.0400 mm, 110.7000 mm): Pad 162 [/CORE_CM5/POWER_GND] of J7 on F.Cu
[unconnected_items]: Missing connection between items
    Local override; error
    @(70.0400 mm, 113.1000 mm): Pad 174 [/CORE_CM5/POWER_GND] of J7 on F.Cu
    @(70.0400 mm, 111.9000 mm): Pad 168 [/CORE_CM5/POWER_GND] of J7 on F.Cu
[unconnected_items]: Missing connection between items
    Local override; error
    @(70.0400 mm, 114.3000 mm): Pad 180 [/CORE_CM5/POWER_GND] of J7 on F.Cu
    @(70.0400 mm, 113.1000 mm): Pad 174 [/CORE_CM5/POWER_GND] of J7 on F.Cu
[unconnected_items]: Missing connection between items
    Local override; error
    @(70.0400 mm, 115.5000 mm): Pad 186 [/CORE_CM5/POWER_GND] of J7 on F.Cu
    @(70.0400 mm, 114.3000 mm): Pad 180 [/CORE_CM5/POWER_GND] of J7 on F.Cu
[unconnected_items]: Missing connection between items
    Local override; error
    @(70.0400 mm, 116.7000 mm): Pad 192 [/CORE_CM5/POWER_GND] of J7 on F.Cu
    @(70.0400 mm, 115.5000 mm): Pad 186 [/CORE_CM5/POWER_GND] of J7 on F.Cu
[unconnected_items]: Missing connection between items
    Local override; error
    @(70.0400 mm, 116.7000 mm): Pad 192 [/CORE_CM5/POWER_GND] of J7 on F.Cu
    @(66.9600 mm, 116.7000 mm): Pad 191 [/CORE_CM5/POWER_GND] of J7 on F.Cu
[unconnected_items]: Missing connection between items
    Local override; error
    @(70.0400 mm, 117.9000 mm): Pad 198 [/CORE_CM5/POWER_GND] of J7 on F.Cu
    @(70.0400 mm, 116.7000 mm): Pad 192 [/CORE_CM5/POWER_GND] of J7 on F.Cu
[unconnected_items]: Missing connection between items
    Local override; error
    @(32.9600 mm, 113.9000 mm): Pad 77 [/CORE_CM5/CM5_5V] of J7 on F.Cu
    @(32.9600 mm, 114.3000 mm): Pad 79 [/CORE_CM5/CM5_5V] of J7 on F.Cu
[unconnected_items]: Missing connection between items
    Local override; error
    @(32.9600 mm, 114.3000 mm): Pad 79 [/CORE_CM5/CM5_5V] of J7 on F.Cu
    @(32.9600 mm, 114.7000 mm): Pad 81 [/CORE_CM5/CM5_5V] of J7 on F.Cu
[unconnected_items]: Missing connection between items
    Local override; error
    @(32.9600 mm, 114.7000 mm): Pad 81 [/CORE_CM5/CM5_5V] of J7 on F.Cu
    @(32.9600 mm, 115.1000 mm): Pad 83 [/CORE_CM5/CM5_5V] of J7 on F.Cu
[unconnected_items]: Missing connection between items
    Local override; error
    @(32.9600 mm, 115.1000 mm): Pad 83 [/CORE_CM5/CM5_5V] of J7 on F.Cu
    @(32.9600 mm, 115.5000 mm): Pad 85 [/CORE_CM5/CM5_5V] of J7 on F.Cu
[unconnected_items]: Missing connection between items
    Local override; error
    @(32.9600 mm, 115.5000 mm): Pad 85 [/CORE_CM5/CM5_5V] of J7 on F.Cu
    @(32.9600 mm, 115.9000 mm): Pad 87 [/CORE_CM5/CM5_5V] of J7 on F.Cu

** Found 0 Footprint errors **

** Ignored checks **
    - Footprint has no courtyard defined
    - Track endpoint not centered on via
    - Tuning profile track geometries
    - Footprint doesn't match symbol's footprint filters
    - Footprint component type doesn't match footprint pads

** End of Report **
