** Drc report for CM5IO_EDAC_PIN_ACCURATE_LAUNCH_FIXTURE.kicad_pcb **
** Created on 2026-09-03T16:21:23 **
** Report includes: Errors, Warnings **

** Found 20 DRC violations **
[tracks_crossing]: Tracks crossing
    Rule: netclass 'Default'; error
    @(69.1000 mm, 65.2425 mm): Track [CM5_GBE_TD3_P] on F.Cu, length 0.4125 mm
    @(69.6000 mm, 65.6000 mm): Track [CM5_GBE_TD3_N] on F.Cu, length 1.7804 mm
[shorting_items]: Items shorting two nets (nets CM5_GBE_TD1_N and CM5_GBE_TD1_P)
    Local override; error
    @(75.6000 mm, 65.6000 mm): Track [CM5_GBE_TD1_N] on F.Cu, length 1.7804 mm
    @(75.1000 mm, 64.8300 mm): Pad 10 [CM5_GBE_TD1_P] of U9 on F.Cu
[tracks_crossing]: Tracks crossing
    Rule: netclass 'Default'; error
    @(75.6000 mm, 65.6000 mm): Track [CM5_GBE_TD1_N] on F.Cu, length 1.7804 mm
    @(75.1000 mm, 65.6000 mm): Track [CM5_GBE_TD1_P] on F.Cu, length 1.4000 mm
[tracks_crossing]: Tracks crossing
    Rule: netclass 'Default'; error
    @(75.1000 mm, 65.2425 mm): Track [CM5_GBE_TD1_P] on F.Cu, length 0.4125 mm
    @(75.6000 mm, 65.6000 mm): Track [CM5_GBE_TD1_N] on F.Cu, length 1.7804 mm
[shorting_items]: Items shorting two nets (nets CM5_GBE_TD2_P and CM5_GBE_TD2_N)
    Local override; error
    @(71.1000 mm, 65.2425 mm): Track [CM5_GBE_TD2_P] on F.Cu, length 0.4125 mm
    @(70.6000 mm, 65.6000 mm): Track [CM5_GBE_TD2_N] on F.Cu, length 1.6643 mm
[shorting_items]: Items shorting two nets (nets CM5_GBE_TD0_N and ETH_GND)
    Local override; error
    @(76.6000 mm, 65.6000 mm): Track [CM5_GBE_TD0_N] on F.Cu, length 1.5232 mm
    @(76.1000 mm, 64.8300 mm): Pad 8 [ETH_GND] of U9 on F.Cu
[shorting_items]: Items shorting two nets (nets CM5_GBE_TD1_P and CM5_GBE_TD0_N)
    Local override; error
    @(75.6750 mm, 61.8900 mm): PTH pad 3 [CM5_GBE_TD1_P] of J2
    @(76.0000 mm, 64.2000 mm): Track [CM5_GBE_TD0_N] on F.Cu, length 4.8500 mm
[track_dangling]: Track has unconnected end
    Local override; warning
    @(68.2000 mm, 65.1000 mm): Track [CM5_GBE_TD3_P] on F.Cu, length 0.2121 mm
[track_dangling]: Track has unconnected end
    Local override; warning
    @(67.7500 mm, 65.2500 mm): Track [CM5_GBE_TD3_P] on F.Cu, length 0.3536 mm
[track_dangling]: Track has unconnected end
    Local override; warning
    @(73.9500 mm, 65.0500 mm): Track [CM5_GBE_TD1_P] on F.Cu, length 0.1414 mm
[track_dangling]: Track has unconnected end
    Local override; warning
    @(74.4000 mm, 64.9500 mm): Track [CM5_GBE_TD1_P] on F.Cu, length 0.1414 mm
[clearance]: Clearance violation (netclass 'Default' clearance 0.1250 mm; actual 0.0721 mm)
    Rule: netclass 'Default'; warning
    @(69.6000 mm, 65.6000 mm): Track [CM5_GBE_TD3_N] on F.Cu, length 1.7804 mm
    @(69.1000 mm, 65.6000 mm): Pad 1 [CM5_GBE_TD3_P] of U6 on F.Cu
[clearance]: Clearance violation (netclass 'Default' clearance 0.1250 mm; actual 0.0352 mm)
    Rule: netclass 'Default'; warning
    @(75.1600 mm, 65.3025 mm): Track [CM5_GBE_TD1_P] on F.Cu, length 0.0849 mm
    @(75.6000 mm, 65.6000 mm): Track [CM5_GBE_TD1_N] on F.Cu, length 1.7804 mm
[clearance]: Clearance violation (netclass 'Default' clearance 0.1250 mm; actual 0.0352 mm)
    Rule: netclass 'Default'; warning
    @(75.1600 mm, 65.4150 mm): Track [CM5_GBE_TD1_P] on F.Cu, length 0.1125 mm
    @(75.6000 mm, 65.6000 mm): Track [CM5_GBE_TD1_N] on F.Cu, length 1.7804 mm
[clearance]: Clearance violation (netclass 'Default' clearance 0.1250 mm; actual 0.0126 mm)
    Rule: netclass 'Default'; warning
    @(68.0550 mm, 61.8900 mm): PTH pad 9 [CM5_GBE_TD3_P] of J2
    @(68.5000 mm, 64.2000 mm): Track [CM5_GBE_TD3_N] on F.Cu, length 4.9197 mm
[clearance]: Clearance violation (netclass 'Default' clearance 0.1250 mm; actual 0.0352 mm)
    Rule: netclass 'Default'; warning
    @(69.6000 mm, 65.6000 mm): Track [CM5_GBE_TD3_N] on F.Cu, length 1.7804 mm
    @(69.1600 mm, 65.4150 mm): Track [CM5_GBE_TD3_P] on F.Cu, length 0.1125 mm
[clearance]: Clearance violation (netclass 'Default' clearance 0.1250 mm; actual 0.0822 mm)
    Rule: netclass 'Default'; warning
    @(69.5400 mm, 65.3025 mm): Track [CM5_GBE_TD3_N] on F.Cu, length 0.0849 mm
    @(69.1000 mm, 65.6000 mm): Track [CM5_GBE_TD3_P] on F.Cu, length 1.6643 mm
[clearance]: Clearance violation (netclass 'Default' clearance 0.1250 mm; actual 0.0352 mm)
    Rule: netclass 'Default'; warning
    @(69.1600 mm, 65.3025 mm): Track [CM5_GBE_TD3_P] on F.Cu, length 0.0849 mm
    @(69.6000 mm, 65.6000 mm): Track [CM5_GBE_TD3_N] on F.Cu, length 1.7804 mm
[lib_footprint_mismatch]: Footprint 'C_0402_1005Metric' does not match copy in library 'Capacitor_SMD'
    Local override; warning
    @(92.0000 mm, 44.0000 mm): Footprint C1
[lib_footprint_mismatch]: Footprint 'PinHeader_2x02_P2.54mm_Vertical' does not match copy in library 'Connector_PinHeader_2.54mm'
    Local override; warning
    @(83.7300 mm, 51.7300 mm): Footprint J9

** Found 17 unconnected pads **
[unconnected_items]: Missing connection between items
    Local override; error
    @(69.3250 mm, 55.5600 mm): PTH pad 13 [ETH_CT_COMMON] of J2
    @(66.7850 mm, 56.8300 mm): PTH pad 14 [ETH_CT_COMMON] of J2
[unconnected_items]: Missing connection between items
    Local override; error
    @(69.3250 mm, 55.5600 mm): PTH pad 13 [ETH_CT_COMMON] of J2
    @(75.6750 mm, 55.5600 mm): PTH pad 12 [ETH_CT_COMMON] of J2
[unconnected_items]: Missing connection between items
    Local override; error
    @(75.6750 mm, 55.5600 mm): PTH pad 12 [ETH_CT_COMMON] of J2
    @(78.2150 mm, 56.8300 mm): PTH pad 11 [ETH_CT_COMMON] of J2
[unconnected_items]: Missing connection between items
    Local override; error
    @(78.2150 mm, 56.8300 mm): PTH pad 11 [ETH_CT_COMMON] of J2
    @(83.7300 mm, 54.2700 mm): PTH pad 3 [ETH_CT_COMMON] of J9
[unconnected_items]: Missing connection between items
    Local override; error
    @(83.7300 mm, 51.7300 mm): PTH pad 1 [ETH_CT_COMMON] of J9
    @(83.7300 mm, 54.2700 mm): PTH pad 3 [ETH_CT_COMMON] of J9
[unconnected_items]: Missing connection between items
    Local override; error
    @(83.7300 mm, 51.7300 mm): PTH pad 1 [ETH_CT_COMMON] of J9
    @(86.2700 mm, 51.7300 mm): PTH pad 2 [ETH_CT_COMMON] of J9
[unconnected_items]: Missing connection between items
    Local override; error
    @(86.2700 mm, 51.7300 mm): PTH pad 2 [ETH_CT_COMMON] of J9
    @(86.2700 mm, 54.2700 mm): PTH pad 4 [ETH_CT_COMMON] of J9
[unconnected_items]: Missing connection between items
    Local override; error
    @(92.0000 mm, 44.4800 mm): Pad 1 [ETH_CT_COMMON] of C1 on F.Cu
    @(86.2700 mm, 51.7300 mm): PTH pad 2 [ETH_CT_COMMON] of J9
[unconnected_items]: Missing connection between items
    Local override; error
    @(70.1000 mm, 64.8300 mm): Pad 8 [ETH_GND] of U6 on F.Cu
    @(70.1000 mm, 65.6000 mm): Pad 3 [ETH_GND] of U6 on F.Cu
[unconnected_items]: Missing connection between items
    Local override; error
    @(76.1000 mm, 64.8300 mm): Pad 8 [ETH_GND] of U9 on F.Cu
    @(70.1000 mm, 64.8300 mm): Pad 8 [ETH_GND] of U6 on F.Cu
[unconnected_items]: Missing connection between items
    Local override; error
    @(76.1000 mm, 64.8300 mm): Pad 8 [ETH_GND] of U9 on F.Cu
    @(92.0000 mm, 43.5200 mm): Pad 2 [ETH_GND] of C1 on F.Cu
[unconnected_items]: Missing connection between items
    Local override; error
    @(76.1000 mm, 65.6000 mm): Pad 3 [ETH_GND] of U9 on F.Cu
    @(76.1000 mm, 64.8300 mm): Pad 8 [ETH_GND] of U9 on F.Cu
[unconnected_items]: Missing connection between items
    Local override; error
    @(68.2000 mm, 65.1000 mm): Track [CM5_GBE_TD3_P] on F.Cu, length 0.2121 mm
    @(69.1600 mm, 65.3025 mm): Track [CM5_GBE_TD3_P] on F.Cu, length 0.0849 mm
[unconnected_items]: Missing connection between items
    Local override; error
    @(70.0000 mm, 64.2000 mm): Track [CM5_GBE_TD3_P] on F.Cu, length 2.3854 mm
    @(68.0550 mm, 61.8900 mm): PTH pad 9 [CM5_GBE_TD3_P] of J2
[unconnected_items]: Missing connection between items
    Local override; error
    @(68.5000 mm, 64.2000 mm): Track [CM5_GBE_TD3_N] on F.Cu, length 4.9197 mm
    @(66.7850 mm, 59.3500 mm): PTH pad 10 [CM5_GBE_TD3_N] of J2
[unconnected_items]: Missing connection between items
    Local override; error
    @(74.4000 mm, 64.9500 mm): Track [CM5_GBE_TD1_P] on F.Cu, length 0.1414 mm
    @(75.1000 mm, 65.2425 mm): Track [CM5_GBE_TD1_P] on F.Cu, length 0.4125 mm
[unconnected_items]: Missing connection between items
    Local override; error
    @(64.6250 mm, 56.0500 mm): PTH pad 20 [GBE_SHIELD] of J2
    @(80.3750 mm, 56.0500 mm): PTH pad 19 [GBE_SHIELD] of J2

** Found 0 Footprint errors **

** Ignored checks **
    - Thermal relief connection to zone incomplete
    - Footprint has no courtyard defined
    - Solder mask aperture bridges items with different nets
    - Track endpoint not centered on via
    - Tuning profile track geometries
    - Footprint doesn't match symbol's footprint filters
    - Silkscreen clipped by board edge

** End of Report **
