** Drc report for CM5IO_J7_CM5IO_BOUNDARY_FIXTURE.kicad_pcb **
** Created on 2026-09-03T19:27:05 **
** Report includes: Errors, Warnings **

** Found 247 DRC violations **
[clearance]: Clearance violation ( clearance 0.2000 mm; actual 0.1755 mm)
    Local override; error
    @(159.1000 mm, 61.5364 mm): Track [CM5_GBE_TD3_P] on F.Cu, length 3.0920 mm
    @(158.0550 mm, 61.8900 mm): PTH pad 9 [CM5_GBE_TD3_N] of J2
[clearance]: Clearance violation ( clearance 0.2000 mm; actual 0.0865 mm)
    Local override; error
    @(32.9600 mm, 99.5000 mm): Track [CM5_GBE_TD3_N] on F.Cu, length 4.9600 mm
    @(30.0000 mm, 99.1000 mm): Via [CM5_GBE_TD3_P] on F.Cu - B.Cu
[clearance]: Clearance violation ( clearance 0.2000 mm; actual 0.0665 mm)
    Local override; error
    @(124.1600 mm, 36.6000 mm): Via [CM5_GBE_TD1_P] on F.Cu - B.Cu
    @(124.5400 mm, 36.0000 mm): Track [CM5_GBE_TD1_N] on F.Cu, length 22.7287 mm
[clearance]: Clearance violation ( clearance 0.2000 mm; actual 0.0665 mm)
    Local override; error
    @(124.1600 mm, 36.6000 mm): Via [CM5_GBE_TD1_P] on F.Cu - B.Cu
    @(124.5400 mm, 36.0000 mm): Track [CM5_GBE_TD1_N] on B.Cu, length 22.7287 mm
[clearance]: Clearance violation ( clearance 0.2000 mm; actual 0.0330 mm)
    Local override; error
    @(124.0000 mm, 38.0000 mm): Track [CM5_GBE_TD0_N] on F.Cu, length 1.3400 mm
    @(124.1600 mm, 36.6000 mm): Track [CM5_GBE_TD1_P] on F.Cu, length 21.9713 mm
[clearance]: Clearance violation ( clearance 0.2000 mm; actual 0.1462 mm)
    Local override; error
    @(36.0400 mm, 101.1000 mm): Pad 14 [/CORE_CM5/POWER_GND] of J7 on F.Cu
    @(36.0400 mm, 100.7000 mm): Track [CM5_GBE_TD0_P] on F.Cu, length 10.2451 mm
[clearance]: Clearance violation ( clearance 0.2000 mm; actual 0.1865 mm)
    Local override; error
    @(46.0000 mm, 73.5000 mm): Via [CM5_GBE_TD0_P] on F.Cu - B.Cu
    @(44.0000 mm, 73.0000 mm): Track [CM5_GBE_TD0_N] on F.Cu, length 33.0000 mm
[clearance]: Clearance violation ( clearance 0.2000 mm; actual 0.0665 mm)
    Local override; error
    @(123.0400 mm, 38.6000 mm): Via [CM5_GBE_TD0_P] on F.Cu - B.Cu
    @(122.6600 mm, 38.0000 mm): Track [CM5_GBE_TD0_N] on F.Cu, length 20.8713 mm
[clearance]: Clearance violation ( clearance 0.2000 mm; actual 0.0865 mm)
    Local override; error
    @(26.0000 mm, 100.3000 mm): Via [CM5_GBE_TD2_N] on F.Cu - B.Cu
    @(32.9600 mm, 100.7000 mm): Track [CM5_GBE_TD2_P] on F.Cu, length 8.9600 mm
[clearance]: Clearance violation ( clearance 0.2000 mm; actual 0.1616 mm)
    Local override; error
    @(36.0400 mm, 100.3000 mm): Track [CM5_GBE_TD0_N] on F.Cu, length 8.1192 mm
    @(36.0400 mm, 100.7000 mm): Pad 12 [CM5_GBE_TD0_P] of J7 on F.Cu
[clearance]: Clearance violation ( clearance 0.2000 mm; actual 0.1730 mm)
    Local override; error
    @(160.2000 mm, 63.3000 mm): Track [CM5_GBE_TD2_P] on F.Cu, length 0.3000 mm
    @(160.5000 mm, 63.0000 mm): Track [CM5_GBE_TD2_N] on F.Cu, length 0.4000 mm
[tracks_crossing]: Tracks crossing
    Local override; error
    @(6.0000 mm, 42.6000 mm): Track [CM5_GBE_TD2_N] on F.Cu, length 111.1790 mm
    @(117.0210 mm, 42.0000 mm): Track [CM5_GBE_TD2_P] on F.Cu, length 18.1100 mm
[clearance]: Clearance violation ( clearance 0.2000 mm; actual 0.1730 mm)
    Local override; error
    @(159.5000 mm, 62.9000 mm): Track [CM5_GBE_TD2_P] on F.Cu, length 3.3750 mm
    @(160.1000 mm, 63.0000 mm): Track [CM5_GBE_TD2_N] on F.Cu, length 0.4243 mm
[clearance]: Clearance violation ( clearance 0.2000 mm; actual 0.0304 mm)
    Local override; error
    @(117.1790 mm, 42.6000 mm): Track [CM5_GBE_TD2_N] on F.Cu, length 17.8900 mm
    @(117.0210 mm, 42.0000 mm): Track [CM5_GBE_TD2_P] on F.Cu, length 18.1100 mm
[clearance]: Clearance violation ( clearance 0.2000 mm; actual 0.1730 mm)
    Local override; error
    @(159.5000 mm, 62.9000 mm): Track [CM5_GBE_TD2_P] on F.Cu, length 3.3750 mm
    @(159.8000 mm, 62.7000 mm): Track [CM5_GBE_TD2_N] on F.Cu, length 0.0150 mm
[clearance]: Clearance violation ( clearance 0.2000 mm; actual 0.1730 mm)
    Local override; error
    @(159.5000 mm, 62.9000 mm): Track [CM5_GBE_TD2_P] on F.Cu, length 3.3750 mm
    @(159.8000 mm, 62.6850 mm): Track [CM5_GBE_TD2_N] on F.Cu, length 1.1243 mm
[clearance]: Clearance violation ( clearance 0.2000 mm; actual 0.1873 mm)
    Local override; error
    @(36.0400 mm, 99.9000 mm): Pad 8 [/CORE_CM5/POWER_GND] of J7 on F.Cu
    @(36.0400 mm, 99.5000 mm): Track [CM5_GBE_TD1_N] on F.Cu, length 6.0135 mm
[clearance]: Clearance violation ( clearance 0.2000 mm; actual 0.1865 mm)
    Local override; error
    @(42.0000 mm, 72.5000 mm): Track [CM5_GBE_TD1_N] on F.Cu, length 36.5000 mm
    @(44.0000 mm, 73.0000 mm): Via [CM5_GBE_TD0_N] on F.Cu - B.Cu
[tracks_crossing]: Tracks crossing
    Local override; error
    @(90.0000 mm, 90.0000 mm): Track [CM5_GBE_TD1_P] on B.Cu, length 31.0000 mm
    @(120.0000 mm, 92.0000 mm): Track [CM5_GBE_TD1_N] on B.Cu, length 56.0000 mm
[clearance]: Clearance violation ( clearance 0.2000 mm; actual 0.1865 mm)
    Local override; error
    @(40.0000 mm, 72.0000 mm): Track [CM5_GBE_TD1_P] on F.Cu, length 40.0000 mm
    @(42.0000 mm, 72.5000 mm): Via [CM5_GBE_TD1_N] on F.Cu - B.Cu
[tracks_crossing]: Tracks crossing
    Local override; error
    @(10.0000 mm, 40.6000 mm): Track [CM5_GBE_TD3_P] on B.Cu, length 106.3620 mm
    @(116.2040 mm, 40.0000 mm): Track [CM5_GBE_TD3_N] on B.Cu, length 19.2100 mm
[clearance]: Clearance violation ( clearance 0.2000 mm; actual 0.0304 mm)
    Local override; error
    @(116.3620 mm, 40.6000 mm): Track [CM5_GBE_TD3_P] on B.Cu, length 18.9900 mm
    @(116.2040 mm, 40.0000 mm): Track [CM5_GBE_TD3_N] on B.Cu, length 19.2100 mm
[clearance]: Clearance violation ( clearance 0.2000 mm; actual 0.0835 mm)
    Local override; error
    @(36.0400 mm, 99.1000 mm): Track [CM5_GBE_TD1_P] on F.Cu, length 4.2710 mm
    @(36.0400 mm, 98.7000 mm): Pad 2 [/CORE_CM5/POWER_GND] of J7 on F.Cu
[clearance]: Clearance violation ( clearance 0.2000 mm; actual 0.0665 mm)
    Local override; error
    @(123.0400 mm, 38.6000 mm): Via [CM5_GBE_TD0_P] on F.Cu - B.Cu
    @(122.6600 mm, 38.0000 mm): Track [CM5_GBE_TD0_N] on F.Cu, length 20.8713 mm
[tracks_crossing]: Tracks crossing
    Local override; error
    @(94.0000 mm, 94.0000 mm): Track [CM5_GBE_TD0_N] on F.Cu, length 30.0000 mm
    @(123.0000 mm, 96.0000 mm): Track [CM5_GBE_TD0_P] on F.Cu, length 57.4000 mm
[track_width]: Track width (board setup constraints min width 0.2000 mm; actual 0.1270 mm)
    Rule: netclass 'Default' (diff pair); error
    @(32.9600 mm, 99.1000 mm): Track [CM5_GBE_TD3_P] on F.Cu, length 2.9600 mm
[track_width]: Track width (board setup constraints min width 0.2000 mm; actual 0.1270 mm)
    Rule: netclass 'Default' (diff pair); error
    @(159.1000 mm, 61.5364 mm): Track [CM5_GBE_TD3_P] on F.Cu, length 3.0920 mm
[track_width]: Track width (board setup constraints min width 0.2000 mm; actual 0.1270 mm)
    Rule: netclass 'Default' (diff pair); error
    @(159.5400 mm, 66.9115 mm): Track [CM5_GBE_TD3_P] on F.Cu, length 0.9595 mm
[track_width]: Track width (board setup constraints min width 0.2000 mm; actual 0.1270 mm)
    Rule: netclass 'Default' (diff pair); error
    @(159.6000 mm, 64.8300 mm): Track [CM5_GBE_TD3_P] on F.Cu, length 0.7300 mm
[track_width]: Track width (board setup constraints min width 0.2000 mm; actual 0.1270 mm)
    Rule: netclass 'Default' (diff pair); error
    @(159.6000 mm, 65.6000 mm): Track [CM5_GBE_TD3_P] on F.Cu, length 0.4125 mm
[track_width]: Track width (board setup constraints min width 0.2000 mm; actual 0.1270 mm)
    Rule: netclass 'Default' (diff pair); error
    @(159.5400 mm, 65.4150 mm): Track [CM5_GBE_TD3_P] on F.Cu, length 0.1125 mm
[track_width]: Track width (board setup constraints min width 0.2000 mm; actual 0.1270 mm)
    Rule: netclass 'Default' (diff pair); error
    @(159.5400 mm, 65.3025 mm): Track [CM5_GBE_TD3_P] on F.Cu, length 0.0849 mm
[track_width]: Track width (board setup constraints min width 0.2000 mm; actual 0.1270 mm)
    Rule: netclass 'Default' (diff pair); error
    @(159.5400 mm, 66.0725 mm): Track [CM5_GBE_TD3_P] on F.Cu, length 0.8390 mm
[track_width]: Track width (board setup constraints min width 0.2000 mm; actual 0.1270 mm)
    Rule: netclass 'Default' (diff pair); error
    @(158.8615 mm, 67.5900 mm): Track [CM5_GBE_TD3_P] on F.Cu, length 9.2828 mm
[track_width]: Track width (board setup constraints min width 0.2000 mm; actual 0.1270 mm)
    Rule: netclass 'Default' (diff pair); error
    @(159.6000 mm, 66.0125 mm): Track [CM5_GBE_TD3_P] on F.Cu, length 0.0849 mm
[track_width]: Track width (board setup constraints min width 0.2000 mm; actual 0.1270 mm)
    Rule: netclass 'Default' (diff pair); error
    @(159.6000 mm, 64.1000 mm): Track [CM5_GBE_TD3_P] on F.Cu, length 0.7071 mm
[track_width]: Track width (board setup constraints min width 0.2000 mm; actual 0.1270 mm)
    Rule: netclass 'Default' (diff pair); error
    @(159.1000 mm, 63.6000 mm): Track [CM5_GBE_TD3_P] on F.Cu, length 2.0636 mm
[track_width]: Track width (board setup constraints min width 0.2000 mm; actual 0.1270 mm)
    Rule: netclass 'Default' (diff pair); error
    @(159.6000 mm, 65.2425 mm): Track [CM5_GBE_TD3_P] on F.Cu, length 0.4125 mm
[track_width]: Track width (board setup constraints min width 0.2000 mm; actual 0.1270 mm)
    Rule: netclass 'Default' (diff pair); error
    @(116.3620 mm, 40.6000 mm): Track [CM5_GBE_TD3_P] on B.Cu, length 18.9900 mm
[track_width]: Track width (board setup constraints min width 0.2000 mm; actual 0.1270 mm)
    Rule: netclass 'Default' (diff pair); error
    @(10.0000 mm, 40.6000 mm): Track [CM5_GBE_TD3_P] on B.Cu, length 106.3620 mm
[track_width]: Track width (board setup constraints min width 0.2000 mm; actual 0.1270 mm)
    Rule: netclass 'Default' (diff pair); error
    @(30.0000 mm, 99.1000 mm): Track [CM5_GBE_TD3_P] on B.Cu, length 21.9729 mm
[track_width]: Track width (board setup constraints min width 0.2000 mm; actual 0.1270 mm)
    Rule: netclass 'Default' (diff pair); error
    @(10.0000 mm, 90.0000 mm): Track [CM5_GBE_TD3_P] on B.Cu, length 49.4000 mm
[track_width]: Track width (board setup constraints min width 0.2000 mm; actual 0.1270 mm)
    Rule: netclass 'Default' (diff pair); error
    @(80.0000 mm, 72.0000 mm): Track [CM5_GBE_TD1_P] on F.Cu, length 18.0000 mm
[track_width]: Track width (board setup constraints min width 0.2000 mm; actual 0.1270 mm)
    Rule: netclass 'Default' (diff pair); error
    @(36.0400 mm, 99.1000 mm): Track [CM5_GBE_TD1_P] on F.Cu, length 4.2710 mm
[track_width]: Track width (board setup constraints min width 0.2000 mm; actual 0.1270 mm)
    Rule: netclass 'Default' (diff pair); error
    @(166.6000 mm, 66.0125 mm): Track [CM5_GBE_TD1_P] on F.Cu, length 0.4125 mm
[track_width]: Track width (board setup constraints min width 0.2000 mm; actual 0.1270 mm)
    Rule: netclass 'Default' (diff pair); error
    @(166.6600 mm, 65.4150 mm): Track [CM5_GBE_TD1_P] on F.Cu, length 0.1125 mm
[track_width]: Track width (board setup constraints min width 0.2000 mm; actual 0.1270 mm)
    Rule: netclass 'Default' (diff pair); error
    @(40.0000 mm, 72.0000 mm): Track [CM5_GBE_TD1_P] on F.Cu, length 40.0000 mm
[track_width]: Track width (board setup constraints min width 0.2000 mm; actual 0.1270 mm)
    Rule: netclass 'Default' (diff pair); error
    @(166.6000 mm, 64.4175 mm): Track [CM5_GBE_TD1_P] on F.Cu, length 0.4125 mm
[track_width]: Track width (board setup constraints min width 0.2000 mm; actual 0.1270 mm)
    Rule: netclass 'Default' (diff pair); error
    @(166.6600 mm, 66.5713 mm): Track [CM5_GBE_TD1_P] on F.Cu, length 0.4988 mm
[track_width]: Track width (board setup constraints min width 0.2000 mm; actual 0.1270 mm)
    Rule: netclass 'Default' (diff pair); error
    @(166.6600 mm, 66.0725 mm): Track [CM5_GBE_TD1_P] on F.Cu, length 0.0849 mm
[track_width]: Track width (board setup constraints min width 0.2000 mm; actual 0.1270 mm)
    Rule: netclass 'Default' (diff pair); error
    @(80.0000 mm, 90.0000 mm): Track [CM5_GBE_TD1_P] on F.Cu, length 10.0000 mm
[track_width]: Track width (board setup constraints min width 0.2000 mm; actual 0.1270 mm)
    Rule: netclass 'Default' (diff pair); error
    @(150.8213 mm, 69.9100 mm): Track [CM5_GBE_TD1_P] on F.Cu, length 12.5000 mm
[track_width]: Track width (board setup constraints min width 0.2000 mm; actual 0.1270 mm)
    Rule: netclass 'Default' (diff pair); error
    @(167.1000 mm, 59.5050 mm): Track [CM5_GBE_TD1_P] on F.Cu, length 3.6950 mm
[track_width]: Track width (board setup constraints min width 0.2000 mm; actual 0.1270 mm)
    Rule: netclass 'Default' (diff pair); error
    @(166.6000 mm, 65.2425 mm): Track [CM5_GBE_TD1_P] on F.Cu, length 0.4125 mm
[track_width]: Track width (board setup constraints min width 0.2000 mm; actual 0.1270 mm)
    Rule: netclass 'Default' (diff pair); error
    @(163.3213 mm, 69.9100 mm): Track [CM5_GBE_TD1_P] on F.Cu, length 4.7216 mm
[track_width]: Track width (board setup constraints min width 0.2000 mm; actual 0.1270 mm)
    Rule: netclass 'Default' (diff pair); error
    @(166.6600 mm, 64.3575 mm): Track [CM5_GBE_TD1_P] on F.Cu, length 0.0849 mm
[track_width]: Track width (board setup constraints min width 0.2000 mm; actual 0.1270 mm)
    Rule: netclass 'Default' (diff pair); error
    @(124.1600 mm, 36.6000 mm): Track [CM5_GBE_TD1_P] on F.Cu, length 21.9713 mm
[track_width]: Track width (board setup constraints min width 0.2000 mm; actual 0.1270 mm)
    Rule: netclass 'Default' (diff pair); error
    @(166.6600 mm, 65.3025 mm): Track [CM5_GBE_TD1_P] on F.Cu, length 0.0849 mm
[track_width]: Track width (board setup constraints min width 0.2000 mm; actual 0.1270 mm)
    Rule: netclass 'Default' (diff pair); error
    @(166.6600 mm, 63.6400 mm): Track [CM5_GBE_TD1_P] on F.Cu, length 0.7175 mm
[track_width]: Track width (board setup constraints min width 0.2000 mm; actual 0.1270 mm)
    Rule: netclass 'Default' (diff pair); error
    @(167.1000 mm, 63.2000 mm): Track [CM5_GBE_TD1_P] on F.Cu, length 0.6223 mm
[track_width]: Track width (board setup constraints min width 0.2000 mm; actual 0.1270 mm)
    Rule: netclass 'Default' (diff pair); error
    @(121.0000 mm, 90.0000 mm): Track [CM5_GBE_TD1_P] on B.Cu, length 53.4000 mm
[track_width]: Track width (board setup constraints min width 0.2000 mm; actual 0.1270 mm)
    Rule: netclass 'Default' (diff pair); error
    @(40.0000 mm, 97.5000 mm): Track [CM5_GBE_TD1_P] on B.Cu, length 25.5000 mm
[track_width]: Track width (board setup constraints min width 0.2000 mm; actual 0.1270 mm)
    Rule: netclass 'Default' (diff pair); error
    @(121.0000 mm, 36.6000 mm): Track [CM5_GBE_TD1_P] on B.Cu, length 3.1600 mm
[track_width]: Track width (board setup constraints min width 0.2000 mm; actual 0.1270 mm)
    Rule: netclass 'Default' (diff pair); error
    @(90.0000 mm, 90.0000 mm): Track [CM5_GBE_TD1_P] on B.Cu, length 31.0000 mm
[track_width]: Track width (board setup constraints min width 0.2000 mm; actual 0.1270 mm)
    Rule: netclass 'Default' (diff pair); error
    @(124.1600 mm, 36.6000 mm): Track [CM5_GBE_TD1_P] on B.Cu, length 21.9713 mm
[track_width]: Track width (board setup constraints min width 0.2000 mm; actual 0.1270 mm)
    Rule: netclass 'Default' (diff pair); error
    @(159.1600 mm, 65.3025 mm): Track [CM5_GBE_TD3_N] on F.Cu, length 0.0849 mm
[track_width]: Track width (board setup constraints min width 0.2000 mm; actual 0.1270 mm)
    Rule: netclass 'Default' (diff pair); error
    @(159.1600 mm, 66.7541 mm): Track [CM5_GBE_TD3_N] on F.Cu, length 0.6447 mm
[track_width]: Track width (board setup constraints min width 0.2000 mm; actual 0.1270 mm)
    Rule: netclass 'Default' (diff pair); error
    @(159.1600 mm, 65.4150 mm): Track [CM5_GBE_TD3_N] on F.Cu, length 0.1125 mm
[track_width]: Track width (board setup constraints min width 0.2000 mm; actual 0.1270 mm)
    Rule: netclass 'Default' (diff pair); error
    @(159.1000 mm, 64.8300 mm): Track [CM5_GBE_TD3_N] on F.Cu, length 0.5800 mm
[track_width]: Track width (board setup constraints min width 0.2000 mm; actual 0.1270 mm)
    Rule: netclass 'Default' (diff pair); error
    @(159.1600 mm, 66.0725 mm): Track [CM5_GBE_TD3_N] on F.Cu, length 0.6816 mm
[track_width]: Track width (board setup constraints min width 0.2000 mm; actual 0.1270 mm)
    Rule: netclass 'Default' (diff pair); error
    @(157.7500 mm, 65.2500 mm): Track [CM5_GBE_TD3_N] on F.Cu, length 0.3536 mm
[track_width]: Track width (board setup constraints min width 0.2000 mm; actual 0.1270 mm)
    Rule: netclass 'Default' (diff pair); error
    @(158.0500 mm, 65.2500 mm): Track [CM5_GBE_TD3_N] on F.Cu, length 0.3000 mm
[track_width]: Track width (board setup constraints min width 0.2000 mm; actual 0.1270 mm)
    Rule: netclass 'Default' (diff pair); error
    @(159.1000 mm, 65.6000 mm): Track [CM5_GBE_TD3_N] on F.Cu, length 0.4125 mm
[track_width]: Track width (board setup constraints min width 0.2000 mm; actual 0.1270 mm)
    Rule: netclass 'Default' (diff pair); error
    @(157.5000 mm, 65.0000 mm): Track [CM5_GBE_TD3_N] on F.Cu, length 1.2500 mm
[track_width]: Track width (board setup constraints min width 0.2000 mm; actual 0.1270 mm)
    Rule: netclass 'Default' (diff pair); error
    @(159.1000 mm, 66.0125 mm): Track [CM5_GBE_TD3_N] on F.Cu, length 0.0849 mm
[track_width]: Track width (board setup constraints min width 0.2000 mm; actual 0.1270 mm)
    Rule: netclass 'Default' (diff pair); error
    @(158.0550 mm, 63.1950 mm): Track [CM5_GBE_TD3_N] on F.Cu, length 0.7849 mm
[track_width]: Track width (board setup constraints min width 0.2000 mm; actual 0.1270 mm)
    Rule: netclass 'Default' (diff pair); error
    @(158.2000 mm, 64.4500 mm): Track [CM5_GBE_TD3_N] on F.Cu, length 0.6500 mm
[track_width]: Track width (board setup constraints min width 0.2000 mm; actual 0.1270 mm)
    Rule: netclass 'Default' (diff pair); error
    @(158.0550 mm, 63.1950 mm): Track [CM5_GBE_TD3_N] on F.Cu, length 1.3050 mm
[track_width]: Track width (board setup constraints min width 0.2000 mm; actual 0.1270 mm)
    Rule: netclass 'Default' (diff pair); error
    @(158.5500 mm, 64.1000 mm): Track [CM5_GBE_TD3_N] on F.Cu, length 0.4950 mm
[track_width]: Track width (board setup constraints min width 0.2000 mm; actual 0.1270 mm)
    Rule: netclass 'Default' (diff pair); error
    @(158.9500 mm, 64.1000 mm): Track [CM5_GBE_TD3_N] on F.Cu, length 0.4000 mm
[track_width]: Track width (board setup constraints min width 0.2000 mm; actual 0.1270 mm)
    Rule: netclass 'Default' (diff pair); error
    @(32.9600 mm, 99.5000 mm): Track [CM5_GBE_TD3_N] on F.Cu, length 4.9600 mm
[track_width]: Track width (board setup constraints min width 0.2000 mm; actual 0.1270 mm)
    Rule: netclass 'Default' (diff pair); error
    @(159.1000 mm, 65.2425 mm): Track [CM5_GBE_TD3_N] on F.Cu, length 0.4125 mm
[track_width]: Track width (board setup constraints min width 0.2000 mm; actual 0.1270 mm)
    Rule: netclass 'Default' (diff pair); error
    @(158.7041 mm, 67.2100 mm): Track [CM5_GBE_TD3_N] on F.Cu, length 9.2828 mm
[track_width]: Track width (board setup constraints min width 0.2000 mm; actual 0.1270 mm)
    Rule: netclass 'Default' (diff pair); error
    @(158.2000 mm, 65.1000 mm): Track [CM5_GBE_TD3_N] on F.Cu, length 0.2121 mm
[track_width]: Track width (board setup constraints min width 0.2000 mm; actual 0.1270 mm)
    Rule: netclass 'Default' (diff pair); error
    @(159.1000 mm, 64.2500 mm): Track [CM5_GBE_TD3_N] on F.Cu, length 0.2121 mm
[track_width]: Track width (board setup constraints min width 0.2000 mm; actual 0.1270 mm)
    Rule: netclass 'Default' (diff pair); error
    @(8.0000 mm, 92.0000 mm): Track [CM5_GBE_TD3_N] on B.Cu, length 52.0000 mm
[track_width]: Track width (board setup constraints min width 0.2000 mm; actual 0.1270 mm)
    Rule: netclass 'Default' (diff pair); error
    @(116.2040 mm, 40.0000 mm): Track [CM5_GBE_TD3_N] on B.Cu, length 19.2100 mm
[track_width]: Track width (board setup constraints min width 0.2000 mm; actual 0.1270 mm)
    Rule: netclass 'Default' (diff pair); error
    @(8.0000 mm, 40.0000 mm): Track [CM5_GBE_TD3_N] on B.Cu, length 108.2040 mm
[track_width]: Track width (board setup constraints min width 0.2000 mm; actual 0.1270 mm)
    Rule: netclass 'Default' (diff pair); error
    @(28.0000 mm, 99.5000 mm): Track [CM5_GBE_TD3_N] on B.Cu, length 21.3600 mm
[track_width]: Track width (board setup constraints min width 0.2000 mm; actual 0.1270 mm)
    Rule: netclass 'Default' (diff pair); error
    @(169.0000 mm, 63.5500 mm): Track [CM5_GBE_TD1_N] on F.Cu, length 0.4000 mm
[track_width]: Track width (board setup constraints min width 0.2000 mm; actual 0.1270 mm)
    Rule: netclass 'Default' (diff pair); error
    @(78.5000 mm, 72.5000 mm): Track [CM5_GBE_TD1_N] on F.Cu, length 19.5000 mm
[track_width]: Track width (board setup constraints min width 0.2000 mm; actual 0.1270 mm)
    Rule: netclass 'Default' (diff pair); error
    @(167.0400 mm, 66.0725 mm): Track [CM5_GBE_TD1_N] on F.Cu, length 0.0849 mm
[track_width]: Track width (board setup constraints min width 0.2000 mm; actual 0.1270 mm)
    Rule: netclass 'Default' (diff pair); error
    @(167.0400 mm, 63.9100 mm): Track [CM5_GBE_TD1_N] on F.Cu, length 0.1556 mm
[track_width]: Track width (board setup constraints min width 0.2000 mm; actual 0.1270 mm)
    Rule: netclass 'Default' (diff pair); error
    @(167.1000 mm, 64.8300 mm): Track [CM5_GBE_TD1_N] on F.Cu, length 0.4125 mm
[track_width]: Track width (board setup constraints min width 0.2000 mm; actual 0.1270 mm)
    Rule: netclass 'Default' (diff pair); error
    @(167.1000 mm, 66.0125 mm): Track [CM5_GBE_TD1_N] on F.Cu, length 0.4125 mm
[track_width]: Track width (board setup constraints min width 0.2000 mm; actual 0.1270 mm)
    Rule: netclass 'Default' (diff pair); error
    @(167.0400 mm, 65.3025 mm): Track [CM5_GBE_TD1_N] on F.Cu, length 0.0849 mm
[track_width]: Track width (board setup constraints min width 0.2000 mm; actual 0.1270 mm)
    Rule: netclass 'Default' (diff pair); error
    @(168.8000 mm, 64.1500 mm): Track [CM5_GBE_TD1_N] on F.Cu, length 0.8000 mm
[track_width]: Track width (board setup constraints min width 0.2000 mm; actual 0.1270 mm)
    Rule: netclass 'Default' (diff pair); error
    @(42.0000 mm, 72.5000 mm): Track [CM5_GBE_TD1_N] on F.Cu, length 36.5000 mm
[track_width]: Track width (board setup constraints min width 0.2000 mm; actual 0.1270 mm)
    Rule: netclass 'Default' (diff pair); error
    @(167.1000 mm, 64.4175 mm): Track [CM5_GBE_TD1_N] on F.Cu, length 0.0849 mm
[track_width]: Track width (board setup constraints min width 0.2000 mm; actual 0.1270 mm)
    Rule: netclass 'Default' (diff pair); error
    @(78.5000 mm, 92.0000 mm): Track [CM5_GBE_TD1_N] on F.Cu, length 13.5000 mm
[track_width]: Track width (board setup constraints min width 0.2000 mm; actual 0.1270 mm)
    Rule: netclass 'Default' (diff pair); error
    @(168.2150 mm, 61.8900 mm): Track [CM5_GBE_TD1_N] on F.Cu, length 0.8950 mm
[track_width]: Track width (board setup constraints min width 0.2000 mm; actual 0.1270 mm)
    Rule: netclass 'Default' (diff pair); error
    @(168.0000 mm, 64.1500 mm): Track [CM5_GBE_TD1_N] on F.Cu, length 0.4950 mm
[track_width]: Track width (board setup constraints min width 0.2000 mm; actual 0.1270 mm)
    Rule: netclass 'Default' (diff pair); error
    @(167.1000 mm, 65.2425 mm): Track [CM5_GBE_TD1_N] on F.Cu, length 0.4125 mm
[track_width]: Track width (board setup constraints min width 0.2000 mm; actual 0.1270 mm)
    Rule: netclass 'Default' (diff pair); error
    @(168.6800 mm, 63.2500 mm): Track [CM5_GBE_TD1_N] on F.Cu, length 0.0200 mm
[track_width]: Track width (board setup constraints min width 0.2000 mm; actual 0.1270 mm)
    Rule: netclass 'Default' (diff pair); error
    @(168.7000 mm, 63.2500 mm): Track [CM5_GBE_TD1_N] on F.Cu, length 0.4243 mm
[track_width]: Track width (board setup constraints min width 0.2000 mm; actual 0.1270 mm)
    Rule: netclass 'Default' (diff pair); error
    @(167.0400 mm, 65.4150 mm): Track [CM5_GBE_TD1_N] on F.Cu, length 0.1125 mm
[track_width]: Track width (board setup constraints min width 0.2000 mm; actual 0.1270 mm)
    Rule: netclass 'Default' (diff pair); error
    @(167.0400 mm, 66.7287 mm): Track [CM5_GBE_TD1_N] on F.Cu, length 0.6562 mm
[track_width]: Track width (board setup constraints min width 0.2000 mm; actual 0.1270 mm)
    Rule: netclass 'Default' (diff pair); error
    @(167.6500 mm, 63.8000 mm): Track [CM5_GBE_TD1_N] on F.Cu, length 0.5000 mm
[track_width]: Track width (board setup constraints min width 0.2000 mm; actual 0.1270 mm)
    Rule: netclass 'Default' (diff pair); error
    @(168.6800 mm, 63.2500 mm): Track [CM5_GBE_TD1_N] on F.Cu, length 0.6576 mm
[track_width]: Track width (board setup constraints min width 0.2000 mm; actual 0.1270 mm)
    Rule: netclass 'Default' (diff pair); error
    @(36.0400 mm, 99.5000 mm): Track [CM5_GBE_TD1_N] on F.Cu, length 6.0135 mm
[track_width]: Track width (board setup constraints min width 0.2000 mm; actual 0.1270 mm)
    Rule: netclass 'Default' (diff pair); error
    @(124.5400 mm, 36.0000 mm): Track [CM5_GBE_TD1_N] on F.Cu, length 22.7287 mm
[track_width]: Track width (board setup constraints min width 0.2000 mm; actual 0.1270 mm)
    Rule: netclass 'Default' (diff pair); error
    @(167.0400 mm, 64.3575 mm): Track [CM5_GBE_TD1_N] on F.Cu, length 0.4475 mm
[track_width]: Track width (board setup constraints min width 0.2000 mm; actual 0.1270 mm)
    Rule: netclass 'Default' (diff pair); error
    @(169.0000 mm, 63.9500 mm): Track [CM5_GBE_TD1_N] on F.Cu, length 0.2828 mm
[track_width]: Track width (board setup constraints min width 0.2000 mm; actual 0.1270 mm)
    Rule: netclass 'Default' (diff pair); error
    @(120.0000 mm, 92.0000 mm): Track [CM5_GBE_TD1_N] on B.Cu, length 56.0000 mm
[track_width]: Track width (board setup constraints min width 0.2000 mm; actual 0.1270 mm)
    Rule: netclass 'Default' (diff pair); error
    @(42.0000 mm, 100.3000 mm): Track [CM5_GBE_TD1_N] on B.Cu, length 27.8000 mm
[track_width]: Track width (board setup constraints min width 0.2000 mm; actual 0.1270 mm)
    Rule: netclass 'Default' (diff pair); error
    @(120.0000 mm, 36.0000 mm): Track [CM5_GBE_TD1_N] on B.Cu, length 4.5400 mm
[track_width]: Track width (board setup constraints min width 0.2000 mm; actual 0.1270 mm)
    Rule: netclass 'Default' (diff pair); error
    @(124.5400 mm, 36.0000 mm): Track [CM5_GBE_TD1_N] on B.Cu, length 22.7287 mm
[track_width]: Track width (board setup constraints min width 0.2000 mm; actual 0.1270 mm)
    Rule: netclass 'Default' (diff pair); error
    @(92.0000 mm, 92.0000 mm): Track [CM5_GBE_TD1_N] on B.Cu, length 28.0000 mm
[track_width]: Track width (board setup constraints min width 0.2000 mm; actual 0.1270 mm)
    Rule: netclass 'Default' (diff pair); error
    @(161.8500 mm, 64.1000 mm): Track [CM5_GBE_TD2_N] on F.Cu, length 0.2828 mm
[track_width]: Track width (board setup constraints min width 0.2000 mm; actual 0.1270 mm)
    Rule: netclass 'Default' (diff pair); error
    @(159.8000 mm, 62.6850 mm): Track [CM5_GBE_TD2_N] on F.Cu, length 1.1243 mm
[track_width]: Track width (board setup constraints min width 0.2000 mm; actual 0.1270 mm)
    Rule: netclass 'Default' (diff pair); error
    @(161.0400 mm, 65.3025 mm): Track [CM5_GBE_TD2_N] on F.Cu, length 0.0849 mm
[track_width]: Track width (board setup constraints min width 0.2000 mm; actual 0.1270 mm)
    Rule: netclass 'Default' (diff pair); error
    @(162.0500 mm, 63.4500 mm): Track [CM5_GBE_TD2_N] on F.Cu, length 0.2828 mm
[track_width]: Track width (board setup constraints min width 0.2000 mm; actual 0.1270 mm)
    Rule: netclass 'Default' (diff pair); error
    @(159.6787 mm, 68.4900 mm): Track [CM5_GBE_TD2_N] on F.Cu, length 9.7000 mm
[track_width]: Track width (board setup constraints min width 0.2000 mm; actual 0.1270 mm)
    Rule: netclass 'Default' (diff pair); error
    @(32.9600 mm, 100.3000 mm): Track [CM5_GBE_TD2_N] on F.Cu, length 6.9600 mm
[track_width]: Track width (board setup constraints min width 0.2000 mm; actual 0.1270 mm)
    Rule: netclass 'Default' (diff pair); error
    @(159.8000 mm, 62.7000 mm): Track [CM5_GBE_TD2_N] on F.Cu, length 0.0150 mm
[track_width]: Track width (board setup constraints min width 0.2000 mm; actual 0.1270 mm)
    Rule: netclass 'Default' (diff pair); error
    @(161.8500 mm, 63.2500 mm): Track [CM5_GBE_TD2_N] on F.Cu, length 1.1000 mm
[track_width]: Track width (board setup constraints min width 0.2000 mm; actual 0.1270 mm)
    Rule: netclass 'Default' (diff pair); error
    @(117.1790 mm, 42.6000 mm): Track [CM5_GBE_TD2_N] on F.Cu, length 17.8900 mm
[track_width]: Track width (board setup constraints min width 0.2000 mm; actual 0.1270 mm)
    Rule: netclass 'Default' (diff pair); error
    @(161.0400 mm, 66.0725 mm): Track [CM5_GBE_TD2_N] on F.Cu, length 1.0562 mm
[track_width]: Track width (board setup constraints min width 0.2000 mm; actual 0.1270 mm)
    Rule: netclass 'Default' (diff pair); error
    @(161.1000 mm, 65.6000 mm): Track [CM5_GBE_TD2_N] on F.Cu, length 0.4125 mm
[track_width]: Track width (board setup constraints min width 0.2000 mm; actual 0.1270 mm)
    Rule: netclass 'Default' (diff pair); error
    @(161.2000 mm, 64.1000 mm): Track [CM5_GBE_TD2_N] on F.Cu, length 0.6500 mm
[track_width]: Track width (board setup constraints min width 0.2000 mm; actual 0.1270 mm)
    Rule: netclass 'Default' (diff pair); error
    @(160.7500 mm, 63.2500 mm): Track [CM5_GBE_TD2_N] on F.Cu, length 0.3536 mm
[track_width]: Track width (board setup constraints min width 0.2000 mm; actual 0.1270 mm)
    Rule: netclass 'Default' (diff pair); error
    @(162.0500 mm, 63.9000 mm): Track [CM5_GBE_TD2_N] on F.Cu, length 0.4500 mm
[track_width]: Track width (board setup constraints min width 0.2000 mm; actual 0.1270 mm)
    Rule: netclass 'Default' (diff pair); error
    @(6.0000 mm, 42.6000 mm): Track [CM5_GBE_TD2_N] on F.Cu, length 111.1790 mm
[track_width]: Track width (board setup constraints min width 0.2000 mm; actual 0.1270 mm)
    Rule: netclass 'Default' (diff pair); error
    @(161.1000 mm, 64.8300 mm): Track [CM5_GBE_TD2_N] on F.Cu, length 0.6300 mm
[track_width]: Track width (board setup constraints min width 0.2000 mm; actual 0.1270 mm)
    Rule: netclass 'Default' (diff pair); error
    @(161.1000 mm, 65.2425 mm): Track [CM5_GBE_TD2_N] on F.Cu, length 0.4125 mm
[track_width]: Track width (board setup constraints min width 0.2000 mm; actual 0.1270 mm)
    Rule: netclass 'Default' (diff pair); error
    @(6.0000 mm, 94.0000 mm): Track [CM5_GBE_TD2_N] on F.Cu, length 51.4000 mm
[track_width]: Track width (board setup constraints min width 0.2000 mm; actual 0.1270 mm)
    Rule: netclass 'Default' (diff pair); error
    @(161.1000 mm, 66.0125 mm): Track [CM5_GBE_TD2_N] on F.Cu, length 0.0849 mm
[track_width]: Track width (board setup constraints min width 0.2000 mm; actual 0.1270 mm)
    Rule: netclass 'Default' (diff pair); error
    @(161.0400 mm, 67.1287 mm): Track [CM5_GBE_TD2_N] on F.Cu, length 1.9252 mm
[track_width]: Track width (board setup constraints min width 0.2000 mm; actual 0.1270 mm)
    Rule: netclass 'Default' (diff pair); error
    @(161.0400 mm, 65.4150 mm): Track [CM5_GBE_TD2_N] on F.Cu, length 0.1125 mm
[track_width]: Track width (board setup constraints min width 0.2000 mm; actual 0.1270 mm)
    Rule: netclass 'Default' (diff pair); error
    @(161.1000 mm, 64.2000 mm): Track [CM5_GBE_TD2_N] on F.Cu, length 0.1414 mm
[track_width]: Track width (board setup constraints min width 0.2000 mm; actual 0.1270 mm)
    Rule: netclass 'Default' (diff pair); error
    @(160.5000 mm, 63.0000 mm): Track [CM5_GBE_TD2_N] on F.Cu, length 0.4000 mm
[track_width]: Track width (board setup constraints min width 0.2000 mm; actual 0.1270 mm)
    Rule: netclass 'Default' (diff pair); error
    @(160.1000 mm, 63.0000 mm): Track [CM5_GBE_TD2_N] on F.Cu, length 0.4243 mm
[track_width]: Track width (board setup constraints min width 0.2000 mm; actual 0.1270 mm)
    Rule: netclass 'Default' (diff pair); error
    @(26.0000 mm, 100.3000 mm): Track [CM5_GBE_TD2_N] on B.Cu, length 20.9688 mm
[track_width]: Track width (board setup constraints min width 0.2000 mm; actual 0.1270 mm)
    Rule: netclass 'Default' (diff pair); error
    @(124.0000 mm, 94.0000 mm): Track [CM5_GBE_TD0_N] on F.Cu, length 56.0000 mm
[track_width]: Track width (board setup constraints min width 0.2000 mm; actual 0.1270 mm)
    Rule: netclass 'Default' (diff pair); error
    @(164.0000 mm, 63.1000 mm): Track [CM5_GBE_TD0_N] on F.Cu, length 0.2000 mm
[track_width]: Track width (board setup constraints min width 0.2000 mm; actual 0.1270 mm)
    Rule: netclass 'Default' (diff pair); error
    @(165.6750 mm, 62.8750 mm): Track [CM5_GBE_TD0_N] on F.Cu, length 0.9850 mm
[track_width]: Track width (board setup constraints min width 0.2000 mm; actual 0.1270 mm)
    Rule: netclass 'Default' (diff pair); error
    @(94.0000 mm, 94.0000 mm): Track [CM5_GBE_TD0_N] on F.Cu, length 30.0000 mm
[track_width]: Track width (board setup constraints min width 0.2000 mm; actual 0.1270 mm)
    Rule: netclass 'Default' (diff pair); error
    @(36.0400 mm, 100.3000 mm): Track [CM5_GBE_TD0_N] on F.Cu, length 8.1192 mm
[track_width]: Track width (board setup constraints min width 0.2000 mm; actual 0.1270 mm)
    Rule: netclass 'Default' (diff pair); error
    @(124.0000 mm, 38.0000 mm): Track [CM5_GBE_TD0_N] on F.Cu, length 1.3400 mm
[track_width]: Track width (board setup constraints min width 0.2000 mm; actual 0.1270 mm)
    Rule: netclass 'Default' (diff pair); error
    @(165.1000 mm, 64.4175 mm): Track [CM5_GBE_TD0_N] on F.Cu, length 0.0849 mm
[track_width]: Track width (board setup constraints min width 0.2000 mm; actual 0.1270 mm)
    Rule: netclass 'Default' (diff pair); error
    @(165.1000 mm, 65.2425 mm): Track [CM5_GBE_TD0_N] on F.Cu, length 0.4125 mm
[track_width]: Track width (board setup constraints min width 0.2000 mm; actual 0.1270 mm)
    Rule: netclass 'Default' (diff pair); error
    @(164.7000 mm, 62.9000 mm): Track [CM5_GBE_TD0_N] on F.Cu, length 0.2000 mm
[track_width]: Track width (board setup constraints min width 0.2000 mm; actual 0.1270 mm)
    Rule: netclass 'Default' (diff pair); error
    @(164.1500 mm, 63.7500 mm): Track [CM5_GBE_TD0_N] on F.Cu, length 0.1414 mm
[track_width]: Track width (board setup constraints min width 0.2000 mm; actual 0.1270 mm)
    Rule: netclass 'Default' (diff pair); error
    @(165.0500 mm, 63.9000 mm): Track [CM5_GBE_TD0_N] on F.Cu, length 0.3000 mm
[track_width]: Track width (board setup constraints min width 0.2000 mm; actual 0.1270 mm)
    Rule: netclass 'Default' (diff pair); error
    @(164.4000 mm, 64.9500 mm): Track [CM5_GBE_TD0_N] on F.Cu, length 0.1414 mm
[track_width]: Track width (board setup constraints min width 0.2000 mm; actual 0.1270 mm)
    Rule: netclass 'Default' (diff pair); error
    @(163.8500 mm, 64.9500 mm): Track [CM5_GBE_TD0_N] on F.Cu, length 0.6000 mm
[track_width]: Track width (board setup constraints min width 0.2000 mm; actual 0.1270 mm)
    Rule: netclass 'Default' (diff pair); error
    @(77.0000 mm, 73.0000 mm): Track [CM5_GBE_TD0_N] on F.Cu, length 21.0000 mm
[track_width]: Track width (board setup constraints min width 0.2000 mm; actual 0.1270 mm)
    Rule: netclass 'Default' (diff pair); error
    @(165.1000 mm, 66.0125 mm): Track [CM5_GBE_TD0_N] on F.Cu, length 0.4125 mm
[track_width]: Track width (board setup constraints min width 0.2000 mm; actual 0.1270 mm)
    Rule: netclass 'Default' (diff pair); error
    @(165.1600 mm, 66.8713 mm): Track [CM5_GBE_TD0_N] on F.Cu, length 0.7988 mm
[track_width]: Track width (board setup constraints min width 0.2000 mm; actual 0.1270 mm)
    Rule: netclass 'Default' (diff pair); error
    @(122.6600 mm, 38.0000 mm): Track [CM5_GBE_TD0_N] on F.Cu, length 20.8713 mm
[track_width]: Track width (board setup constraints min width 0.2000 mm; actual 0.1270 mm)
    Rule: netclass 'Default' (diff pair); error
    @(165.1600 mm, 64.3575 mm): Track [CM5_GBE_TD0_N] on F.Cu, length 0.3475 mm
[track_width]: Track width (board setup constraints min width 0.2000 mm; actual 0.1270 mm)
    Rule: netclass 'Default' (diff pair); error
    @(150.3213 mm, 69.0100 mm): Track [CM5_GBE_TD0_N] on F.Cu, length 12.7000 mm
[track_width]: Track width (board setup constraints min width 0.2000 mm; actual 0.1270 mm)
    Rule: netclass 'Default' (diff pair); error
    @(164.0500 mm, 63.6500 mm): Track [CM5_GBE_TD0_N] on F.Cu, length 0.5000 mm
[track_width]: Track width (board setup constraints min width 0.2000 mm; actual 0.1270 mm)
    Rule: netclass 'Default' (diff pair); error
    @(164.3000 mm, 65.0500 mm): Track [CM5_GBE_TD0_N] on F.Cu, length 0.3500 mm
[track_width]: Track width (board setup constraints min width 0.2000 mm; actual 0.1270 mm)
    Rule: netclass 'Default' (diff pair); error
    @(165.1000 mm, 64.8300 mm): Track [CM5_GBE_TD0_N] on F.Cu, length 0.4125 mm
[track_width]: Track width (board setup constraints min width 0.2000 mm; actual 0.1270 mm)
    Rule: netclass 'Default' (diff pair); error
    @(164.5000 mm, 62.9000 mm): Track [CM5_GBE_TD0_N] on F.Cu, length 0.0707 mm
[track_width]: Track width (board setup constraints min width 0.2000 mm; actual 0.1270 mm)
    Rule: netclass 'Default' (diff pair); error
    @(165.2500 mm, 63.3000 mm): Track [CM5_GBE_TD0_N] on F.Cu, length 0.6010 mm
[track_width]: Track width (board setup constraints min width 0.2000 mm; actual 0.1270 mm)
    Rule: netclass 'Default' (diff pair); error
    @(165.2500 mm, 63.3000 mm): Track [CM5_GBE_TD0_N] on F.Cu, length 0.1500 mm
[track_width]: Track width (board setup constraints min width 0.2000 mm; actual 0.1270 mm)
    Rule: netclass 'Default' (diff pair); error
    @(164.3000 mm, 63.7500 mm): Track [CM5_GBE_TD0_N] on F.Cu, length 0.1500 mm
[track_width]: Track width (board setup constraints min width 0.2000 mm; actual 0.1270 mm)
    Rule: netclass 'Default' (diff pair); error
    @(164.4000 mm, 64.2500 mm): Track [CM5_GBE_TD0_N] on F.Cu, length 0.7000 mm
[track_width]: Track width (board setup constraints min width 0.2000 mm; actual 0.1270 mm)
    Rule: netclass 'Default' (diff pair); error
    @(77.0000 mm, 94.0000 mm): Track [CM5_GBE_TD0_N] on F.Cu, length 17.0000 mm
[track_width]: Track width (board setup constraints min width 0.2000 mm; actual 0.1270 mm)
    Rule: netclass 'Default' (diff pair); error
    @(164.7500 mm, 63.9000 mm): Track [CM5_GBE_TD0_N] on F.Cu, length 0.4950 mm
[track_width]: Track width (board setup constraints min width 0.2000 mm; actual 0.1270 mm)
    Rule: netclass 'Default' (diff pair); error
    @(163.0213 mm, 69.0100 mm): Track [CM5_GBE_TD0_N] on F.Cu, length 3.0246 mm
[track_width]: Track width (board setup constraints min width 0.2000 mm; actual 0.1270 mm)
    Rule: netclass 'Default' (diff pair); error
    @(164.4500 mm, 62.9500 mm): Track [CM5_GBE_TD0_N] on F.Cu, length 0.6500 mm
[track_width]: Track width (board setup constraints min width 0.2000 mm; actual 0.1270 mm)
    Rule: netclass 'Default' (diff pair); error
    @(163.7500 mm, 63.1500 mm): Track [CM5_GBE_TD0_N] on F.Cu, length 1.1000 mm
[track_width]: Track width (board setup constraints min width 0.2000 mm; actual 0.1270 mm)
    Rule: netclass 'Default' (diff pair); error
    @(163.8000 mm, 63.1000 mm): Track [CM5_GBE_TD0_N] on F.Cu, length 0.0707 mm
[track_width]: Track width (board setup constraints min width 0.2000 mm; actual 0.1270 mm)
    Rule: netclass 'Default' (diff pair); error
    @(164.0500 mm, 63.1500 mm): Track [CM5_GBE_TD0_N] on F.Cu, length 0.0707 mm
[track_width]: Track width (board setup constraints min width 0.2000 mm; actual 0.1270 mm)
    Rule: netclass 'Default' (diff pair); error
    @(163.9500 mm, 65.0500 mm): Track [CM5_GBE_TD0_N] on F.Cu, length 0.1414 mm
[track_width]: Track width (board setup constraints min width 0.2000 mm; actual 0.1270 mm)
    Rule: netclass 'Default' (diff pair); error
    @(165.1600 mm, 65.3025 mm): Track [CM5_GBE_TD0_N] on F.Cu, length 0.0849 mm
[track_width]: Track width (board setup constraints min width 0.2000 mm; actual 0.1270 mm)
    Rule: netclass 'Default' (diff pair); error
    @(122.6600 mm, 38.0000 mm): Track [CM5_GBE_TD0_N] on F.Cu, length 20.8713 mm
[track_width]: Track width (board setup constraints min width 0.2000 mm; actual 0.1270 mm)
    Rule: netclass 'Default' (diff pair); error
    @(44.0000 mm, 73.0000 mm): Track [CM5_GBE_TD0_N] on F.Cu, length 33.0000 mm
[track_width]: Track width (board setup constraints min width 0.2000 mm; actual 0.1270 mm)
    Rule: netclass 'Default' (diff pair); error
    @(165.1000 mm, 63.3000 mm): Track [CM5_GBE_TD0_N] on F.Cu, length 0.5657 mm
[track_width]: Track width (board setup constraints min width 0.2000 mm; actual 0.1270 mm)
    Rule: netclass 'Default' (diff pair); error
    @(163.8500 mm, 64.3500 mm): Track [CM5_GBE_TD0_N] on F.Cu, length 0.1414 mm
[track_width]: Track width (board setup constraints min width 0.2000 mm; actual 0.1270 mm)
    Rule: netclass 'Default' (diff pair); error
    @(164.4500 mm, 63.6000 mm): Track [CM5_GBE_TD0_N] on F.Cu, length 0.2121 mm
[track_width]: Track width (board setup constraints min width 0.2000 mm; actual 0.1270 mm)
    Rule: netclass 'Default' (diff pair); error
    @(165.1600 mm, 65.4150 mm): Track [CM5_GBE_TD0_N] on F.Cu, length 0.1125 mm
[track_width]: Track width (board setup constraints min width 0.2000 mm; actual 0.1270 mm)
    Rule: netclass 'Default' (diff pair); error
    @(165.1600 mm, 64.0100 mm): Track [CM5_GBE_TD0_N] on F.Cu, length 0.1556 mm
[track_width]: Track width (board setup constraints min width 0.2000 mm; actual 0.1270 mm)
    Rule: netclass 'Default' (diff pair); error
    @(165.1600 mm, 66.0725 mm): Track [CM5_GBE_TD0_N] on F.Cu, length 0.0849 mm
[track_width]: Track width (board setup constraints min width 0.2000 mm; actual 0.1270 mm)
    Rule: netclass 'Default' (diff pair); error
    @(44.0000 mm, 101.9000 mm): Track [CM5_GBE_TD0_N] on B.Cu, length 28.9000 mm
[track_width]: Track width (board setup constraints min width 0.2000 mm; actual 0.1270 mm)
    Rule: netclass 'Default' (diff pair); error
    @(159.5000 mm, 62.9000 mm): Track [CM5_GBE_TD2_P] on F.Cu, length 3.3750 mm
[track_width]: Track width (board setup constraints min width 0.2000 mm; actual 0.1270 mm)
    Rule: netclass 'Default' (diff pair); error
    @(4.0000 mm, 96.0000 mm): Track [CM5_GBE_TD2_P] on F.Cu, length 54.0000 mm
[track_width]: Track width (board setup constraints min width 0.2000 mm; actual 0.1270 mm)
    Rule: netclass 'Default' (diff pair); error
    @(160.2000 mm, 63.3000 mm): Track [CM5_GBE_TD2_P] on F.Cu, length 0.3000 mm
[track_width]: Track width (board setup constraints min width 0.2000 mm; actual 0.1270 mm)
    Rule: netclass 'Default' (diff pair); error
    @(160.6000 mm, 65.6000 mm): Track [CM5_GBE_TD2_P] on F.Cu, length 0.4125 mm
[track_width]: Track width (board setup constraints min width 0.2000 mm; actual 0.1270 mm)
    Rule: netclass 'Default' (diff pair); error
    @(160.6000 mm, 64.8300 mm): Track [CM5_GBE_TD2_P] on F.Cu, length 1.1300 mm
[track_width]: Track width (board setup constraints min width 0.2000 mm; actual 0.1270 mm)
    Rule: netclass 'Default' (diff pair); error
    @(4.0000 mm, 42.0000 mm): Track [CM5_GBE_TD2_P] on F.Cu, length 113.0210 mm
[track_width]: Track width (board setup constraints min width 0.2000 mm; actual 0.1270 mm)
    Rule: netclass 'Default' (diff pair); error
    @(160.6000 mm, 66.0125 mm): Track [CM5_GBE_TD2_P] on F.Cu, length 0.0849 mm
[track_width]: Track width (board setup constraints min width 0.2000 mm; actual 0.1270 mm)
    Rule: netclass 'Default' (diff pair); error
    @(160.6000 mm, 65.2425 mm): Track [CM5_GBE_TD2_P] on F.Cu, length 0.4125 mm
[track_width]: Track width (board setup constraints min width 0.2000 mm; actual 0.1270 mm)
    Rule: netclass 'Default' (diff pair); error
    @(160.6600 mm, 66.9713 mm): Track [CM5_GBE_TD2_P] on F.Cu, length 1.6104 mm
[track_width]: Track width (board setup constraints min width 0.2000 mm; actual 0.1270 mm)
    Rule: netclass 'Default' (diff pair); error
    @(159.9000 mm, 63.3000 mm): Track [CM5_GBE_TD2_P] on F.Cu, length 0.5657 mm
[track_width]: Track width (board setup constraints min width 0.2000 mm; actual 0.1270 mm)
    Rule: netclass 'Default' (diff pair); error
    @(160.6600 mm, 65.3025 mm): Track [CM5_GBE_TD2_P] on F.Cu, length 0.0849 mm
[track_width]: Track width (board setup constraints min width 0.2000 mm; actual 0.1270 mm)
    Rule: netclass 'Default' (diff pair); error
    @(160.6000 mm, 63.7000 mm): Track [CM5_GBE_TD2_P] on F.Cu, length 0.5657 mm
[track_width]: Track width (board setup constraints min width 0.2000 mm; actual 0.1270 mm)
    Rule: netclass 'Default' (diff pair); error
    @(32.9600 mm, 100.7000 mm): Track [CM5_GBE_TD2_P] on F.Cu, length 8.9600 mm
[track_width]: Track width (board setup constraints min width 0.2000 mm; actual 0.1270 mm)
    Rule: netclass 'Default' (diff pair); error
    @(159.5213 mm, 68.1100 mm): Track [CM5_GBE_TD2_P] on F.Cu, length 9.7000 mm
[track_width]: Track width (board setup constraints min width 0.2000 mm; actual 0.1270 mm)
    Rule: netclass 'Default' (diff pair); error
    @(160.6600 mm, 66.0725 mm): Track [CM5_GBE_TD2_P] on F.Cu, length 0.8988 mm
[track_width]: Track width (board setup constraints min width 0.2000 mm; actual 0.1270 mm)
    Rule: netclass 'Default' (diff pair); error
    @(117.0210 mm, 42.0000 mm): Track [CM5_GBE_TD2_P] on F.Cu, length 18.1100 mm
[track_width]: Track width (board setup constraints min width 0.2000 mm; actual 0.1270 mm)
    Rule: netclass 'Default' (diff pair); error
    @(160.6600 mm, 65.4150 mm): Track [CM5_GBE_TD2_P] on F.Cu, length 0.1125 mm
[track_width]: Track width (board setup constraints min width 0.2000 mm; actual 0.1270 mm)
    Rule: netclass 'Default' (diff pair); error
    @(24.0000 mm, 100.7000 mm): Track [CM5_GBE_TD2_P] on B.Cu, length 20.5448 mm
[track_width]: Track width (board setup constraints min width 0.2000 mm; actual 0.1270 mm)
    Rule: netclass 'Default' (diff pair); error
    @(165.5400 mm, 67.0287 mm): Track [CM5_GBE_TD0_P] on F.Cu, length 0.9562 mm
[track_width]: Track width (board setup constraints min width 0.2000 mm; actual 0.1270 mm)
    Rule: netclass 'Default' (diff pair); error
    @(165.6000 mm, 65.2425 mm): Track [CM5_GBE_TD0_P] on F.Cu, length 0.4125 mm
[track_width]: Track width (board setup constraints min width 0.2000 mm; actual 0.1270 mm)
    Rule: netclass 'Default' (diff pair); error
    @(123.0000 mm, 96.0000 mm): Track [CM5_GBE_TD0_P] on F.Cu, length 57.4000 mm
[track_width]: Track width (board setup constraints min width 0.2000 mm; actual 0.1270 mm)
    Rule: netclass 'Default' (diff pair); error
    @(165.5400 mm, 63.5600 mm): Track [CM5_GBE_TD0_P] on F.Cu, length 1.6405 mm
[track_width]: Track width (board setup constraints min width 0.2000 mm; actual 0.1270 mm)
    Rule: netclass 'Default' (diff pair); error
    @(150.4787 mm, 69.3900 mm): Track [CM5_GBE_TD0_P] on F.Cu, length 12.7000 mm
[track_width]: Track width (board setup constraints min width 0.2000 mm; actual 0.1270 mm)
    Rule: netclass 'Default' (diff pair); error
    @(166.7000 mm, 62.4000 mm): Track [CM5_GBE_TD0_P] on F.Cu, length 1.2000 mm
[track_width]: Track width (board setup constraints min width 0.2000 mm; actual 0.1270 mm)
    Rule: netclass 'Default' (diff pair); error
    @(75.5000 mm, 96.0000 mm): Track [CM5_GBE_TD0_P] on F.Cu, length 20.5000 mm
[track_width]: Track width (board setup constraints min width 0.2000 mm; actual 0.1270 mm)
    Rule: netclass 'Default' (diff pair); error
    @(36.0400 mm, 100.7000 mm): Track [CM5_GBE_TD0_P] on F.Cu, length 10.2451 mm
[track_width]: Track width (board setup constraints min width 0.2000 mm; actual 0.1270 mm)
    Rule: netclass 'Default' (diff pair); error
    @(123.0000 mm, 38.6000 mm): Track [CM5_GBE_TD0_P] on F.Cu, length 0.0400 mm
[track_width]: Track width (board setup constraints min width 0.2000 mm; actual 0.1270 mm)
    Rule: netclass 'Default' (diff pair); error
    @(165.6000 mm, 64.8300 mm): Track [CM5_GBE_TD0_P] on F.Cu, length 0.4125 mm
[track_width]: Track width (board setup constraints min width 0.2000 mm; actual 0.1270 mm)
    Rule: netclass 'Default' (diff pair); error
    @(46.0000 mm, 73.5000 mm): Track [CM5_GBE_TD0_P] on F.Cu, length 29.5000 mm
[track_width]: Track width (board setup constraints min width 0.2000 mm; actual 0.1270 mm)
    Rule: netclass 'Default' (diff pair); error
    @(165.5400 mm, 64.3575 mm): Track [CM5_GBE_TD0_P] on F.Cu, length 0.7975 mm
[track_width]: Track width (board setup constraints min width 0.2000 mm; actual 0.1270 mm)
    Rule: netclass 'Default' (diff pair); error
    @(165.6000 mm, 64.4175 mm): Track [CM5_GBE_TD0_P] on F.Cu, length 0.0849 mm
[track_width]: Track width (board setup constraints min width 0.2000 mm; actual 0.1270 mm)
    Rule: netclass 'Default' (diff pair); error
    @(163.2150 mm, 60.7000 mm): Track [CM5_GBE_TD0_P] on F.Cu, length 1.9092 mm
[track_width]: Track width (board setup constraints min width 0.2000 mm; actual 0.1270 mm)
    Rule: netclass 'Default' (diff pair); error
    @(165.6000 mm, 66.0125 mm): Track [CM5_GBE_TD0_P] on F.Cu, length 0.4125 mm
[track_width]: Track width (board setup constraints min width 0.2000 mm; actual 0.1270 mm)
    Rule: netclass 'Default' (diff pair); error
    @(75.5000 mm, 73.5000 mm): Track [CM5_GBE_TD0_P] on F.Cu, length 22.5000 mm
[track_width]: Track width (board setup constraints min width 0.2000 mm; actual 0.1270 mm)
    Rule: netclass 'Default' (diff pair); error
    @(165.5400 mm, 65.4150 mm): Track [CM5_GBE_TD0_P] on F.Cu, length 0.1125 mm
[track_width]: Track width (board setup constraints min width 0.2000 mm; actual 0.1270 mm)
    Rule: netclass 'Default' (diff pair); error
    @(123.0400 mm, 38.6000 mm): Track [CM5_GBE_TD0_P] on F.Cu, length 20.4287 mm
[track_dangling]: Track has unconnected end
    Local override; warning
    @(158.8615 mm, 67.5900 mm): Track [CM5_GBE_TD3_P] on F.Cu, length 9.2828 mm
[track_dangling]: Track has unconnected end
    Local override; warning
    @(116.3620 mm, 40.6000 mm): Track [CM5_GBE_TD3_P] on B.Cu, length 18.9900 mm
[track_dangling]: Track has unconnected end
    Local override; warning
    @(150.8213 mm, 69.9100 mm): Track [CM5_GBE_TD1_P] on F.Cu, length 12.5000 mm
[track_dangling]: Track has unconnected end
    Local override; warning
    @(124.1600 mm, 36.6000 mm): Track [CM5_GBE_TD1_P] on F.Cu, length 21.9713 mm
[track_dangling]: Track has unconnected end
    Local override; warning
    @(124.1600 mm, 36.6000 mm): Track [CM5_GBE_TD1_P] on B.Cu, length 21.9713 mm
[track_dangling]: Track has unconnected end
    Local override; warning
    @(158.7041 mm, 67.2100 mm): Track [CM5_GBE_TD3_N] on F.Cu, length 9.2828 mm
[track_dangling]: Track has unconnected end
    Local override; warning
    @(116.2040 mm, 40.0000 mm): Track [CM5_GBE_TD3_N] on B.Cu, length 19.2100 mm
[track_dangling]: Track has unconnected end
    Local override; warning
    @(167.0400 mm, 66.7287 mm): Track [CM5_GBE_TD1_N] on F.Cu, length 0.6562 mm
[track_dangling]: Track has unconnected end
    Local override; warning
    @(124.5400 mm, 36.0000 mm): Track [CM5_GBE_TD1_N] on F.Cu, length 22.7287 mm
[track_dangling]: Track has unconnected end
    Local override; warning
    @(124.5400 mm, 36.0000 mm): Track [CM5_GBE_TD1_N] on B.Cu, length 22.7287 mm
[track_dangling]: Track has unconnected end
    Local override; warning
    @(159.6787 mm, 68.4900 mm): Track [CM5_GBE_TD2_N] on F.Cu, length 9.7000 mm
[track_dangling]: Track has unconnected end
    Local override; warning
    @(117.1790 mm, 42.6000 mm): Track [CM5_GBE_TD2_N] on F.Cu, length 17.8900 mm
[track_dangling]: Track has unconnected end
    Local override; warning
    @(150.3213 mm, 69.0100 mm): Track [CM5_GBE_TD0_N] on F.Cu, length 12.7000 mm
[via_dangling]: Via is not connected or connected on only one layer
    Local override; warning
    @(122.6600 mm, 38.0000 mm): Via [CM5_GBE_TD0_N] on F.Cu - B.Cu
[track_dangling]: Track has unconnected end
    Local override; warning
    @(159.5213 mm, 68.1100 mm): Track [CM5_GBE_TD2_P] on F.Cu, length 9.7000 mm
[track_dangling]: Track has unconnected end
    Local override; warning
    @(117.0210 mm, 42.0000 mm): Track [CM5_GBE_TD2_P] on F.Cu, length 18.1100 mm
[track_dangling]: Track has unconnected end
    Local override; warning
    @(150.4787 mm, 69.3900 mm): Track [CM5_GBE_TD0_P] on F.Cu, length 12.7000 mm
[via_dangling]: Via is not connected or connected on only one layer
    Local override; warning
    @(123.0400 mm, 38.6000 mm): Via [CM5_GBE_TD0_P] on F.Cu - B.Cu
[lib_footprint_mismatch]: Footprint 'C_0402_1005Metric' does not match copy in library 'Capacitor_SMD'
    Local override; warning
    @(182.0000 mm, 44.0000 mm): Footprint C1
[lib_footprint_mismatch]: Footprint 'PinHeader_2x02_P2.54mm_Vertical' does not match copy in library 'Connector_PinHeader_2.54mm'
    Local override; warning
    @(173.7300 mm, 51.7300 mm): Footprint J9
[silk_overlap]: Silkscreen clearance
    Rule: board setup constraints silk; warning
    @(163.3000 mm, 65.2300 mm): Reference field of U6
    @(162.9000 mm, 65.2333 mm): Reference field of U9
[silk_overlap]: Silkscreen clearance
    Rule: board setup constraints silk; warning
    @(162.9000 mm, 65.2333 mm): Reference field of U9
    @(162.5000 mm, 64.4500 mm): Reference field of J2
[silk_overlap]: Silkscreen clearance
    Rule: board setup constraints silk; warning
    @(163.3000 mm, 65.2300 mm): Reference field of U6
    @(162.5000 mm, 64.4500 mm): Reference field of J2

** Found 78 unconnected pads **
[unconnected_items]: Missing connection between items
    Local override; error
    @(159.3250 mm, 55.5600 mm): PTH pad 13 [ETH_CT_COMMON] of J2
    @(156.7850 mm, 56.8300 mm): PTH pad 14 [ETH_CT_COMMON] of J2
[unconnected_items]: Missing connection between items
    Local override; error
    @(159.3250 mm, 55.5600 mm): PTH pad 13 [ETH_CT_COMMON] of J2
    @(164.4050 mm, 59.3500 mm): PTH pad 4 [ETH_CT_COMMON] of J2
[unconnected_items]: Missing connection between items
    Local override; error
    @(163.1350 mm, 61.8900 mm): PTH pad 5 [ETH_CT_COMMON] of J2
    @(164.4050 mm, 59.3500 mm): PTH pad 4 [ETH_CT_COMMON] of J2
[unconnected_items]: Missing connection between items
    Local override; error
    @(164.4050 mm, 59.3500 mm): PTH pad 4 [ETH_CT_COMMON] of J2
    @(165.6750 mm, 55.5600 mm): PTH pad 12 [ETH_CT_COMMON] of J2
[unconnected_items]: Missing connection between items
    Local override; error
    @(165.6750 mm, 55.5600 mm): PTH pad 12 [ETH_CT_COMMON] of J2
    @(168.2150 mm, 56.8300 mm): PTH pad 11 [ETH_CT_COMMON] of J2
[unconnected_items]: Missing connection between items
    Local override; error
    @(168.2150 mm, 56.8300 mm): PTH pad 11 [ETH_CT_COMMON] of J2
    @(173.7300 mm, 54.2700 mm): PTH pad 3 [ETH_CT_COMMON] of J9
[unconnected_items]: Missing connection between items
    Local override; error
    @(173.7300 mm, 51.7300 mm): PTH pad 1 [ETH_CT_COMMON] of J9
    @(173.7300 mm, 54.2700 mm): PTH pad 3 [ETH_CT_COMMON] of J9
[unconnected_items]: Missing connection between items
    Local override; error
    @(176.2700 mm, 51.7300 mm): PTH pad 2 [ETH_CT_COMMON] of J9
    @(176.2700 mm, 54.2700 mm): PTH pad 4 [ETH_CT_COMMON] of J9
[unconnected_items]: Missing connection between items
    Local override; error
    @(176.2700 mm, 51.7300 mm): PTH pad 2 [ETH_CT_COMMON] of J9
    @(173.7300 mm, 51.7300 mm): PTH pad 1 [ETH_CT_COMMON] of J9
[unconnected_items]: Missing connection between items
    Local override; error
    @(182.0000 mm, 44.4800 mm): Pad 1 [ETH_CT_COMMON] of C1 on F.Cu
    @(176.2700 mm, 51.7300 mm): PTH pad 2 [ETH_CT_COMMON] of J9
[unconnected_items]: Missing connection between items
    Local override; error
    @(160.1000 mm, 64.8300 mm): Pad 3 [ETH_GND] of U9 on F.Cu
    @(160.1000 mm, 65.6000 mm): Pad 8 [ETH_GND] of U9 on F.Cu
[unconnected_items]: Missing connection between items
    Local override; error
    @(166.1000 mm, 64.8300 mm): Pad 3 [ETH_GND] of U6 on F.Cu
    @(160.1000 mm, 64.8300 mm): Pad 3 [ETH_GND] of U9 on F.Cu
[unconnected_items]: Missing connection between items
    Local override; error
    @(166.1000 mm, 64.8300 mm): Pad 3 [ETH_GND] of U6 on F.Cu
    @(182.0000 mm, 43.5200 mm): Pad 2 [ETH_GND] of C1 on F.Cu
[unconnected_items]: Missing connection between items
    Local override; error
    @(166.1000 mm, 65.6000 mm): Pad 8 [ETH_GND] of U6 on F.Cu
    @(166.1000 mm, 64.8300 mm): Pad 3 [ETH_GND] of U6 on F.Cu
[unconnected_items]: Missing connection between items
    Local override; error
    @(159.6787 mm, 68.4900 mm): Track [CM5_GBE_TD2_N] on F.Cu, length 9.7000 mm
    @(117.1790 mm, 42.6000 mm): Track [CM5_GBE_TD2_N] on F.Cu, length 17.8900 mm
[unconnected_items]: Missing connection between items
    Local override; error
    @(159.5213 mm, 68.1100 mm): Track [CM5_GBE_TD2_P] on F.Cu, length 9.7000 mm
    @(117.0210 mm, 42.0000 mm): Track [CM5_GBE_TD2_P] on F.Cu, length 18.1100 mm
[unconnected_items]: Missing connection between items
    Local override; error
    @(116.3620 mm, 40.6000 mm): Track [CM5_GBE_TD3_P] on B.Cu, length 18.9900 mm
    @(158.8615 mm, 67.5900 mm): Track [CM5_GBE_TD3_P] on F.Cu, length 9.2828 mm
[unconnected_items]: Missing connection between items
    Local override; error
    @(116.2040 mm, 40.0000 mm): Track [CM5_GBE_TD3_N] on B.Cu, length 19.2100 mm
    @(158.7041 mm, 67.2100 mm): Track [CM5_GBE_TD3_N] on F.Cu, length 9.2828 mm
[unconnected_items]: Missing connection between items
    Local override; error
    @(167.0400 mm, 63.9100 mm): Track [CM5_GBE_TD1_N] on F.Cu, length 0.1556 mm
    @(124.5400 mm, 36.0000 mm): Track [CM5_GBE_TD1_N] on B.Cu, length 22.7287 mm
[unconnected_items]: Missing connection between items
    Local override; error
    @(124.1600 mm, 36.6000 mm): Track [CM5_GBE_TD1_P] on B.Cu, length 21.9713 mm
    @(150.8213 mm, 69.9100 mm): Track [CM5_GBE_TD1_P] on F.Cu, length 12.5000 mm
[unconnected_items]: Missing connection between items
    Local override; error
    @(150.4787 mm, 69.3900 mm): Track [CM5_GBE_TD0_P] on F.Cu, length 12.7000 mm
    @(123.0400 mm, 38.6000 mm): Track [CM5_GBE_TD0_P] on F.Cu, length 20.4287 mm
[unconnected_items]: Missing connection between items
    Local override; error
    @(150.3213 mm, 69.0100 mm): Track [CM5_GBE_TD0_N] on F.Cu, length 12.7000 mm
    @(122.6600 mm, 38.0000 mm): Track [CM5_GBE_TD0_N] on F.Cu, length 20.8713 mm
[unconnected_items]: Missing connection between items
    Local override; error
    @(154.6250 mm, 56.0500 mm): PTH pad 20 [GBE_SHIELD] of J2
    @(170.3750 mm, 56.0500 mm): PTH pad 19 [GBE_SHIELD] of J2
[unconnected_items]: Missing connection between items
    Local override; error
    @(32.9600 mm, 98.7000 mm): Pad 1 [/CORE_CM5/POWER_GND] of J7 on F.Cu
    @(32.9600 mm, 99.9000 mm): Pad 7 [/CORE_CM5/POWER_GND] of J7 on F.Cu
[unconnected_items]: Missing connection between items
    Local override; error
    @(32.9600 mm, 99.9000 mm): Pad 7 [/CORE_CM5/POWER_GND] of J7 on F.Cu
    @(32.9600 mm, 101.1000 mm): Pad 13 [/CORE_CM5/POWER_GND] of J7 on F.Cu
[unconnected_items]: Missing connection between items
    Local override; error
    @(32.9600 mm, 101.1000 mm): Pad 13 [/CORE_CM5/POWER_GND] of J7 on F.Cu
    @(32.9600 mm, 103.1000 mm): Pad 23 [/CORE_CM5/POWER_GND] of J7 on F.Cu
[unconnected_items]: Missing connection between items
    Local override; error
    @(32.9600 mm, 103.1000 mm): Pad 23 [/CORE_CM5/POWER_GND] of J7 on F.Cu
    @(32.9600 mm, 105.1000 mm): Pad 33 [/CORE_CM5/POWER_GND] of J7 on F.Cu
[unconnected_items]: Missing connection between items
    Local override; error
    @(32.9600 mm, 105.1000 mm): Pad 33 [/CORE_CM5/POWER_GND] of J7 on F.Cu
    @(32.9600 mm, 107.1000 mm): Pad 43 [/CORE_CM5/POWER_GND] of J7 on F.Cu
[unconnected_items]: Missing connection between items
    Local override; error
    @(32.9600 mm, 107.1000 mm): Pad 43 [/CORE_CM5/POWER_GND] of J7 on F.Cu
    @(32.9600 mm, 109.1000 mm): Pad 53 [/CORE_CM5/POWER_GND] of J7 on F.Cu
[unconnected_items]: Missing connection between items
    Local override; error
    @(32.9600 mm, 109.1000 mm): Pad 53 [/CORE_CM5/POWER_GND] of J7 on F.Cu
    @(32.9600 mm, 110.3000 mm): Pad 59 [/CORE_CM5/POWER_GND] of J7 on F.Cu
[unconnected_items]: Missing connection between items
    Local override; error
    @(32.9600 mm, 110.3000 mm): Pad 59 [/CORE_CM5/POWER_GND] of J7 on F.Cu
    @(32.9600 mm, 111.5000 mm): Pad 65 [/CORE_CM5/POWER_GND] of J7 on F.Cu
[unconnected_items]: Missing connection between items
    Local override; error
    @(32.9600 mm, 111.5000 mm): Pad 65 [/CORE_CM5/POWER_GND] of J7 on F.Cu
    @(32.9600 mm, 112.7000 mm): Pad 71 [/CORE_CM5/POWER_GND] of J7 on F.Cu
[unconnected_items]: Missing connection between items
    Local override; error
    @(36.0400 mm, 99.9000 mm): Pad 8 [/CORE_CM5/POWER_GND] of J7 on F.Cu
    @(36.0400 mm, 98.7000 mm): Pad 2 [/CORE_CM5/POWER_GND] of J7 on F.Cu
[unconnected_items]: Missing connection between items
    Local override; error
    @(36.0400 mm, 101.1000 mm): Pad 14 [/CORE_CM5/POWER_GND] of J7 on F.Cu
    @(36.0400 mm, 99.9000 mm): Pad 8 [/CORE_CM5/POWER_GND] of J7 on F.Cu
[unconnected_items]: Missing connection between items
    Local override; error
    @(36.0400 mm, 101.1000 mm): Pad 14 [/CORE_CM5/POWER_GND] of J7 on F.Cu
    @(36.0400 mm, 102.7000 mm): Pad 22 [/CORE_CM5/POWER_GND] of J7 on F.Cu
[unconnected_items]: Missing connection between items
    Local override; error
    @(36.0400 mm, 102.7000 mm): Pad 22 [/CORE_CM5/POWER_GND] of J7 on F.Cu
    @(36.0400 mm, 104.7000 mm): Pad 32 [/CORE_CM5/POWER_GND] of J7 on F.Cu
[unconnected_items]: Missing connection between items
    Local override; error
    @(36.0400 mm, 104.7000 mm): Pad 32 [/CORE_CM5/POWER_GND] of J7 on F.Cu
    @(36.0400 mm, 106.7000 mm): Pad 42 [/CORE_CM5/POWER_GND] of J7 on F.Cu
[unconnected_items]: Missing connection between items
    Local override; error
    @(36.0400 mm, 106.7000 mm): Pad 42 [/CORE_CM5/POWER_GND] of J7 on F.Cu
    @(36.0400 mm, 108.7000 mm): Pad 52 [/CORE_CM5/POWER_GND] of J7 on F.Cu
[unconnected_items]: Missing connection between items
    Local override; error
    @(36.0400 mm, 110.3000 mm): Pad 60 [/CORE_CM5/POWER_GND] of J7 on F.Cu
    @(36.0400 mm, 111.5000 mm): Pad 66 [/CORE_CM5/POWER_GND] of J7 on F.Cu
[unconnected_items]: Missing connection between items
    Local override; error
    @(36.0400 mm, 110.3000 mm): Pad 60 [/CORE_CM5/POWER_GND] of J7 on F.Cu
    @(36.0400 mm, 108.7000 mm): Pad 52 [/CORE_CM5/POWER_GND] of J7 on F.Cu
[unconnected_items]: Missing connection between items
    Local override; error
    @(36.0400 mm, 111.5000 mm): Pad 66 [/CORE_CM5/POWER_GND] of J7 on F.Cu
    @(36.0400 mm, 113.1000 mm): Pad 74 [/CORE_CM5/POWER_GND] of J7 on F.Cu
[unconnected_items]: Missing connection between items
    Local override; error
    @(36.0400 mm, 111.5000 mm): Pad 66 [/CORE_CM5/POWER_GND] of J7 on F.Cu
    @(32.9600 mm, 111.5000 mm): Pad 65 [/CORE_CM5/POWER_GND] of J7 on F.Cu
[unconnected_items]: Missing connection between items
    Local override; error
    @(36.0400 mm, 117.9000 mm): Pad 98 [/CORE_CM5/POWER_GND] of J7 on F.Cu
    @(36.0400 mm, 113.1000 mm): Pad 74 [/CORE_CM5/POWER_GND] of J7 on F.Cu
[unconnected_items]: Missing connection between items
    Local override; error
    @(66.9600 mm, 101.1000 mm): Pad 113 [/CORE_CM5/POWER_GND] of J7 on F.Cu
    @(66.9600 mm, 99.9000 mm): Pad 107 [/CORE_CM5/POWER_GND] of J7 on F.Cu
[unconnected_items]: Missing connection between items
    Local override; error
    @(66.9600 mm, 102.3000 mm): Pad 119 [/CORE_CM5/POWER_GND] of J7 on F.Cu
    @(66.9600 mm, 101.1000 mm): Pad 113 [/CORE_CM5/POWER_GND] of J7 on F.Cu
[unconnected_items]: Missing connection between items
    Local override; error
    @(66.9600 mm, 103.5000 mm): Pad 125 [/CORE_CM5/POWER_GND] of J7 on F.Cu
    @(66.9600 mm, 102.3000 mm): Pad 119 [/CORE_CM5/POWER_GND] of J7 on F.Cu
[unconnected_items]: Missing connection between items
    Local override; error
    @(66.9600 mm, 104.7000 mm): Pad 131 [/CORE_CM5/POWER_GND] of J7 on F.Cu
    @(66.9600 mm, 103.5000 mm): Pad 125 [/CORE_CM5/POWER_GND] of J7 on F.Cu
[unconnected_items]: Missing connection between items
    Local override; error
    @(66.9600 mm, 104.7000 mm): Pad 131 [/CORE_CM5/POWER_GND] of J7 on F.Cu
    @(66.9600 mm, 105.9000 mm): Pad 137 [/CORE_CM5/POWER_GND] of J7 on F.Cu
[unconnected_items]: Missing connection between items
    Local override; error
    @(66.9600 mm, 104.7000 mm): Pad 131 [/CORE_CM5/POWER_GND] of J7 on F.Cu
    @(36.0400 mm, 104.7000 mm): Pad 32 [/CORE_CM5/POWER_GND] of J7 on F.Cu
[unconnected_items]: Missing connection between items
    Local override; error
    @(66.9600 mm, 105.9000 mm): Pad 137 [/CORE_CM5/POWER_GND] of J7 on F.Cu
    @(70.0400 mm, 105.9000 mm): Pad 138 [/CORE_CM5/POWER_GND] of J7 on F.Cu
[unconnected_items]: Missing connection between items
    Local override; error
    @(66.9600 mm, 110.7000 mm): Pad 161 [/CORE_CM5/POWER_GND] of J7 on F.Cu
    @(66.9600 mm, 109.5000 mm): Pad 155 [/CORE_CM5/POWER_GND] of J7 on F.Cu
[unconnected_items]: Missing connection between items
    Local override; error
    @(66.9600 mm, 110.7000 mm): Pad 161 [/CORE_CM5/POWER_GND] of J7 on F.Cu
    @(66.9600 mm, 111.9000 mm): Pad 167 [/CORE_CM5/POWER_GND] of J7 on F.Cu
[unconnected_items]: Missing connection between items
    Local override; error
    @(66.9600 mm, 111.9000 mm): Pad 167 [/CORE_CM5/POWER_GND] of J7 on F.Cu
    @(66.9600 mm, 113.1000 mm): Pad 173 [/CORE_CM5/POWER_GND] of J7 on F.Cu
[unconnected_items]: Missing connection between items
    Local override; error
    @(66.9600 mm, 113.1000 mm): Pad 173 [/CORE_CM5/POWER_GND] of J7 on F.Cu
    @(66.9600 mm, 114.3000 mm): Pad 179 [/CORE_CM5/POWER_GND] of J7 on F.Cu
[unconnected_items]: Missing connection between items
    Local override; error
    @(66.9600 mm, 115.5000 mm): Pad 185 [/CORE_CM5/POWER_GND] of J7 on F.Cu
    @(66.9600 mm, 114.3000 mm): Pad 179 [/CORE_CM5/POWER_GND] of J7 on F.Cu
[unconnected_items]: Missing connection between items
    Local override; error
    @(66.9600 mm, 116.7000 mm): Pad 191 [/CORE_CM5/POWER_GND] of J7 on F.Cu
    @(66.9600 mm, 115.5000 mm): Pad 185 [/CORE_CM5/POWER_GND] of J7 on F.Cu
[unconnected_items]: Missing connection between items
    Local override; error
    @(66.9600 mm, 117.9000 mm): Pad 197 [/CORE_CM5/POWER_GND] of J7 on F.Cu
    @(66.9600 mm, 116.7000 mm): Pad 191 [/CORE_CM5/POWER_GND] of J7 on F.Cu
[unconnected_items]: Missing connection between items
    Local override; error
    @(70.0400 mm, 101.1000 mm): Pad 114 [/CORE_CM5/POWER_GND] of J7 on F.Cu
    @(70.0400 mm, 99.9000 mm): Pad 108 [/CORE_CM5/POWER_GND] of J7 on F.Cu
[unconnected_items]: Missing connection between items
    Local override; error
    @(70.0400 mm, 102.3000 mm): Pad 120 [/CORE_CM5/POWER_GND] of J7 on F.Cu
    @(70.0400 mm, 101.1000 mm): Pad 114 [/CORE_CM5/POWER_GND] of J7 on F.Cu
[unconnected_items]: Missing connection between items
    Local override; error
    @(70.0400 mm, 103.5000 mm): Pad 126 [/CORE_CM5/POWER_GND] of J7 on F.Cu
    @(70.0400 mm, 102.3000 mm): Pad 120 [/CORE_CM5/POWER_GND] of J7 on F.Cu
[unconnected_items]: Missing connection between items
    Local override; error
    @(70.0400 mm, 104.7000 mm): Pad 132 [/CORE_CM5/POWER_GND] of J7 on F.Cu
    @(70.0400 mm, 103.5000 mm): Pad 126 [/CORE_CM5/POWER_GND] of J7 on F.Cu
[unconnected_items]: Missing connection between items
    Local override; error
    @(70.0400 mm, 105.9000 mm): Pad 138 [/CORE_CM5/POWER_GND] of J7 on F.Cu
    @(70.0400 mm, 104.7000 mm): Pad 132 [/CORE_CM5/POWER_GND] of J7 on F.Cu
[unconnected_items]: Missing connection between items
    Local override; error
    @(70.0400 mm, 107.1000 mm): Pad 144 [/CORE_CM5/POWER_GND] of J7 on F.Cu
    @(70.0400 mm, 105.9000 mm): Pad 138 [/CORE_CM5/POWER_GND] of J7 on F.Cu
[unconnected_items]: Missing connection between items
    Local override; error
    @(70.0400 mm, 108.3000 mm): Pad 150 [/CORE_CM5/POWER_GND] of J7 on F.Cu
    @(70.0400 mm, 107.1000 mm): Pad 144 [/CORE_CM5/POWER_GND] of J7 on F.Cu
[unconnected_items]: Missing connection between items
    Local override; error
    @(70.0400 mm, 109.5000 mm): Pad 156 [/CORE_CM5/POWER_GND] of J7 on F.Cu
    @(70.0400 mm, 108.3000 mm): Pad 150 [/CORE_CM5/POWER_GND] of J7 on F.Cu
[unconnected_items]: Missing connection between items
    Local override; error
    @(70.0400 mm, 110.7000 mm): Pad 162 [/CORE_CM5/POWER_GND] of J7 on F.Cu
    @(70.0400 mm, 109.5000 mm): Pad 156 [/CORE_CM5/POWER_GND] of J7 on F.Cu
[unconnected_items]: Missing connection between items
    Local override; error
    @(70.0400 mm, 111.9000 mm): Pad 168 [/CORE_CM5/POWER_GND] of J7 on F.Cu
    @(70.0400 mm, 110.7000 mm): Pad 162 [/CORE_CM5/POWER_GND] of J7 on F.Cu
[unconnected_items]: Missing connection between items
    Local override; error
    @(70.0400 mm, 113.1000 mm): Pad 174 [/CORE_CM5/POWER_GND] of J7 on F.Cu
    @(70.0400 mm, 111.9000 mm): Pad 168 [/CORE_CM5/POWER_GND] of J7 on F.Cu
[unconnected_items]: Missing connection between items
    Local override; error
    @(70.0400 mm, 114.3000 mm): Pad 180 [/CORE_CM5/POWER_GND] of J7 on F.Cu
    @(70.0400 mm, 113.1000 mm): Pad 174 [/CORE_CM5/POWER_GND] of J7 on F.Cu
[unconnected_items]: Missing connection between items
    Local override; error
    @(70.0400 mm, 115.5000 mm): Pad 186 [/CORE_CM5/POWER_GND] of J7 on F.Cu
    @(70.0400 mm, 114.3000 mm): Pad 180 [/CORE_CM5/POWER_GND] of J7 on F.Cu
[unconnected_items]: Missing connection between items
    Local override; error
    @(70.0400 mm, 116.7000 mm): Pad 192 [/CORE_CM5/POWER_GND] of J7 on F.Cu
    @(70.0400 mm, 115.5000 mm): Pad 186 [/CORE_CM5/POWER_GND] of J7 on F.Cu
[unconnected_items]: Missing connection between items
    Local override; error
    @(70.0400 mm, 116.7000 mm): Pad 192 [/CORE_CM5/POWER_GND] of J7 on F.Cu
    @(66.9600 mm, 116.7000 mm): Pad 191 [/CORE_CM5/POWER_GND] of J7 on F.Cu
[unconnected_items]: Missing connection between items
    Local override; error
    @(70.0400 mm, 117.9000 mm): Pad 198 [/CORE_CM5/POWER_GND] of J7 on F.Cu
    @(70.0400 mm, 116.7000 mm): Pad 192 [/CORE_CM5/POWER_GND] of J7 on F.Cu
[unconnected_items]: Missing connection between items
    Local override; error
    @(32.9600 mm, 113.9000 mm): Pad 77 [/CORE_CM5/CM5_5V] of J7 on F.Cu
    @(32.9600 mm, 114.3000 mm): Pad 79 [/CORE_CM5/CM5_5V] of J7 on F.Cu
[unconnected_items]: Missing connection between items
    Local override; error
    @(32.9600 mm, 114.3000 mm): Pad 79 [/CORE_CM5/CM5_5V] of J7 on F.Cu
    @(32.9600 mm, 114.7000 mm): Pad 81 [/CORE_CM5/CM5_5V] of J7 on F.Cu
[unconnected_items]: Missing connection between items
    Local override; error
    @(32.9600 mm, 114.7000 mm): Pad 81 [/CORE_CM5/CM5_5V] of J7 on F.Cu
    @(32.9600 mm, 115.1000 mm): Pad 83 [/CORE_CM5/CM5_5V] of J7 on F.Cu
[unconnected_items]: Missing connection between items
    Local override; error
    @(32.9600 mm, 115.1000 mm): Pad 83 [/CORE_CM5/CM5_5V] of J7 on F.Cu
    @(32.9600 mm, 115.5000 mm): Pad 85 [/CORE_CM5/CM5_5V] of J7 on F.Cu
[unconnected_items]: Missing connection between items
    Local override; error
    @(32.9600 mm, 115.5000 mm): Pad 85 [/CORE_CM5/CM5_5V] of J7 on F.Cu
    @(32.9600 mm, 115.9000 mm): Pad 87 [/CORE_CM5/CM5_5V] of J7 on F.Cu

** Found 0 Footprint errors **

** Ignored checks **
    - Footprint has no courtyard defined
    - Track endpoint not centered on via
    - Tuning profile track geometries
    - Footprint doesn't match symbol's footprint filters
    - Footprint component type doesn't match footprint pads

** End of Report **
