** Drc report for CM5IO_J7_LAUNCH_FIXTURE.kicad_pcb **
** Created on 2026-09-03T18:28:21 **
** Report includes: Errors, Warnings **

** Found 32 DRC violations **
[track_width]: Track width (board setup constraints min width 0.2000 mm; actual 0.1270 mm)
    Rule: netclass 'Default' (diff pair); error
    @(32.9600 mm, 99.1000 mm): Track [CM5_GBE_TD3_P] on B.Cu, length 24.6976 mm
[track_width]: Track width (board setup constraints min width 0.2000 mm; actual 0.1270 mm)
    Rule: netclass 'Default' (diff pair); error
    @(40.0000 mm, 72.0000 mm): Track [CM5_GBE_TD1_P] on F.Cu, length 40.0000 mm
[track_width]: Track width (board setup constraints min width 0.2000 mm; actual 0.1270 mm)
    Rule: netclass 'Default' (diff pair); error
    @(80.0000 mm, 90.0000 mm): Track [CM5_GBE_TD1_P] on F.Cu, length 10.0000 mm
[track_width]: Track width (board setup constraints min width 0.2000 mm; actual 0.1270 mm)
    Rule: netclass 'Default' (diff pair); error
    @(40.0000 mm, 97.5000 mm): Track [CM5_GBE_TD1_P] on F.Cu, length 25.5000 mm
[track_width]: Track width (board setup constraints min width 0.2000 mm; actual 0.1270 mm)
    Rule: netclass 'Default' (diff pair); error
    @(80.0000 mm, 72.0000 mm): Track [CM5_GBE_TD1_P] on F.Cu, length 18.0000 mm
[track_width]: Track width (board setup constraints min width 0.2000 mm; actual 0.1270 mm)
    Rule: netclass 'Default' (diff pair); error
    @(36.0400 mm, 99.1000 mm): Track [CM5_GBE_TD1_P] on B.Cu, length 4.2710 mm
[track_width]: Track width (board setup constraints min width 0.2000 mm; actual 0.1270 mm)
    Rule: netclass 'Default' (diff pair); error
    @(32.9600 mm, 99.5000 mm): Track [CM5_GBE_TD3_N] on B.Cu, length 22.2614 mm
[track_width]: Track width (board setup constraints min width 0.2000 mm; actual 0.1270 mm)
    Rule: netclass 'Default' (diff pair); error
    @(42.0000 mm, 72.5000 mm): Track [CM5_GBE_TD1_N] on F.Cu, length 36.5000 mm
[track_width]: Track width (board setup constraints min width 0.2000 mm; actual 0.1270 mm)
    Rule: netclass 'Default' (diff pair); error
    @(78.5000 mm, 92.0000 mm): Track [CM5_GBE_TD1_N] on F.Cu, length 13.5000 mm
[track_width]: Track width (board setup constraints min width 0.2000 mm; actual 0.1270 mm)
    Rule: netclass 'Default' (diff pair); error
    @(78.5000 mm, 72.5000 mm): Track [CM5_GBE_TD1_N] on F.Cu, length 19.5000 mm
[track_width]: Track width (board setup constraints min width 0.2000 mm; actual 0.1270 mm)
    Rule: netclass 'Default' (diff pair); error
    @(42.0000 mm, 100.3000 mm): Track [CM5_GBE_TD1_N] on F.Cu, length 27.8000 mm
[track_width]: Track width (board setup constraints min width 0.2000 mm; actual 0.1270 mm)
    Rule: netclass 'Default' (diff pair); error
    @(36.0400 mm, 99.5000 mm): Track [CM5_GBE_TD1_N] on B.Cu, length 6.0135 mm
[track_width]: Track width (board setup constraints min width 0.2000 mm; actual 0.1270 mm)
    Rule: netclass 'Default' (diff pair); error
    @(32.9600 mm, 100.3000 mm): Track [CM5_GBE_TD2_N] on B.Cu, length 19.9793 mm
[track_width]: Track width (board setup constraints min width 0.2000 mm; actual 0.1270 mm)
    Rule: netclass 'Default' (diff pair); error
    @(77.0000 mm, 94.0000 mm): Track [CM5_GBE_TD0_N] on F.Cu, length 17.0000 mm
[track_width]: Track width (board setup constraints min width 0.2000 mm; actual 0.1270 mm)
    Rule: netclass 'Default' (diff pair); error
    @(77.0000 mm, 73.0000 mm): Track [CM5_GBE_TD0_N] on F.Cu, length 21.0000 mm
[track_width]: Track width (board setup constraints min width 0.2000 mm; actual 0.1270 mm)
    Rule: netclass 'Default' (diff pair); error
    @(44.0000 mm, 101.9000 mm): Track [CM5_GBE_TD0_N] on F.Cu, length 28.9000 mm
[track_width]: Track width (board setup constraints min width 0.2000 mm; actual 0.1270 mm)
    Rule: netclass 'Default' (diff pair); error
    @(44.0000 mm, 73.0000 mm): Track [CM5_GBE_TD0_N] on F.Cu, length 33.0000 mm
[track_width]: Track width (board setup constraints min width 0.2000 mm; actual 0.1270 mm)
    Rule: netclass 'Default' (diff pair); error
    @(36.0400 mm, 100.3000 mm): Track [CM5_GBE_TD0_N] on B.Cu, length 8.1192 mm
[track_width]: Track width (board setup constraints min width 0.2000 mm; actual 0.1270 mm)
    Rule: netclass 'Default' (diff pair); error
    @(32.9600 mm, 100.7000 mm): Track [CM5_GBE_TD2_P] on B.Cu, length 17.5992 mm
[track_width]: Track width (board setup constraints min width 0.2000 mm; actual 0.1270 mm)
    Rule: netclass 'Default' (diff pair); error
    @(75.5000 mm, 96.0000 mm): Track [CM5_GBE_TD0_P] on F.Cu, length 20.5000 mm
[track_width]: Track width (board setup constraints min width 0.2000 mm; actual 0.1270 mm)
    Rule: netclass 'Default' (diff pair); error
    @(46.0000 mm, 103.1000 mm): Track [CM5_GBE_TD0_P] on F.Cu, length 29.6000 mm
[track_width]: Track width (board setup constraints min width 0.2000 mm; actual 0.1270 mm)
    Rule: netclass 'Default' (diff pair); error
    @(75.5000 mm, 73.5000 mm): Track [CM5_GBE_TD0_P] on F.Cu, length 22.5000 mm
[track_width]: Track width (board setup constraints min width 0.2000 mm; actual 0.1270 mm)
    Rule: netclass 'Default' (diff pair); error
    @(46.0000 mm, 73.5000 mm): Track [CM5_GBE_TD0_P] on F.Cu, length 29.5000 mm
[track_width]: Track width (board setup constraints min width 0.2000 mm; actual 0.1270 mm)
    Rule: netclass 'Default' (diff pair); error
    @(36.0400 mm, 100.7000 mm): Track [CM5_GBE_TD0_P] on B.Cu, length 10.2451 mm
[track_dangling]: Track has unconnected end
    Local override; warning
    @(32.9600 mm, 99.1000 mm): Track [CM5_GBE_TD3_P] on B.Cu, length 24.6976 mm
[track_dangling]: Track has unconnected end
    Local override; warning
    @(36.0400 mm, 99.1000 mm): Track [CM5_GBE_TD1_P] on B.Cu, length 4.2710 mm
[track_dangling]: Track has unconnected end
    Local override; warning
    @(32.9600 mm, 99.5000 mm): Track [CM5_GBE_TD3_N] on B.Cu, length 22.2614 mm
[track_dangling]: Track has unconnected end
    Local override; warning
    @(36.0400 mm, 99.5000 mm): Track [CM5_GBE_TD1_N] on B.Cu, length 6.0135 mm
[track_dangling]: Track has unconnected end
    Local override; warning
    @(32.9600 mm, 100.3000 mm): Track [CM5_GBE_TD2_N] on B.Cu, length 19.9793 mm
[track_dangling]: Track has unconnected end
    Local override; warning
    @(36.0400 mm, 100.3000 mm): Track [CM5_GBE_TD0_N] on B.Cu, length 8.1192 mm
[track_dangling]: Track has unconnected end
    Local override; warning
    @(32.9600 mm, 100.7000 mm): Track [CM5_GBE_TD2_P] on B.Cu, length 17.5992 mm
[track_dangling]: Track has unconnected end
    Local override; warning
    @(36.0400 mm, 100.7000 mm): Track [CM5_GBE_TD0_P] on B.Cu, length 10.2451 mm

** Found 63 unconnected pads **
[unconnected_items]: Missing connection between items
    Local override; error
    @(32.9600 mm, 99.1000 mm): Track [CM5_GBE_TD3_P] on B.Cu, length 24.6976 mm
    @(32.9600 mm, 99.1000 mm): Pad 3 [CM5_GBE_TD3_P] of J7 on F.Cu
[unconnected_items]: Missing connection between items
    Local override; error
    @(36.0400 mm, 99.1000 mm): Track [CM5_GBE_TD1_P] on B.Cu, length 4.2710 mm
    @(36.0400 mm, 99.1000 mm): Pad 4 [CM5_GBE_TD1_P] of J7 on F.Cu
[unconnected_items]: Missing connection between items
    Local override; error
    @(32.9600 mm, 99.5000 mm): Track [CM5_GBE_TD3_N] on B.Cu, length 22.2614 mm
    @(32.9600 mm, 99.5000 mm): Pad 5 [CM5_GBE_TD3_N] of J7 on F.Cu
[unconnected_items]: Missing connection between items
    Local override; error
    @(36.0400 mm, 99.5000 mm): Track [CM5_GBE_TD1_N] on B.Cu, length 6.0135 mm
    @(36.0400 mm, 99.5000 mm): Pad 6 [CM5_GBE_TD1_N] of J7 on F.Cu
[unconnected_items]: Missing connection between items
    Local override; error
    @(32.9600 mm, 100.3000 mm): Track [CM5_GBE_TD2_N] on B.Cu, length 19.9793 mm
    @(32.9600 mm, 100.3000 mm): Pad 9 [CM5_GBE_TD2_N] of J7 on F.Cu
[unconnected_items]: Missing connection between items
    Local override; error
    @(36.0400 mm, 100.3000 mm): Track [CM5_GBE_TD0_N] on B.Cu, length 8.1192 mm
    @(36.0400 mm, 100.3000 mm): Pad 10 [CM5_GBE_TD0_N] of J7 on F.Cu
[unconnected_items]: Missing connection between items
    Local override; error
    @(32.9600 mm, 100.7000 mm): Track [CM5_GBE_TD2_P] on B.Cu, length 17.5992 mm
    @(32.9600 mm, 100.7000 mm): Pad 11 [CM5_GBE_TD2_P] of J7 on F.Cu
[unconnected_items]: Missing connection between items
    Local override; error
    @(36.0400 mm, 100.7000 mm): Track [CM5_GBE_TD0_P] on B.Cu, length 10.2451 mm
    @(36.0400 mm, 100.7000 mm): Pad 12 [CM5_GBE_TD0_P] of J7 on F.Cu
[unconnected_items]: Missing connection between items
    Local override; error
    @(32.9600 mm, 98.7000 mm): Pad 1 [/CORE_CM5/POWER_GND] of J7 on F.Cu
    @(32.9600 mm, 99.9000 mm): Pad 7 [/CORE_CM5/POWER_GND] of J7 on F.Cu
[unconnected_items]: Missing connection between items
    Local override; error
    @(32.9600 mm, 99.9000 mm): Pad 7 [/CORE_CM5/POWER_GND] of J7 on F.Cu
    @(32.9600 mm, 101.1000 mm): Pad 13 [/CORE_CM5/POWER_GND] of J7 on F.Cu
[unconnected_items]: Missing connection between items
    Local override; error
    @(32.9600 mm, 101.1000 mm): Pad 13 [/CORE_CM5/POWER_GND] of J7 on F.Cu
    @(32.9600 mm, 103.1000 mm): Pad 23 [/CORE_CM5/POWER_GND] of J7 on F.Cu
[unconnected_items]: Missing connection between items
    Local override; error
    @(32.9600 mm, 103.1000 mm): Pad 23 [/CORE_CM5/POWER_GND] of J7 on F.Cu
    @(32.9600 mm, 105.1000 mm): Pad 33 [/CORE_CM5/POWER_GND] of J7 on F.Cu
[unconnected_items]: Missing connection between items
    Local override; error
    @(32.9600 mm, 105.1000 mm): Pad 33 [/CORE_CM5/POWER_GND] of J7 on F.Cu
    @(32.9600 mm, 107.1000 mm): Pad 43 [/CORE_CM5/POWER_GND] of J7 on F.Cu
[unconnected_items]: Missing connection between items
    Local override; error
    @(32.9600 mm, 107.1000 mm): Pad 43 [/CORE_CM5/POWER_GND] of J7 on F.Cu
    @(32.9600 mm, 109.1000 mm): Pad 53 [/CORE_CM5/POWER_GND] of J7 on F.Cu
[unconnected_items]: Missing connection between items
    Local override; error
    @(32.9600 mm, 109.1000 mm): Pad 53 [/CORE_CM5/POWER_GND] of J7 on F.Cu
    @(32.9600 mm, 110.3000 mm): Pad 59 [/CORE_CM5/POWER_GND] of J7 on F.Cu
[unconnected_items]: Missing connection between items
    Local override; error
    @(32.9600 mm, 110.3000 mm): Pad 59 [/CORE_CM5/POWER_GND] of J7 on F.Cu
    @(32.9600 mm, 111.5000 mm): Pad 65 [/CORE_CM5/POWER_GND] of J7 on F.Cu
[unconnected_items]: Missing connection between items
    Local override; error
    @(32.9600 mm, 111.5000 mm): Pad 65 [/CORE_CM5/POWER_GND] of J7 on F.Cu
    @(32.9600 mm, 112.7000 mm): Pad 71 [/CORE_CM5/POWER_GND] of J7 on F.Cu
[unconnected_items]: Missing connection between items
    Local override; error
    @(36.0400 mm, 99.9000 mm): Pad 8 [/CORE_CM5/POWER_GND] of J7 on F.Cu
    @(36.0400 mm, 98.7000 mm): Pad 2 [/CORE_CM5/POWER_GND] of J7 on F.Cu
[unconnected_items]: Missing connection between items
    Local override; error
    @(36.0400 mm, 101.1000 mm): Pad 14 [/CORE_CM5/POWER_GND] of J7 on F.Cu
    @(36.0400 mm, 99.9000 mm): Pad 8 [/CORE_CM5/POWER_GND] of J7 on F.Cu
[unconnected_items]: Missing connection between items
    Local override; error
    @(36.0400 mm, 101.1000 mm): Pad 14 [/CORE_CM5/POWER_GND] of J7 on F.Cu
    @(36.0400 mm, 102.7000 mm): Pad 22 [/CORE_CM5/POWER_GND] of J7 on F.Cu
[unconnected_items]: Missing connection between items
    Local override; error
    @(36.0400 mm, 102.7000 mm): Pad 22 [/CORE_CM5/POWER_GND] of J7 on F.Cu
    @(36.0400 mm, 104.7000 mm): Pad 32 [/CORE_CM5/POWER_GND] of J7 on F.Cu
[unconnected_items]: Missing connection between items
    Local override; error
    @(36.0400 mm, 104.7000 mm): Pad 32 [/CORE_CM5/POWER_GND] of J7 on F.Cu
    @(36.0400 mm, 106.7000 mm): Pad 42 [/CORE_CM5/POWER_GND] of J7 on F.Cu
[unconnected_items]: Missing connection between items
    Local override; error
    @(36.0400 mm, 106.7000 mm): Pad 42 [/CORE_CM5/POWER_GND] of J7 on F.Cu
    @(36.0400 mm, 108.7000 mm): Pad 52 [/CORE_CM5/POWER_GND] of J7 on F.Cu
[unconnected_items]: Missing connection between items
    Local override; error
    @(36.0400 mm, 110.3000 mm): Pad 60 [/CORE_CM5/POWER_GND] of J7 on F.Cu
    @(36.0400 mm, 111.5000 mm): Pad 66 [/CORE_CM5/POWER_GND] of J7 on F.Cu
[unconnected_items]: Missing connection between items
    Local override; error
    @(36.0400 mm, 110.3000 mm): Pad 60 [/CORE_CM5/POWER_GND] of J7 on F.Cu
    @(36.0400 mm, 108.7000 mm): Pad 52 [/CORE_CM5/POWER_GND] of J7 on F.Cu
[unconnected_items]: Missing connection between items
    Local override; error
    @(36.0400 mm, 111.5000 mm): Pad 66 [/CORE_CM5/POWER_GND] of J7 on F.Cu
    @(36.0400 mm, 113.1000 mm): Pad 74 [/CORE_CM5/POWER_GND] of J7 on F.Cu
[unconnected_items]: Missing connection between items
    Local override; error
    @(36.0400 mm, 111.5000 mm): Pad 66 [/CORE_CM5/POWER_GND] of J7 on F.Cu
    @(32.9600 mm, 111.5000 mm): Pad 65 [/CORE_CM5/POWER_GND] of J7 on F.Cu
[unconnected_items]: Missing connection between items
    Local override; error
    @(36.0400 mm, 117.9000 mm): Pad 98 [/CORE_CM5/POWER_GND] of J7 on F.Cu
    @(36.0400 mm, 113.1000 mm): Pad 74 [/CORE_CM5/POWER_GND] of J7 on F.Cu
[unconnected_items]: Missing connection between items
    Local override; error
    @(66.9600 mm, 101.1000 mm): Pad 113 [/CORE_CM5/POWER_GND] of J7 on F.Cu
    @(66.9600 mm, 99.9000 mm): Pad 107 [/CORE_CM5/POWER_GND] of J7 on F.Cu
[unconnected_items]: Missing connection between items
    Local override; error
    @(66.9600 mm, 102.3000 mm): Pad 119 [/CORE_CM5/POWER_GND] of J7 on F.Cu
    @(66.9600 mm, 101.1000 mm): Pad 113 [/CORE_CM5/POWER_GND] of J7 on F.Cu
[unconnected_items]: Missing connection between items
    Local override; error
    @(66.9600 mm, 103.5000 mm): Pad 125 [/CORE_CM5/POWER_GND] of J7 on F.Cu
    @(66.9600 mm, 102.3000 mm): Pad 119 [/CORE_CM5/POWER_GND] of J7 on F.Cu
[unconnected_items]: Missing connection between items
    Local override; error
    @(66.9600 mm, 104.7000 mm): Pad 131 [/CORE_CM5/POWER_GND] of J7 on F.Cu
    @(66.9600 mm, 103.5000 mm): Pad 125 [/CORE_CM5/POWER_GND] of J7 on F.Cu
[unconnected_items]: Missing connection between items
    Local override; error
    @(66.9600 mm, 104.7000 mm): Pad 131 [/CORE_CM5/POWER_GND] of J7 on F.Cu
    @(66.9600 mm, 105.9000 mm): Pad 137 [/CORE_CM5/POWER_GND] of J7 on F.Cu
[unconnected_items]: Missing connection between items
    Local override; error
    @(66.9600 mm, 104.7000 mm): Pad 131 [/CORE_CM5/POWER_GND] of J7 on F.Cu
    @(36.0400 mm, 104.7000 mm): Pad 32 [/CORE_CM5/POWER_GND] of J7 on F.Cu
[unconnected_items]: Missing connection between items
    Local override; error
    @(66.9600 mm, 105.9000 mm): Pad 137 [/CORE_CM5/POWER_GND] of J7 on F.Cu
    @(70.0400 mm, 105.9000 mm): Pad 138 [/CORE_CM5/POWER_GND] of J7 on F.Cu
[unconnected_items]: Missing connection between items
    Local override; error
    @(66.9600 mm, 110.7000 mm): Pad 161 [/CORE_CM5/POWER_GND] of J7 on F.Cu
    @(66.9600 mm, 109.5000 mm): Pad 155 [/CORE_CM5/POWER_GND] of J7 on F.Cu
[unconnected_items]: Missing connection between items
    Local override; error
    @(66.9600 mm, 110.7000 mm): Pad 161 [/CORE_CM5/POWER_GND] of J7 on F.Cu
    @(66.9600 mm, 111.9000 mm): Pad 167 [/CORE_CM5/POWER_GND] of J7 on F.Cu
[unconnected_items]: Missing connection between items
    Local override; error
    @(66.9600 mm, 111.9000 mm): Pad 167 [/CORE_CM5/POWER_GND] of J7 on F.Cu
    @(66.9600 mm, 113.1000 mm): Pad 173 [/CORE_CM5/POWER_GND] of J7 on F.Cu
[unconnected_items]: Missing connection between items
    Local override; error
    @(66.9600 mm, 113.1000 mm): Pad 173 [/CORE_CM5/POWER_GND] of J7 on F.Cu
    @(66.9600 mm, 114.3000 mm): Pad 179 [/CORE_CM5/POWER_GND] of J7 on F.Cu
[unconnected_items]: Missing connection between items
    Local override; error
    @(66.9600 mm, 115.5000 mm): Pad 185 [/CORE_CM5/POWER_GND] of J7 on F.Cu
    @(66.9600 mm, 114.3000 mm): Pad 179 [/CORE_CM5/POWER_GND] of J7 on F.Cu
[unconnected_items]: Missing connection between items
    Local override; error
    @(66.9600 mm, 116.7000 mm): Pad 191 [/CORE_CM5/POWER_GND] of J7 on F.Cu
    @(66.9600 mm, 115.5000 mm): Pad 185 [/CORE_CM5/POWER_GND] of J7 on F.Cu
[unconnected_items]: Missing connection between items
    Local override; error
    @(66.9600 mm, 117.9000 mm): Pad 197 [/CORE_CM5/POWER_GND] of J7 on F.Cu
    @(66.9600 mm, 116.7000 mm): Pad 191 [/CORE_CM5/POWER_GND] of J7 on F.Cu
[unconnected_items]: Missing connection between items
    Local override; error
    @(70.0400 mm, 101.1000 mm): Pad 114 [/CORE_CM5/POWER_GND] of J7 on F.Cu
    @(70.0400 mm, 99.9000 mm): Pad 108 [/CORE_CM5/POWER_GND] of J7 on F.Cu
[unconnected_items]: Missing connection between items
    Local override; error
    @(70.0400 mm, 102.3000 mm): Pad 120 [/CORE_CM5/POWER_GND] of J7 on F.Cu
    @(70.0400 mm, 101.1000 mm): Pad 114 [/CORE_CM5/POWER_GND] of J7 on F.Cu
[unconnected_items]: Missing connection between items
    Local override; error
    @(70.0400 mm, 103.5000 mm): Pad 126 [/CORE_CM5/POWER_GND] of J7 on F.Cu
    @(70.0400 mm, 102.3000 mm): Pad 120 [/CORE_CM5/POWER_GND] of J7 on F.Cu
[unconnected_items]: Missing connection between items
    Local override; error
    @(70.0400 mm, 104.7000 mm): Pad 132 [/CORE_CM5/POWER_GND] of J7 on F.Cu
    @(70.0400 mm, 103.5000 mm): Pad 126 [/CORE_CM5/POWER_GND] of J7 on F.Cu
[unconnected_items]: Missing connection between items
    Local override; error
    @(70.0400 mm, 105.9000 mm): Pad 138 [/CORE_CM5/POWER_GND] of J7 on F.Cu
    @(70.0400 mm, 104.7000 mm): Pad 132 [/CORE_CM5/POWER_GND] of J7 on F.Cu
[unconnected_items]: Missing connection between items
    Local override; error
    @(70.0400 mm, 107.1000 mm): Pad 144 [/CORE_CM5/POWER_GND] of J7 on F.Cu
    @(70.0400 mm, 105.9000 mm): Pad 138 [/CORE_CM5/POWER_GND] of J7 on F.Cu
[unconnected_items]: Missing connection between items
    Local override; error
    @(70.0400 mm, 108.3000 mm): Pad 150 [/CORE_CM5/POWER_GND] of J7 on F.Cu
    @(70.0400 mm, 107.1000 mm): Pad 144 [/CORE_CM5/POWER_GND] of J7 on F.Cu
[unconnected_items]: Missing connection between items
    Local override; error
    @(70.0400 mm, 109.5000 mm): Pad 156 [/CORE_CM5/POWER_GND] of J7 on F.Cu
    @(70.0400 mm, 108.3000 mm): Pad 150 [/CORE_CM5/POWER_GND] of J7 on F.Cu
[unconnected_items]: Missing connection between items
    Local override; error
    @(70.0400 mm, 110.7000 mm): Pad 162 [/CORE_CM5/POWER_GND] of J7 on F.Cu
    @(70.0400 mm, 109.5000 mm): Pad 156 [/CORE_CM5/POWER_GND] of J7 on F.Cu
[unconnected_items]: Missing connection between items
    Local override; error
    @(70.0400 mm, 111.9000 mm): Pad 168 [/CORE_CM5/POWER_GND] of J7 on F.Cu
    @(70.0400 mm, 110.7000 mm): Pad 162 [/CORE_CM5/POWER_GND] of J7 on F.Cu
[unconnected_items]: Missing connection between items
    Local override; error
    @(70.0400 mm, 113.1000 mm): Pad 174 [/CORE_CM5/POWER_GND] of J7 on F.Cu
    @(70.0400 mm, 111.9000 mm): Pad 168 [/CORE_CM5/POWER_GND] of J7 on F.Cu
[unconnected_items]: Missing connection between items
    Local override; error
    @(70.0400 mm, 114.3000 mm): Pad 180 [/CORE_CM5/POWER_GND] of J7 on F.Cu
    @(70.0400 mm, 113.1000 mm): Pad 174 [/CORE_CM5/POWER_GND] of J7 on F.Cu
[unconnected_items]: Missing connection between items
    Local override; error
    @(70.0400 mm, 115.5000 mm): Pad 186 [/CORE_CM5/POWER_GND] of J7 on F.Cu
    @(70.0400 mm, 114.3000 mm): Pad 180 [/CORE_CM5/POWER_GND] of J7 on F.Cu
[unconnected_items]: Missing connection between items
    Local override; error
    @(70.0400 mm, 116.7000 mm): Pad 192 [/CORE_CM5/POWER_GND] of J7 on F.Cu
    @(70.0400 mm, 115.5000 mm): Pad 186 [/CORE_CM5/POWER_GND] of J7 on F.Cu
[unconnected_items]: Missing connection between items
    Local override; error
    @(70.0400 mm, 116.7000 mm): Pad 192 [/CORE_CM5/POWER_GND] of J7 on F.Cu
    @(66.9600 mm, 116.7000 mm): Pad 191 [/CORE_CM5/POWER_GND] of J7 on F.Cu
[unconnected_items]: Missing connection between items
    Local override; error
    @(70.0400 mm, 117.9000 mm): Pad 198 [/CORE_CM5/POWER_GND] of J7 on F.Cu
    @(70.0400 mm, 116.7000 mm): Pad 192 [/CORE_CM5/POWER_GND] of J7 on F.Cu
[unconnected_items]: Missing connection between items
    Local override; error
    @(32.9600 mm, 113.9000 mm): Pad 77 [/CORE_CM5/CM5_5V] of J7 on F.Cu
    @(32.9600 mm, 114.3000 mm): Pad 79 [/CORE_CM5/CM5_5V] of J7 on F.Cu
[unconnected_items]: Missing connection between items
    Local override; error
    @(32.9600 mm, 114.3000 mm): Pad 79 [/CORE_CM5/CM5_5V] of J7 on F.Cu
    @(32.9600 mm, 114.7000 mm): Pad 81 [/CORE_CM5/CM5_5V] of J7 on F.Cu
[unconnected_items]: Missing connection between items
    Local override; error
    @(32.9600 mm, 114.7000 mm): Pad 81 [/CORE_CM5/CM5_5V] of J7 on F.Cu
    @(32.9600 mm, 115.1000 mm): Pad 83 [/CORE_CM5/CM5_5V] of J7 on F.Cu
[unconnected_items]: Missing connection between items
    Local override; error
    @(32.9600 mm, 115.1000 mm): Pad 83 [/CORE_CM5/CM5_5V] of J7 on F.Cu
    @(32.9600 mm, 115.5000 mm): Pad 85 [/CORE_CM5/CM5_5V] of J7 on F.Cu
[unconnected_items]: Missing connection between items
    Local override; error
    @(32.9600 mm, 115.5000 mm): Pad 85 [/CORE_CM5/CM5_5V] of J7 on F.Cu
    @(32.9600 mm, 115.9000 mm): Pad 87 [/CORE_CM5/CM5_5V] of J7 on F.Cu

** Found 0 Footprint errors **

** Ignored checks **
    - Footprint has no courtyard defined
    - Track endpoint not centered on via
    - Tuning profile track geometries
    - Footprint doesn't match symbol's footprint filters
    - Footprint component type doesn't match footprint pads

** End of Report **
