** Drc report for CM5IO_DIRECT_J7_ETHERNET_FIXTURE.kicad_pcb **
** Created on 2026-09-03T20:23:33 **
** Report includes: Errors, Warnings **

** Found 312 DRC violations **
[clearance]: Clearance violation ( clearance 0.2000 mm; actual 0.1730 mm)
    Local override; error
    @(74.8000 mm, 62.7000 mm): Track [CM5_GBE_TD2_P] on F.Cu, length 0.0150 mm
    @(74.5000 mm, 62.9000 mm): Track [CM5_GBE_TD2_N] on F.Cu, length 3.3750 mm
[clearance]: Clearance violation ( clearance 0.2000 mm; actual 0.1730 mm)
    Local override; error
    @(80.0000 mm, 61.0000 mm): Track [ETH_CT1] on F.Cu, length 13.5000 mm
    @(81.2000 mm, 60.7000 mm): Track [CM5_GBE_TD1_N] on F.Cu, length 2.9850 mm
[clearance]: Clearance violation ( clearance 0.2000 mm; actual 0.1730 mm)
    Local override; error
    @(80.0000 mm, 61.0000 mm): Track [ETH_CT1] on F.Cu, length 13.5000 mm
    @(78.2150 mm, 60.7000 mm): Track [CM5_GBE_TD1_N] on F.Cu, length 1.9092 mm
[shorting_items]: Items shorting two nets (nets GBE_SHIELD and ETH_CT_COMMON)
    Local override; error
    @(57.0000 mm, 38.0000 mm): Track [GBE_SHIELD] on B.Cu, length 18.0500 mm
    @(56.7000 mm, 45.8000 mm): Via [ETH_CT_COMMON] on F.Cu - B.Cu
[shorting_items]: Items shorting two nets (nets ETH_CT3 and ETH_CT4)
    Local override; error
    @(56.5000 mm, 53.0000 mm): Track [ETH_CT3] on F.Cu, length 8.0000 mm
    @(56.5000 mm, 45.0000 mm): Pad 1 [ETH_CT4] of RCT4 on F.Cu
[tracks_crossing]: Tracks crossing
    Local override; error
    @(68.0000 mm, 53.0000 mm): Track [ETH_CT3] on F.Cu, length 11.5000 mm
    @(66.5000 mm, 61.0000 mm): Track [ETH_CT1] on F.Cu, length 16.0000 mm
[shorting_items]: Items shorting two nets (nets ETH_CT3 and GBE_SHIELD)
    Local override; error
    @(69.3250 mm, 55.5600 mm): Track [ETH_CT3] on F.Cu, length 2.8826 mm
    @(69.6250 mm, 56.0500 mm): PTH pad 20 [GBE_SHIELD] of J2
[shorting_items]: Items shorting two nets (nets ETH_CT2 and ETH_CT1)
    Local override; error
    @(66.5000 mm, 45.0000 mm): Pad 1 [ETH_CT2] of RCT2 on F.Cu
    @(66.5000 mm, 61.0000 mm): Track [ETH_CT1] on F.Cu, length 16.0000 mm
[shorting_items]: Items shorting two nets (nets ETH_CT1 and )
    Local override; error
    @(78.2150 mm, 56.8300 mm): Track [ETH_CT1] on F.Cu, length 4.5360 mm
    @(79.4050 mm, 59.3500 mm): PTH pad 4 [<no net>] of J2
[hole_clearance]: Hole clearance violation (board setup constraints hole clearance 0.2500 mm; actual 0.2053 mm)
    Rule: board setup constraints hole; error
    @(83.2150 mm, 53.0000 mm): NPTH pad of J2
    @(82.0000 mm, 54.5000 mm): Via [ETH_CT2] on F.Cu - B.Cu
[hole_clearance]: Hole clearance violation (board setup constraints hole clearance 0.2500 mm; actual 0.0000 mm)
    Rule: board setup constraints hole; error
    @(56.0000 mm, 42.0000 mm): Track [ETH_CT_COMMON] on B.Cu, length 24.0000 mm
    @(69.3000 mm, 42.2500 mm): NPTH pad of J2
[clearance]: Clearance violation ( clearance 0.2000 mm; actual 0.0765 mm)
    Local override; error
    @(80.0000 mm, 61.0000 mm): Track [ETH_CT1] on F.Cu, length 13.5000 mm
    @(73.0550 mm, 61.8900 mm): PTH pad 9 [CM5_GBE_TD3_P] of J2
[shorting_items]: Items shorting two nets (nets ETH_CT_COMMON and ETH_CT1)
    Local override; error
    @(66.7000 mm, 45.8000 mm): Via [ETH_CT_COMMON] on F.Cu - B.Cu
    @(66.5000 mm, 61.0000 mm): Track [ETH_CT1] on F.Cu, length 16.0000 mm
[hole_clearance]: Hole clearance violation (board setup constraints hole clearance 0.2500 mm; actual 0.2053 mm)
    Rule: board setup constraints hole; error
    @(83.2150 mm, 53.0000 mm): NPTH pad of J2
    @(82.0000 mm, 54.5000 mm): Via [ETH_CT2] on F.Cu - B.Cu
[hole_clearance]: Hole clearance violation (board setup constraints hole clearance 0.2500 mm; actual 0.2053 mm)
    Rule: board setup constraints hole; error
    @(83.2150 mm, 53.0000 mm): NPTH pad of J2
    @(82.0000 mm, 54.5000 mm): Via [ETH_CT2] on F.Cu - B.Cu
[clearance]: Clearance violation ( clearance 0.2000 mm; actual 0.0730 mm)
    Local override; error
    @(67.5000 mm, 45.0000 mm): Track [ETH_CT_COMMON] on F.Cu, length 1.1314 mm
    @(66.5000 mm, 61.0000 mm): Track [ETH_CT1] on F.Cu, length 16.0000 mm
[shorting_items]: Items shorting two nets (nets ETH_CT3 and ETH_CT_COMMON)
    Local override; error
    @(56.5000 mm, 53.0000 mm): Track [ETH_CT3] on F.Cu, length 8.0000 mm
    @(56.7000 mm, 45.8000 mm): Via [ETH_CT_COMMON] on F.Cu - B.Cu
[tracks_crossing]: Tracks crossing
    Local override; error
    @(57.0000 mm, 56.0500 mm): Track [GBE_SHIELD] on B.Cu, length 12.6250 mm
    @(65.5000 mm, 58.0000 mm): Track [ETH_CT4] on B.Cu, length 19.0066 mm
[hole_clearance]: Hole clearance violation (board setup constraints hole clearance 0.2500 mm; actual 0.0000 mm)
    Rule: board setup constraints hole; error
    @(73.6000 mm, 42.0000 mm): Track [ETH_GND] on B.Cu, length 24.4000 mm
    @(85.7000 mm, 42.2500 mm): NPTH pad of J2
[tracks_crossing]: Tracks crossing
    Local override; error
    @(73.6000 mm, 45.8000 mm): Track [ETH_GND] on B.Cu, length 3.8000 mm
    @(56.0000 mm, 42.0000 mm): Track [ETH_CT_COMMON] on B.Cu, length 24.0000 mm
[hole_clearance]: Hole clearance violation (board setup constraints hole clearance 0.2500 mm; actual 0.2053 mm)
    Rule: board setup constraints hole; error
    @(83.2150 mm, 53.0000 mm): NPTH pad of J2
    @(82.0000 mm, 54.5000 mm): Via [ETH_CT2] on F.Cu - B.Cu
[hole_clearance]: Hole clearance violation (board setup constraints hole clearance 0.2500 mm; actual 0.2053 mm)
    Rule: board setup constraints hole; error
    @(83.2150 mm, 53.0000 mm): NPTH pad of J2
    @(82.0000 mm, 54.5000 mm): Via [ETH_CT2] on F.Cu - B.Cu
[hole_clearance]: Hole clearance violation (board setup constraints hole clearance 0.2500 mm; actual 0.2053 mm)
    Rule: board setup constraints hole; error
    @(83.2150 mm, 53.0000 mm): NPTH pad of J2
    @(82.0000 mm, 54.5000 mm): Via [ETH_CT2] on F.Cu - B.Cu
[tracks_crossing]: Tracks crossing
    Local override; error
    @(80.0000 mm, 61.0000 mm): Track [ETH_CT1] on F.Cu, length 13.5000 mm
    @(74.1000 mm, 61.5364 mm): Track [CM5_GBE_TD3_N] on F.Cu, length 3.0920 mm
[clearance]: Clearance violation ( clearance 0.2000 mm; actual 0.1857 mm)
    Local override; error
    @(75.0324 mm, 66.2071 mm): Via [ETH_GND] on F.Cu - B.Cu
    @(74.6000 mm, 65.6000 mm): Track [CM5_GBE_TD3_N] on F.Cu, length 0.4125 mm
[clearance]: Clearance violation ( clearance 0.2000 mm; actual 0.1857 mm)
    Local override; error
    @(75.0324 mm, 66.2071 mm): Via [ETH_GND] on F.Cu - B.Cu
    @(74.6000 mm, 66.0125 mm): Track [CM5_GBE_TD3_N] on F.Cu, length 0.0849 mm
[tracks_crossing]: Tracks crossing
    Local override; error
    @(80.0000 mm, 61.0000 mm): Track [ETH_CT1] on F.Cu, length 13.5000 mm
    @(74.5000 mm, 62.9000 mm): Track [CM5_GBE_TD2_N] on F.Cu, length 3.3750 mm
[clearance]: Clearance violation ( clearance 0.2000 mm; actual 0.0730 mm)
    Local override; error
    @(57.5000 mm, 45.0000 mm): Track [ETH_CT_COMMON] on F.Cu, length 1.1314 mm
    @(56.5000 mm, 53.0000 mm): Track [ETH_CT3] on F.Cu, length 8.0000 mm
[clearance]: Clearance violation ( clearance 0.2000 mm; actual 0.1892 mm)
    Local override; error
    @(75.6000 mm, 63.7000 mm): Track [CM5_GBE_TD2_N] on F.Cu, length 0.5657 mm
    @(75.1000 mm, 63.0000 mm): Track [CM5_GBE_TD2_P] on F.Cu, length 0.4243 mm
[clearance]: Clearance violation ( clearance 0.2000 mm; actual 0.1730 mm)
    Local override; error
    @(75.6000 mm, 63.7000 mm): Track [CM5_GBE_TD2_N] on F.Cu, length 0.5657 mm
    @(75.5000 mm, 63.0000 mm): Track [CM5_GBE_TD2_P] on F.Cu, length 0.4000 mm
[hole_clearance]: Hole clearance violation (board setup constraints hole clearance 0.2500 mm; actual 0.0000 mm)
    Rule: board setup constraints hole; error
    @(77.0000 mm, 54.5000 mm): Track [ETH_CT2] on B.Cu, length 18.5809 mm
    @(71.7850 mm, 53.0000 mm): NPTH pad of J2
[clearance]: Clearance violation ( clearance 0.2000 mm; actual 0.1730 mm)
    Local override; error
    @(74.8000 mm, 62.6850 mm): Track [CM5_GBE_TD2_P] on F.Cu, length 1.1243 mm
    @(74.5000 mm, 62.9000 mm): Track [CM5_GBE_TD2_N] on F.Cu, length 3.3750 mm
[clearance]: Clearance violation ( clearance 0.2000 mm; actual 0.1730 mm)
    Local override; error
    @(75.1000 mm, 63.0000 mm): Track [CM5_GBE_TD2_P] on F.Cu, length 0.4243 mm
    @(75.2000 mm, 63.3000 mm): Track [CM5_GBE_TD2_N] on F.Cu, length 0.3000 mm
[hole_clearance]: Hole clearance violation (board setup constraints hole clearance 0.2500 mm; actual 0.2053 mm)
    Rule: board setup constraints hole; error
    @(83.2150 mm, 53.0000 mm): NPTH pad of J2
    @(82.0000 mm, 54.5000 mm): Via [ETH_CT2] on F.Cu - B.Cu
[hole_clearance]: Hole clearance violation (board setup constraints hole clearance 0.2500 mm; actual 0.2053 mm)
    Rule: board setup constraints hole; error
    @(83.2150 mm, 53.0000 mm): NPTH pad of J2
    @(82.0000 mm, 54.5000 mm): Via [ETH_CT2] on F.Cu - B.Cu
[hole_clearance]: Hole clearance violation (board setup constraints hole clearance 0.2500 mm; actual 0.2053 mm)
    Rule: board setup constraints hole; error
    @(83.2150 mm, 53.0000 mm): NPTH pad of J2
    @(82.0000 mm, 54.5000 mm): Via [ETH_CT2] on F.Cu - B.Cu
[hole_clearance]: Hole clearance violation (board setup constraints hole clearance 0.2500 mm; actual 0.2053 mm)
    Rule: board setup constraints hole; error
    @(83.2150 mm, 53.0000 mm): NPTH pad of J2
    @(82.0000 mm, 54.5000 mm): Via [ETH_CT2] on F.Cu - B.Cu
[hole_clearance]: Hole clearance violation (board setup constraints hole clearance 0.2500 mm; actual 0.2053 mm)
    Rule: board setup constraints hole; error
    @(83.2150 mm, 53.0000 mm): NPTH pad of J2
    @(82.0000 mm, 54.5000 mm): Via [ETH_CT2] on F.Cu - B.Cu
[hole_clearance]: Hole clearance violation (board setup constraints hole clearance 0.2500 mm; actual 0.2053 mm)
    Rule: board setup constraints hole; error
    @(83.2150 mm, 53.0000 mm): NPTH pad of J2
    @(82.0000 mm, 54.5000 mm): Via [ETH_CT2] on F.Cu - B.Cu
[courtyards_overlap]: Courtyards overlap
    Rule: board setup constraints courtyard; error
    @(72.0000 mm, 45.0000 mm): Footprint RCT1
    @(77.5000 mm, 53.0000 mm): Footprint J2
[copper_edge_clearance]: Board edge clearance violation (board setup constraints edge clearance 0.5000 mm; actual 0.0000 mm)
    Rule: board setup constraints edge; error
    @(100.0000 mm, 35.0000 mm): Segment on Edge.Cuts
    @(103.0000 mm, 72.0000 mm): Track [ETH_GND] on B.Cu, length 28.0000 mm
[copper_edge_clearance]: Board edge clearance violation (board setup constraints edge clearance 0.5000 mm; actual 0.0000 mm)
    Rule: board setup constraints edge; error
    @(100.0000 mm, 35.0000 mm): Segment on Edge.Cuts
    @(85.3750 mm, 56.0500 mm): Track [GBE_SHIELD] on B.Cu, length 15.6250 mm
[copper_edge_clearance]: Board edge clearance violation (board setup constraints edge clearance 0.5000 mm; actual 0.0000 mm)
    Rule: board setup constraints edge; error
    @(100.0000 mm, 35.0000 mm): Segment on Edge.Cuts
    @(101.0000 mm, 38.0000 mm): Track [GBE_SHIELD] on B.Cu, length 44.0000 mm
[drill_out_of_range]: Hole size out of range (board setup constraints min hole 0.3000 mm; actual 0.2000 mm)
    Rule: netclass 'Default'; error
    @(75.1000 mm, 64.1000 mm): Via [ETH_GND] on F.Cu - B.Cu
[drill_out_of_range]: Hole size out of range (board setup constraints min hole 0.3000 mm; actual 0.2000 mm)
    Rule: netclass 'Default'; error
    @(78.9000 mm, 65.7000 mm): Via [ETH_GND] on F.Cu - B.Cu
[drill_out_of_range]: Hole size out of range (board setup constraints min hole 0.3000 mm; actual 0.2000 mm)
    Rule: netclass 'Default'; error
    @(78.6000 mm, 45.8000 mm): Via [ETH_GND] on F.Cu - B.Cu
[drill_out_of_range]: Hole size out of range (board setup constraints min hole 0.3000 mm; actual 0.2000 mm)
    Rule: netclass 'Default'; error
    @(75.0324 mm, 66.2071 mm): Via [ETH_GND] on F.Cu - B.Cu
[drill_out_of_range]: Hole size out of range (board setup constraints min hole 0.3000 mm; actual 0.2000 mm)
    Rule: netclass 'Default'; error
    @(81.1000 mm, 66.3000 mm): Via [ETH_GND] on F.Cu - B.Cu
[drill_out_of_range]: Hole size out of range (board setup constraints min hole 0.3000 mm; actual 0.2000 mm)
    Rule: netclass 'Default'; error
    @(81.1000 mm, 64.1000 mm): Via [ETH_GND] on F.Cu - B.Cu
[drill_out_of_range]: Hole size out of range (board setup constraints min hole 0.3000 mm; actual 0.2000 mm)
    Rule: netclass 'Default'; error
    @(77.5000 mm, 65.7000 mm): Via [ETH_GND] on F.Cu - B.Cu
[drill_out_of_range]: Hole size out of range (board setup constraints min hole 0.3000 mm; actual 0.2000 mm)
    Rule: netclass 'Default'; error
    @(61.7000 mm, 45.8000 mm): Via [ETH_CT_COMMON] on F.Cu - B.Cu
[drill_out_of_range]: Hole size out of range (board setup constraints min hole 0.3000 mm; actual 0.2000 mm)
    Rule: netclass 'Default'; error
    @(66.7000 mm, 45.8000 mm): Via [ETH_CT_COMMON] on F.Cu - B.Cu
[drill_out_of_range]: Hole size out of range (board setup constraints min hole 0.3000 mm; actual 0.2000 mm)
    Rule: netclass 'Default'; error
    @(75.4000 mm, 45.8000 mm): Via [ETH_CT_COMMON] on F.Cu - B.Cu
[drill_out_of_range]: Hole size out of range (board setup constraints min hole 0.3000 mm; actual 0.2000 mm)
    Rule: netclass 'Default'; error
    @(71.7000 mm, 45.8000 mm): Via [ETH_CT_COMMON] on F.Cu - B.Cu
[drill_out_of_range]: Hole size out of range (board setup constraints min hole 0.3000 mm; actual 0.2000 mm)
    Rule: netclass 'Default'; error
    @(56.7000 mm, 45.8000 mm): Via [ETH_CT_COMMON] on F.Cu - B.Cu
[drill_out_of_range]: Hole size out of range (board setup constraints min hole 0.3000 mm; actual 0.2000 mm)
    Rule: netclass 'Default'; error
    @(82.0000 mm, 54.5000 mm): Via [ETH_CT2] on F.Cu - B.Cu
[drill_out_of_range]: Hole size out of range (board setup constraints min hole 0.3000 mm; actual 0.2000 mm)
    Rule: netclass 'Default'; error
    @(65.0000 mm, 47.0000 mm): Via [ETH_CT2] on F.Cu - B.Cu
[drill_out_of_range]: Hole size out of range (board setup constraints min hole 0.3000 mm; actual 0.2000 mm)
    Rule: netclass 'Default'; error
    @(70.5000 mm, 58.0000 mm): Via [ETH_CT4] on F.Cu - B.Cu
[drill_out_of_range]: Hole size out of range (board setup constraints min hole 0.3000 mm; actual 0.2000 mm)
    Rule: netclass 'Default'; error
    @(55.0000 mm, 47.0000 mm): Via [ETH_CT4] on F.Cu - B.Cu
[track_width]: Track width (board setup constraints min width 0.2000 mm; actual 0.1270 mm)
    Rule: netclass 'Default' (diff pair); error
    @(83.0000 mm, 64.1500 mm): Track [CM5_GBE_TD0_P] on F.Cu, length 0.4950 mm
[track_width]: Track width (board setup constraints min width 0.2000 mm; actual 0.1270 mm)
    Rule: netclass 'Default' (diff pair); error
    @(82.1000 mm, 64.8300 mm): Track [CM5_GBE_TD0_P] on F.Cu, length 0.4125 mm
[track_width]: Track width (board setup constraints min width 0.2000 mm; actual 0.1270 mm)
    Rule: netclass 'Default' (diff pair); error
    @(84.0000 mm, 63.5500 mm): Track [CM5_GBE_TD0_P] on F.Cu, length 0.4000 mm
[track_width]: Track width (board setup constraints min width 0.2000 mm; actual 0.1270 mm)
    Rule: netclass 'Default' (diff pair); error
    @(83.6800 mm, 63.2500 mm): Track [CM5_GBE_TD0_P] on F.Cu, length 0.6576 mm
[track_width]: Track width (board setup constraints min width 0.2000 mm; actual 0.1270 mm)
    Rule: netclass 'Default' (diff pair); error
    @(82.0400 mm, 65.4150 mm): Track [CM5_GBE_TD0_P] on F.Cu, length 0.1125 mm
[track_width]: Track width (board setup constraints min width 0.2000 mm; actual 0.1270 mm)
    Rule: netclass 'Default' (diff pair); error
    @(36.8687 mm, 100.7000 mm): Track [CM5_GBE_TD0_P] on F.Cu, length 0.8287 mm
[track_width]: Track width (board setup constraints min width 0.2000 mm; actual 0.1270 mm)
    Rule: netclass 'Default' (diff pair); error
    @(83.6800 mm, 63.2500 mm): Track [CM5_GBE_TD0_P] on F.Cu, length 0.0200 mm
[track_width]: Track width (board setup constraints min width 0.2000 mm; actual 0.1270 mm)
    Rule: netclass 'Default' (diff pair); error
    @(83.7000 mm, 63.2500 mm): Track [CM5_GBE_TD0_P] on F.Cu, length 0.4243 mm
[track_width]: Track width (board setup constraints min width 0.2000 mm; actual 0.1270 mm)
    Rule: netclass 'Default' (diff pair); error
    @(38.5900 mm, 97.6787 mm): Track [CM5_GBE_TD0_P] on F.Cu, length 38.7335 mm
[track_width]: Track width (board setup constraints min width 0.2000 mm; actual 0.1270 mm)
    Rule: netclass 'Default' (diff pair); error
    @(36.8687 mm, 100.7000 mm): Track [CM5_GBE_TD0_P] on F.Cu, length 2.4343 mm
[track_width]: Track width (board setup constraints min width 0.2000 mm; actual 0.1270 mm)
    Rule: netclass 'Default' (diff pair); error
    @(82.0400 mm, 66.0725 mm): Track [CM5_GBE_TD0_P] on F.Cu, length 0.0849 mm
[track_width]: Track width (board setup constraints min width 0.2000 mm; actual 0.1270 mm)
    Rule: netclass 'Default' (diff pair); error
    @(82.0400 mm, 63.9100 mm): Track [CM5_GBE_TD0_P] on F.Cu, length 0.1556 mm
[track_width]: Track width (board setup constraints min width 0.2000 mm; actual 0.1270 mm)
    Rule: netclass 'Default' (diff pair); error
    @(83.2150 mm, 61.8900 mm): Track [CM5_GBE_TD0_P] on F.Cu, length 0.8950 mm
[track_width]: Track width (board setup constraints min width 0.2000 mm; actual 0.1270 mm)
    Rule: netclass 'Default' (diff pair); error
    @(84.0000 mm, 63.9500 mm): Track [CM5_GBE_TD0_P] on F.Cu, length 0.2828 mm
[track_width]: Track width (board setup constraints min width 0.2000 mm; actual 0.1270 mm)
    Rule: netclass 'Default' (diff pair); error
    @(82.0400 mm, 65.3025 mm): Track [CM5_GBE_TD0_P] on F.Cu, length 0.0849 mm
[track_width]: Track width (board setup constraints min width 0.2000 mm; actual 0.1270 mm)
    Rule: netclass 'Default' (diff pair); error
    @(82.6500 mm, 63.8000 mm): Track [CM5_GBE_TD0_P] on F.Cu, length 0.5000 mm
[track_width]: Track width (board setup constraints min width 0.2000 mm; actual 0.1270 mm)
    Rule: netclass 'Default' (diff pair); error
    @(38.5900 mm, 98.9787 mm): Track [CM5_GBE_TD0_P] on F.Cu, length 1.3000 mm
[track_width]: Track width (board setup constraints min width 0.2000 mm; actual 0.1270 mm)
    Rule: netclass 'Default' (diff pair); error
    @(65.9787 mm, 70.2900 mm): Track [CM5_GBE_TD0_P] on F.Cu, length 12.5000 mm
[track_width]: Track width (board setup constraints min width 0.2000 mm; actual 0.1270 mm)
    Rule: netclass 'Default' (diff pair); error
    @(82.1000 mm, 64.4175 mm): Track [CM5_GBE_TD0_P] on F.Cu, length 0.0849 mm
[track_width]: Track width (board setup constraints min width 0.2000 mm; actual 0.1270 mm)
    Rule: netclass 'Default' (diff pair); error
    @(82.0400 mm, 64.3575 mm): Track [CM5_GBE_TD0_P] on F.Cu, length 0.4475 mm
[track_width]: Track width (board setup constraints min width 0.2000 mm; actual 0.1270 mm)
    Rule: netclass 'Default' (diff pair); error
    @(78.4787 mm, 70.2900 mm): Track [CM5_GBE_TD0_P] on F.Cu, length 5.0364 mm
[track_width]: Track width (board setup constraints min width 0.2000 mm; actual 0.1270 mm)
    Rule: netclass 'Default' (diff pair); error
    @(82.1000 mm, 66.0125 mm): Track [CM5_GBE_TD0_P] on F.Cu, length 0.4125 mm
[track_width]: Track width (board setup constraints min width 0.2000 mm; actual 0.1270 mm)
    Rule: netclass 'Default' (diff pair); error
    @(82.1000 mm, 65.2425 mm): Track [CM5_GBE_TD0_P] on F.Cu, length 0.4125 mm
[track_width]: Track width (board setup constraints min width 0.2000 mm; actual 0.1270 mm)
    Rule: netclass 'Default' (diff pair); error
    @(83.8000 mm, 64.1500 mm): Track [CM5_GBE_TD0_P] on F.Cu, length 0.8000 mm
[track_width]: Track width (board setup constraints min width 0.2000 mm; actual 0.1270 mm)
    Rule: netclass 'Default' (diff pair); error
    @(82.0400 mm, 66.7287 mm): Track [CM5_GBE_TD0_P] on F.Cu, length 0.6562 mm
[track_width]: Track width (board setup constraints min width 0.2000 mm; actual 0.1270 mm)
    Rule: netclass 'Default' (diff pair); error
    @(81.6600 mm, 66.0725 mm): Track [CM5_GBE_TD0_N] on F.Cu, length 0.0849 mm
[track_width]: Track width (board setup constraints min width 0.2000 mm; actual 0.1270 mm)
    Rule: netclass 'Default' (diff pair); error
    @(81.6600 mm, 64.3575 mm): Track [CM5_GBE_TD0_N] on F.Cu, length 0.0849 mm
[track_width]: Track width (board setup constraints min width 0.2000 mm; actual 0.1270 mm)
    Rule: netclass 'Default' (diff pair); error
    @(36.7313 mm, 100.3000 mm): Track [CM5_GBE_TD0_N] on F.Cu, length 0.6913 mm
[track_width]: Track width (board setup constraints min width 0.2000 mm; actual 0.1270 mm)
    Rule: netclass 'Default' (diff pair); error
    @(82.1000 mm, 59.5050 mm): Track [CM5_GBE_TD0_N] on F.Cu, length 3.6950 mm
[track_width]: Track width (board setup constraints min width 0.2000 mm; actual 0.1270 mm)
    Rule: netclass 'Default' (diff pair); error
    @(81.6600 mm, 65.3025 mm): Track [CM5_GBE_TD0_N] on F.Cu, length 0.0849 mm
[track_width]: Track width (board setup constraints min width 0.2000 mm; actual 0.1270 mm)
    Rule: netclass 'Default' (diff pair); error
    @(36.7313 mm, 100.3000 mm): Track [CM5_GBE_TD0_N] on F.Cu, length 2.0912 mm
[track_width]: Track width (board setup constraints min width 0.2000 mm; actual 0.1270 mm)
    Rule: netclass 'Default' (diff pair); error
    @(81.6600 mm, 65.4150 mm): Track [CM5_GBE_TD0_N] on F.Cu, length 0.1125 mm
[track_width]: Track width (board setup constraints min width 0.2000 mm; actual 0.1270 mm)
    Rule: netclass 'Default' (diff pair); error
    @(81.6600 mm, 66.5713 mm): Track [CM5_GBE_TD0_N] on F.Cu, length 0.4988 mm
[track_width]: Track width (board setup constraints min width 0.2000 mm; actual 0.1270 mm)
    Rule: netclass 'Default' (diff pair); error
    @(81.6000 mm, 64.4175 mm): Track [CM5_GBE_TD0_N] on F.Cu, length 0.4125 mm
[track_width]: Track width (board setup constraints min width 0.2000 mm; actual 0.1270 mm)
    Rule: netclass 'Default' (diff pair); error
    @(65.8213 mm, 69.9100 mm): Track [CM5_GBE_TD0_N] on F.Cu, length 12.5000 mm
[track_width]: Track width (board setup constraints min width 0.2000 mm; actual 0.1270 mm)
    Rule: netclass 'Default' (diff pair); error
    @(78.3213 mm, 69.9100 mm): Track [CM5_GBE_TD0_N] on F.Cu, length 4.7216 mm
[track_width]: Track width (board setup constraints min width 0.2000 mm; actual 0.1270 mm)
    Rule: netclass 'Default' (diff pair); error
    @(81.6000 mm, 65.2425 mm): Track [CM5_GBE_TD0_N] on F.Cu, length 0.4125 mm
[track_width]: Track width (board setup constraints min width 0.2000 mm; actual 0.1270 mm)
    Rule: netclass 'Default' (diff pair); error
    @(81.6000 mm, 66.0125 mm): Track [CM5_GBE_TD0_N] on F.Cu, length 0.4125 mm
[track_width]: Track width (board setup constraints min width 0.2000 mm; actual 0.1270 mm)
    Rule: netclass 'Default' (diff pair); error
    @(38.2100 mm, 97.5213 mm): Track [CM5_GBE_TD0_N] on F.Cu, length 39.0483 mm
[track_width]: Track width (board setup constraints min width 0.2000 mm; actual 0.1270 mm)
    Rule: netclass 'Default' (diff pair); error
    @(82.1000 mm, 63.2000 mm): Track [CM5_GBE_TD0_N] on F.Cu, length 0.6223 mm
[track_width]: Track width (board setup constraints min width 0.2000 mm; actual 0.1270 mm)
    Rule: netclass 'Default' (diff pair); error
    @(81.6600 mm, 63.6400 mm): Track [CM5_GBE_TD0_N] on F.Cu, length 0.7175 mm
[track_width]: Track width (board setup constraints min width 0.2000 mm; actual 0.1270 mm)
    Rule: netclass 'Default' (diff pair); error
    @(38.2100 mm, 98.8213 mm): Track [CM5_GBE_TD0_N] on F.Cu, length 1.3000 mm
[track_width]: Track width (board setup constraints min width 0.2000 mm; actual 0.1270 mm)
    Rule: netclass 'Default' (diff pair); error
    @(79.7000 mm, 62.9000 mm): Track [CM5_GBE_TD1_P] on F.Cu, length 0.2000 mm
[track_width]: Track width (board setup constraints min width 0.2000 mm; actual 0.1270 mm)
    Rule: netclass 'Default' (diff pair); error
    @(78.8500 mm, 64.9500 mm): Track [CM5_GBE_TD1_P] on F.Cu, length 0.6000 mm
[track_width]: Track width (board setup constraints min width 0.2000 mm; actual 0.1270 mm)
    Rule: netclass 'Default' (diff pair); error
    @(80.1600 mm, 66.0725 mm): Track [CM5_GBE_TD1_P] on F.Cu, length 0.0849 mm
[track_width]: Track width (board setup constraints min width 0.2000 mm; actual 0.1270 mm)
    Rule: netclass 'Default' (diff pair); error
    @(80.2500 mm, 63.3000 mm): Track [CM5_GBE_TD1_P] on F.Cu, length 0.1500 mm
[track_width]: Track width (board setup constraints min width 0.2000 mm; actual 0.1270 mm)
    Rule: netclass 'Default' (diff pair); error
    @(80.1600 mm, 64.3575 mm): Track [CM5_GBE_TD1_P] on F.Cu, length 0.3475 mm
[track_width]: Track width (board setup constraints min width 0.2000 mm; actual 0.1270 mm)
    Rule: netclass 'Default' (diff pair); error
    @(80.2500 mm, 63.3000 mm): Track [CM5_GBE_TD1_P] on F.Cu, length 0.6010 mm
[track_width]: Track width (board setup constraints min width 0.2000 mm; actual 0.1270 mm)
    Rule: netclass 'Default' (diff pair); error
    @(79.0000 mm, 63.1000 mm): Track [CM5_GBE_TD1_P] on F.Cu, length 0.2000 mm
[track_width]: Track width (board setup constraints min width 0.2000 mm; actual 0.1270 mm)
    Rule: netclass 'Default' (diff pair); error
    @(79.4000 mm, 64.9500 mm): Track [CM5_GBE_TD1_P] on F.Cu, length 0.1414 mm
[track_width]: Track width (board setup constraints min width 0.2000 mm; actual 0.1270 mm)
    Rule: netclass 'Default' (diff pair); error
    @(79.3000 mm, 65.0500 mm): Track [CM5_GBE_TD1_P] on F.Cu, length 0.3500 mm
[track_width]: Track width (board setup constraints min width 0.2000 mm; actual 0.1270 mm)
    Rule: netclass 'Default' (diff pair); error
    @(79.3000 mm, 63.7500 mm): Track [CM5_GBE_TD1_P] on F.Cu, length 0.1500 mm
[track_width]: Track width (board setup constraints min width 0.2000 mm; actual 0.1270 mm)
    Rule: netclass 'Default' (diff pair); error
    @(36.6213 mm, 99.1100 mm): Track [CM5_GBE_TD1_P] on F.Cu, length 0.8326 mm
[track_width]: Track width (board setup constraints min width 0.2000 mm; actual 0.1270 mm)
    Rule: netclass 'Default' (diff pair); error
    @(78.8000 mm, 63.1000 mm): Track [CM5_GBE_TD1_P] on F.Cu, length 0.0707 mm
[track_width]: Track width (board setup constraints min width 0.2000 mm; actual 0.1270 mm)
    Rule: netclass 'Default' (diff pair); error
    @(78.7500 mm, 63.1500 mm): Track [CM5_GBE_TD1_P] on F.Cu, length 1.1000 mm
[track_width]: Track width (board setup constraints min width 0.2000 mm; actual 0.1270 mm)
    Rule: netclass 'Default' (diff pair); error
    @(36.6150 mm, 99.1100 mm): Track [CM5_GBE_TD1_P] on F.Cu, length 0.0063 mm
[track_width]: Track width (board setup constraints min width 0.2000 mm; actual 0.1270 mm)
    Rule: netclass 'Default' (diff pair); error
    @(80.1000 mm, 63.3000 mm): Track [CM5_GBE_TD1_P] on F.Cu, length 0.5657 mm
[track_width]: Track width (board setup constraints min width 0.2000 mm; actual 0.1270 mm)
    Rule: netclass 'Default' (diff pair); error
    @(78.0213 mm, 69.0100 mm): Track [CM5_GBE_TD1_P] on F.Cu, length 3.0246 mm
[track_width]: Track width (board setup constraints min width 0.2000 mm; actual 0.1270 mm)
    Rule: netclass 'Default' (diff pair); error
    @(79.4000 mm, 64.2500 mm): Track [CM5_GBE_TD1_P] on F.Cu, length 0.7000 mm
[track_width]: Track width (board setup constraints min width 0.2000 mm; actual 0.1270 mm)
    Rule: netclass 'Default' (diff pair); error
    @(80.0500 mm, 63.9000 mm): Track [CM5_GBE_TD1_P] on F.Cu, length 0.3000 mm
[track_width]: Track width (board setup constraints min width 0.2000 mm; actual 0.1270 mm)
    Rule: netclass 'Default' (diff pair); error
    @(80.1000 mm, 64.4175 mm): Track [CM5_GBE_TD1_P] on F.Cu, length 0.0849 mm
[track_width]: Track width (board setup constraints min width 0.2000 mm; actual 0.1270 mm)
    Rule: netclass 'Default' (diff pair); error
    @(80.1000 mm, 64.8300 mm): Track [CM5_GBE_TD1_P] on F.Cu, length 0.4125 mm
[track_width]: Track width (board setup constraints min width 0.2000 mm; actual 0.1270 mm)
    Rule: netclass 'Default' (diff pair); error
    @(79.1500 mm, 63.7500 mm): Track [CM5_GBE_TD1_P] on F.Cu, length 0.1414 mm
[track_width]: Track width (board setup constraints min width 0.2000 mm; actual 0.1270 mm)
    Rule: netclass 'Default' (diff pair); error
    @(37.2100 mm, 97.1213 mm): Track [CM5_GBE_TD1_P] on F.Cu, length 39.7554 mm
[track_width]: Track width (board setup constraints min width 0.2000 mm; actual 0.1270 mm)
    Rule: netclass 'Default' (diff pair); error
    @(80.1600 mm, 66.8713 mm): Track [CM5_GBE_TD1_P] on F.Cu, length 0.7988 mm
[track_width]: Track width (board setup constraints min width 0.2000 mm; actual 0.1270 mm)
    Rule: netclass 'Default' (diff pair); error
    @(80.1600 mm, 64.0100 mm): Track [CM5_GBE_TD1_P] on F.Cu, length 0.1556 mm
[track_width]: Track width (board setup constraints min width 0.2000 mm; actual 0.1270 mm)
    Rule: netclass 'Default' (diff pair); error
    @(36.0800 mm, 99.1000 mm): Track [CM5_GBE_TD1_P] on F.Cu, length 0.5250 mm
[track_width]: Track width (board setup constraints min width 0.2000 mm; actual 0.1270 mm)
    Rule: netclass 'Default' (diff pair); error
    @(79.0500 mm, 63.1500 mm): Track [CM5_GBE_TD1_P] on F.Cu, length 0.0707 mm
[track_width]: Track width (board setup constraints min width 0.2000 mm; actual 0.1270 mm)
    Rule: netclass 'Default' (diff pair); error
    @(79.7500 mm, 63.9000 mm): Track [CM5_GBE_TD1_P] on F.Cu, length 0.4950 mm
[track_width]: Track width (board setup constraints min width 0.2000 mm; actual 0.1270 mm)
    Rule: netclass 'Default' (diff pair); error
    @(80.1600 mm, 65.3025 mm): Track [CM5_GBE_TD1_P] on F.Cu, length 0.0849 mm
[track_width]: Track width (board setup constraints min width 0.2000 mm; actual 0.1270 mm)
    Rule: netclass 'Default' (diff pair); error
    @(79.4500 mm, 63.6000 mm): Track [CM5_GBE_TD1_P] on F.Cu, length 0.2121 mm
[track_width]: Track width (board setup constraints min width 0.2000 mm; actual 0.1270 mm)
    Rule: netclass 'Default' (diff pair); error
    @(37.2100 mm, 98.5213 mm): Track [CM5_GBE_TD1_P] on F.Cu, length 1.4000 mm
[track_width]: Track width (board setup constraints min width 0.2000 mm; actual 0.1270 mm)
    Rule: netclass 'Default' (diff pair); error
    @(80.6750 mm, 62.8750 mm): Track [CM5_GBE_TD1_P] on F.Cu, length 0.9850 mm
[track_width]: Track width (board setup constraints min width 0.2000 mm; actual 0.1270 mm)
    Rule: netclass 'Default' (diff pair); error
    @(79.4500 mm, 62.9500 mm): Track [CM5_GBE_TD1_P] on F.Cu, length 0.6500 mm
[track_width]: Track width (board setup constraints min width 0.2000 mm; actual 0.1270 mm)
    Rule: netclass 'Default' (diff pair); error
    @(79.0500 mm, 63.6500 mm): Track [CM5_GBE_TD1_P] on F.Cu, length 0.5000 mm
[track_width]: Track width (board setup constraints min width 0.2000 mm; actual 0.1270 mm)
    Rule: netclass 'Default' (diff pair); error
    @(80.1000 mm, 65.2425 mm): Track [CM5_GBE_TD1_P] on F.Cu, length 0.4125 mm
[track_width]: Track width (board setup constraints min width 0.2000 mm; actual 0.1270 mm)
    Rule: netclass 'Default' (diff pair); error
    @(65.3213 mm, 69.0100 mm): Track [CM5_GBE_TD1_P] on F.Cu, length 12.7000 mm
[track_width]: Track width (board setup constraints min width 0.2000 mm; actual 0.1270 mm)
    Rule: netclass 'Default' (diff pair); error
    @(79.5000 mm, 62.9000 mm): Track [CM5_GBE_TD1_P] on F.Cu, length 0.0707 mm
[track_width]: Track width (board setup constraints min width 0.2000 mm; actual 0.1270 mm)
    Rule: netclass 'Default' (diff pair); error
    @(78.8500 mm, 64.3500 mm): Track [CM5_GBE_TD1_P] on F.Cu, length 0.1414 mm
[track_width]: Track width (board setup constraints min width 0.2000 mm; actual 0.1270 mm)
    Rule: netclass 'Default' (diff pair); error
    @(36.6050 mm, 99.1000 mm): Track [CM5_GBE_TD1_P] on F.Cu, length 0.0141 mm
[track_width]: Track width (board setup constraints min width 0.2000 mm; actual 0.1270 mm)
    Rule: netclass 'Default' (diff pair); error
    @(80.1000 mm, 66.0125 mm): Track [CM5_GBE_TD1_P] on F.Cu, length 0.4125 mm
[track_width]: Track width (board setup constraints min width 0.2000 mm; actual 0.1270 mm)
    Rule: netclass 'Default' (diff pair); error
    @(80.1600 mm, 65.4150 mm): Track [CM5_GBE_TD1_P] on F.Cu, length 0.1125 mm
[track_width]: Track width (board setup constraints min width 0.2000 mm; actual 0.1270 mm)
    Rule: netclass 'Default' (diff pair); error
    @(78.9500 mm, 65.0500 mm): Track [CM5_GBE_TD1_P] on F.Cu, length 0.1414 mm
[track_width]: Track width (board setup constraints min width 0.2000 mm; actual 0.1270 mm)
    Rule: netclass 'Default' (diff pair); error
    @(36.0800 mm, 99.5000 mm): Track [CM5_GBE_TD1_N] on F.Cu, length 0.5250 mm
[track_width]: Track width (board setup constraints min width 0.2000 mm; actual 0.1270 mm)
    Rule: netclass 'Default' (diff pair); error
    @(78.1787 mm, 69.3900 mm): Track [CM5_GBE_TD1_N] on F.Cu, length 3.3394 mm
[track_width]: Track width (board setup constraints min width 0.2000 mm; actual 0.1270 mm)
    Rule: netclass 'Default' (diff pair); error
    @(80.5400 mm, 66.0725 mm): Track [CM5_GBE_TD1_N] on F.Cu, length 0.0849 mm
[track_width]: Track width (board setup constraints min width 0.2000 mm; actual 0.1270 mm)
    Rule: netclass 'Default' (diff pair); error
    @(36.6150 mm, 99.4900 mm): Track [CM5_GBE_TD1_N] on F.Cu, length 0.1637 mm
[track_width]: Track width (board setup constraints min width 0.2000 mm; actual 0.1270 mm)
    Rule: netclass 'Default' (diff pair); error
    @(80.5400 mm, 67.0287 mm): Track [CM5_GBE_TD1_N] on F.Cu, length 0.9562 mm
[track_width]: Track width (board setup constraints min width 0.2000 mm; actual 0.1270 mm)
    Rule: netclass 'Default' (diff pair); error
    @(37.5900 mm, 97.2787 mm): Track [CM5_GBE_TD1_N] on F.Cu, length 39.4406 mm
[track_width]: Track width (board setup constraints min width 0.2000 mm; actual 0.1270 mm)
    Rule: netclass 'Default' (diff pair); error
    @(36.6050 mm, 99.5000 mm): Track [CM5_GBE_TD1_N] on F.Cu, length 0.0141 mm
[track_width]: Track width (board setup constraints min width 0.2000 mm; actual 0.1270 mm)
    Rule: netclass 'Default' (diff pair); error
    @(80.6000 mm, 64.4175 mm): Track [CM5_GBE_TD1_N] on F.Cu, length 0.0849 mm
[track_width]: Track width (board setup constraints min width 0.2000 mm; actual 0.1270 mm)
    Rule: netclass 'Default' (diff pair); error
    @(80.5400 mm, 65.3025 mm): Track [CM5_GBE_TD1_N] on F.Cu, length 0.0849 mm
[track_width]: Track width (board setup constraints min width 0.2000 mm; actual 0.1270 mm)
    Rule: netclass 'Default' (diff pair); error
    @(36.7787 mm, 99.4900 mm): Track [CM5_GBE_TD1_N] on F.Cu, length 1.1473 mm
[track_width]: Track width (board setup constraints min width 0.2000 mm; actual 0.1270 mm)
    Rule: netclass 'Default' (diff pair); error
    @(80.5400 mm, 65.4150 mm): Track [CM5_GBE_TD1_N] on F.Cu, length 0.1125 mm
[track_width]: Track width (board setup constraints min width 0.2000 mm; actual 0.1270 mm)
    Rule: netclass 'Default' (diff pair); error
    @(80.5400 mm, 64.3575 mm): Track [CM5_GBE_TD1_N] on F.Cu, length 0.7975 mm
[track_width]: Track width (board setup constraints min width 0.2000 mm; actual 0.1270 mm)
    Rule: netclass 'Default' (diff pair); error
    @(81.7000 mm, 61.2000 mm): Track [CM5_GBE_TD1_N] on F.Cu, length 0.7071 mm
[track_width]: Track width (board setup constraints min width 0.2000 mm; actual 0.1270 mm)
    Rule: netclass 'Default' (diff pair); error
    @(37.5900 mm, 98.6787 mm): Track [CM5_GBE_TD1_N] on F.Cu, length 1.4000 mm
[track_width]: Track width (board setup constraints min width 0.2000 mm; actual 0.1270 mm)
    Rule: netclass 'Default' (diff pair); error
    @(80.5400 mm, 63.5600 mm): Track [CM5_GBE_TD1_N] on F.Cu, length 1.6405 mm
[track_width]: Track width (board setup constraints min width 0.2000 mm; actual 0.1270 mm)
    Rule: netclass 'Default' (diff pair); error
    @(81.7000 mm, 62.4000 mm): Track [CM5_GBE_TD1_N] on F.Cu, length 1.2000 mm
[track_width]: Track width (board setup constraints min width 0.2000 mm; actual 0.1270 mm)
    Rule: netclass 'Default' (diff pair); error
    @(80.6000 mm, 64.8300 mm): Track [CM5_GBE_TD1_N] on F.Cu, length 0.4125 mm
[track_width]: Track width (board setup constraints min width 0.2000 mm; actual 0.1270 mm)
    Rule: netclass 'Default' (diff pair); error
    @(80.6000 mm, 65.2425 mm): Track [CM5_GBE_TD1_N] on F.Cu, length 0.4125 mm
[track_width]: Track width (board setup constraints min width 0.2000 mm; actual 0.1270 mm)
    Rule: netclass 'Default' (diff pair); error
    @(80.6000 mm, 66.0125 mm): Track [CM5_GBE_TD1_N] on F.Cu, length 0.4125 mm
[track_width]: Track width (board setup constraints min width 0.2000 mm; actual 0.1270 mm)
    Rule: netclass 'Default' (diff pair); error
    @(65.4787 mm, 69.3900 mm): Track [CM5_GBE_TD1_N] on F.Cu, length 12.7000 mm
[track_width]: Track width (board setup constraints min width 0.2000 mm; actual 0.1270 mm)
    Rule: netclass 'Default' (diff pair); error
    @(81.2000 mm, 60.7000 mm): Track [CM5_GBE_TD1_N] on F.Cu, length 2.9850 mm
[track_width]: Track width (board setup constraints min width 0.2000 mm; actual 0.1270 mm)
    Rule: netclass 'Default' (diff pair); error
    @(78.2150 mm, 60.7000 mm): Track [CM5_GBE_TD1_N] on F.Cu, length 1.9092 mm
[track_width]: Track width (board setup constraints min width 0.2000 mm; actual 0.1270 mm)
    Rule: netclass 'Default' (diff pair); error
    @(76.0400 mm, 66.0725 mm): Track [CM5_GBE_TD2_P] on F.Cu, length 1.0562 mm
[track_width]: Track width (board setup constraints min width 0.2000 mm; actual 0.1270 mm)
    Rule: netclass 'Default' (diff pair); error
    @(74.6787 mm, 68.4900 mm): Track [CM5_GBE_TD2_P] on F.Cu, length 9.7000 mm
[track_width]: Track width (board setup constraints min width 0.2000 mm; actual 0.1270 mm)
    Rule: netclass 'Default' (diff pair); error
    @(76.8500 mm, 63.2500 mm): Track [CM5_GBE_TD2_P] on F.Cu, length 1.1000 mm
[track_width]: Track width (board setup constraints min width 0.2000 mm; actual 0.1270 mm)
    Rule: netclass 'Default' (diff pair); error
    @(33.0000 mm, 100.7000 mm): Track [CM5_GBE_TD2_P] on F.Cu, length 0.5250 mm
[track_width]: Track width (board setup constraints min width 0.2000 mm; actual 0.1270 mm)
    Rule: netclass 'Default' (diff pair); error
    @(74.8000 mm, 62.7000 mm): Track [CM5_GBE_TD2_P] on F.Cu, length 0.0150 mm
[track_width]: Track width (board setup constraints min width 0.2000 mm; actual 0.1270 mm)
    Rule: netclass 'Default' (diff pair); error
    @(33.5250 mm, 100.7000 mm): Track [CM5_GBE_TD2_P] on F.Cu, length 0.0141 mm
[track_width]: Track width (board setup constraints min width 0.2000 mm; actual 0.1270 mm)
    Rule: netclass 'Default' (diff pair); error
    @(74.8000 mm, 62.6850 mm): Track [CM5_GBE_TD2_P] on F.Cu, length 1.1243 mm
[track_width]: Track width (board setup constraints min width 0.2000 mm; actual 0.1270 mm)
    Rule: netclass 'Default' (diff pair); error
    @(76.0400 mm, 65.3025 mm): Track [CM5_GBE_TD2_P] on F.Cu, length 0.0849 mm
[track_width]: Track width (board setup constraints min width 0.2000 mm; actual 0.1270 mm)
    Rule: netclass 'Default' (diff pair); error
    @(33.5350 mm, 100.6900 mm): Track [CM5_GBE_TD2_P] on F.Cu, length 0.4437 mm
[track_width]: Track width (board setup constraints min width 0.2000 mm; actual 0.1270 mm)
    Rule: netclass 'Default' (diff pair); error
    @(33.9787 mm, 100.6900 mm): Track [CM5_GBE_TD2_P] on F.Cu, length 1.7130 mm
[track_width]: Track width (board setup constraints min width 0.2000 mm; actual 0.1270 mm)
    Rule: netclass 'Default' (diff pair); error
    @(76.1000 mm, 64.2000 mm): Track [CM5_GBE_TD2_P] on F.Cu, length 0.1414 mm
[track_width]: Track width (board setup constraints min width 0.2000 mm; actual 0.1270 mm)
    Rule: netclass 'Default' (diff pair); error
    @(75.7500 mm, 63.2500 mm): Track [CM5_GBE_TD2_P] on F.Cu, length 0.3536 mm
[track_width]: Track width (board setup constraints min width 0.2000 mm; actual 0.1270 mm)
    Rule: netclass 'Default' (diff pair); error
    @(76.1000 mm, 65.2425 mm): Track [CM5_GBE_TD2_P] on F.Cu, length 0.4125 mm
[track_width]: Track width (board setup constraints min width 0.2000 mm; actual 0.1270 mm)
    Rule: netclass 'Default' (diff pair); error
    @(76.1000 mm, 66.0125 mm): Track [CM5_GBE_TD2_P] on F.Cu, length 0.0849 mm
[track_width]: Track width (board setup constraints min width 0.2000 mm; actual 0.1270 mm)
    Rule: netclass 'Default' (diff pair); error
    @(76.1000 mm, 64.8300 mm): Track [CM5_GBE_TD2_P] on F.Cu, length 0.6300 mm
[track_width]: Track width (board setup constraints min width 0.2000 mm; actual 0.1270 mm)
    Rule: netclass 'Default' (diff pair); error
    @(76.2000 mm, 64.1000 mm): Track [CM5_GBE_TD2_P] on F.Cu, length 0.6500 mm
[track_width]: Track width (board setup constraints min width 0.2000 mm; actual 0.1270 mm)
    Rule: netclass 'Default' (diff pair); error
    @(75.1000 mm, 63.0000 mm): Track [CM5_GBE_TD2_P] on F.Cu, length 0.4243 mm
[track_width]: Track width (board setup constraints min width 0.2000 mm; actual 0.1270 mm)
    Rule: netclass 'Default' (diff pair); error
    @(76.1000 mm, 65.6000 mm): Track [CM5_GBE_TD2_P] on F.Cu, length 0.4125 mm
[track_width]: Track width (board setup constraints min width 0.2000 mm; actual 0.1270 mm)
    Rule: netclass 'Default' (diff pair); error
    @(35.1900 mm, 99.4787 mm): Track [CM5_GBE_TD2_P] on F.Cu, length 1.2000 mm
[track_width]: Track width (board setup constraints min width 0.2000 mm; actual 0.1270 mm)
    Rule: netclass 'Default' (diff pair); error
    @(76.0400 mm, 65.4150 mm): Track [CM5_GBE_TD2_P] on F.Cu, length 0.1125 mm
[track_width]: Track width (board setup constraints min width 0.2000 mm; actual 0.1270 mm)
    Rule: netclass 'Default' (diff pair); error
    @(77.0500 mm, 63.4500 mm): Track [CM5_GBE_TD2_P] on F.Cu, length 0.2828 mm
[track_width]: Track width (board setup constraints min width 0.2000 mm; actual 0.1270 mm)
    Rule: netclass 'Default' (diff pair); error
    @(76.0400 mm, 67.1287 mm): Track [CM5_GBE_TD2_P] on F.Cu, length 1.9252 mm
[track_width]: Track width (board setup constraints min width 0.2000 mm; actual 0.1270 mm)
    Rule: netclass 'Default' (diff pair); error
    @(35.1900 mm, 98.2787 mm): Track [CM5_GBE_TD2_P] on F.Cu, length 42.1276 mm
[track_width]: Track width (board setup constraints min width 0.2000 mm; actual 0.1270 mm)
    Rule: netclass 'Default' (diff pair); error
    @(77.0500 mm, 63.9000 mm): Track [CM5_GBE_TD2_P] on F.Cu, length 0.4500 mm
[track_width]: Track width (board setup constraints min width 0.2000 mm; actual 0.1270 mm)
    Rule: netclass 'Default' (diff pair); error
    @(76.8500 mm, 64.1000 mm): Track [CM5_GBE_TD2_P] on F.Cu, length 0.2828 mm
[track_width]: Track width (board setup constraints min width 0.2000 mm; actual 0.1270 mm)
    Rule: netclass 'Default' (diff pair); error
    @(75.5000 mm, 63.0000 mm): Track [CM5_GBE_TD2_P] on F.Cu, length 0.4000 mm
[track_width]: Track width (board setup constraints min width 0.2000 mm; actual 0.1270 mm)
    Rule: netclass 'Default' (diff pair); error
    @(75.6000 mm, 63.7000 mm): Track [CM5_GBE_TD2_N] on F.Cu, length 0.5657 mm
[track_width]: Track width (board setup constraints min width 0.2000 mm; actual 0.1270 mm)
    Rule: netclass 'Default' (diff pair); error
    @(33.5250 mm, 100.3000 mm): Track [CM5_GBE_TD2_N] on F.Cu, length 0.0141 mm
[track_width]: Track width (board setup constraints min width 0.2000 mm; actual 0.1270 mm)
    Rule: netclass 'Default' (diff pair); error
    @(75.6000 mm, 65.2425 mm): Track [CM5_GBE_TD2_N] on F.Cu, length 0.4125 mm
[track_width]: Track width (board setup constraints min width 0.2000 mm; actual 0.1270 mm)
    Rule: netclass 'Default' (diff pair); error
    @(75.6600 mm, 66.9713 mm): Track [CM5_GBE_TD2_N] on F.Cu, length 1.6104 mm
[track_width]: Track width (board setup constraints min width 0.2000 mm; actual 0.1270 mm)
    Rule: netclass 'Default' (diff pair); error
    @(33.5350 mm, 100.3100 mm): Track [CM5_GBE_TD2_N] on F.Cu, length 0.2863 mm
[track_width]: Track width (board setup constraints min width 0.2000 mm; actual 0.1270 mm)
    Rule: netclass 'Default' (diff pair); error
    @(74.9000 mm, 63.3000 mm): Track [CM5_GBE_TD2_N] on F.Cu, length 0.5657 mm
[track_width]: Track width (board setup constraints min width 0.2000 mm; actual 0.1270 mm)
    Rule: netclass 'Default' (diff pair); error
    @(75.6600 mm, 66.0725 mm): Track [CM5_GBE_TD2_N] on F.Cu, length 0.8988 mm
[track_width]: Track width (board setup constraints min width 0.2000 mm; actual 0.1270 mm)
    Rule: netclass 'Default' (diff pair); error
    @(75.6000 mm, 64.8300 mm): Track [CM5_GBE_TD2_N] on F.Cu, length 1.1300 mm
[track_width]: Track width (board setup constraints min width 0.2000 mm; actual 0.1270 mm)
    Rule: netclass 'Default' (diff pair); error
    @(75.6000 mm, 66.0125 mm): Track [CM5_GBE_TD2_N] on F.Cu, length 0.0849 mm
[track_width]: Track width (board setup constraints min width 0.2000 mm; actual 0.1270 mm)
    Rule: netclass 'Default' (diff pair); error
    @(34.8100 mm, 98.1213 mm): Track [CM5_GBE_TD2_N] on F.Cu, length 42.4424 mm
[track_width]: Track width (board setup constraints min width 0.2000 mm; actual 0.1270 mm)
    Rule: netclass 'Default' (diff pair); error
    @(75.6000 mm, 65.6000 mm): Track [CM5_GBE_TD2_N] on F.Cu, length 0.4125 mm
[track_width]: Track width (board setup constraints min width 0.2000 mm; actual 0.1270 mm)
    Rule: netclass 'Default' (diff pair); error
    @(75.6600 mm, 65.4150 mm): Track [CM5_GBE_TD2_N] on F.Cu, length 0.1125 mm
[track_width]: Track width (board setup constraints min width 0.2000 mm; actual 0.1270 mm)
    Rule: netclass 'Default' (diff pair); error
    @(75.6600 mm, 65.3025 mm): Track [CM5_GBE_TD2_N] on F.Cu, length 0.0849 mm
[track_width]: Track width (board setup constraints min width 0.2000 mm; actual 0.1270 mm)
    Rule: netclass 'Default' (diff pair); error
    @(74.5213 mm, 68.1100 mm): Track [CM5_GBE_TD2_N] on F.Cu, length 9.7000 mm
[track_width]: Track width (board setup constraints min width 0.2000 mm; actual 0.1270 mm)
    Rule: netclass 'Default' (diff pair); error
    @(75.2000 mm, 63.3000 mm): Track [CM5_GBE_TD2_N] on F.Cu, length 0.3000 mm
[track_width]: Track width (board setup constraints min width 0.2000 mm; actual 0.1270 mm)
    Rule: netclass 'Default' (diff pair); error
    @(34.8100 mm, 99.3213 mm): Track [CM5_GBE_TD2_N] on F.Cu, length 1.2000 mm
[track_width]: Track width (board setup constraints min width 0.2000 mm; actual 0.1270 mm)
    Rule: netclass 'Default' (diff pair); error
    @(33.0000 mm, 100.3000 mm): Track [CM5_GBE_TD2_N] on F.Cu, length 0.5250 mm
[track_width]: Track width (board setup constraints min width 0.2000 mm; actual 0.1270 mm)
    Rule: netclass 'Default' (diff pair); error
    @(33.8213 mm, 100.3100 mm): Track [CM5_GBE_TD2_N] on F.Cu, length 1.3982 mm
[track_width]: Track width (board setup constraints min width 0.2000 mm; actual 0.1270 mm)
    Rule: netclass 'Default' (diff pair); error
    @(74.5000 mm, 62.9000 mm): Track [CM5_GBE_TD2_N] on F.Cu, length 3.3750 mm
[track_width]: Track width (board setup constraints min width 0.2000 mm; actual 0.1270 mm)
    Rule: netclass 'Default' (diff pair); error
    @(74.1000 mm, 65.2425 mm): Track [CM5_GBE_TD3_P] on F.Cu, length 0.4125 mm
[track_width]: Track width (board setup constraints min width 0.2000 mm; actual 0.1270 mm)
    Rule: netclass 'Default' (diff pair); error
    @(74.1000 mm, 64.2500 mm): Track [CM5_GBE_TD3_P] on F.Cu, length 0.2121 mm
[track_width]: Track width (board setup constraints min width 0.2000 mm; actual 0.1270 mm)
    Rule: netclass 'Default' (diff pair); error
    @(73.2000 mm, 65.1000 mm): Track [CM5_GBE_TD3_P] on F.Cu, length 0.2121 mm
[track_width]: Track width (board setup constraints min width 0.2000 mm; actual 0.1270 mm)
    Rule: netclass 'Default' (diff pair); error
    @(74.1600 mm, 65.4150 mm): Track [CM5_GBE_TD3_P] on F.Cu, length 0.1125 mm
[track_width]: Track width (board setup constraints min width 0.2000 mm; actual 0.1270 mm)
    Rule: netclass 'Default' (diff pair); error
    @(64.4213 mm, 67.2100 mm): Track [CM5_GBE_TD3_P] on F.Cu, length 43.1495 mm
[track_width]: Track width (board setup constraints min width 0.2000 mm; actual 0.1270 mm)
    Rule: netclass 'Default' (diff pair); error
    @(73.7041 mm, 67.2100 mm): Track [CM5_GBE_TD3_P] on F.Cu, length 9.2828 mm
[track_width]: Track width (board setup constraints min width 0.2000 mm; actual 0.1270 mm)
    Rule: netclass 'Default' (diff pair); error
    @(74.1600 mm, 66.7541 mm): Track [CM5_GBE_TD3_P] on F.Cu, length 0.6447 mm
[track_width]: Track width (board setup constraints min width 0.2000 mm; actual 0.1270 mm)
    Rule: netclass 'Default' (diff pair); error
    @(72.7500 mm, 65.2500 mm): Track [CM5_GBE_TD3_P] on F.Cu, length 0.3536 mm
[track_width]: Track width (board setup constraints min width 0.2000 mm; actual 0.1270 mm)
    Rule: netclass 'Default' (diff pair); error
    @(74.1600 mm, 66.0725 mm): Track [CM5_GBE_TD3_P] on F.Cu, length 0.6816 mm
[track_width]: Track width (board setup constraints min width 0.2000 mm; actual 0.1270 mm)
    Rule: netclass 'Default' (diff pair); error
    @(33.6313 mm, 99.1000 mm): Track [CM5_GBE_TD3_P] on F.Cu, length 0.6313 mm
[track_width]: Track width (board setup constraints min width 0.2000 mm; actual 0.1270 mm)
    Rule: netclass 'Default' (diff pair); error
    @(33.9100 mm, 97.7213 mm): Track [CM5_GBE_TD3_P] on F.Cu, length 1.1000 mm
[track_width]: Track width (board setup constraints min width 0.2000 mm; actual 0.1270 mm)
    Rule: netclass 'Default' (diff pair); error
    @(33.9100 mm, 98.8213 mm): Track [CM5_GBE_TD3_P] on F.Cu, length 0.3941 mm
[track_width]: Track width (board setup constraints min width 0.2000 mm; actual 0.1270 mm)
    Rule: netclass 'Default' (diff pair); error
    @(73.5500 mm, 64.1000 mm): Track [CM5_GBE_TD3_P] on F.Cu, length 0.4950 mm
[track_width]: Track width (board setup constraints min width 0.2000 mm; actual 0.1270 mm)
    Rule: netclass 'Default' (diff pair); error
    @(74.1000 mm, 65.6000 mm): Track [CM5_GBE_TD3_P] on F.Cu, length 0.4125 mm
[track_width]: Track width (board setup constraints min width 0.2000 mm; actual 0.1270 mm)
    Rule: netclass 'Default' (diff pair); error
    @(73.0500 mm, 65.2500 mm): Track [CM5_GBE_TD3_P] on F.Cu, length 0.3000 mm
[track_width]: Track width (board setup constraints min width 0.2000 mm; actual 0.1270 mm)
    Rule: netclass 'Default' (diff pair); error
    @(74.1600 mm, 65.3025 mm): Track [CM5_GBE_TD3_P] on F.Cu, length 0.0849 mm
[track_width]: Track width (board setup constraints min width 0.2000 mm; actual 0.1270 mm)
    Rule: netclass 'Default' (diff pair); error
    @(73.9500 mm, 64.1000 mm): Track [CM5_GBE_TD3_P] on F.Cu, length 0.4000 mm
[track_width]: Track width (board setup constraints min width 0.2000 mm; actual 0.1270 mm)
    Rule: netclass 'Default' (diff pair); error
    @(73.0550 mm, 63.1950 mm): Track [CM5_GBE_TD3_P] on F.Cu, length 1.3050 mm
[track_width]: Track width (board setup constraints min width 0.2000 mm; actual 0.1270 mm)
    Rule: netclass 'Default' (diff pair); error
    @(74.1000 mm, 64.8300 mm): Track [CM5_GBE_TD3_P] on F.Cu, length 0.5800 mm
[track_width]: Track width (board setup constraints min width 0.2000 mm; actual 0.1270 mm)
    Rule: netclass 'Default' (diff pair); error
    @(73.0550 mm, 63.1950 mm): Track [CM5_GBE_TD3_P] on F.Cu, length 0.7849 mm
[track_width]: Track width (board setup constraints min width 0.2000 mm; actual 0.1270 mm)
    Rule: netclass 'Default' (diff pair); error
    @(72.5000 mm, 65.0000 mm): Track [CM5_GBE_TD3_P] on F.Cu, length 1.2500 mm
[track_width]: Track width (board setup constraints min width 0.2000 mm; actual 0.1270 mm)
    Rule: netclass 'Default' (diff pair); error
    @(74.1000 mm, 66.0125 mm): Track [CM5_GBE_TD3_P] on F.Cu, length 0.0849 mm
[track_width]: Track width (board setup constraints min width 0.2000 mm; actual 0.1270 mm)
    Rule: netclass 'Default' (diff pair); error
    @(73.2000 mm, 64.4500 mm): Track [CM5_GBE_TD3_P] on F.Cu, length 0.6500 mm
[track_width]: Track width (board setup constraints min width 0.2000 mm; actual 0.1270 mm)
    Rule: netclass 'Default' (diff pair); error
    @(34.2900 mm, 98.9787 mm): Track [CM5_GBE_TD3_N] on F.Cu, length 0.7372 mm
[track_width]: Track width (board setup constraints min width 0.2000 mm; actual 0.1270 mm)
    Rule: netclass 'Default' (diff pair); error
    @(74.6000 mm, 65.2425 mm): Track [CM5_GBE_TD3_N] on F.Cu, length 0.4125 mm
[track_width]: Track width (board setup constraints min width 0.2000 mm; actual 0.1270 mm)
    Rule: netclass 'Default' (diff pair); error
    @(73.8615 mm, 67.5900 mm): Track [CM5_GBE_TD3_N] on F.Cu, length 9.2828 mm
[track_width]: Track width (board setup constraints min width 0.2000 mm; actual 0.1270 mm)
    Rule: netclass 'Default' (diff pair); error
    @(74.6000 mm, 64.8300 mm): Track [CM5_GBE_TD3_N] on F.Cu, length 0.7300 mm
[track_width]: Track width (board setup constraints min width 0.2000 mm; actual 0.1270 mm)
    Rule: netclass 'Default' (diff pair); error
    @(74.6000 mm, 66.0125 mm): Track [CM5_GBE_TD3_N] on F.Cu, length 0.0849 mm
[track_width]: Track width (board setup constraints min width 0.2000 mm; actual 0.1270 mm)
    Rule: netclass 'Default' (diff pair); error
    @(33.7687 mm, 99.5000 mm): Track [CM5_GBE_TD3_N] on F.Cu, length 0.7687 mm
[track_width]: Track width (board setup constraints min width 0.2000 mm; actual 0.1270 mm)
    Rule: netclass 'Default' (diff pair); error
    @(74.6000 mm, 65.6000 mm): Track [CM5_GBE_TD3_N] on F.Cu, length 0.4125 mm
[track_width]: Track width (board setup constraints min width 0.2000 mm; actual 0.1270 mm)
    Rule: netclass 'Default' (diff pair); error
    @(34.2900 mm, 97.8787 mm): Track [CM5_GBE_TD3_N] on F.Cu, length 1.1000 mm
[track_width]: Track width (board setup constraints min width 0.2000 mm; actual 0.1270 mm)
    Rule: netclass 'Default' (diff pair); error
    @(74.5400 mm, 65.4150 mm): Track [CM5_GBE_TD3_N] on F.Cu, length 0.1125 mm
[track_width]: Track width (board setup constraints min width 0.2000 mm; actual 0.1270 mm)
    Rule: netclass 'Default' (diff pair); error
    @(74.6000 mm, 64.1000 mm): Track [CM5_GBE_TD3_N] on F.Cu, length 0.7071 mm
[track_width]: Track width (board setup constraints min width 0.2000 mm; actual 0.1270 mm)
    Rule: netclass 'Default' (diff pair); error
    @(64.5787 mm, 67.5900 mm): Track [CM5_GBE_TD3_N] on F.Cu, length 42.8347 mm
[track_width]: Track width (board setup constraints min width 0.2000 mm; actual 0.1270 mm)
    Rule: netclass 'Default' (diff pair); error
    @(74.5400 mm, 66.0725 mm): Track [CM5_GBE_TD3_N] on F.Cu, length 0.8390 mm
[track_width]: Track width (board setup constraints min width 0.2000 mm; actual 0.1270 mm)
    Rule: netclass 'Default' (diff pair); error
    @(74.5400 mm, 65.3025 mm): Track [CM5_GBE_TD3_N] on F.Cu, length 0.0849 mm
[track_width]: Track width (board setup constraints min width 0.2000 mm; actual 0.1270 mm)
    Rule: netclass 'Default' (diff pair); error
    @(74.1000 mm, 61.5364 mm): Track [CM5_GBE_TD3_N] on F.Cu, length 3.0920 mm
[track_width]: Track width (board setup constraints min width 0.2000 mm; actual 0.1270 mm)
    Rule: netclass 'Default' (diff pair); error
    @(74.5400 mm, 66.9115 mm): Track [CM5_GBE_TD3_N] on F.Cu, length 0.9595 mm
[track_width]: Track width (board setup constraints min width 0.2000 mm; actual 0.1270 mm)
    Rule: netclass 'Default' (diff pair); error
    @(74.1000 mm, 63.6000 mm): Track [CM5_GBE_TD3_N] on F.Cu, length 2.0636 mm
[track_width]: Track width (board setup constraints min width 0.2000 mm; actual 0.1270 mm)
    Rule: netclass 'Default'; error
    @(57.5000 mm, 45.0000 mm): Track [ETH_CT_COMMON] on F.Cu, length 1.1314 mm
[track_width]: Track width (board setup constraints min width 0.2000 mm; actual 0.1270 mm)
    Rule: netclass 'Default'; error
    @(67.5000 mm, 45.0000 mm): Track [ETH_CT_COMMON] on F.Cu, length 1.1314 mm
[track_width]: Track width (board setup constraints min width 0.2000 mm; actual 0.1270 mm)
    Rule: netclass 'Default'; error
    @(52.5000 mm, 45.0000 mm): Track [ETH_CT_COMMON] on F.Cu, length 1.1314 mm
[track_width]: Track width (board setup constraints min width 0.2000 mm; actual 0.1270 mm)
    Rule: netclass 'Default'; error
    @(72.8000 mm, 45.0000 mm): Track [ETH_CT_COMMON] on F.Cu, length 1.1314 mm
[track_width]: Track width (board setup constraints min width 0.2000 mm; actual 0.1270 mm)
    Rule: netclass 'Default'; error
    @(62.5000 mm, 45.0000 mm): Track [ETH_CT_COMMON] on F.Cu, length 1.1314 mm
[track_width]: Track width (board setup constraints min width 0.2000 mm; actual 0.1270 mm)
    Rule: netclass 'Default'; error
    @(80.0000 mm, 61.0000 mm): Track [ETH_CT1] on F.Cu, length 13.5000 mm
[track_width]: Track width (board setup constraints min width 0.2000 mm; actual 0.1270 mm)
    Rule: netclass 'Default'; error
    @(71.2000 mm, 45.0000 mm): Track [ETH_CT1] on F.Cu, length 1.1314 mm
[track_width]: Track width (board setup constraints min width 0.2000 mm; actual 0.1270 mm)
    Rule: netclass 'Default'; error
    @(78.2150 mm, 56.8300 mm): Track [ETH_CT1] on F.Cu, length 4.5360 mm
[track_width]: Track width (board setup constraints min width 0.2000 mm; actual 0.1270 mm)
    Rule: netclass 'Default'; error
    @(66.5000 mm, 61.0000 mm): Track [ETH_CT1] on F.Cu, length 16.0000 mm
[track_width]: Track width (board setup constraints min width 0.2000 mm; actual 0.1270 mm)
    Rule: netclass 'Default'; error
    @(68.0000 mm, 53.0000 mm): Track [ETH_CT3] on F.Cu, length 11.5000 mm
[via_diameter]: Via diameter (board setup constraints min diameter 0.5000 mm; actual 0.4500 mm)
    Rule: netclass 'Default'; error
    @(75.1000 mm, 64.1000 mm): Via [ETH_GND] on F.Cu - B.Cu
[via_diameter]: Via diameter (board setup constraints min diameter 0.5000 mm; actual 0.4500 mm)
    Rule: netclass 'Default'; error
    @(78.9000 mm, 65.7000 mm): Via [ETH_GND] on F.Cu - B.Cu
[via_diameter]: Via diameter (board setup constraints min diameter 0.5000 mm; actual 0.4500 mm)
    Rule: netclass 'Default'; error
    @(78.6000 mm, 45.8000 mm): Via [ETH_GND] on F.Cu - B.Cu
[via_diameter]: Via diameter (board setup constraints min diameter 0.5000 mm; actual 0.4500 mm)
    Rule: netclass 'Default'; error
    @(75.0324 mm, 66.2071 mm): Via [ETH_GND] on F.Cu - B.Cu
[via_diameter]: Via diameter (board setup constraints min diameter 0.5000 mm; actual 0.4500 mm)
    Rule: netclass 'Default'; error
    @(81.1000 mm, 66.3000 mm): Via [ETH_GND] on F.Cu - B.Cu
[via_diameter]: Via diameter (board setup constraints min diameter 0.5000 mm; actual 0.4500 mm)
    Rule: netclass 'Default'; error
    @(81.1000 mm, 64.1000 mm): Via [ETH_GND] on F.Cu - B.Cu
[via_diameter]: Via diameter (board setup constraints min diameter 0.5000 mm; actual 0.4500 mm)
    Rule: netclass 'Default'; error
    @(77.5000 mm, 65.7000 mm): Via [ETH_GND] on F.Cu - B.Cu
[via_diameter]: Via diameter (board setup constraints min diameter 0.5000 mm; actual 0.4500 mm)
    Rule: netclass 'Default'; error
    @(61.7000 mm, 45.8000 mm): Via [ETH_CT_COMMON] on F.Cu - B.Cu
[via_diameter]: Via diameter (board setup constraints min diameter 0.5000 mm; actual 0.4500 mm)
    Rule: netclass 'Default'; error
    @(66.7000 mm, 45.8000 mm): Via [ETH_CT_COMMON] on F.Cu - B.Cu
[via_diameter]: Via diameter (board setup constraints min diameter 0.5000 mm; actual 0.4500 mm)
    Rule: netclass 'Default'; error
    @(75.4000 mm, 45.8000 mm): Via [ETH_CT_COMMON] on F.Cu - B.Cu
[via_diameter]: Via diameter (board setup constraints min diameter 0.5000 mm; actual 0.4500 mm)
    Rule: netclass 'Default'; error
    @(71.7000 mm, 45.8000 mm): Via [ETH_CT_COMMON] on F.Cu - B.Cu
[via_diameter]: Via diameter (board setup constraints min diameter 0.5000 mm; actual 0.4500 mm)
    Rule: netclass 'Default'; error
    @(56.7000 mm, 45.8000 mm): Via [ETH_CT_COMMON] on F.Cu - B.Cu
[via_diameter]: Via diameter (board setup constraints min diameter 0.5000 mm; actual 0.4500 mm)
    Rule: netclass 'Default'; error
    @(82.0000 mm, 54.5000 mm): Via [ETH_CT2] on F.Cu - B.Cu
[via_diameter]: Via diameter (board setup constraints min diameter 0.5000 mm; actual 0.4500 mm)
    Rule: netclass 'Default'; error
    @(65.0000 mm, 47.0000 mm): Via [ETH_CT2] on F.Cu - B.Cu
[via_diameter]: Via diameter (board setup constraints min diameter 0.5000 mm; actual 0.4500 mm)
    Rule: netclass 'Default'; error
    @(70.5000 mm, 58.0000 mm): Via [ETH_CT4] on F.Cu - B.Cu
[via_diameter]: Via diameter (board setup constraints min diameter 0.5000 mm; actual 0.4500 mm)
    Rule: netclass 'Default'; error
    @(55.0000 mm, 47.0000 mm): Via [ETH_CT4] on F.Cu - B.Cu
[solder_mask_bridge]: Front solder mask aperture bridges items with different nets
    Rule: board setup solder mask min width; error
    @(78.2150 mm, 56.8300 mm): Track [ETH_CT1] on F.Cu, length 4.5360 mm
    @(79.4050 mm, 59.3500 mm): PTH pad 4 [<no net>] of J2
[solder_mask_bridge]: Front solder mask aperture bridges items with different nets
    Rule: board setup solder mask min width; error
    @(66.5000 mm, 61.0000 mm): Track [ETH_CT1] on F.Cu, length 16.0000 mm
    @(66.5000 mm, 45.0000 mm): Pad 1 [ETH_CT2] of RCT2 on F.Cu
[solder_mask_bridge]: Front solder mask aperture bridges items with different nets
    Rule: board setup solder mask min width; error
    @(56.5000 mm, 53.0000 mm): Track [ETH_CT3] on F.Cu, length 8.0000 mm
    @(56.5000 mm, 45.0000 mm): Pad 1 [ETH_CT4] of RCT4 on F.Cu
[solder_mask_bridge]: Front solder mask aperture bridges items with different nets
    Rule: board setup solder mask min width; error
    @(69.3250 mm, 55.5600 mm): Track [ETH_CT3] on F.Cu, length 2.8826 mm
    @(69.6250 mm, 56.0500 mm): PTH pad 20 [GBE_SHIELD] of J2
[via_dangling]: Via is not connected or connected on only one layer
    Local override; warning
    @(78.6000 mm, 45.8000 mm): Via [ETH_GND] on F.Cu - B.Cu
[via_dangling]: Via is not connected or connected on only one layer
    Local override; warning
    @(103.0000 mm, 50.0000 mm): Via [ETH_GND] on F.Cu - B.Cu
[track_dangling]: Track has unconnected end
    Local override; warning
    @(73.6000 mm, 45.8000 mm): Track [ETH_GND] on B.Cu, length 3.8000 mm
[track_dangling]: Track has unconnected end
    Local override; warning
    @(98.0000 mm, 42.0000 mm): Track [ETH_GND] on B.Cu, length 8.0000 mm
[track_dangling]: Track has unconnected end
    Local override; warning
    @(52.5000 mm, 45.0000 mm): Track [ETH_CT_COMMON] on F.Cu, length 1.1314 mm
[track_dangling]: Track has unconnected end
    Local override; warning
    @(72.8000 mm, 45.0000 mm): Track [ETH_CT_COMMON] on F.Cu, length 1.1314 mm
[via_dangling]: Via is not connected or connected on only one layer
    Local override; warning
    @(75.4000 mm, 45.8000 mm): Via [ETH_CT_COMMON] on F.Cu - B.Cu
[via_dangling]: Via is not connected or connected on only one layer
    Local override; warning
    @(71.7000 mm, 45.8000 mm): Via [ETH_CT_COMMON] on F.Cu - B.Cu
[track_dangling]: Track has unconnected end
    Local override; warning
    @(56.0000 mm, 42.0000 mm): Track [ETH_CT_COMMON] on B.Cu, length 24.0000 mm
[track_dangling]: Track has unconnected end
    Local override; warning
    @(51.7000 mm, 45.8000 mm): Track [ETH_CT_COMMON] on B.Cu, length 3.8000 mm
[track_dangling]: Track has unconnected end
    Local override; warning
    @(71.2000 mm, 45.0000 mm): Track [ETH_CT1] on F.Cu, length 1.1314 mm
[track_dangling]: Track has unconnected end
    Local override; warning
    @(78.2150 mm, 56.8300 mm): Track [ETH_CT1] on F.Cu, length 4.5360 mm
[via_dangling]: Via is not connected or connected on only one layer
    Local override; warning
    @(82.0000 mm, 54.5000 mm): Via [ETH_CT2] on F.Cu - B.Cu
[via_dangling]: Via is not connected or connected on only one layer
    Local override; warning
    @(65.0000 mm, 47.0000 mm): Via [ETH_CT2] on F.Cu - B.Cu
[track_dangling]: Track has unconnected end
    Local override; warning
    @(77.0000 mm, 54.5000 mm): Track [ETH_CT2] on B.Cu, length 18.5809 mm
[track_dangling]: Track has unconnected end
    Local override; warning
    @(75.6750 mm, 55.5600 mm): Track [ETH_CT2] on B.Cu, length 1.6968 mm
[track_dangling]: Track has unconnected end
    Local override; warning
    @(60.0000 mm, 47.0000 mm): Track [ETH_CT3] on F.Cu, length 2.5000 mm
[track_dangling]: Track has unconnected end
    Local override; warning
    @(50.0000 mm, 47.0000 mm): Track [ETH_CT4] on F.Cu, length 2.5000 mm
[via_dangling]: Via is not connected or connected on only one layer
    Local override; warning
    @(70.5000 mm, 58.0000 mm): Via [ETH_CT4] on F.Cu - B.Cu
[via_dangling]: Via is not connected or connected on only one layer
    Local override; warning
    @(55.0000 mm, 47.0000 mm): Via [ETH_CT4] on F.Cu - B.Cu
[track_dangling]: Track has unconnected end
    Local override; warning
    @(66.7850 mm, 56.8300 mm): Track [ETH_CT4] on B.Cu, length 1.7379 mm
[track_dangling]: Track has unconnected end
    Local override; warning
    @(65.5000 mm, 58.0000 mm): Track [ETH_CT4] on B.Cu, length 19.0066 mm
[silk_edge_clearance]: Silkscreen clipped by board edge
    Rule: board setup constraints silk; warning
    @(100.0000 mm, 125.0000 mm): Segment on Edge.Cuts
    @(53.3800 mm, 124.9200 mm): Reference field of J7
[silk_edge_clearance]: Silkscreen clipped by board edge
    Rule: board setup constraints silk; warning
    @(100.0000 mm, 125.0000 mm): Segment on Edge.Cuts
    @(31.5000 mm, 82.0000 mm): Segment of J7 on F.Silkscreen
[silk_edge_clearance]: Silkscreen clipped by board edge
    Rule: board setup constraints silk; warning
    @(100.0000 mm, 125.0000 mm): Segment on Edge.Cuts
    @(71.5000 mm, 130.0000 mm): Segment of J7 on F.Silkscreen
[hole_to_hole]: Drilled hole too close to other hole (board setup constraints min 0.2495 mm; actual 0.2053 mm)
    Rule: board setup constraints; warning
    @(83.2150 mm, 53.0000 mm): NPTH pad of J2
    @(82.0000 mm, 54.5000 mm): Via [ETH_CT2] on F.Cu - B.Cu
[hole_to_hole]: Drilled hole too close to other hole (board setup constraints min 0.2495 mm; actual 0.2053 mm)
    Rule: board setup constraints; warning
    @(83.2150 mm, 53.0000 mm): NPTH pad of J2
    @(82.0000 mm, 54.5000 mm): Via [ETH_CT2] on F.Cu - B.Cu
[text_height]: Text height out of range (board setup constraints silk text height min height 0.8000 mm; actual 0.7000 mm)
    Rule: board setup constraints silk text height; warning
    @(72.0000 mm, 44.1000 mm): Reference field of RCT1
[text_height]: Text height out of range (board setup constraints silk text height min height 0.8000 mm; actual 0.7000 mm)
    Rule: board setup constraints silk text height; warning
    @(62.0000 mm, 44.1000 mm): Reference field of RCT3
[text_height]: Text height out of range (board setup constraints silk text height min height 0.8000 mm; actual 0.7000 mm)
    Rule: board setup constraints silk text height; warning
    @(57.0000 mm, 44.1000 mm): Reference field of RCT4
[text_height]: Text height out of range (board setup constraints silk text height min height 0.8000 mm; actual 0.7000 mm)
    Rule: board setup constraints silk text height; warning
    @(67.0000 mm, 44.1000 mm): Reference field of RCT2
[silk_overlap]: Silkscreen clearance
    Rule: board setup constraints silk; warning
    @(78.3000 mm, 65.2300 mm): Reference field of U6
    @(77.9000 mm, 65.2333 mm): Reference field of U9
[silk_overlap]: Silkscreen clearance
    Rule: board setup constraints silk; warning
    @(77.9000 mm, 65.2333 mm): Reference field of U9
    @(77.5000 mm, 64.4500 mm): Reference field of J2
[silk_overlap]: Silkscreen clearance
    Rule: board setup constraints silk; warning
    @(78.3000 mm, 65.2300 mm): Reference field of U6
    @(77.5000 mm, 64.4500 mm): Reference field of J2

** Found 22 unconnected pads **
[unconnected_items]: Missing connection between items
    Local override; error
    @(77.8000 mm, 45.0000 mm): Pad 2 [ETH_GND] of CCT on F.Cu
    @(78.6000 mm, 45.8000 mm): Via [ETH_GND] on F.Cu - B.Cu
[unconnected_items]: Missing connection between items
    Local override; error
    @(77.8000 mm, 45.0000 mm): Pad 2 [ETH_GND] of CCT on F.Cu
    @(73.6000 mm, 45.8000 mm): Track [ETH_GND] on B.Cu, length 3.8000 mm
[unconnected_items]: Missing connection between items
    Local override; error
    @(98.0000 mm, 42.0000 mm): Track [ETH_GND] on B.Cu, length 8.0000 mm
    @(103.0000 mm, 50.0000 mm): Track [ETH_GND] on B.Cu, length 22.0000 mm
[unconnected_items]: Missing connection between items
    Local override; error
    @(66.5000 mm, 61.0000 mm): Track [ETH_CT1] on F.Cu, length 16.0000 mm
    @(71.2000 mm, 45.0000 mm): Track [ETH_CT1] on F.Cu, length 1.1314 mm
[unconnected_items]: Missing connection between items
    Local override; error
    @(83.2150 mm, 56.8300 mm): PTH pad 11 [ETH_CT1] of J2
    @(78.2150 mm, 56.8300 mm): Track [ETH_CT1] on F.Cu, length 4.5360 mm
[unconnected_items]: Missing connection between items
    Local override; error
    @(51.7000 mm, 45.8000 mm): Track [ETH_CT_COMMON] on B.Cu, length 3.8000 mm
    @(52.5000 mm, 45.0000 mm): Track [ETH_CT_COMMON] on F.Cu, length 1.1314 mm
[unconnected_items]: Missing connection between items
    Local override; error
    @(52.5000 mm, 45.0000 mm): Track [ETH_CT_COMMON] on F.Cu, length 1.1314 mm
    @(57.5000 mm, 45.0000 mm): Track [ETH_CT_COMMON] on F.Cu, length 1.1314 mm
[unconnected_items]: Missing connection between items
    Local override; error
    @(71.7000 mm, 45.8000 mm): Via [ETH_CT_COMMON] on F.Cu - B.Cu
    @(67.5000 mm, 45.0000 mm): Track [ETH_CT_COMMON] on F.Cu, length 1.1314 mm
[unconnected_items]: Missing connection between items
    Local override; error
    @(72.5000 mm, 45.0000 mm): Pad 2 [ETH_CT_COMMON] of RCT1 on F.Cu
    @(71.7000 mm, 45.8000 mm): Via [ETH_CT_COMMON] on F.Cu - B.Cu
[unconnected_items]: Missing connection between items
    Local override; error
    @(72.8000 mm, 45.0000 mm): Track [ETH_CT_COMMON] on F.Cu, length 1.1314 mm
    @(75.4000 mm, 45.8000 mm): Via [ETH_CT_COMMON] on F.Cu - B.Cu
[unconnected_items]: Missing connection between items
    Local override; error
    @(75.4000 mm, 45.8000 mm): Via [ETH_CT_COMMON] on F.Cu - B.Cu
    @(76.2000 mm, 45.0000 mm): Pad 1 [ETH_CT_COMMON] of CCT on F.Cu
[unconnected_items]: Missing connection between items
    Local override; error
    @(56.5000 mm, 53.0000 mm): Track [ETH_CT3] on F.Cu, length 8.0000 mm
    @(60.0000 mm, 47.0000 mm): Track [ETH_CT3] on F.Cu, length 2.5000 mm
[unconnected_items]: Missing connection between items
    Local override; error
    @(69.3250 mm, 55.5600 mm): Track [ETH_CT3] on F.Cu, length 2.8826 mm
    @(74.3250 mm, 55.5600 mm): PTH pad 13 [ETH_CT3] of J2
[unconnected_items]: Missing connection between items
    Local override; error
    @(50.0000 mm, 47.0000 mm): Track [ETH_CT4] on F.Cu, length 2.5000 mm
    @(65.5000 mm, 58.0000 mm): Track [ETH_CT4] on B.Cu, length 19.0066 mm
[unconnected_items]: Missing connection between items
    Local override; error
    @(50.0000 mm, 47.0000 mm): Track [ETH_CT4] on F.Cu, length 2.5000 mm
    @(55.0000 mm, 47.0000 mm): Via [ETH_CT4] on F.Cu - B.Cu
[unconnected_items]: Missing connection between items
    Local override; error
    @(55.0000 mm, 47.0000 mm): Via [ETH_CT4] on F.Cu - B.Cu
    @(56.5000 mm, 45.0000 mm): Pad 1 [ETH_CT4] of RCT4 on F.Cu
[unconnected_items]: Missing connection between items
    Local override; error
    @(70.5000 mm, 58.0000 mm): Via [ETH_CT4] on F.Cu - B.Cu
    @(71.7850 mm, 56.8300 mm): PTH pad 14 [ETH_CT4] of J2
[unconnected_items]: Missing connection between items
    Local override; error
    @(70.5000 mm, 58.0000 mm): Via [ETH_CT4] on F.Cu - B.Cu
    @(66.7850 mm, 56.8300 mm): Track [ETH_CT4] on B.Cu, length 1.7379 mm
[unconnected_items]: Missing connection between items
    Local override; error
    @(77.0000 mm, 54.5000 mm): Track [ETH_CT2] on B.Cu, length 18.5809 mm
    @(65.0000 mm, 47.0000 mm): Via [ETH_CT2] on F.Cu - B.Cu
[unconnected_items]: Missing connection between items
    Local override; error
    @(66.5000 mm, 45.0000 mm): Pad 1 [ETH_CT2] of RCT2 on F.Cu
    @(65.0000 mm, 47.0000 mm): Via [ETH_CT2] on F.Cu - B.Cu
[unconnected_items]: Missing connection between items
    Local override; error
    @(75.6750 mm, 55.5600 mm): Track [ETH_CT2] on B.Cu, length 1.6968 mm
    @(80.6750 mm, 55.5600 mm): PTH pad 12 [ETH_CT2] of J2
[unconnected_items]: Missing connection between items
    Local override; error
    @(80.6750 mm, 55.5600 mm): PTH pad 12 [ETH_CT2] of J2
    @(82.0000 mm, 54.5000 mm): Via [ETH_CT2] on F.Cu - B.Cu

** Found 0 Footprint errors **

** Ignored checks **
    - Footprint has no courtyard defined
    - Track endpoint not centered on via
    - Tuning profile track geometries
    - Footprint doesn't match symbol's footprint filters
    - Footprint component type doesn't match footprint pads

** End of Report **
