** Drc report for CM5IO_ROT180_WEST_FIXTURE.kicad_pcb **
** Created on 2026-09-03T17:58:34 **
** Report includes: Errors, Warnings **

** Found 94 DRC violations **
[tracks_crossing]: Tracks crossing
    Local override; error
    @(32.0000 mm, 52.5000 mm): Track [CM5_GBE_TD0_N] on F.Cu, length 3.7364 mm
    @(32.5000 mm, 51.5000 mm): Track [CM5_GBE_TD0_P] on F.Cu, length 3.6699 mm
[shorting_items]: Items shorting two nets (nets  and CM5_GBE_TD0_N)
    Local override; error
    @(66.9600 mm, 100.3000 mm): Pad 109 [<no net>] of J7 on F.Cu
    @(36.0400 mm, 100.3000 mm): Track [CM5_GBE_TD0_N] on F.Cu, length 37.9600 mm
[shorting_items]: Items shorting two nets (nets  and CM5_GBE_TD0_P)
    Local override; error
    @(70.0400 mm, 100.7000 mm): Pad 112 [<no net>] of J7 on F.Cu
    @(36.0400 mm, 100.7000 mm): Track [CM5_GBE_TD0_P] on F.Cu, length 38.4600 mm
[tracks_crossing]: Tracks crossing
    Local override; error
    @(74.0000 mm, 68.5000 mm): Track [CM5_GBE_TD0_N] on F.Cu, length 44.3850 mm
    @(32.5000 mm, 69.0000 mm): Track [CM5_GBE_TD0_P] on F.Cu, length 17.5000 mm
[tracks_crossing]: Tracks crossing
    Local override; error
    @(74.0000 mm, 100.3000 mm): Track [CM5_GBE_TD0_N] on F.Cu, length 31.8000 mm
    @(74.5000 mm, 69.0000 mm): Track [CM5_GBE_TD0_P] on F.Cu, length 44.8850 mm
[tracks_crossing]: Tracks crossing
    Local override; error
    @(73.5000 mm, 67.5000 mm): Track [CM5_GBE_TD1_N] on F.Cu, length 43.8850 mm
    @(73.0000 mm, 99.1000 mm): Track [CM5_GBE_TD1_P] on F.Cu, length 32.1000 mm
[tracks_crossing]: Tracks crossing
    Local override; error
    @(31.5000 mm, 67.5000 mm): Track [CM5_GBE_TD1_N] on F.Cu, length 14.0000 mm
    @(73.0000 mm, 67.0000 mm): Track [CM5_GBE_TD1_P] on F.Cu, length 43.3850 mm
[tracks_crossing]: Tracks crossing
    Local override; error
    @(74.0000 mm, 68.5000 mm): Track [CM5_GBE_TD0_N] on F.Cu, length 44.3850 mm
    @(73.0000 mm, 99.1000 mm): Track [CM5_GBE_TD1_P] on F.Cu, length 32.1000 mm
[shorting_items]: Items shorting two nets (nets CM5_GBE_TD0_P and CM5_GBE_TD1_P)
    Local override; error
    @(29.7150 mm, 53.8900 mm): PTH pad 1 [CM5_GBE_TD0_P] of J2
    @(31.0000 mm, 54.5000 mm): Track [CM5_GBE_TD1_P] on F.Cu, length 3.8733 mm
[tracks_crossing]: Tracks crossing
    Local override; error
    @(73.0000 mm, 67.0000 mm): Track [CM5_GBE_TD1_P] on F.Cu, length 43.3850 mm
    @(32.0000 mm, 68.5000 mm): Track [CM5_GBE_TD0_N] on F.Cu, length 16.0000 mm
[shorting_items]: Items shorting two nets (nets  and CM5_GBE_TD1_P)
    Local override; error
    @(66.9600 mm, 99.1000 mm): Pad 103 [<no net>] of J7 on F.Cu
    @(36.0400 mm, 99.1000 mm): Track [CM5_GBE_TD1_P] on F.Cu, length 36.9600 mm
[shorting_items]: Items shorting two nets (nets  and CM5_GBE_TD1_N)
    Local override; error
    @(25.9050 mm, 51.3500 mm): PTH pad 4 [<no net>] of J2
    @(31.5000 mm, 53.5000 mm): Track [CM5_GBE_TD1_N] on F.Cu, length 8.4143 mm
[shorting_items]: Items shorting two nets (nets  and CM5_GBE_TD1_N)
    Local override; error
    @(66.9600 mm, 99.5000 mm): Pad 105 [<no net>] of J7 on F.Cu
    @(36.0400 mm, 99.5000 mm): Track [CM5_GBE_TD1_N] on F.Cu, length 37.4600 mm
[shorting_items]: Items shorting two nets (nets CM5_GBE_TD2_P and CM5_GBE_TD3_N)
    Local override; error
    @(17.5000 mm, 51.5000 mm): Track [CM5_GBE_TD2_P] on F.Cu, length 5.1794 mm
    @(18.2850 mm, 51.3500 mm): PTH pad 10 [CM5_GBE_TD3_N] of J2
[tracks_crossing]: Tracks crossing
    Local override; error
    @(27.5000 mm, 69.0000 mm): Track [CM5_GBE_TD2_P] on F.Cu, length 3.1150 mm
    @(27.0000 mm, 100.3000 mm): Track [CM5_GBE_TD2_N] on F.Cu, length 31.8000 mm
[tracks_crossing]: Tracks crossing
    Local override; error
    @(32.9600 mm, 99.1000 mm): Track [CM5_GBE_TD3_P] on F.Cu, length 6.9600 mm
    @(27.0000 mm, 100.3000 mm): Track [CM5_GBE_TD2_N] on F.Cu, length 31.8000 mm
[tracks_crossing]: Tracks crossing
    Local override; error
    @(27.5000 mm, 100.7000 mm): Track [CM5_GBE_TD2_P] on F.Cu, length 31.7000 mm
    @(32.9600 mm, 99.1000 mm): Track [CM5_GBE_TD3_P] on F.Cu, length 6.9600 mm
[tracks_crossing]: Tracks crossing
    Local override; error
    @(16.0000 mm, 54.5000 mm): Track [CM5_GBE_TD3_P] on F.Cu, length 3.6070 mm
    @(16.5000 mm, 67.5000 mm): Track [CM5_GBE_TD3_N] on F.Cu, length 14.0000 mm
[tracks_crossing]: Tracks crossing
    Local override; error
    @(23.6150 mm, 67.0000 mm): Track [CM5_GBE_TD3_P] on F.Cu, length 7.6150 mm
    @(16.5000 mm, 67.5000 mm): Track [CM5_GBE_TD3_N] on F.Cu, length 14.0000 mm
[tracks_crossing]: Tracks crossing
    Local override; error
    @(32.9600 mm, 99.1000 mm): Track [CM5_GBE_TD3_P] on F.Cu, length 6.9600 mm
    @(26.5000 mm, 99.5000 mm): Track [CM5_GBE_TD3_N] on F.Cu, length 32.0000 mm
[tracks_crossing]: Tracks crossing
    Local override; error
    @(26.0000 mm, 99.1000 mm): Track [CM5_GBE_TD3_P] on F.Cu, length 32.1000 mm
    @(26.5000 mm, 67.5000 mm): Track [CM5_GBE_TD3_N] on F.Cu, length 2.1150 mm
[tracks_crossing]: Tracks crossing
    Local override; error
    @(23.6150 mm, 67.0000 mm): Track [CM5_GBE_TD3_P] on F.Cu, length 7.6150 mm
    @(17.0000 mm, 68.5000 mm): Track [CM5_GBE_TD2_N] on F.Cu, length 16.0000 mm
[tracks_crossing]: Tracks crossing
    Local override; error
    @(23.6150 mm, 68.5000 mm): Track [CM5_GBE_TD2_N] on F.Cu, length 6.6150 mm
    @(17.5000 mm, 69.0000 mm): Track [CM5_GBE_TD2_P] on F.Cu, length 17.5000 mm
[shorting_items]: Items shorting two nets (nets CM5_GBE_TD2_N and CM5_GBE_TD3_N)
    Local override; error
    @(17.0000 mm, 52.5000 mm): Track [CM5_GBE_TD2_N] on F.Cu, length 3.9941 mm
    @(18.2850 mm, 51.3500 mm): PTH pad 10 [CM5_GBE_TD3_N] of J2
[tracks_crossing]: Tracks crossing
    Local override; error
    @(27.0000 mm, 68.5000 mm): Track [CM5_GBE_TD2_N] on F.Cu, length 2.6150 mm
    @(26.0000 mm, 99.1000 mm): Track [CM5_GBE_TD3_P] on F.Cu, length 32.1000 mm
[invalid_outline]: Board has malformed outline (no edges found on Edge.Cuts layer)
    Local override; error
    @(0.0000 mm, 0.0000 mm): PCB
[track_width]: Track width (board setup constraints min width 0.2000 mm; actual 0.1270 mm)
    Rule: netclass 'Default' (diff pair); error
    @(74.5000 mm, 100.7000 mm): Track [CM5_GBE_TD0_P] on F.Cu, length 31.7000 mm
[track_width]: Track width (board setup constraints min width 0.2000 mm; actual 0.1270 mm)
    Rule: netclass 'Default' (diff pair); error
    @(29.6150 mm, 69.0000 mm): Track [CM5_GBE_TD0_P] on F.Cu, length 2.8850 mm
[track_width]: Track width (board setup constraints min width 0.2000 mm; actual 0.1270 mm)
    Rule: netclass 'Default' (diff pair); error
    @(36.0400 mm, 100.7000 mm): Track [CM5_GBE_TD0_P] on F.Cu, length 38.4600 mm
[track_width]: Track width (board setup constraints min width 0.2000 mm; actual 0.1270 mm)
    Rule: netclass 'Default' (diff pair); error
    @(32.5000 mm, 69.0000 mm): Track [CM5_GBE_TD0_P] on F.Cu, length 17.5000 mm
[track_width]: Track width (board setup constraints min width 0.2000 mm; actual 0.1270 mm)
    Rule: netclass 'Default' (diff pair); error
    @(32.5000 mm, 51.5000 mm): Track [CM5_GBE_TD0_P] on F.Cu, length 3.6699 mm
[track_width]: Track width (board setup constraints min width 0.2000 mm; actual 0.1270 mm)
    Rule: netclass 'Default' (diff pair); error
    @(74.5000 mm, 69.0000 mm): Track [CM5_GBE_TD0_P] on F.Cu, length 44.8850 mm
[track_width]: Track width (board setup constraints min width 0.2000 mm; actual 0.1270 mm)
    Rule: netclass 'Default' (diff pair); error
    @(29.6150 mm, 68.5000 mm): Track [CM5_GBE_TD0_N] on F.Cu, length 2.3850 mm
[track_width]: Track width (board setup constraints min width 0.2000 mm; actual 0.1270 mm)
    Rule: netclass 'Default' (diff pair); error
    @(74.0000 mm, 68.5000 mm): Track [CM5_GBE_TD0_N] on F.Cu, length 44.3850 mm
[track_width]: Track width (board setup constraints min width 0.2000 mm; actual 0.1270 mm)
    Rule: netclass 'Default' (diff pair); error
    @(36.0400 mm, 100.3000 mm): Track [CM5_GBE_TD0_N] on F.Cu, length 37.9600 mm
[track_width]: Track width (board setup constraints min width 0.2000 mm; actual 0.1270 mm)
    Rule: netclass 'Default' (diff pair); error
    @(32.0000 mm, 52.5000 mm): Track [CM5_GBE_TD0_N] on F.Cu, length 3.7364 mm
[track_width]: Track width (board setup constraints min width 0.2000 mm; actual 0.1270 mm)
    Rule: netclass 'Default' (diff pair); error
    @(74.0000 mm, 100.3000 mm): Track [CM5_GBE_TD0_N] on F.Cu, length 31.8000 mm
[track_width]: Track width (board setup constraints min width 0.2000 mm; actual 0.1270 mm)
    Rule: netclass 'Default' (diff pair); error
    @(32.0000 mm, 68.5000 mm): Track [CM5_GBE_TD0_N] on F.Cu, length 16.0000 mm
[track_width]: Track width (board setup constraints min width 0.2000 mm; actual 0.1270 mm)
    Rule: netclass 'Default' (diff pair); error
    @(31.0000 mm, 67.0000 mm): Track [CM5_GBE_TD1_P] on F.Cu, length 12.5000 mm
[track_width]: Track width (board setup constraints min width 0.2000 mm; actual 0.1270 mm)
    Rule: netclass 'Default' (diff pair); error
    @(29.6150 mm, 67.0000 mm): Track [CM5_GBE_TD1_P] on F.Cu, length 1.3850 mm
[track_width]: Track width (board setup constraints min width 0.2000 mm; actual 0.1270 mm)
    Rule: netclass 'Default' (diff pair); error
    @(73.0000 mm, 99.1000 mm): Track [CM5_GBE_TD1_P] on F.Cu, length 32.1000 mm
[track_width]: Track width (board setup constraints min width 0.2000 mm; actual 0.1270 mm)
    Rule: netclass 'Default' (diff pair); error
    @(36.0400 mm, 99.1000 mm): Track [CM5_GBE_TD1_P] on F.Cu, length 36.9600 mm
[track_width]: Track width (board setup constraints min width 0.2000 mm; actual 0.1270 mm)
    Rule: netclass 'Default' (diff pair); error
    @(73.0000 mm, 67.0000 mm): Track [CM5_GBE_TD1_P] on F.Cu, length 43.3850 mm
[track_width]: Track width (board setup constraints min width 0.2000 mm; actual 0.1270 mm)
    Rule: netclass 'Default' (diff pair); error
    @(31.0000 mm, 54.5000 mm): Track [CM5_GBE_TD1_P] on F.Cu, length 3.8733 mm
[track_width]: Track width (board setup constraints min width 0.2000 mm; actual 0.1270 mm)
    Rule: netclass 'Default' (diff pair); error
    @(73.5000 mm, 67.5000 mm): Track [CM5_GBE_TD1_N] on F.Cu, length 43.8850 mm
[track_width]: Track width (board setup constraints min width 0.2000 mm; actual 0.1270 mm)
    Rule: netclass 'Default' (diff pair); error
    @(31.5000 mm, 67.5000 mm): Track [CM5_GBE_TD1_N] on F.Cu, length 14.0000 mm
[track_width]: Track width (board setup constraints min width 0.2000 mm; actual 0.1270 mm)
    Rule: netclass 'Default' (diff pair); error
    @(73.5000 mm, 99.5000 mm): Track [CM5_GBE_TD1_N] on F.Cu, length 32.0000 mm
[track_width]: Track width (board setup constraints min width 0.2000 mm; actual 0.1270 mm)
    Rule: netclass 'Default' (diff pair); error
    @(31.5000 mm, 53.5000 mm): Track [CM5_GBE_TD1_N] on F.Cu, length 8.4143 mm
[track_width]: Track width (board setup constraints min width 0.2000 mm; actual 0.1270 mm)
    Rule: netclass 'Default' (diff pair); error
    @(29.6150 mm, 67.5000 mm): Track [CM5_GBE_TD1_N] on F.Cu, length 1.8850 mm
[track_width]: Track width (board setup constraints min width 0.2000 mm; actual 0.1270 mm)
    Rule: netclass 'Default' (diff pair); error
    @(36.0400 mm, 99.5000 mm): Track [CM5_GBE_TD1_N] on F.Cu, length 37.4600 mm
[track_width]: Track width (board setup constraints min width 0.2000 mm; actual 0.1270 mm)
    Rule: netclass 'Default' (diff pair); error
    @(17.5000 mm, 51.5000 mm): Track [CM5_GBE_TD2_P] on F.Cu, length 5.1794 mm
[track_width]: Track width (board setup constraints min width 0.2000 mm; actual 0.1270 mm)
    Rule: netclass 'Default' (diff pair); error
    @(27.5000 mm, 69.0000 mm): Track [CM5_GBE_TD2_P] on F.Cu, length 3.1150 mm
[track_width]: Track width (board setup constraints min width 0.2000 mm; actual 0.1270 mm)
    Rule: netclass 'Default' (diff pair); error
    @(27.5000 mm, 100.7000 mm): Track [CM5_GBE_TD2_P] on F.Cu, length 31.7000 mm
[track_width]: Track width (board setup constraints min width 0.2000 mm; actual 0.1270 mm)
    Rule: netclass 'Default' (diff pair); error
    @(17.5000 mm, 69.0000 mm): Track [CM5_GBE_TD2_P] on F.Cu, length 17.5000 mm
[track_width]: Track width (board setup constraints min width 0.2000 mm; actual 0.1270 mm)
    Rule: netclass 'Default' (diff pair); error
    @(23.6150 mm, 69.0000 mm): Track [CM5_GBE_TD2_P] on F.Cu, length 6.1150 mm
[track_width]: Track width (board setup constraints min width 0.2000 mm; actual 0.1270 mm)
    Rule: netclass 'Default' (diff pair); error
    @(32.9600 mm, 100.7000 mm): Track [CM5_GBE_TD2_P] on F.Cu, length 5.4600 mm
[track_width]: Track width (board setup constraints min width 0.2000 mm; actual 0.1270 mm)
    Rule: netclass 'Default' (diff pair); error
    @(27.0000 mm, 68.5000 mm): Track [CM5_GBE_TD2_N] on F.Cu, length 2.6150 mm
[track_width]: Track width (board setup constraints min width 0.2000 mm; actual 0.1270 mm)
    Rule: netclass 'Default' (diff pair); error
    @(32.9600 mm, 100.3000 mm): Track [CM5_GBE_TD2_N] on F.Cu, length 5.9600 mm
[track_width]: Track width (board setup constraints min width 0.2000 mm; actual 0.1270 mm)
    Rule: netclass 'Default' (diff pair); error
    @(23.6150 mm, 68.5000 mm): Track [CM5_GBE_TD2_N] on F.Cu, length 6.6150 mm
[track_width]: Track width (board setup constraints min width 0.2000 mm; actual 0.1270 mm)
    Rule: netclass 'Default' (diff pair); error
    @(27.0000 mm, 100.3000 mm): Track [CM5_GBE_TD2_N] on F.Cu, length 31.8000 mm
[track_width]: Track width (board setup constraints min width 0.2000 mm; actual 0.1270 mm)
    Rule: netclass 'Default' (diff pair); error
    @(17.0000 mm, 52.5000 mm): Track [CM5_GBE_TD2_N] on F.Cu, length 3.9941 mm
[track_width]: Track width (board setup constraints min width 0.2000 mm; actual 0.1270 mm)
    Rule: netclass 'Default' (diff pair); error
    @(17.0000 mm, 68.5000 mm): Track [CM5_GBE_TD2_N] on F.Cu, length 16.0000 mm
[track_width]: Track width (board setup constraints min width 0.2000 mm; actual 0.1270 mm)
    Rule: netclass 'Default' (diff pair); error
    @(26.0000 mm, 67.0000 mm): Track [CM5_GBE_TD3_P] on F.Cu, length 1.6150 mm
[track_width]: Track width (board setup constraints min width 0.2000 mm; actual 0.1270 mm)
    Rule: netclass 'Default' (diff pair); error
    @(26.0000 mm, 99.1000 mm): Track [CM5_GBE_TD3_P] on F.Cu, length 32.1000 mm
[track_width]: Track width (board setup constraints min width 0.2000 mm; actual 0.1270 mm)
    Rule: netclass 'Default' (diff pair); error
    @(32.9600 mm, 99.1000 mm): Track [CM5_GBE_TD3_P] on F.Cu, length 6.9600 mm
[track_width]: Track width (board setup constraints min width 0.2000 mm; actual 0.1270 mm)
    Rule: netclass 'Default' (diff pair); error
    @(23.6150 mm, 67.0000 mm): Track [CM5_GBE_TD3_P] on F.Cu, length 7.6150 mm
[track_width]: Track width (board setup constraints min width 0.2000 mm; actual 0.1270 mm)
    Rule: netclass 'Default' (diff pair); error
    @(16.0000 mm, 67.0000 mm): Track [CM5_GBE_TD3_P] on F.Cu, length 12.5000 mm
[track_width]: Track width (board setup constraints min width 0.2000 mm; actual 0.1270 mm)
    Rule: netclass 'Default' (diff pair); error
    @(16.0000 mm, 54.5000 mm): Track [CM5_GBE_TD3_P] on F.Cu, length 3.6070 mm
[track_width]: Track width (board setup constraints min width 0.2000 mm; actual 0.1270 mm)
    Rule: netclass 'Default' (diff pair); error
    @(32.9600 mm, 99.5000 mm): Track [CM5_GBE_TD3_N] on F.Cu, length 6.4600 mm
[track_width]: Track width (board setup constraints min width 0.2000 mm; actual 0.1270 mm)
    Rule: netclass 'Default' (diff pair); error
    @(26.5000 mm, 67.5000 mm): Track [CM5_GBE_TD3_N] on F.Cu, length 2.1150 mm
[track_width]: Track width (board setup constraints min width 0.2000 mm; actual 0.1270 mm)
    Rule: netclass 'Default' (diff pair); error
    @(16.5000 mm, 53.5000 mm): Track [CM5_GBE_TD3_N] on F.Cu, length 2.7944 mm
[track_width]: Track width (board setup constraints min width 0.2000 mm; actual 0.1270 mm)
    Rule: netclass 'Default' (diff pair); error
    @(23.6150 mm, 67.5000 mm): Track [CM5_GBE_TD3_N] on F.Cu, length 7.1150 mm
[track_width]: Track width (board setup constraints min width 0.2000 mm; actual 0.1270 mm)
    Rule: netclass 'Default' (diff pair); error
    @(26.5000 mm, 99.5000 mm): Track [CM5_GBE_TD3_N] on F.Cu, length 32.0000 mm
[track_width]: Track width (board setup constraints min width 0.2000 mm; actual 0.1270 mm)
    Rule: netclass 'Default' (diff pair); error
    @(16.5000 mm, 67.5000 mm): Track [CM5_GBE_TD3_N] on F.Cu, length 14.0000 mm
[solder_mask_bridge]: Front solder mask aperture bridges items with different nets
    Rule: board setup solder mask min width; error
    @(17.5000 mm, 69.0000 mm): Track [CM5_GBE_TD2_P] on F.Cu, length 17.5000 mm
    @(18.2850 mm, 51.3500 mm): PTH pad 10 [CM5_GBE_TD3_N] of J2
[solder_mask_bridge]: Front solder mask aperture bridges items with different nets
    Rule: board setup solder mask min width; error
    @(17.0000 mm, 52.5000 mm): Track [CM5_GBE_TD2_N] on F.Cu, length 3.9941 mm
    @(18.2850 mm, 51.3500 mm): PTH pad 10 [CM5_GBE_TD3_N] of J2
[solder_mask_bridge]: Front solder mask aperture bridges items with different nets
    Rule: board setup solder mask min width; error
    @(36.0400 mm, 100.7000 mm): Track [CM5_GBE_TD0_P] on F.Cu, length 38.4600 mm
    @(66.9600 mm, 100.7000 mm): Pad 111 [<no net>] of J7 on F.Cu
[solder_mask_bridge]: Front solder mask aperture bridges items with different nets
    Rule: board setup solder mask min width; error
    @(36.0400 mm, 100.7000 mm): Track [CM5_GBE_TD0_P] on F.Cu, length 38.4600 mm
    @(70.0400 mm, 100.7000 mm): Pad 112 [<no net>] of J7 on F.Cu
[solder_mask_bridge]: Front solder mask aperture bridges items with different nets
    Rule: board setup solder mask min width; error
    @(36.0400 mm, 100.3000 mm): Track [CM5_GBE_TD0_N] on F.Cu, length 37.9600 mm
    @(70.0400 mm, 100.3000 mm): Pad 110 [<no net>] of J7 on F.Cu
[solder_mask_bridge]: Front solder mask aperture bridges items with different nets
    Rule: board setup solder mask min width; error
    @(36.0400 mm, 100.3000 mm): Track [CM5_GBE_TD0_N] on F.Cu, length 37.9600 mm
    @(66.9600 mm, 100.3000 mm): Pad 109 [<no net>] of J7 on F.Cu
[solder_mask_bridge]: Front solder mask aperture bridges items with different nets
    Rule: board setup solder mask min width; error
    @(36.0400 mm, 99.1000 mm): Track [CM5_GBE_TD1_P] on F.Cu, length 36.9600 mm
    @(70.0400 mm, 99.1000 mm): Pad 104 [<no net>] of J7 on F.Cu
[solder_mask_bridge]: Front solder mask aperture bridges items with different nets
    Rule: board setup solder mask min width; error
    @(36.0400 mm, 99.1000 mm): Track [CM5_GBE_TD1_P] on F.Cu, length 36.9600 mm
    @(66.9600 mm, 99.1000 mm): Pad 103 [<no net>] of J7 on F.Cu
[solder_mask_bridge]: Front solder mask aperture bridges items with different nets
    Rule: board setup solder mask min width; error
    @(31.0000 mm, 54.5000 mm): Track [CM5_GBE_TD1_P] on F.Cu, length 3.8733 mm
    @(29.7150 mm, 53.8900 mm): PTH pad 1 [CM5_GBE_TD0_P] of J2
[solder_mask_bridge]: Front solder mask aperture bridges items with different nets
    Rule: board setup solder mask min width; error
    @(31.5000 mm, 53.5000 mm): Track [CM5_GBE_TD1_N] on F.Cu, length 8.4143 mm
    @(29.7150 mm, 53.8900 mm): PTH pad 1 [CM5_GBE_TD0_P] of J2
[solder_mask_bridge]: Front solder mask aperture bridges items with different nets
    Rule: board setup solder mask min width; error
    @(31.5000 mm, 53.5000 mm): Track [CM5_GBE_TD1_N] on F.Cu, length 8.4143 mm
    @(25.9050 mm, 51.3500 mm): PTH pad 4 [<no net>] of J2
[solder_mask_bridge]: Front solder mask aperture bridges items with different nets
    Rule: board setup solder mask min width; error
    @(36.0400 mm, 99.5000 mm): Track [CM5_GBE_TD1_N] on F.Cu, length 37.4600 mm
    @(70.0400 mm, 99.5000 mm): Pad 106 [<no net>] of J7 on F.Cu
[solder_mask_bridge]: Front solder mask aperture bridges items with different nets
    Rule: board setup solder mask min width; error
    @(36.0400 mm, 99.5000 mm): Track [CM5_GBE_TD1_N] on F.Cu, length 37.4600 mm
    @(66.9600 mm, 99.5000 mm): Pad 105 [<no net>] of J7 on F.Cu
[solder_mask_bridge]: Front solder mask aperture bridges items with different nets
    Rule: board setup solder mask min width; error
    @(17.5000 mm, 51.5000 mm): Track [CM5_GBE_TD2_P] on F.Cu, length 5.1794 mm
    @(18.2850 mm, 51.3500 mm): PTH pad 10 [CM5_GBE_TD3_N] of J2
[silk_over_copper]: Silkscreen clipped by solder mask
    Local override; warning
    @(31.9500 mm, 55.6750 mm): Rectangle of J2 on F.Silkscreen
    @(16.1250 mm, 48.0500 mm): PTH pad 20 [<no net>] of J2
[silk_over_copper]: Silkscreen clipped by solder mask
    Local override; warning
    @(31.9500 mm, 55.6750 mm): Rectangle of J2 on F.Silkscreen
    @(15.8000 mm, 45.0000 mm): NPTH pad of J2
[silk_over_copper]: Silkscreen clipped by solder mask
    Local override; warning
    @(31.9500 mm, 55.6750 mm): Rectangle of J2 on F.Silkscreen
    @(15.8000 mm, 34.2500 mm): NPTH pad of J2
[silk_over_copper]: Silkscreen clipped by solder mask
    Local override; warning
    @(31.9500 mm, 55.6750 mm): Rectangle of J2 on F.Silkscreen
    @(32.2000 mm, 34.2500 mm): NPTH pad of J2
[silk_over_copper]: Silkscreen clipped by solder mask
    Local override; warning
    @(31.9500 mm, 55.6750 mm): Rectangle of J2 on F.Silkscreen
    @(32.2000 mm, 45.0000 mm): NPTH pad of J2
[silk_over_copper]: Silkscreen clipped by solder mask
    Local override; warning
    @(31.9500 mm, 55.6750 mm): Rectangle of J2 on F.Silkscreen
    @(31.8750 mm, 48.0500 mm): PTH pad 19 [<no net>] of J2

** Found 4 unconnected pads **
[unconnected_items]: Missing connection between items
    Local override; error
    @(27.5000 mm, 69.0000 mm): Track [CM5_GBE_TD2_P] on F.Cu, length 3.1150 mm
    @(23.6150 mm, 69.0000 mm): Track [CM5_GBE_TD2_P] on F.Cu, length 6.1150 mm
[unconnected_items]: Missing connection between items
    Local override; error
    @(27.0000 mm, 68.5000 mm): Track [CM5_GBE_TD2_N] on F.Cu, length 2.6150 mm
    @(23.6150 mm, 68.5000 mm): Track [CM5_GBE_TD2_N] on F.Cu, length 6.6150 mm
[unconnected_items]: Missing connection between items
    Local override; error
    @(26.5000 mm, 67.5000 mm): Track [CM5_GBE_TD3_N] on F.Cu, length 2.1150 mm
    @(23.6150 mm, 67.5000 mm): Track [CM5_GBE_TD3_N] on F.Cu, length 7.1150 mm
[unconnected_items]: Missing connection between items
    Local override; error
    @(26.0000 mm, 67.0000 mm): Track [CM5_GBE_TD3_P] on F.Cu, length 1.6150 mm
    @(23.6150 mm, 67.0000 mm): Track [CM5_GBE_TD3_P] on F.Cu, length 7.6150 mm

** Found 0 Footprint errors **

** Ignored checks **
    - Footprint has no courtyard defined
    - Track endpoint not centered on via
    - Tuning profile track geometries
    - Footprint doesn't match symbol's footprint filters
    - Footprint component type doesn't match footprint pads

** End of Report **
