** Drc report for ESDS311_ETHERNET_DISPOSABLE_FIXTURE.kicad_pcb **
** Created on 2026-09-03T12:08:32 **
** Report includes: Errors, Warnings **

** Found 212 DRC violations **
[tracks_crossing]: Tracks crossing
    Local override; error
    @(88.9000 mm, 54.0000 mm): Track [CM5_GBE_TD3_P] on F.Cu, length 0.9000 mm
    @(88.9000 mm, 54.0000 mm): Track [/ETHERNET/ETH_GND] on F.Cu, length 2.9732 mm
[tracks_crossing]: Tracks crossing
    Local override; error
    @(92.0000 mm, 130.3000 mm): Track [CM5_GBE_TD2_N] on B.Cu, length 76.3262 mm
    @(94.0000 mm, 129.1000 mm): Track [CM5_GBE_TD3_P] on B.Cu, length 75.3393 mm
[tracks_crossing]: Tracks crossing
    Local override; error
    @(91.9000 mm, 54.0000 mm): Track [CM5_GBE_TD3_N] on F.Cu, length 0.9000 mm
    @(91.9000 mm, 54.0000 mm): Track [/ETHERNET/ETH_GND] on F.Cu, length 2.9732 mm
[shorting_items]: Items shorting two nets (nets /ETHERNET/ETH_GND and CM5_GBE_TD3_N)
    Local override; error
    @(112.1000 mm, 66.0000 mm): Pad 2 [/ETHERNET/ETH_GND] of D37 on F.Cu
    @(91.0000 mm, 54.0000 mm): Via [CM5_GBE_TD3_N] on F.Cu - B.Cu
[clearance]: Clearance violation ( clearance 0.2000 mm; actual 0.0215 mm)
    Local override; error
    @(94.2850 mm, 56.1700 mm): Track [CM5_GBE_TD3_N] on F.Cu, length 3.2245 mm
    @(96.8250 mm, 57.4400 mm): Track [CM5_GBE_TD3_P] on F.Cu, length 8.6394 mm
[clearance]: Clearance violation ( clearance 0.2000 mm; actual 0.0172 mm)
    Local override; error
    @(103.1750 mm, 57.4400 mm): Track [CM5_GBE_TD2_N] on F.Cu, length 8.9615 mm
    @(97.9000 mm, 54.0000 mm): Track [/ETHERNET/ETH_GND] on F.Cu, length 2.9732 mm
[shorting_items]: Items shorting two nets (nets CM5_GBE_TD3_N and CM5_GBE_TD3_P)
    Local override; error
    @(94.2850 mm, 56.1700 mm): PTH pad 11 [CM5_GBE_TD3_N] of J2
    @(96.8250 mm, 57.4400 mm): Track [CM5_GBE_TD3_P] on F.Cu, length 8.6394 mm
[shorting_items]: Items shorting two nets (nets /ETHERNET/ETH_GND and CM5_GBE_TD3_N)
    Local override; error
    @(91.1000 mm, 56.0000 mm): Via [/ETHERNET/ETH_GND] on F.Cu - B.Cu
    @(93.0000 mm, 129.5000 mm): Track [CM5_GBE_TD3_N] on B.Cu, length 75.5265 mm
[clearance]: Clearance violation ( clearance 0.2000 mm; actual 0.0840 mm)
    Local override; error
    @(97.9600 mm, 130.7000 mm): Track [CM5_GBE_TD2_P] on B.Cu, length 6.9600 mm
    @(92.0000 mm, 130.3000 mm): Via [CM5_GBE_TD2_N] on F.Cu - B.Cu
[shorting_items]: Items shorting two nets (nets CM5_GBE_TD2_N and /ETHERNET/ETH_GND)
    Local override; error
    @(94.9000 mm, 54.0000 mm): Track [CM5_GBE_TD2_N] on F.Cu, length 0.9000 mm
    @(112.1000 mm, 66.0000 mm): Pad 2 [/ETHERNET/ETH_GND] of D37 on F.Cu
[shorting_items]: Items shorting two nets (nets /ETHERNET/ETH_GND and CM5_GBE_TD2_N)
    Local override; error
    @(112.1000 mm, 66.0000 mm): Pad 2 [/ETHERNET/ETH_GND] of D37 on F.Cu
    @(94.0000 mm, 54.0000 mm): Via [CM5_GBE_TD2_N] on F.Cu - B.Cu
[tracks_crossing]: Tracks crossing
    Local override; error
    @(100.9000 mm, 66.0000 mm): Track [CM5_GBE_TD1_P] on F.Cu, length 0.9000 mm
    @(100.9000 mm, 66.0000 mm): Track [/ETHERNET/ETH_GND] on F.Cu, length 2.9732 mm
[clearance]: Clearance violation ( clearance 0.2000 mm; actual 0.0840 mm)
    Local override; error
    @(106.0000 mm, 129.1000 mm): Via [CM5_GBE_TD1_P] on F.Cu - B.Cu
    @(101.0400 mm, 129.5000 mm): Track [CM5_GBE_TD1_N] on B.Cu, length 5.9600 mm
[shorting_items]: Items shorting two nets (nets CM5_GBE_TD2_P and /ETHERNET/ETH_GND)
    Local override; error
    @(97.9000 mm, 54.0000 mm): Track [CM5_GBE_TD2_P] on F.Cu, length 0.9000 mm
    @(112.1000 mm, 66.0000 mm): Pad 2 [/ETHERNET/ETH_GND] of D37 on F.Cu
[shorting_items]: Items shorting two nets (nets CM5_GBE_TD1_N and /ETHERNET/ETH_GND)
    Local override; error
    @(107.0000 mm, 129.5000 mm): Track [CM5_GBE_TD1_N] on B.Cu, length 63.6259 mm
    @(103.1000 mm, 68.0000 mm): Via [/ETHERNET/ETH_GND] on F.Cu - B.Cu
[shorting_items]: Items shorting two nets (nets CM5_GBE_TD1_N and /ETHERNET/ETH_GND)
    Local override; error
    @(103.0000 mm, 66.0000 mm): Via [CM5_GBE_TD1_N] on F.Cu - B.Cu
    @(112.1000 mm, 66.0000 mm): Pad 2 [/ETHERNET/ETH_GND] of D37 on F.Cu
[tracks_crossing]: Tracks crossing
    Local override; error
    @(103.9000 mm, 66.0000 mm): Track [/ETHERNET/ETH_GND] on F.Cu, length 2.9732 mm
    @(93.3700 mm, 64.0600 mm): Track [CM5_GBE_TD1_N] on F.Cu, length 10.7072 mm
[tracks_crossing]: Tracks crossing
    Local override; error
    @(103.9000 mm, 66.0000 mm): Track [CM5_GBE_TD1_N] on F.Cu, length 0.9000 mm
    @(103.9000 mm, 66.0000 mm): Track [/ETHERNET/ETH_GND] on F.Cu, length 2.9732 mm
[shorting_items]: Items shorting two nets (nets /ETHERNET/ETH_GND and CM5_GBE_TD2_P)
    Local override; error
    @(97.1000 mm, 56.0000 mm): Via [/ETHERNET/ETH_GND] on F.Cu - B.Cu
    @(91.0000 mm, 130.7000 mm): Track [CM5_GBE_TD2_P] on B.Cu, length 76.9343 mm
[shorting_items]: Items shorting two nets (nets CM5_GBE_TD2_N and /ETHERNET/ETH_GND)
    Local override; error
    @(92.0000 mm, 130.3000 mm): Track [CM5_GBE_TD2_N] on B.Cu, length 76.3262 mm
    @(94.1000 mm, 56.0000 mm): Via [/ETHERNET/ETH_GND] on F.Cu - B.Cu
[shorting_items]: Items shorting two nets (nets CM5_GBE_TD2_P and /ETHERNET/ETH_GND)
    Local override; error
    @(97.0000 mm, 54.0000 mm): Via [CM5_GBE_TD2_P] on F.Cu - B.Cu
    @(112.1000 mm, 66.0000 mm): Pad 2 [/ETHERNET/ETH_GND] of D37 on F.Cu
[clearance]: Clearance violation ( clearance 0.2000 mm; actual 0.1840 mm)
    Local override; error
    @(105.7150 mm, 56.1700 mm): Track [CM5_GBE_TD2_P] on F.Cu, length 8.1107 mm
    @(112.1000 mm, 66.0000 mm): Pad 2 [/ETHERNET/ETH_GND] of D37 on F.Cu
[clearance]: Clearance violation ( clearance 0.2000 mm; actual 0.1496 mm)
    Local override; error
    @(97.0000 mm, 54.0000 mm): Via [CM5_GBE_TD2_P] on F.Cu - B.Cu
    @(98.0950 mm, 53.6500 mm): PTH pad 4 [/ETHERNET/GBE_LED_G_A] of J2
[clearance]: Clearance violation ( clearance 0.2000 mm; actual 0.1496 mm)
    Local override; error
    @(97.0000 mm, 54.0000 mm): Via [CM5_GBE_TD2_P] on F.Cu - B.Cu
    @(98.0950 mm, 53.6500 mm): PTH pad 4 [/ETHERNET/GBE_LED_G_A] of J2
[clearance]: Clearance violation ( clearance 0.2000 mm; actual 0.1496 mm)
    Local override; error
    @(97.0000 mm, 54.0000 mm): Via [CM5_GBE_TD2_P] on F.Cu - B.Cu
    @(98.0950 mm, 53.6500 mm): PTH pad 4 [/ETHERNET/GBE_LED_G_A] of J2
[tracks_crossing]: Tracks crossing
    Local override; error
    @(100.9000 mm, 66.0000 mm): Track [/ETHERNET/ETH_GND] on F.Cu, length 2.9732 mm
    @(95.9100 mm, 64.0600 mm): Track [CM5_GBE_TD1_P] on F.Cu, length 5.3538 mm
[clearance]: Clearance violation ( clearance 0.2000 mm; actual 0.1496 mm)
    Local override; error
    @(97.0000 mm, 54.0000 mm): Via [CM5_GBE_TD2_P] on F.Cu - B.Cu
    @(98.0950 mm, 53.6500 mm): PTH pad 4 [/ETHERNET/GBE_LED_G_A] of J2
[clearance]: Clearance violation ( clearance 0.2000 mm; actual 0.1496 mm)
    Local override; error
    @(97.0000 mm, 54.0000 mm): Via [CM5_GBE_TD2_P] on F.Cu - B.Cu
    @(98.0950 mm, 53.6500 mm): PTH pad 4 [/ETHERNET/GBE_LED_G_A] of J2
[shorting_items]: Items shorting two nets (nets CM5_GBE_TD0_N and /ETHERNET/ETH_GND)
    Local override; error
    @(104.0900 mm, 64.0600 mm): Track [CM5_GBE_TD0_N] on F.Cu, length 3.4146 mm
    @(112.1000 mm, 66.0000 mm): Pad 2 [/ETHERNET/ETH_GND] of D37 on F.Cu
[shorting_items]: Items shorting two nets (nets /ETHERNET/ETH_GND and CM5_GBE_TD0_N)
    Local override; error
    @(112.1000 mm, 66.0000 mm): Pad 2 [/ETHERNET/ETH_GND] of D37 on F.Cu
    @(106.0000 mm, 66.0000 mm): Via [CM5_GBE_TD0_N] on F.Cu - B.Cu
[shorting_items]: Items shorting two nets (nets CM5_GBE_TD0_N and /ETHERNET/ETH_GND)
    Local override; error
    @(106.9000 mm, 66.0000 mm): Track [CM5_GBE_TD0_N] on F.Cu, length 0.9000 mm
    @(112.1000 mm, 66.0000 mm): Pad 2 [/ETHERNET/ETH_GND] of D37 on F.Cu
[shorting_items]: Items shorting two nets (nets /ETHERNET/ETH_GND and CM5_GBE_TD0_N)
    Local override; error
    @(106.1000 mm, 68.0000 mm): Via [/ETHERNET/ETH_GND] on F.Cu - B.Cu
    @(108.0000 mm, 130.3000 mm): Track [CM5_GBE_TD0_N] on B.Cu, length 64.3311 mm
[clearance]: Clearance violation ( clearance 0.2000 mm; actual 0.0840 mm)
    Local override; error
    @(108.0000 mm, 130.3000 mm): Via [CM5_GBE_TD0_N] on F.Cu - B.Cu
    @(101.0400 mm, 130.7000 mm): Track [CM5_GBE_TD0_P] on B.Cu, length 7.9600 mm
[shorting_items]: Items shorting two nets (nets CM5_GBE_TD0_P and /ETHERNET/ETH_GND)
    Local override; error
    @(106.6300 mm, 64.0600 mm): Track [CM5_GBE_TD0_P] on F.Cu, length 3.8022 mm
    @(112.1000 mm, 66.0000 mm): Pad 2 [/ETHERNET/ETH_GND] of D37 on F.Cu
[hole_clearance]: Hole clearance violation (board setup constraints hole clearance 0.2500 mm; actual 0.2240 mm)
    Rule: board setup constraints hole; error
    @(109.0000 mm, 130.7000 mm): Track [CM5_GBE_TD0_P] on B.Cu, length 64.7000 mm
    @(108.2000 mm, 70.7500 mm): NPTH pad of J2
[shorting_items]: Items shorting two nets (nets /ETHERNET/ETH_GND and CM5_GBE_TD0_N)
    Local override; error
    @(106.9000 mm, 66.0000 mm): Track [/ETHERNET/ETH_GND] on F.Cu, length 2.9732 mm
    @(109.9000 mm, 66.0000 mm): Pad 1 [CM5_GBE_TD0_P] of D37 on F.Cu
[shorting_items]: Items shorting two nets (nets /ETHERNET/ETH_GND and CM5_GBE_TD3_P)
    Local override; error
    @(88.9000 mm, 54.0000 mm): Track [/ETHERNET/ETH_GND] on F.Cu, length 2.9732 mm
    @(109.9000 mm, 66.0000 mm): Pad 1 [CM5_GBE_TD0_P] of D37 on F.Cu
[shorting_items]: Items shorting two nets (nets /ETHERNET/ETH_GND and CM5_GBE_TD1_N)
    Local override; error
    @(103.9000 mm, 66.0000 mm): Track [/ETHERNET/ETH_GND] on F.Cu, length 2.9732 mm
    @(109.9000 mm, 66.0000 mm): Pad 1 [CM5_GBE_TD0_P] of D37 on F.Cu
[shorting_items]: Items shorting two nets (nets CM5_GBE_TD3_N and /ETHERNET/ETH_GND)
    Local override; error
    @(94.2850 mm, 56.1700 mm): PTH pad 11 [CM5_GBE_TD3_N] of J2
    @(91.9000 mm, 54.0000 mm): Track [/ETHERNET/ETH_GND] on F.Cu, length 2.9732 mm
[shorting_items]: Items shorting two nets (nets CM5_GBE_TD3_N and /ETHERNET/ETH_GND)
    Local override; error
    @(94.2850 mm, 56.1700 mm): PTH pad 11 [CM5_GBE_TD3_N] of J2
    @(94.1000 mm, 56.0000 mm): Via [/ETHERNET/ETH_GND] on F.Cu - B.Cu
[shorting_items]: Items shorting two nets (nets CM5_GBE_TD3_N and /ETHERNET/ETH_GND)
    Local override; error
    @(94.2850 mm, 56.1700 mm): PTH pad 11 [CM5_GBE_TD3_N] of J2
    @(94.1000 mm, 56.0000 mm): Via [/ETHERNET/ETH_GND] on F.Cu - B.Cu
[shorting_items]: Items shorting two nets (nets CM5_GBE_TD3_N and /ETHERNET/ETH_GND)
    Local override; error
    @(94.2850 mm, 56.1700 mm): PTH pad 11 [CM5_GBE_TD3_N] of J2
    @(94.1000 mm, 56.0000 mm): Via [/ETHERNET/ETH_GND] on F.Cu - B.Cu
[shorting_items]: Items shorting two nets (nets CM5_GBE_TD3_N and /ETHERNET/ETH_GND)
    Local override; error
    @(94.2850 mm, 56.1700 mm): PTH pad 11 [CM5_GBE_TD3_N] of J2
    @(94.1000 mm, 56.0000 mm): Via [/ETHERNET/ETH_GND] on F.Cu - B.Cu
[shorting_items]: Items shorting two nets (nets CM5_GBE_TD3_N and /ETHERNET/ETH_GND)
    Local override; error
    @(94.2850 mm, 56.1700 mm): PTH pad 11 [CM5_GBE_TD3_N] of J2
    @(94.1000 mm, 56.0000 mm): Via [/ETHERNET/ETH_GND] on F.Cu - B.Cu
[shorting_items]: Items shorting two nets (nets CM5_GBE_TD3_N and /ETHERNET/ETH_GND)
    Local override; error
    @(94.2850 mm, 56.1700 mm): PTH pad 11 [CM5_GBE_TD3_N] of J2
    @(94.1000 mm, 56.0000 mm): Via [/ETHERNET/ETH_GND] on F.Cu - B.Cu
[shorting_items]: Items shorting two nets (nets CM5_GBE_TD2_N and /ETHERNET/ETH_GND)
    Local override; error
    @(109.9000 mm, 66.0000 mm): Pad 1 [CM5_GBE_TD0_P] of D37 on F.Cu
    @(94.9000 mm, 54.0000 mm): Track [/ETHERNET/ETH_GND] on F.Cu, length 2.9732 mm
[shorting_items]: Items shorting two nets (nets CM5_GBE_TD0_P and /ETHERNET/ETH_GND)
    Local override; error
    @(109.9000 mm, 66.0000 mm): Pad 1 [CM5_GBE_TD0_P] of D37 on F.Cu
    @(109.9000 mm, 66.0000 mm): Track [/ETHERNET/ETH_GND] on F.Cu, length 2.9732 mm
[shorting_items]: Items shorting two nets (nets CM5_GBE_TD2_P and /ETHERNET/ETH_GND)
    Local override; error
    @(109.9000 mm, 66.0000 mm): Pad 1 [CM5_GBE_TD0_P] of D37 on F.Cu
    @(97.9000 mm, 54.0000 mm): Track [/ETHERNET/ETH_GND] on F.Cu, length 2.9732 mm
[shorting_items]: Items shorting two nets (nets CM5_GBE_TD1_P and /ETHERNET/ETH_GND)
    Local override; error
    @(109.9000 mm, 66.0000 mm): Pad 1 [CM5_GBE_TD0_P] of D37 on F.Cu
    @(100.9000 mm, 66.0000 mm): Track [/ETHERNET/ETH_GND] on F.Cu, length 2.9732 mm
[shorting_items]: Items shorting two nets (nets /ETHERNET/ETH_GND and CM5_GBE_TD0_P)
    Local override; error
    @(112.1000 mm, 66.0000 mm): Pad 2 [/ETHERNET/ETH_GND] of D37 on F.Cu
    @(109.0000 mm, 66.0000 mm): Via [CM5_GBE_TD0_P] on F.Cu - B.Cu
[shorting_items]: Items shorting two nets (nets CM5_GBE_TD0_P and /ETHERNET/ETH_GND)
    Local override; error
    @(109.9000 mm, 66.0000 mm): Track [CM5_GBE_TD0_P] on F.Cu, length 0.9000 mm
    @(112.1000 mm, 66.0000 mm): Pad 2 [/ETHERNET/ETH_GND] of D37 on F.Cu
[clearance]: Clearance violation ( clearance 0.2000 mm; actual 0.0840 mm)
    Local override; error
    @(94.0000 mm, 129.1000 mm): Via [CM5_GBE_TD3_P] on F.Cu - B.Cu
    @(97.9600 mm, 129.5000 mm): Track [CM5_GBE_TD3_N] on B.Cu, length 4.9600 mm
[shorting_items]: Items shorting two nets (nets CM5_GBE_TD2_N and /ETHERNET/ETH_GND)
    Local override; error
    @(109.9000 mm, 66.0000 mm): Pad 1 [CM5_GBE_TD0_P] of D37 on F.Cu
    @(112.1000 mm, 66.0000 mm): Pad 2 [/ETHERNET/ETH_GND] of D37 on F.Cu
[shorting_items]: Items shorting two nets (nets CM5_GBE_TD0_N and /ETHERNET/ETH_GND)
    Local override; error
    @(109.9000 mm, 66.0000 mm): Pad 1 [CM5_GBE_TD0_P] of D37 on F.Cu
    @(112.1000 mm, 66.0000 mm): Pad 2 [/ETHERNET/ETH_GND] of D37 on F.Cu
[shorting_items]: Items shorting two nets (nets CM5_GBE_TD2_N and /ETHERNET/GBE_SHIELD)
    Local override; error
    @(109.9000 mm, 66.0000 mm): Pad 1 [CM5_GBE_TD0_P] of D37 on F.Cu
    @(95.5550 mm, 53.6500 mm): PTH pad 2 [/ETHERNET/GBE_SHIELD] of J2
[shorting_items]: Items shorting two nets (nets /ETHERNET/ETH_GND and CM5_GBE_TD3_N)
    Local override; error
    @(112.1000 mm, 66.0000 mm): Pad 2 [/ETHERNET/ETH_GND] of D37 on F.Cu
    @(109.9000 mm, 66.0000 mm): Pad 1 [CM5_GBE_TD0_P] of D37 on F.Cu
[shorting_items]: Items shorting two nets (nets /ETHERNET/ETH_GND and /ETHERNET/GBE_LED_G_A)
    Local override; error
    @(112.1000 mm, 66.0000 mm): Pad 2 [/ETHERNET/ETH_GND] of D37 on F.Cu
    @(98.0950 mm, 53.6500 mm): PTH pad 4 [/ETHERNET/GBE_LED_G_A] of J2
[shorting_items]: Items shorting two nets (nets /ETHERNET/ETH_GND and CM5_GBE_TD0_P)
    Local override; error
    @(112.1000 mm, 66.0000 mm): Pad 2 [/ETHERNET/ETH_GND] of D37 on F.Cu
    @(109.9000 mm, 66.0000 mm): Pad 1 [CM5_GBE_TD0_P] of D37 on F.Cu
[hole_clearance]: Hole clearance violation (board setup constraints hole clearance 0.2500 mm; actual 0.0000 mm)
    Rule: board setup constraints hole; error
    @(112.1000 mm, 66.0000 mm): Pad 2 [/ETHERNET/ETH_GND] of D37 on F.Cu
    @(91.0000 mm, 54.0000 mm): Via [CM5_GBE_TD3_N] on F.Cu - B.Cu
[hole_clearance]: Hole clearance violation (board setup constraints hole clearance 0.2500 mm; actual 0.0000 mm)
    Rule: board setup constraints hole; error
    @(112.1000 mm, 66.0000 mm): Pad 2 [/ETHERNET/ETH_GND] of D37 on F.Cu
    @(109.0000 mm, 66.0000 mm): Via [CM5_GBE_TD0_P] on F.Cu - B.Cu
[hole_clearance]: Hole clearance violation (board setup constraints hole clearance 0.2500 mm; actual 0.0000 mm)
    Rule: board setup constraints hole; error
    @(112.1000 mm, 66.0000 mm): Pad 2 [/ETHERNET/ETH_GND] of D37 on F.Cu
    @(97.0000 mm, 54.0000 mm): Via [CM5_GBE_TD2_P] on F.Cu - B.Cu
[hole_clearance]: Hole clearance violation (board setup constraints hole clearance 0.2500 mm; actual 0.0000 mm)
    Rule: board setup constraints hole; error
    @(112.1000 mm, 66.0000 mm): Pad 2 [/ETHERNET/ETH_GND] of D37 on F.Cu
    @(103.0000 mm, 66.0000 mm): Via [CM5_GBE_TD1_N] on F.Cu - B.Cu
[shorting_items]: Items shorting two nets (nets /ETHERNET/ETH_GND and CM5_GBE_TD1_N)
    Local override; error
    @(112.1000 mm, 66.0000 mm): Pad 2 [/ETHERNET/ETH_GND] of D37 on F.Cu
    @(109.9000 mm, 66.0000 mm): Pad 1 [CM5_GBE_TD0_P] of D37 on F.Cu
[hole_clearance]: Hole clearance violation (board setup constraints hole clearance 0.2500 mm; actual 0.0000 mm)
    Rule: board setup constraints hole; error
    @(112.1000 mm, 66.0000 mm): Pad 2 [/ETHERNET/ETH_GND] of D37 on F.Cu
    @(106.0000 mm, 66.0000 mm): Via [CM5_GBE_TD0_N] on F.Cu - B.Cu
[hole_clearance]: Hole clearance violation (board setup constraints hole clearance 0.2500 mm; actual 0.0000 mm)
    Rule: board setup constraints hole; error
    @(94.2850 mm, 56.1700 mm): PTH pad 11 [CM5_GBE_TD3_N] of J2
    @(94.1000 mm, 56.0000 mm): Via [/ETHERNET/ETH_GND] on F.Cu - B.Cu
[hole_clearance]: Hole clearance violation (board setup constraints hole clearance 0.2500 mm; actual 0.0000 mm)
    Rule: board setup constraints hole; error
    @(94.2850 mm, 56.1700 mm): PTH pad 11 [CM5_GBE_TD3_N] of J2
    @(94.1000 mm, 56.0000 mm): Via [/ETHERNET/ETH_GND] on F.Cu - B.Cu
[hole_clearance]: Hole clearance violation (board setup constraints hole clearance 0.2500 mm; actual 0.0000 mm)
    Rule: board setup constraints hole; error
    @(94.2850 mm, 56.1700 mm): PTH pad 11 [CM5_GBE_TD3_N] of J2
    @(94.1000 mm, 56.0000 mm): Via [/ETHERNET/ETH_GND] on F.Cu - B.Cu
[hole_clearance]: Hole clearance violation (board setup constraints hole clearance 0.2500 mm; actual 0.0000 mm)
    Rule: board setup constraints hole; error
    @(94.2850 mm, 56.1700 mm): PTH pad 11 [CM5_GBE_TD3_N] of J2
    @(94.1000 mm, 56.0000 mm): Via [/ETHERNET/ETH_GND] on F.Cu - B.Cu
[hole_clearance]: Hole clearance violation (board setup constraints hole clearance 0.2500 mm; actual 0.0000 mm)
    Rule: board setup constraints hole; error
    @(94.2850 mm, 56.1700 mm): PTH pad 11 [CM5_GBE_TD3_N] of J2
    @(94.1000 mm, 56.0000 mm): Via [/ETHERNET/ETH_GND] on F.Cu - B.Cu
[hole_clearance]: Hole clearance violation (board setup constraints hole clearance 0.2500 mm; actual 0.0000 mm)
    Rule: board setup constraints hole; error
    @(94.2850 mm, 56.1700 mm): PTH pad 11 [CM5_GBE_TD3_N] of J2
    @(94.1000 mm, 56.0000 mm): Via [/ETHERNET/ETH_GND] on F.Cu - B.Cu
[shorting_items]: Items shorting two nets (nets CM5_GBE_TD2_P and /ETHERNET/ETH_GND)
    Local override; error
    @(109.9000 mm, 66.0000 mm): Pad 1 [CM5_GBE_TD0_P] of D37 on F.Cu
    @(112.1000 mm, 66.0000 mm): Pad 2 [/ETHERNET/ETH_GND] of D37 on F.Cu
[shorting_items]: Items shorting two nets (nets CM5_GBE_TD2_P and /ETHERNET/GBE_LED_G_A)
    Local override; error
    @(109.9000 mm, 66.0000 mm): Pad 1 [CM5_GBE_TD0_P] of D37 on F.Cu
    @(98.0950 mm, 53.6500 mm): PTH pad 4 [/ETHERNET/GBE_LED_G_A] of J2
[shorting_items]: Items shorting two nets (nets /ETHERNET/ETH_GND and /ETHERNET/GBE_LED_Y_A)
    Local override; error
    @(112.1000 mm, 66.0000 mm): Pad 2 [/ETHERNET/ETH_GND] of D37 on F.Cu
    @(100.6350 mm, 53.6500 mm): PTH pad 6 [/ETHERNET/GBE_LED_Y_A] of J2
[clearance]: Clearance violation ( clearance 0.2000 mm; actual 0.1600 mm)
    Local override; error
    @(112.1000 mm, 66.0000 mm): Pad 2 [/ETHERNET/ETH_GND] of D37 on F.Cu
    @(95.5550 mm, 53.6500 mm): PTH pad 2 [/ETHERNET/GBE_SHIELD] of J2
[hole_clearance]: Hole clearance violation (board setup constraints hole clearance 0.2500 mm; actual 0.0000 mm)
    Rule: board setup constraints hole; error
    @(112.1000 mm, 66.0000 mm): Pad 2 [/ETHERNET/ETH_GND] of D37 on F.Cu
    @(94.0000 mm, 54.0000 mm): Via [CM5_GBE_TD2_N] on F.Cu - B.Cu
[courtyards_overlap]: Courtyards overlap
    Rule: board setup constraints courtyard; error
    @(111.0000 mm, 66.0000 mm): Footprint D37
    @(100.0000 mm, 60.0000 mm): Footprint J2
[pth_inside_courtyard]: PTH inside courtyard
    Local override; error
    @(98.0950 mm, 53.6500 mm): PTH pad 4 [/ETHERNET/GBE_LED_G_A] of J2
    @(111.0000 mm, 66.0000 mm): Footprint D37
[pth_inside_courtyard]: PTH inside courtyard
    Local override; error
    @(100.6350 mm, 53.6500 mm): PTH pad 6 [/ETHERNET/GBE_LED_Y_A] of J2
    @(111.0000 mm, 66.0000 mm): Footprint D37
[courtyards_overlap]: Courtyards overlap
    Rule: board setup constraints courtyard; error
    @(111.0000 mm, 66.0000 mm): Footprint D37
    @(100.0000 mm, 60.0000 mm): Footprint J2
[courtyards_overlap]: Courtyards overlap
    Rule: board setup constraints courtyard; error
    @(111.0000 mm, 66.0000 mm): Footprint D37
    @(100.0000 mm, 60.0000 mm): Footprint J2
[pth_inside_courtyard]: PTH inside courtyard
    Local override; error
    @(95.5550 mm, 53.6500 mm): PTH pad 2 [/ETHERNET/GBE_SHIELD] of J2
    @(111.0000 mm, 66.0000 mm): Footprint D37
[courtyards_overlap]: Courtyards overlap
    Rule: board setup constraints courtyard; error
    @(111.0000 mm, 66.0000 mm): Footprint D37
    @(100.0000 mm, 60.0000 mm): Footprint J2
[courtyards_overlap]: Courtyards overlap
    Rule: board setup constraints courtyard; error
    @(111.0000 mm, 66.0000 mm): Footprint D37
    @(100.0000 mm, 60.0000 mm): Footprint J2
[courtyards_overlap]: Courtyards overlap
    Rule: board setup constraints courtyard; error
    @(111.0000 mm, 66.0000 mm): Footprint D37
    @(100.0000 mm, 60.0000 mm): Footprint J2
[courtyards_overlap]: Courtyards overlap
    Rule: board setup constraints courtyard; error
    @(111.0000 mm, 66.0000 mm): Footprint D37
    @(100.0000 mm, 60.0000 mm): Footprint J2
[solder_mask_bridge]: Front solder mask aperture bridges items with different nets
    Rule: board setup solder mask min width; error
    @(91.9000 mm, 54.0000 mm): Track [CM5_GBE_TD3_N] on F.Cu, length 0.9000 mm
    @(112.1000 mm, 66.0000 mm): Pad 2 [/ETHERNET/ETH_GND] of D37 on F.Cu
[solder_mask_bridge]: Front solder mask aperture bridges items with different nets
    Rule: board setup solder mask min width; error
    @(91.0000 mm, 54.0000 mm): Via [CM5_GBE_TD3_N] on F.Cu - B.Cu
    @(112.1000 mm, 66.0000 mm): Pad 2 [/ETHERNET/ETH_GND] of D37 on F.Cu
[solder_mask_bridge]: Front solder mask aperture bridges items with different nets
    Rule: board setup solder mask min width; error
    @(96.8250 mm, 57.4400 mm): Track [CM5_GBE_TD3_P] on F.Cu, length 8.6394 mm
    @(94.2850 mm, 56.1700 mm): PTH pad 11 [CM5_GBE_TD3_N] of J2
[solder_mask_bridge]: Front solder mask aperture bridges items with different nets
    Rule: board setup solder mask min width; error
    @(97.0000 mm, 54.0000 mm): Via [CM5_GBE_TD2_P] on F.Cu - B.Cu
    @(112.1000 mm, 66.0000 mm): Pad 2 [/ETHERNET/ETH_GND] of D37 on F.Cu
[solder_mask_bridge]: Rear solder mask aperture bridges items with different nets
    Rule: board setup solder mask min width; error
    @(91.0000 mm, 130.7000 mm): Track [CM5_GBE_TD2_P] on B.Cu, length 76.9343 mm
    @(96.8250 mm, 57.4400 mm): PTH pad 12 [CM5_GBE_TD3_P] of J2
[solder_mask_bridge]: Front solder mask aperture bridges items with different nets
    Rule: board setup solder mask min width; error
    @(103.9000 mm, 66.0000 mm): Track [/ETHERNET/ETH_GND] on F.Cu, length 2.9732 mm
    @(109.9000 mm, 66.0000 mm): Pad 1 [CM5_GBE_TD0_P] of D37 on F.Cu
[solder_mask_bridge]: Front solder mask aperture bridges items with different nets
    Rule: board setup solder mask min width; error
    @(100.9000 mm, 66.0000 mm): Track [/ETHERNET/ETH_GND] on F.Cu, length 2.9732 mm
    @(109.9000 mm, 66.0000 mm): Pad 1 [CM5_GBE_TD0_P] of D37 on F.Cu
[solder_mask_bridge]: Front solder mask aperture bridges items with different nets
    Rule: board setup solder mask min width; error
    @(109.9000 mm, 66.0000 mm): Pad 1 [CM5_GBE_TD0_P] of D37 on F.Cu
    @(112.1000 mm, 66.0000 mm): Pad 2 [/ETHERNET/ETH_GND] of D37 on F.Cu
[solder_mask_bridge]: Front solder mask aperture bridges items with different nets
    Rule: board setup solder mask min width; error
    @(109.9000 mm, 66.0000 mm): Track [/ETHERNET/ETH_GND] on F.Cu, length 2.9732 mm
    @(109.9000 mm, 66.0000 mm): Pad 1 [CM5_GBE_TD0_P] of D37 on F.Cu
[solder_mask_bridge]: Front solder mask aperture bridges items with different nets
    Rule: board setup solder mask min width; error
    @(95.5550 mm, 53.6500 mm): PTH pad 2 [/ETHERNET/GBE_SHIELD] of J2
    @(109.9000 mm, 66.0000 mm): Pad 1 [CM5_GBE_TD0_P] of D37 on F.Cu
[solder_mask_bridge]: Front solder mask aperture bridges items with different nets
    Rule: board setup solder mask min width; error
    @(109.9000 mm, 66.0000 mm): Track [CM5_GBE_TD0_P] on F.Cu, length 0.9000 mm
    @(112.1000 mm, 66.0000 mm): Pad 2 [/ETHERNET/ETH_GND] of D37 on F.Cu
[solder_mask_bridge]: Front solder mask aperture bridges items with different nets
    Rule: board setup solder mask min width; error
    @(98.0950 mm, 53.6500 mm): PTH pad 4 [/ETHERNET/GBE_LED_G_A] of J2
    @(109.9000 mm, 66.0000 mm): Pad 1 [CM5_GBE_TD0_P] of D37 on F.Cu
[solder_mask_bridge]: Front solder mask aperture bridges items with different nets
    Rule: board setup solder mask min width; error
    @(106.6300 mm, 64.0600 mm): Track [CM5_GBE_TD0_P] on F.Cu, length 3.8022 mm
    @(112.1000 mm, 66.0000 mm): Pad 2 [/ETHERNET/ETH_GND] of D37 on F.Cu
[solder_mask_bridge]: Front solder mask aperture bridges items with different nets
    Rule: board setup solder mask min width; error
    @(104.0900 mm, 64.0600 mm): Track [CM5_GBE_TD0_N] on F.Cu, length 3.4146 mm
    @(112.1000 mm, 66.0000 mm): Pad 2 [/ETHERNET/ETH_GND] of D37 on F.Cu
[solder_mask_bridge]: Front solder mask aperture bridges items with different nets
    Rule: board setup solder mask min width; error
    @(98.0950 mm, 53.6500 mm): PTH pad 4 [/ETHERNET/GBE_LED_G_A] of J2
    @(112.1000 mm, 66.0000 mm): Pad 2 [/ETHERNET/ETH_GND] of D37 on F.Cu
[solder_mask_bridge]: Front solder mask aperture bridges items with different nets
    Rule: board setup solder mask min width; error
    @(109.9000 mm, 66.0000 mm): Pad 1 [CM5_GBE_TD0_P] of D37 on F.Cu
    @(112.1000 mm, 66.0000 mm): Pad 2 [/ETHERNET/ETH_GND] of D37 on F.Cu
[solder_mask_bridge]: Front solder mask aperture bridges items with different nets
    Rule: board setup solder mask min width; error
    @(109.0000 mm, 66.0000 mm): Via [CM5_GBE_TD0_P] on F.Cu - B.Cu
    @(112.1000 mm, 66.0000 mm): Pad 2 [/ETHERNET/ETH_GND] of D37 on F.Cu
[solder_mask_bridge]: Front solder mask aperture bridges items with different nets
    Rule: board setup solder mask min width; error
    @(106.9000 mm, 66.0000 mm): Track [CM5_GBE_TD0_N] on F.Cu, length 0.9000 mm
    @(112.1000 mm, 66.0000 mm): Pad 2 [/ETHERNET/ETH_GND] of D37 on F.Cu
[solder_mask_bridge]: Front solder mask aperture bridges items with different nets
    Rule: board setup solder mask min width; error
    @(106.9000 mm, 66.0000 mm): Track [/ETHERNET/ETH_GND] on F.Cu, length 2.9732 mm
    @(109.9000 mm, 66.0000 mm): Pad 1 [CM5_GBE_TD0_P] of D37 on F.Cu
[solder_mask_bridge]: Front solder mask aperture bridges items with different nets
    Rule: board setup solder mask min width; error
    @(112.1000 mm, 66.0000 mm): Pad 2 [/ETHERNET/ETH_GND] of D37 on F.Cu
    @(100.6350 mm, 53.6500 mm): PTH pad 6 [/ETHERNET/GBE_LED_Y_A] of J2
[solder_mask_bridge]: Front solder mask aperture bridges items with different nets
    Rule: board setup solder mask min width; error
    @(88.9000 mm, 54.0000 mm): Track [/ETHERNET/ETH_GND] on F.Cu, length 2.9732 mm
    @(109.9000 mm, 66.0000 mm): Pad 1 [CM5_GBE_TD0_P] of D37 on F.Cu
[solder_mask_bridge]: Front solder mask aperture bridges items with different nets
    Rule: board setup solder mask min width; error
    @(112.1000 mm, 66.0000 mm): Pad 2 [/ETHERNET/ETH_GND] of D37 on F.Cu
    @(109.9000 mm, 66.0000 mm): Pad 1 [CM5_GBE_TD0_P] of D37 on F.Cu
[solder_mask_bridge]: Front solder mask aperture bridges items with different nets
    Rule: board setup solder mask min width; error
    @(109.9000 mm, 66.0000 mm): Pad 1 [CM5_GBE_TD0_P] of D37 on F.Cu
    @(112.1000 mm, 66.0000 mm): Pad 2 [/ETHERNET/ETH_GND] of D37 on F.Cu
[solder_mask_bridge]: Front solder mask aperture bridges items with different nets
    Rule: board setup solder mask min width; error
    @(91.9000 mm, 54.0000 mm): Track [/ETHERNET/ETH_GND] on F.Cu, length 2.9732 mm
    @(109.9000 mm, 66.0000 mm): Pad 1 [CM5_GBE_TD0_P] of D37 on F.Cu
[solder_mask_bridge]: Front solder mask aperture bridges items with different nets
    Rule: board setup solder mask min width; error
    @(91.9000 mm, 54.0000 mm): Track [/ETHERNET/ETH_GND] on F.Cu, length 2.9732 mm
    @(94.2850 mm, 56.1700 mm): PTH pad 11 [CM5_GBE_TD3_N] of J2
[solder_mask_bridge]: Front solder mask aperture bridges items with different nets
    Rule: board setup solder mask min width; error
    @(97.9000 mm, 54.0000 mm): Track [/ETHERNET/ETH_GND] on F.Cu, length 2.9732 mm
    @(109.9000 mm, 66.0000 mm): Pad 1 [CM5_GBE_TD0_P] of D37 on F.Cu
[solder_mask_bridge]: Front solder mask aperture bridges items with different nets
    Rule: board setup solder mask min width; error
    @(97.9000 mm, 54.0000 mm): Track [/ETHERNET/ETH_GND] on F.Cu, length 2.9732 mm
    @(98.0950 mm, 53.6500 mm): PTH pad 4 [/ETHERNET/GBE_LED_G_A] of J2
[solder_mask_bridge]: Rear solder mask aperture bridges items with different nets
    Rule: board setup solder mask min width; error
    @(91.0000 mm, 130.7000 mm): Track [CM5_GBE_TD2_P] on B.Cu, length 76.9343 mm
    @(95.9100 mm, 64.0600 mm): PTH pad 16 [CM5_GBE_TD1_P] of J2
[solder_mask_bridge]: Front solder mask aperture bridges items with different nets
    Rule: board setup solder mask min width; error
    @(94.9000 mm, 54.0000 mm): Track [/ETHERNET/ETH_GND] on F.Cu, length 2.9732 mm
    @(109.9000 mm, 66.0000 mm): Pad 1 [CM5_GBE_TD0_P] of D37 on F.Cu
[solder_mask_bridge]: Front solder mask aperture bridges items with different nets
    Rule: board setup solder mask min width; error
    @(103.1750 mm, 57.4400 mm): Track [CM5_GBE_TD2_N] on F.Cu, length 8.9615 mm
    @(95.5550 mm, 53.6500 mm): PTH pad 2 [/ETHERNET/GBE_SHIELD] of J2
[solder_mask_bridge]: Front solder mask aperture bridges items with different nets
    Rule: board setup solder mask min width; error
    @(106.0000 mm, 66.0000 mm): Via [CM5_GBE_TD0_N] on F.Cu - B.Cu
    @(112.1000 mm, 66.0000 mm): Pad 2 [/ETHERNET/ETH_GND] of D37 on F.Cu
[solder_mask_bridge]: Front solder mask aperture bridges items with different nets
    Rule: board setup solder mask min width; error
    @(112.1000 mm, 66.0000 mm): Pad 2 [/ETHERNET/ETH_GND] of D37 on F.Cu
    @(109.9000 mm, 66.0000 mm): Pad 1 [CM5_GBE_TD0_P] of D37 on F.Cu
[solder_mask_bridge]: Front solder mask aperture bridges items with different nets
    Rule: board setup solder mask min width; error
    @(94.9000 mm, 54.0000 mm): Track [/ETHERNET/ETH_GND] on F.Cu, length 2.9732 mm
    @(95.5550 mm, 53.6500 mm): PTH pad 2 [/ETHERNET/GBE_SHIELD] of J2
[solder_mask_bridge]: Front solder mask aperture bridges items with different nets
    Rule: board setup solder mask min width; error
    @(103.9000 mm, 66.0000 mm): Track [CM5_GBE_TD1_N] on F.Cu, length 0.9000 mm
    @(112.1000 mm, 66.0000 mm): Pad 2 [/ETHERNET/ETH_GND] of D37 on F.Cu
[solder_mask_bridge]: Front solder mask aperture bridges items with different nets
    Rule: board setup solder mask min width; error
    @(94.1000 mm, 56.0000 mm): Via [/ETHERNET/ETH_GND] on F.Cu - B.Cu
    @(94.2850 mm, 56.1700 mm): PTH pad 11 [CM5_GBE_TD3_N] of J2
[solder_mask_bridge]: Front solder mask aperture bridges items with different nets
    Rule: board setup solder mask min width; error
    @(112.1000 mm, 66.0000 mm): Pad 2 [/ETHERNET/ETH_GND] of D37 on F.Cu
    @(109.9000 mm, 66.0000 mm): Pad 1 [CM5_GBE_TD0_P] of D37 on F.Cu
[solder_mask_bridge]: Rear solder mask aperture bridges items with different nets
    Rule: board setup solder mask min width; error
    @(94.1000 mm, 56.0000 mm): Via [/ETHERNET/ETH_GND] on F.Cu - B.Cu
    @(94.2850 mm, 56.1700 mm): PTH pad 11 [CM5_GBE_TD3_N] of J2
[solder_mask_bridge]: Front solder mask aperture bridges items with different nets
    Rule: board setup solder mask min width; error
    @(93.3700 mm, 64.0600 mm): Track [CM5_GBE_TD1_N] on F.Cu, length 10.7072 mm
    @(95.9100 mm, 64.0600 mm): PTH pad 16 [CM5_GBE_TD1_P] of J2
[solder_mask_bridge]: Front solder mask aperture bridges items with different nets
    Rule: board setup solder mask min width; error
    @(93.3700 mm, 64.0600 mm): Track [CM5_GBE_TD1_N] on F.Cu, length 10.7072 mm
    @(112.1000 mm, 66.0000 mm): Pad 2 [/ETHERNET/ETH_GND] of D37 on F.Cu
[solder_mask_bridge]: Front solder mask aperture bridges items with different nets
    Rule: board setup solder mask min width; error
    @(103.0000 mm, 66.0000 mm): Via [CM5_GBE_TD1_N] on F.Cu - B.Cu
    @(112.1000 mm, 66.0000 mm): Pad 2 [/ETHERNET/ETH_GND] of D37 on F.Cu
[solder_mask_bridge]: Front solder mask aperture bridges items with different nets
    Rule: board setup solder mask min width; error
    @(94.9000 mm, 54.0000 mm): Track [CM5_GBE_TD2_N] on F.Cu, length 0.9000 mm
    @(112.1000 mm, 66.0000 mm): Pad 2 [/ETHERNET/ETH_GND] of D37 on F.Cu
[solder_mask_bridge]: Front solder mask aperture bridges items with different nets
    Rule: board setup solder mask min width; error
    @(94.9000 mm, 54.0000 mm): Track [CM5_GBE_TD2_N] on F.Cu, length 0.9000 mm
    @(95.5550 mm, 53.6500 mm): PTH pad 2 [/ETHERNET/GBE_SHIELD] of J2
[solder_mask_bridge]: Front solder mask aperture bridges items with different nets
    Rule: board setup solder mask min width; error
    @(94.0000 mm, 54.0000 mm): Via [CM5_GBE_TD2_N] on F.Cu - B.Cu
    @(112.1000 mm, 66.0000 mm): Pad 2 [/ETHERNET/ETH_GND] of D37 on F.Cu
[solder_mask_bridge]: Rear solder mask aperture bridges items with different nets
    Rule: board setup solder mask min width; error
    @(92.0000 mm, 130.3000 mm): Track [CM5_GBE_TD2_N] on B.Cu, length 76.3262 mm
    @(93.3700 mm, 64.0600 mm): PTH pad 15 [CM5_GBE_TD1_N] of J2
[solder_mask_bridge]: Rear solder mask aperture bridges items with different nets
    Rule: board setup solder mask min width; error
    @(92.0000 mm, 130.3000 mm): Track [CM5_GBE_TD2_N] on B.Cu, length 76.3262 mm
    @(94.2850 mm, 56.1700 mm): PTH pad 11 [CM5_GBE_TD3_N] of J2
[solder_mask_bridge]: Front solder mask aperture bridges items with different nets
    Rule: board setup solder mask min width; error
    @(97.9000 mm, 54.0000 mm): Track [CM5_GBE_TD2_P] on F.Cu, length 0.9000 mm
    @(112.1000 mm, 66.0000 mm): Pad 2 [/ETHERNET/ETH_GND] of D37 on F.Cu
[solder_mask_bridge]: Front solder mask aperture bridges items with different nets
    Rule: board setup solder mask min width; error
    @(97.9000 mm, 54.0000 mm): Track [CM5_GBE_TD2_P] on F.Cu, length 0.9000 mm
    @(98.0950 mm, 53.6500 mm): PTH pad 4 [/ETHERNET/GBE_LED_G_A] of J2
[solder_mask_bridge]: Front solder mask aperture bridges items with different nets
    Rule: board setup solder mask min width; error
    @(105.7150 mm, 56.1700 mm): Track [CM5_GBE_TD2_P] on F.Cu, length 8.1107 mm
    @(98.0950 mm, 53.6500 mm): PTH pad 4 [/ETHERNET/GBE_LED_G_A] of J2
[via_dangling]: Via is not connected or connected on only one layer
    Local override; warning
    @(93.0000 mm, 129.5000 mm): Via [CM5_GBE_TD3_N] on F.Cu - B.Cu
[track_dangling]: Track has unconnected end
    Local override; warning
    @(97.9600 mm, 129.5000 mm): Track [CM5_GBE_TD3_N] on B.Cu, length 4.9600 mm
[via_dangling]: Via is not connected or connected on only one layer
    Local override; warning
    @(94.0000 mm, 129.1000 mm): Via [CM5_GBE_TD3_P] on F.Cu - B.Cu
[track_dangling]: Track has unconnected end
    Local override; warning
    @(97.9600 mm, 129.1000 mm): Track [CM5_GBE_TD3_P] on B.Cu, length 3.9600 mm
[via_dangling]: Via is not connected or connected on only one layer
    Local override; warning
    @(92.0000 mm, 130.3000 mm): Via [CM5_GBE_TD2_N] on F.Cu - B.Cu
[track_dangling]: Track has unconnected end
    Local override; warning
    @(97.9600 mm, 130.3000 mm): Track [CM5_GBE_TD2_N] on B.Cu, length 5.9600 mm
[via_dangling]: Via is not connected or connected on only one layer
    Local override; warning
    @(91.0000 mm, 130.7000 mm): Via [CM5_GBE_TD2_P] on F.Cu - B.Cu
[track_dangling]: Track has unconnected end
    Local override; warning
    @(97.9600 mm, 130.7000 mm): Track [CM5_GBE_TD2_P] on B.Cu, length 6.9600 mm
[via_dangling]: Via is not connected or connected on only one layer
    Local override; warning
    @(107.0000 mm, 129.5000 mm): Via [CM5_GBE_TD1_N] on F.Cu - B.Cu
[track_dangling]: Track has unconnected end
    Local override; warning
    @(101.0400 mm, 129.5000 mm): Track [CM5_GBE_TD1_N] on B.Cu, length 5.9600 mm
[via_dangling]: Via is not connected or connected on only one layer
    Local override; warning
    @(106.0000 mm, 129.1000 mm): Via [CM5_GBE_TD1_P] on F.Cu - B.Cu
[track_dangling]: Track has unconnected end
    Local override; warning
    @(101.0400 mm, 129.1000 mm): Track [CM5_GBE_TD1_P] on B.Cu, length 4.9600 mm
[via_dangling]: Via is not connected or connected on only one layer
    Local override; warning
    @(108.0000 mm, 130.3000 mm): Via [CM5_GBE_TD0_N] on F.Cu - B.Cu
[track_dangling]: Track has unconnected end
    Local override; warning
    @(101.0400 mm, 130.3000 mm): Track [CM5_GBE_TD0_N] on B.Cu, length 6.9600 mm
[via_dangling]: Via is not connected or connected on only one layer
    Local override; warning
    @(109.0000 mm, 130.7000 mm): Via [CM5_GBE_TD0_P] on F.Cu - B.Cu
[track_dangling]: Track has unconnected end
    Local override; warning
    @(101.0400 mm, 130.7000 mm): Track [CM5_GBE_TD0_P] on B.Cu, length 7.9600 mm
[via_dangling]: Via is not connected or connected on only one layer
    Local override; warning
    @(112.1000 mm, 68.0000 mm): Via [/ETHERNET/ETH_GND] on F.Cu - B.Cu
[via_dangling]: Via is not connected or connected on only one layer
    Local override; warning
    @(100.1000 mm, 56.0000 mm): Via [/ETHERNET/ETH_GND] on F.Cu - B.Cu
[hole_to_hole]: Drilled hole too close to other hole (board setup constraints min 0.2495 mm; actual 0.0000 mm)
    Rule: board setup constraints; warning
    @(94.2850 mm, 56.1700 mm): PTH pad 11 [CM5_GBE_TD3_N] of J2
    @(94.1000 mm, 56.0000 mm): Via [/ETHERNET/ETH_GND] on F.Cu - B.Cu
[hole_to_hole]: Drilled hole too close to other hole (board setup constraints min 0.2495 mm; actual 0.0000 mm)
    Rule: board setup constraints; warning
    @(94.2850 mm, 56.1700 mm): PTH pad 11 [CM5_GBE_TD3_N] of J2
    @(94.1000 mm, 56.0000 mm): Via [/ETHERNET/ETH_GND] on F.Cu - B.Cu
[text_height]: Text height out of range (board setup constraints silk text height min height 0.8000 mm; actual 0.7000 mm)
    Rule: board setup constraints silk text height; warning
    @(99.0000 mm, 52.6000 mm): Reference field of D33
[text_height]: Text height out of range (board setup constraints silk text height min height 0.8000 mm; actual 0.7000 mm)
    Rule: board setup constraints silk text height; warning
    @(90.0000 mm, 52.6000 mm): Reference field of D30
[text_height]: Text height out of range (board setup constraints silk text height min height 0.8000 mm; actual 0.7000 mm)
    Rule: board setup constraints silk text height; warning
    @(96.0000 mm, 52.6000 mm): Reference field of D32
[text_height]: Text height out of range (board setup constraints silk text height min height 0.8000 mm; actual 0.7000 mm)
    Rule: board setup constraints silk text height; warning
    @(102.0000 mm, 64.6000 mm): Reference field of D34
[text_height]: Text height out of range (board setup constraints silk text height min height 0.8000 mm; actual 0.7000 mm)
    Rule: board setup constraints silk text height; warning
    @(108.0000 mm, 64.6000 mm): Reference field of D36
[text_height]: Text height out of range (board setup constraints silk text height min height 0.8000 mm; actual 0.7000 mm)
    Rule: board setup constraints silk text height; warning
    @(93.0000 mm, 52.6000 mm): Reference field of D31
[text_height]: Text height out of range (board setup constraints silk text height min height 0.8000 mm; actual 0.7000 mm)
    Rule: board setup constraints silk text height; warning
    @(105.0000 mm, 64.6000 mm): Reference field of D35
[text_height]: Text height out of range (board setup constraints silk text height min height 0.8000 mm; actual 0.7000 mm)
    Rule: board setup constraints silk text height; warning
    @(111.0000 mm, 64.6000 mm): Reference field of D37
[silk_overlap]: Silkscreen clearance
    Rule: board setup constraints silk; warning
    @(93.0000 mm, 52.6000 mm): Reference field of D31
    @(92.0500 mm, 49.3250 mm): Rectangle of J2 on f.silkscreen
[silk_overlap]: Silkscreen clearance
    Rule: board setup constraints silk; warning
    @(92.0500 mm, 49.3250 mm): Rectangle of J2 on f.silkscreen
    @(110.0000 mm, 65.5500 mm): Segment of D37 on f.silkscreen
[silk_overlap]: Silkscreen clearance
    Rule: board setup constraints silk; warning
    @(92.0500 mm, 49.3250 mm): Rectangle of J2 on f.silkscreen
    @(109.7000 mm, 65.3500 mm): Rectangle of D37 on f.silkscreen
[silk_overlap]: Silkscreen clearance
    Rule: board setup constraints silk; warning
    @(108.0000 mm, 64.6000 mm): Reference field of D36
    @(92.0500 mm, 49.3250 mm): Rectangle of J2 on f.silkscreen
[silk_overlap]: Silkscreen clearance
    Rule: board setup constraints silk; warning
    @(92.0500 mm, 49.3250 mm): Rectangle of J2 on f.silkscreen
    @(109.7000 mm, 65.3500 mm): Rectangle of D37 on f.silkscreen
[silk_over_copper]: Silkscreen clipped by solder mask
    Local override; warning
    @(110.0000 mm, 65.5500 mm): Segment of D37 on f.silkscreen
    @(109.9000 mm, 66.0000 mm): Pad 1 [CM5_GBE_TD0_P] of D37 on F.Cu
[silk_over_copper]: Silkscreen clipped by solder mask
    Local override; warning
    @(110.0000 mm, 65.5500 mm): Segment of D37 on f.silkscreen
    @(98.0950 mm, 53.6500 mm): PTH pad 4 [/ETHERNET/GBE_LED_G_A] of J2
[silk_over_copper]: Silkscreen clipped by solder mask
    Local override; warning
    @(109.7000 mm, 65.3500 mm): Rectangle of D37 on f.silkscreen
    @(98.0950 mm, 53.6500 mm): PTH pad 4 [/ETHERNET/GBE_LED_G_A] of J2
[silk_over_copper]: Silkscreen clipped by solder mask
    Local override; warning
    @(109.7000 mm, 65.3500 mm): Rectangle of D37 on f.silkscreen
    @(100.6350 mm, 53.6500 mm): PTH pad 6 [/ETHERNET/GBE_LED_Y_A] of J2
[silk_over_copper]: Silkscreen clipped by solder mask
    Local override; warning
    @(109.7000 mm, 65.3500 mm): Rectangle of D37 on f.silkscreen
    @(112.1000 mm, 66.0000 mm): Pad 2 [/ETHERNET/ETH_GND] of D37 on F.Cu
[silk_over_copper]: Silkscreen clipped by solder mask
    Local override; warning
    @(109.7000 mm, 65.3500 mm): Rectangle of D37 on f.silkscreen
    @(109.9000 mm, 66.0000 mm): Pad 1 [CM5_GBE_TD0_P] of D37 on F.Cu
[silk_over_copper]: Silkscreen clipped by solder mask
    Local override; warning
    @(109.7000 mm, 65.3500 mm): Rectangle of D37 on f.silkscreen
    @(98.0950 mm, 53.6500 mm): PTH pad 4 [/ETHERNET/GBE_LED_G_A] of J2
[silk_over_copper]: Silkscreen clipped by solder mask
    Local override; warning
    @(109.7000 mm, 65.3500 mm): Rectangle of D37 on f.silkscreen
    @(112.1000 mm, 66.0000 mm): Pad 2 [/ETHERNET/ETH_GND] of D37 on F.Cu
[silk_over_copper]: Silkscreen clipped by solder mask
    Local override; warning
    @(99.0000 mm, 52.6000 mm): Reference field of D33
    @(98.0950 mm, 53.6500 mm): PTH pad 4 [/ETHERNET/GBE_LED_G_A] of J2
[silk_over_copper]: Silkscreen clipped by solder mask
    Local override; warning
    @(96.0000 mm, 52.6000 mm): Reference field of D32
    @(95.5550 mm, 53.6500 mm): PTH pad 2 [/ETHERNET/GBE_SHIELD] of J2
[silk_over_copper]: Silkscreen clipped by solder mask
    Local override; warning
    @(109.7000 mm, 65.3500 mm): Rectangle of D37 on f.silkscreen
    @(95.5550 mm, 53.6500 mm): PTH pad 2 [/ETHERNET/GBE_SHIELD] of J2
[silk_over_copper]: Silkscreen clipped by solder mask
    Local override; warning
    @(109.7000 mm, 65.3500 mm): Rectangle of D37 on f.silkscreen
    @(109.9000 mm, 66.0000 mm): Pad 1 [CM5_GBE_TD0_P] of D37 on F.Cu
[silk_over_copper]: Silkscreen clipped by solder mask
    Local override; warning
    @(110.0000 mm, 65.5500 mm): Segment of D37 on f.silkscreen
    @(109.9000 mm, 66.0000 mm): Pad 1 [CM5_GBE_TD0_P] of D37 on F.Cu
[silk_over_copper]: Silkscreen clipped by solder mask
    Local override; warning
    @(109.7000 mm, 65.3500 mm): Rectangle of D37 on f.silkscreen
    @(112.1000 mm, 66.0000 mm): Pad 2 [/ETHERNET/ETH_GND] of D37 on F.Cu
[silk_over_copper]: Silkscreen clipped by solder mask
    Local override; warning
    @(109.7000 mm, 65.3500 mm): Rectangle of D37 on f.silkscreen
    @(109.9000 mm, 66.0000 mm): Pad 1 [CM5_GBE_TD0_P] of D37 on F.Cu
[silk_over_copper]: Silkscreen clipped by solder mask
    Local override; warning
    @(110.0000 mm, 65.5500 mm): Segment of D37 on f.silkscreen
    @(109.9000 mm, 66.0000 mm): Pad 1 [CM5_GBE_TD0_P] of D37 on F.Cu
[silk_over_copper]: Silkscreen clipped by solder mask
    Local override; warning
    @(110.0000 mm, 65.5500 mm): Segment of D37 on f.silkscreen
    @(95.5550 mm, 53.6500 mm): PTH pad 2 [/ETHERNET/GBE_SHIELD] of J2
[silk_over_copper]: Silkscreen clipped by solder mask
    Local override; warning
    @(109.7000 mm, 65.3500 mm): Rectangle of D37 on f.silkscreen
    @(112.1000 mm, 66.0000 mm): Pad 2 [/ETHERNET/ETH_GND] of D37 on F.Cu
[silk_over_copper]: Silkscreen clipped by solder mask
    Local override; warning
    @(110.0000 mm, 65.5500 mm): Segment of D37 on f.silkscreen
    @(109.9000 mm, 66.0000 mm): Pad 1 [CM5_GBE_TD0_P] of D37 on F.Cu
[silk_over_copper]: Silkscreen clipped by solder mask
    Local override; warning
    @(109.7000 mm, 65.3500 mm): Rectangle of D37 on f.silkscreen
    @(109.9000 mm, 66.0000 mm): Pad 1 [CM5_GBE_TD0_P] of D37 on F.Cu
[silk_over_copper]: Silkscreen clipped by solder mask
    Local override; warning
    @(92.0500 mm, 49.3250 mm): Rectangle of J2 on f.silkscreen
    @(107.8750 mm, 56.9500 mm): NPTH pad of J2
[silk_over_copper]: Silkscreen clipped by solder mask
    Local override; warning
    @(92.0500 mm, 49.3250 mm): Rectangle of J2 on f.silkscreen
    @(108.2000 mm, 60.0000 mm): NPTH pad of J2
[silk_over_copper]: Silkscreen clipped by solder mask
    Local override; warning
    @(92.0500 mm, 49.3250 mm): Rectangle of J2 on f.silkscreen
    @(108.2000 mm, 70.7500 mm): NPTH pad of J2
[silk_over_copper]: Silkscreen clipped by solder mask
    Local override; warning
    @(92.0500 mm, 49.3250 mm): Rectangle of J2 on f.silkscreen
    @(91.8000 mm, 70.7500 mm): NPTH pad of J2
[silk_over_copper]: Silkscreen clipped by solder mask
    Local override; warning
    @(92.0500 mm, 49.3250 mm): Rectangle of J2 on f.silkscreen
    @(109.9000 mm, 66.0000 mm): Pad 1 [CM5_GBE_TD0_P] of D37 on F.Cu
[silk_over_copper]: Silkscreen clipped by solder mask
    Local override; warning
    @(92.0500 mm, 49.3250 mm): Rectangle of J2 on f.silkscreen
    @(92.1250 mm, 56.9500 mm): NPTH pad of J2
[silk_over_copper]: Silkscreen clipped by solder mask
    Local override; warning
    @(92.0500 mm, 49.3250 mm): Rectangle of J2 on f.silkscreen
    @(91.8000 mm, 60.0000 mm): NPTH pad of J2
[silk_over_copper]: Silkscreen clipped by solder mask
    Local override; warning
    @(110.0000 mm, 65.5500 mm): Segment of D37 on f.silkscreen
    @(109.9000 mm, 66.0000 mm): Pad 1 [CM5_GBE_TD0_P] of D37 on F.Cu
[silk_over_copper]: Silkscreen clipped by solder mask
    Local override; warning
    @(109.7000 mm, 65.3500 mm): Rectangle of D37 on f.silkscreen
    @(112.1000 mm, 66.0000 mm): Pad 2 [/ETHERNET/ETH_GND] of D37 on F.Cu
[silk_over_copper]: Silkscreen clipped by solder mask
    Local override; warning
    @(109.7000 mm, 65.3500 mm): Rectangle of D37 on f.silkscreen
    @(109.9000 mm, 66.0000 mm): Pad 1 [CM5_GBE_TD0_P] of D37 on F.Cu
[silk_over_copper]: Silkscreen clipped by solder mask
    Local override; warning
    @(110.0000 mm, 65.5500 mm): Segment of D37 on f.silkscreen
    @(109.9000 mm, 66.0000 mm): Pad 1 [CM5_GBE_TD0_P] of D37 on F.Cu
[silk_over_copper]: Silkscreen clipped by solder mask
    Local override; warning
    @(105.0000 mm, 64.6000 mm): Reference field of D35
    @(104.0900 mm, 64.0600 mm): PTH pad 17 [CM5_GBE_TD0_N] of J2
[silk_over_copper]: Silkscreen clipped by solder mask
    Local override; warning
    @(109.7000 mm, 65.3500 mm): Rectangle of D37 on f.silkscreen
    @(112.1000 mm, 66.0000 mm): Pad 2 [/ETHERNET/ETH_GND] of D37 on F.Cu
[silk_over_copper]: Silkscreen clipped by solder mask
    Local override; warning
    @(109.7000 mm, 65.3500 mm): Rectangle of D37 on f.silkscreen
    @(109.9000 mm, 66.0000 mm): Pad 1 [CM5_GBE_TD0_P] of D37 on F.Cu
[silk_over_copper]: Silkscreen clipped by solder mask
    Local override; warning
    @(110.0000 mm, 65.5500 mm): Segment of D37 on f.silkscreen
    @(109.9000 mm, 66.0000 mm): Pad 1 [CM5_GBE_TD0_P] of D37 on F.Cu
[silk_over_copper]: Silkscreen clipped by solder mask
    Local override; warning
    @(108.0000 mm, 64.6000 mm): Reference field of D36
    @(106.6300 mm, 64.0600 mm): PTH pad 18 [CM5_GBE_TD0_P] of J2
[silk_over_copper]: Silkscreen clipped by solder mask
    Local override; warning
    @(110.0000 mm, 65.5500 mm): Segment of D37 on f.silkscreen
    @(109.9000 mm, 66.0000 mm): Pad 1 [CM5_GBE_TD0_P] of D37 on F.Cu
[silk_over_copper]: Silkscreen clipped by solder mask
    Local override; warning
    @(109.7000 mm, 65.3500 mm): Rectangle of D37 on f.silkscreen
    @(112.1000 mm, 66.0000 mm): Pad 2 [/ETHERNET/ETH_GND] of D37 on F.Cu
[silk_over_copper]: Silkscreen clipped by solder mask
    Local override; warning
    @(105.0000 mm, 64.6000 mm): Reference field of D35
    @(106.6300 mm, 64.0600 mm): PTH pad 18 [CM5_GBE_TD0_P] of J2
[silk_over_copper]: Silkscreen clipped by solder mask
    Local override; warning
    @(109.7000 mm, 65.3500 mm): Rectangle of D37 on f.silkscreen
    @(109.9000 mm, 66.0000 mm): Pad 1 [CM5_GBE_TD0_P] of D37 on F.Cu
[silk_over_copper]: Silkscreen clipped by solder mask
    Local override; warning
    @(109.7000 mm, 65.3500 mm): Rectangle of D37 on f.silkscreen
    @(112.1000 mm, 66.0000 mm): Pad 2 [/ETHERNET/ETH_GND] of D37 on F.Cu
[silk_over_copper]: Silkscreen clipped by solder mask
    Local override; warning
    @(109.7000 mm, 65.3500 mm): Rectangle of D37 on f.silkscreen
    @(109.9000 mm, 66.0000 mm): Pad 1 [CM5_GBE_TD0_P] of D37 on F.Cu
[copper_sliver]: Copper sliver (B.Cu)
    Local override; warning
[copper_sliver]: Copper sliver (B.Cu)
    Local override; warning
[copper_sliver]: Copper sliver (B.Cu)
    Local override; warning
[copper_sliver]: Copper sliver (B.Cu)
    Local override; warning

** Found 24 unconnected pads **
[unconnected_items]: Missing connection between items
    Local override; error
    @(97.9600 mm, 130.7000 mm): Track [CM5_GBE_TD2_P] on B.Cu, length 6.9600 mm
    @(97.9600 mm, 130.7000 mm): Pad 11 [CM5_GBE_TD2_P] of J7 on F.Cu
[unconnected_items]: Missing connection between items
    Local override; error
    @(112.1000 mm, 66.0000 mm): Pad 2 [/ETHERNET/ETH_GND] of D37 on F.Cu
    @(88.9000 mm, 54.0000 mm): Track [/ETHERNET/ETH_GND] on F.Cu, length 2.9732 mm
[unconnected_items]: Missing connection between items
    Local override; error
    @(91.9000 mm, 54.0000 mm): Track [/ETHERNET/ETH_GND] on F.Cu, length 2.9732 mm
    @(112.1000 mm, 66.0000 mm): Pad 2 [/ETHERNET/ETH_GND] of D37 on F.Cu
[unconnected_items]: Missing connection between items
    Local override; error
    @(112.1000 mm, 66.0000 mm): Pad 2 [/ETHERNET/ETH_GND] of D37 on F.Cu
    @(91.9000 mm, 54.0000 mm): Track [/ETHERNET/ETH_GND] on F.Cu, length 2.9732 mm
[unconnected_items]: Missing connection between items
    Local override; error
    @(94.9000 mm, 54.0000 mm): Track [/ETHERNET/ETH_GND] on F.Cu, length 2.9732 mm
    @(112.1000 mm, 66.0000 mm): Pad 2 [/ETHERNET/ETH_GND] of D37 on F.Cu
[unconnected_items]: Missing connection between items
    Local override; error
    @(112.1000 mm, 66.0000 mm): Pad 2 [/ETHERNET/ETH_GND] of D37 on F.Cu
    @(94.9000 mm, 54.0000 mm): Track [/ETHERNET/ETH_GND] on F.Cu, length 2.9732 mm
[unconnected_items]: Missing connection between items
    Local override; error
    @(97.9000 mm, 54.0000 mm): Track [/ETHERNET/ETH_GND] on F.Cu, length 2.9732 mm
    @(112.1000 mm, 66.0000 mm): Pad 2 [/ETHERNET/ETH_GND] of D37 on F.Cu
[unconnected_items]: Missing connection between items
    Local override; error
    @(97.9000 mm, 54.0000 mm): Track [/ETHERNET/ETH_GND] on F.Cu, length 2.9732 mm
    @(112.1000 mm, 66.0000 mm): Pad 2 [/ETHERNET/ETH_GND] of D37 on F.Cu
[unconnected_items]: Missing connection between items
    Local override; error
    @(97.9000 mm, 54.0000 mm): Track [/ETHERNET/ETH_GND] on F.Cu, length 2.9732 mm
    @(100.9000 mm, 66.0000 mm): Track [/ETHERNET/ETH_GND] on F.Cu, length 2.9732 mm
[unconnected_items]: Missing connection between items
    Local override; error
    @(112.1000 mm, 66.0000 mm): Pad 2 [/ETHERNET/ETH_GND] of D37 on F.Cu
    @(103.9000 mm, 66.0000 mm): Track [/ETHERNET/ETH_GND] on F.Cu, length 2.9732 mm
[unconnected_items]: Missing connection between items
    Local override; error
    @(112.1000 mm, 66.0000 mm): Pad 2 [/ETHERNET/ETH_GND] of D37 on F.Cu
    @(100.9000 mm, 66.0000 mm): Track [/ETHERNET/ETH_GND] on F.Cu, length 2.9732 mm
[unconnected_items]: Missing connection between items
    Local override; error
    @(112.1000 mm, 66.0000 mm): Pad 2 [/ETHERNET/ETH_GND] of D37 on F.Cu
    @(106.9000 mm, 66.0000 mm): Track [/ETHERNET/ETH_GND] on F.Cu, length 2.9732 mm
[unconnected_items]: Missing connection between items
    Local override; error
    @(112.1000 mm, 66.0000 mm): Pad 2 [/ETHERNET/ETH_GND] of D37 on F.Cu
    @(103.9000 mm, 66.0000 mm): Track [/ETHERNET/ETH_GND] on F.Cu, length 2.9732 mm
[unconnected_items]: Missing connection between items
    Local override; error
    @(106.9000 mm, 66.0000 mm): Track [/ETHERNET/ETH_GND] on F.Cu, length 2.9732 mm
    @(112.1000 mm, 66.0000 mm): Pad 2 [/ETHERNET/ETH_GND] of D37 on F.Cu
[unconnected_items]: Missing connection between items
    Local override; error
    @(109.9000 mm, 66.0000 mm): Track [/ETHERNET/ETH_GND] on F.Cu, length 2.9732 mm
    @(112.1000 mm, 66.0000 mm): Pad 2 [/ETHERNET/ETH_GND] of D37 on F.Cu
[unconnected_items]: Missing connection between items
    Local override; error
    @(109.9000 mm, 66.0000 mm): Track [/ETHERNET/ETH_GND] on F.Cu, length 2.9732 mm
    @(112.1000 mm, 66.0000 mm): Pad 2 [/ETHERNET/ETH_GND] of D37 on F.Cu
[unconnected_items]: Missing connection between items
    Local override; error
    @(97.9600 mm, 129.1000 mm): Track [CM5_GBE_TD3_P] on B.Cu, length 3.9600 mm
    @(97.9600 mm, 129.1000 mm): Pad 3 [CM5_GBE_TD3_P] of J7 on F.Cu
[unconnected_items]: Missing connection between items
    Local override; error
    @(97.9600 mm, 130.3000 mm): Track [CM5_GBE_TD2_N] on B.Cu, length 5.9600 mm
    @(97.9600 mm, 130.3000 mm): Pad 9 [CM5_GBE_TD2_N] of J7 on F.Cu
[unconnected_items]: Missing connection between items
    Local override; error
    @(101.0400 mm, 129.1000 mm): Track [CM5_GBE_TD1_P] on B.Cu, length 4.9600 mm
    @(101.0400 mm, 129.1000 mm): Pad 4 [CM5_GBE_TD1_P] of J7 on F.Cu
[unconnected_items]: Missing connection between items
    Local override; error
    @(101.0400 mm, 130.3000 mm): Track [CM5_GBE_TD0_N] on B.Cu, length 6.9600 mm
    @(101.0400 mm, 130.3000 mm): Pad 10 [CM5_GBE_TD0_N] of J7 on F.Cu
[unconnected_items]: Missing connection between items
    Local override; error
    @(97.9600 mm, 129.5000 mm): Pad 5 [CM5_GBE_TD3_N] of J7 on F.Cu
    @(97.9600 mm, 129.5000 mm): Track [CM5_GBE_TD3_N] on B.Cu, length 4.9600 mm
[unconnected_items]: Missing connection between items
    Local override; error
    @(101.0400 mm, 129.5000 mm): Track [CM5_GBE_TD1_N] on B.Cu, length 5.9600 mm
    @(101.0400 mm, 129.5000 mm): Pad 6 [CM5_GBE_TD1_N] of J7 on F.Cu
[unconnected_items]: Missing connection between items
    Local override; error
    @(101.0400 mm, 130.7000 mm): Track [CM5_GBE_TD0_P] on B.Cu, length 7.9600 mm
    @(101.0400 mm, 130.7000 mm): Pad 12 [CM5_GBE_TD0_P] of J7 on F.Cu
[unconnected_items]: Missing connection between items
    Local override; error
    @(94.2850 mm, 51.1100 mm): PTH pad 1 [/ETHERNET/GBE_SHIELD] of J2
    @(95.5550 mm, 53.6500 mm): PTH pad 2 [/ETHERNET/GBE_SHIELD] of J2

** Found 0 Footprint errors **

** Ignored checks **
    - Footprint has no courtyard defined
    - Track endpoint not centered on via
    - Tuning profile track geometries
    - Footprint doesn't match symbol's footprint filters
    - Footprint component type doesn't match footprint pads

** End of Report **
