** Drc report for PHASE24_SELECTED_MACRO_SWAP_STORAGE_USB3_PAIR_CORRIDOR_V3.kicad_pcb **
** Created on 2026-09-06T06:52:26 **
** Report includes: Errors, Warnings **

** Found 74 DRC violations **
[solder_mask_bridge]: Front solder mask aperture bridges items with different nets
    Rule: board setup solder mask min width; error
    @(132.7250 mm, 133.2500 mm): Pad 1 [/STORAGE/SATA_M2_TX_P] of J3 on F.Cu
    @(132.7250 mm, 132.7500 mm): Pad 3 [/STORAGE/SATA_M2_RX_P] of J3 on F.Cu
[solder_mask_bridge]: Front solder mask aperture bridges items with different nets
    Rule: board setup solder mask min width; error
    @(132.7250 mm, 115.7500 mm): Pad 71 [<no net>] of J3 on F.Cu
    @(132.7250 mm, 116.2500 mm): Pad 69 [<no net>] of J3 on F.Cu
[solder_mask_bridge]: Front solder mask aperture bridges items with different nets
    Rule: board setup solder mask min width; error
    @(132.7250 mm, 115.7500 mm): Pad 71 [<no net>] of J3 on F.Cu
    @(132.7250 mm, 115.2500 mm): Pad 73 [<no net>] of J3 on F.Cu
[solder_mask_bridge]: Front solder mask aperture bridges items with different nets
    Rule: board setup solder mask min width; error
    @(140.2750 mm, 115.5000 mm): Pad 72 [<no net>] of J3 on F.Cu
    @(140.2750 mm, 116.0000 mm): Pad 70 [<no net>] of J3 on F.Cu
[solder_mask_bridge]: Front solder mask aperture bridges items with different nets
    Rule: board setup solder mask min width; error
    @(140.2750 mm, 115.5000 mm): Pad 72 [<no net>] of J3 on F.Cu
    @(140.2750 mm, 115.0000 mm): Pad 74 [<no net>] of J3 on F.Cu
[solder_mask_bridge]: Front solder mask aperture bridges items with different nets
    Rule: board setup solder mask min width; error
    @(132.7250 mm, 123.7500 mm): Pad 39 [<no net>] of J3 on F.Cu
    @(132.7250 mm, 124.2500 mm): Pad 37 [<no net>] of J3 on F.Cu
[solder_mask_bridge]: Front solder mask aperture bridges items with different nets
    Rule: board setup solder mask min width; error
    @(132.7250 mm, 123.7500 mm): Pad 39 [<no net>] of J3 on F.Cu
    @(132.7250 mm, 123.2500 mm): Pad 41 [<no net>] of J3 on F.Cu
[solder_mask_bridge]: Front solder mask aperture bridges items with different nets
    Rule: board setup solder mask min width; error
    @(140.2750 mm, 133.0000 mm): Pad 2 [/STORAGE/SATA_M2_TX_N] of J3 on F.Cu
    @(140.2750 mm, 132.5000 mm): Pad 4 [/STORAGE/SATA_M2_RX_N] of J3 on F.Cu
[solder_mask_bridge]: Front solder mask aperture bridges items with different nets
    Rule: board setup solder mask min width; error
    @(132.7250 mm, 132.7500 mm): Pad 3 [/STORAGE/SATA_M2_RX_P] of J3 on F.Cu
    @(132.7250 mm, 132.2500 mm): Pad 5 [/STORAGE/M2_3V3] of J3 on F.Cu
[solder_mask_bridge]: Front solder mask aperture bridges items with different nets
    Rule: board setup solder mask min width; error
    @(140.2750 mm, 132.5000 mm): Pad 4 [/STORAGE/SATA_M2_RX_N] of J3 on F.Cu
    @(140.2750 mm, 132.0000 mm): Pad 6 [POWER_GND] of J3 on F.Cu
[solder_mask_bridge]: Front solder mask aperture bridges items with different nets
    Rule: board setup solder mask min width; error
    @(140.2750 mm, 123.5000 mm): Pad 40 [<no net>] of J3 on F.Cu
    @(140.2750 mm, 124.0000 mm): Pad 38 [<no net>] of J3 on F.Cu
[solder_mask_bridge]: Front solder mask aperture bridges items with different nets
    Rule: board setup solder mask min width; error
    @(140.2750 mm, 123.5000 mm): Pad 40 [<no net>] of J3 on F.Cu
    @(140.2750 mm, 123.0000 mm): Pad 42 [<no net>] of J3 on F.Cu
[solder_mask_bridge]: Front solder mask aperture bridges items with different nets
    Rule: board setup solder mask min width; error
    @(132.7250 mm, 123.2500 mm): Pad 41 [<no net>] of J3 on F.Cu
    @(132.7250 mm, 122.7500 mm): Pad 43 [<no net>] of J3 on F.Cu
[solder_mask_bridge]: Front solder mask aperture bridges items with different nets
    Rule: board setup solder mask min width; error
    @(132.7250 mm, 132.2500 mm): Pad 5 [/STORAGE/M2_3V3] of J3 on F.Cu
    @(132.7250 mm, 131.7500 mm): Pad 7 [<no net>] of J3 on F.Cu
[solder_mask_bridge]: Front solder mask aperture bridges items with different nets
    Rule: board setup solder mask min width; error
    @(132.7250 mm, 115.2500 mm): Pad 73 [<no net>] of J3 on F.Cu
    @(132.7250 mm, 114.7500 mm): Pad 75 [<no net>] of J3 on F.Cu
[solder_mask_bridge]: Front solder mask aperture bridges items with different nets
    Rule: board setup solder mask min width; error
    @(140.2750 mm, 123.0000 mm): Pad 42 [<no net>] of J3 on F.Cu
    @(140.2750 mm, 122.5000 mm): Pad 44 [<no net>] of J3 on F.Cu
[solder_mask_bridge]: Front solder mask aperture bridges items with different nets
    Rule: board setup solder mask min width; error
    @(132.7250 mm, 122.7500 mm): Pad 43 [<no net>] of J3 on F.Cu
    @(132.7250 mm, 122.2500 mm): Pad 45 [<no net>] of J3 on F.Cu
[solder_mask_bridge]: Front solder mask aperture bridges items with different nets
    Rule: board setup solder mask min width; error
    @(140.2750 mm, 122.5000 mm): Pad 44 [<no net>] of J3 on F.Cu
    @(140.2750 mm, 122.0000 mm): Pad 46 [<no net>] of J3 on F.Cu
[solder_mask_bridge]: Front solder mask aperture bridges items with different nets
    Rule: board setup solder mask min width; error
    @(140.2750 mm, 132.0000 mm): Pad 6 [POWER_GND] of J3 on F.Cu
    @(140.2750 mm, 131.5000 mm): Pad 8 [<no net>] of J3 on F.Cu
[solder_mask_bridge]: Front solder mask aperture bridges items with different nets
    Rule: board setup solder mask min width; error
    @(132.7250 mm, 122.2500 mm): Pad 45 [<no net>] of J3 on F.Cu
    @(132.7250 mm, 121.7500 mm): Pad 47 [<no net>] of J3 on F.Cu
[solder_mask_bridge]: Front solder mask aperture bridges items with different nets
    Rule: board setup solder mask min width; error
    @(132.7250 mm, 131.7500 mm): Pad 7 [<no net>] of J3 on F.Cu
    @(132.7250 mm, 131.2500 mm): Pad 9 [<no net>] of J3 on F.Cu
[solder_mask_bridge]: Front solder mask aperture bridges items with different nets
    Rule: board setup solder mask min width; error
    @(140.2750 mm, 122.0000 mm): Pad 46 [<no net>] of J3 on F.Cu
    @(140.2750 mm, 121.5000 mm): Pad 48 [<no net>] of J3 on F.Cu
[solder_mask_bridge]: Front solder mask aperture bridges items with different nets
    Rule: board setup solder mask min width; error
    @(132.7250 mm, 121.7500 mm): Pad 47 [<no net>] of J3 on F.Cu
    @(132.7250 mm, 121.2500 mm): Pad 49 [<no net>] of J3 on F.Cu
[solder_mask_bridge]: Front solder mask aperture bridges items with different nets
    Rule: board setup solder mask min width; error
    @(140.2750 mm, 131.5000 mm): Pad 8 [<no net>] of J3 on F.Cu
    @(140.2750 mm, 131.0000 mm): Pad 10 [<no net>] of J3 on F.Cu
[solder_mask_bridge]: Front solder mask aperture bridges items with different nets
    Rule: board setup solder mask min width; error
    @(132.7250 mm, 131.2500 mm): Pad 9 [<no net>] of J3 on F.Cu
    @(132.7250 mm, 130.7500 mm): Pad 11 [<no net>] of J3 on F.Cu
[solder_mask_bridge]: Front solder mask aperture bridges items with different nets
    Rule: board setup solder mask min width; error
    @(140.2750 mm, 131.0000 mm): Pad 10 [<no net>] of J3 on F.Cu
    @(140.2750 mm, 130.5000 mm): Pad 59 [<no net>] of J3 on F.Cu
[solder_mask_bridge]: Front solder mask aperture bridges items with different nets
    Rule: board setup solder mask min width; error
    @(132.7250 mm, 130.7500 mm): Pad 11 [<no net>] of J3 on F.Cu
    @(132.7250 mm, 130.2500 mm): Pad 60 [<no net>] of J3 on F.Cu
[solder_mask_bridge]: Front solder mask aperture bridges items with different nets
    Rule: board setup solder mask min width; error
    @(140.2750 mm, 128.5000 mm): Pad 20 [<no net>] of J3 on F.Cu
    @(140.2750 mm, 128.0000 mm): Pad 22 [<no net>] of J3 on F.Cu
[solder_mask_bridge]: Front solder mask aperture bridges items with different nets
    Rule: board setup solder mask min width; error
    @(140.2750 mm, 128.5000 mm): Pad 20 [<no net>] of J3 on F.Cu
    @(140.2750 mm, 129.0000 mm): Pad 65 [<no net>] of J3 on F.Cu
[solder_mask_bridge]: Front solder mask aperture bridges items with different nets
    Rule: board setup solder mask min width; error
    @(140.2750 mm, 121.5000 mm): Pad 48 [<no net>] of J3 on F.Cu
    @(140.2750 mm, 121.0000 mm): Pad 50 [<no net>] of J3 on F.Cu
[solder_mask_bridge]: Front solder mask aperture bridges items with different nets
    Rule: board setup solder mask min width; error
    @(132.7250 mm, 121.2500 mm): Pad 49 [<no net>] of J3 on F.Cu
    @(132.7250 mm, 120.7500 mm): Pad 51 [<no net>] of J3 on F.Cu
[solder_mask_bridge]: Front solder mask aperture bridges items with different nets
    Rule: board setup solder mask min width; error
    @(132.7250 mm, 128.2500 mm): Pad 21 [<no net>] of J3 on F.Cu
    @(132.7250 mm, 127.7500 mm): Pad 23 [<no net>] of J3 on F.Cu
[solder_mask_bridge]: Front solder mask aperture bridges items with different nets
    Rule: board setup solder mask min width; error
    @(132.7250 mm, 128.2500 mm): Pad 21 [<no net>] of J3 on F.Cu
    @(132.7250 mm, 128.7500 mm): Pad 66 [<no net>] of J3 on F.Cu
[solder_mask_bridge]: Front solder mask aperture bridges items with different nets
    Rule: board setup solder mask min width; error
    @(140.2750 mm, 128.0000 mm): Pad 22 [<no net>] of J3 on F.Cu
    @(140.2750 mm, 127.5000 mm): Pad 24 [<no net>] of J3 on F.Cu
[solder_mask_bridge]: Front solder mask aperture bridges items with different nets
    Rule: board setup solder mask min width; error
    @(132.7250 mm, 127.7500 mm): Pad 23 [<no net>] of J3 on F.Cu
    @(132.7250 mm, 127.2500 mm): Pad 25 [<no net>] of J3 on F.Cu
[solder_mask_bridge]: Front solder mask aperture bridges items with different nets
    Rule: board setup solder mask min width; error
    @(140.2750 mm, 121.0000 mm): Pad 50 [<no net>] of J3 on F.Cu
    @(140.2750 mm, 120.5000 mm): Pad 52 [<no net>] of J3 on F.Cu
[solder_mask_bridge]: Front solder mask aperture bridges items with different nets
    Rule: board setup solder mask min width; error
    @(132.7250 mm, 120.7500 mm): Pad 51 [<no net>] of J3 on F.Cu
    @(132.7250 mm, 120.2500 mm): Pad 53 [<no net>] of J3 on F.Cu
[solder_mask_bridge]: Front solder mask aperture bridges items with different nets
    Rule: board setup solder mask min width; error
    @(140.2750 mm, 120.5000 mm): Pad 52 [<no net>] of J3 on F.Cu
    @(140.2750 mm, 120.0000 mm): Pad 54 [<no net>] of J3 on F.Cu
[solder_mask_bridge]: Front solder mask aperture bridges items with different nets
    Rule: board setup solder mask min width; error
    @(140.2750 mm, 127.5000 mm): Pad 24 [<no net>] of J3 on F.Cu
    @(140.2750 mm, 127.0000 mm): Pad 26 [<no net>] of J3 on F.Cu
[solder_mask_bridge]: Front solder mask aperture bridges items with different nets
    Rule: board setup solder mask min width; error
    @(132.7250 mm, 127.2500 mm): Pad 25 [<no net>] of J3 on F.Cu
    @(132.7250 mm, 126.7500 mm): Pad 27 [<no net>] of J3 on F.Cu
[solder_mask_bridge]: Front solder mask aperture bridges items with different nets
    Rule: board setup solder mask min width; error
    @(140.2750 mm, 127.0000 mm): Pad 26 [<no net>] of J3 on F.Cu
    @(140.2750 mm, 126.5000 mm): Pad 28 [<no net>] of J3 on F.Cu
[solder_mask_bridge]: Front solder mask aperture bridges items with different nets
    Rule: board setup solder mask min width; error
    @(132.7250 mm, 126.7500 mm): Pad 27 [<no net>] of J3 on F.Cu
    @(132.7250 mm, 126.2500 mm): Pad 29 [<no net>] of J3 on F.Cu
[solder_mask_bridge]: Front solder mask aperture bridges items with different nets
    Rule: board setup solder mask min width; error
    @(140.2750 mm, 126.5000 mm): Pad 28 [<no net>] of J3 on F.Cu
    @(140.2750 mm, 126.0000 mm): Pad 30 [<no net>] of J3 on F.Cu
[solder_mask_bridge]: Front solder mask aperture bridges items with different nets
    Rule: board setup solder mask min width; error
    @(132.7250 mm, 126.2500 mm): Pad 29 [<no net>] of J3 on F.Cu
    @(132.7250 mm, 125.7500 mm): Pad 31 [<no net>] of J3 on F.Cu
[solder_mask_bridge]: Front solder mask aperture bridges items with different nets
    Rule: board setup solder mask min width; error
    @(140.2750 mm, 126.0000 mm): Pad 30 [<no net>] of J3 on F.Cu
    @(140.2750 mm, 125.5000 mm): Pad 32 [<no net>] of J3 on F.Cu
[solder_mask_bridge]: Front solder mask aperture bridges items with different nets
    Rule: board setup solder mask min width; error
    @(132.7250 mm, 125.7500 mm): Pad 31 [<no net>] of J3 on F.Cu
    @(132.7250 mm, 125.2500 mm): Pad 33 [<no net>] of J3 on F.Cu
[solder_mask_bridge]: Front solder mask aperture bridges items with different nets
    Rule: board setup solder mask min width; error
    @(140.2750 mm, 125.5000 mm): Pad 32 [<no net>] of J3 on F.Cu
    @(140.2750 mm, 125.0000 mm): Pad 34 [<no net>] of J3 on F.Cu
[solder_mask_bridge]: Front solder mask aperture bridges items with different nets
    Rule: board setup solder mask min width; error
    @(132.7250 mm, 125.2500 mm): Pad 33 [<no net>] of J3 on F.Cu
    @(132.7250 mm, 124.7500 mm): Pad 35 [<no net>] of J3 on F.Cu
[solder_mask_bridge]: Front solder mask aperture bridges items with different nets
    Rule: board setup solder mask min width; error
    @(140.2750 mm, 125.0000 mm): Pad 34 [<no net>] of J3 on F.Cu
    @(140.2750 mm, 124.5000 mm): Pad 36 [<no net>] of J3 on F.Cu
[solder_mask_bridge]: Front solder mask aperture bridges items with different nets
    Rule: board setup solder mask min width; error
    @(132.7250 mm, 124.7500 mm): Pad 35 [<no net>] of J3 on F.Cu
    @(132.7250 mm, 124.2500 mm): Pad 37 [<no net>] of J3 on F.Cu
[solder_mask_bridge]: Front solder mask aperture bridges items with different nets
    Rule: board setup solder mask min width; error
    @(140.2750 mm, 124.5000 mm): Pad 36 [<no net>] of J3 on F.Cu
    @(140.2750 mm, 124.0000 mm): Pad 38 [<no net>] of J3 on F.Cu
[solder_mask_bridge]: Front solder mask aperture bridges items with different nets
    Rule: board setup solder mask min width; error
    @(132.7250 mm, 120.2500 mm): Pad 53 [<no net>] of J3 on F.Cu
    @(132.7250 mm, 119.7500 mm): Pad 55 [<no net>] of J3 on F.Cu
[solder_mask_bridge]: Front solder mask aperture bridges items with different nets
    Rule: board setup solder mask min width; error
    @(140.2750 mm, 120.0000 mm): Pad 54 [<no net>] of J3 on F.Cu
    @(140.2750 mm, 119.5000 mm): Pad 56 [<no net>] of J3 on F.Cu
[solder_mask_bridge]: Front solder mask aperture bridges items with different nets
    Rule: board setup solder mask min width; error
    @(132.7250 mm, 119.7500 mm): Pad 55 [<no net>] of J3 on F.Cu
    @(132.7250 mm, 119.2500 mm): Pad 57 [<no net>] of J3 on F.Cu
[solder_mask_bridge]: Front solder mask aperture bridges items with different nets
    Rule: board setup solder mask min width; error
    @(140.2750 mm, 119.5000 mm): Pad 56 [<no net>] of J3 on F.Cu
    @(140.2750 mm, 119.0000 mm): Pad 58 [<no net>] of J3 on F.Cu
[solder_mask_bridge]: Front solder mask aperture bridges items with different nets
    Rule: board setup solder mask min width; error
    @(140.2750 mm, 130.5000 mm): Pad 59 [<no net>] of J3 on F.Cu
    @(140.2750 mm, 130.0000 mm): Pad 61 [<no net>] of J3 on F.Cu
[solder_mask_bridge]: Front solder mask aperture bridges items with different nets
    Rule: board setup solder mask min width; error
    @(132.7250 mm, 130.2500 mm): Pad 60 [<no net>] of J3 on F.Cu
    @(132.7250 mm, 129.7500 mm): Pad 62 [<no net>] of J3 on F.Cu
[solder_mask_bridge]: Front solder mask aperture bridges items with different nets
    Rule: board setup solder mask min width; error
    @(140.2750 mm, 130.0000 mm): Pad 61 [<no net>] of J3 on F.Cu
    @(140.2750 mm, 129.5000 mm): Pad 63 [<no net>] of J3 on F.Cu
[solder_mask_bridge]: Front solder mask aperture bridges items with different nets
    Rule: board setup solder mask min width; error
    @(132.7250 mm, 129.7500 mm): Pad 62 [<no net>] of J3 on F.Cu
    @(132.7250 mm, 129.2500 mm): Pad 64 [<no net>] of J3 on F.Cu
[solder_mask_bridge]: Front solder mask aperture bridges items with different nets
    Rule: board setup solder mask min width; error
    @(140.2750 mm, 129.5000 mm): Pad 63 [<no net>] of J3 on F.Cu
    @(140.2750 mm, 129.0000 mm): Pad 65 [<no net>] of J3 on F.Cu
[solder_mask_bridge]: Front solder mask aperture bridges items with different nets
    Rule: board setup solder mask min width; error
    @(132.7250 mm, 129.2500 mm): Pad 64 [<no net>] of J3 on F.Cu
    @(132.7250 mm, 128.7500 mm): Pad 66 [<no net>] of J3 on F.Cu
[solder_mask_bridge]: Front solder mask aperture bridges items with different nets
    Rule: board setup solder mask min width; error
    @(132.7250 mm, 116.7500 mm): Pad 67 [<no net>] of J3 on F.Cu
    @(132.7250 mm, 116.2500 mm): Pad 69 [<no net>] of J3 on F.Cu
[solder_mask_bridge]: Front solder mask aperture bridges items with different nets
    Rule: board setup solder mask min width; error
    @(140.2750 mm, 116.5000 mm): Pad 68 [<no net>] of J3 on F.Cu
    @(140.2750 mm, 116.0000 mm): Pad 70 [<no net>] of J3 on F.Cu
[text_height]: Text height out of range (board setup constraints silk text height min height 0.8000 mm; actual 0.7000 mm)
    Rule: board setup constraints silk text height; warning
    @(82.0000 mm, 135.1000 mm): Reference field of R23
[silk_over_copper]: Silkscreen clipped by solder mask
    Local override; warning
    @(103.4500 mm, 120.4000 mm): Segment of C32 on f.silkscreen
    @(103.5000 mm, 120.0000 mm): Pad 1 [/STORAGE/SATA_M2_RX_P] of C32 on F.Cu
[silk_over_copper]: Silkscreen clipped by solder mask
    Local override; warning
    @(103.4500 mm, 128.4000 mm): Segment of C33 on f.silkscreen
    @(103.5000 mm, 128.0000 mm): Pad 1 [/STORAGE/SATA_M2_RX_N] of C33 on F.Cu
[silk_over_copper]: Silkscreen clipped by solder mask
    Local override; warning
    @(103.4500 mm, 132.4000 mm): Segment of C31 on f.silkscreen
    @(103.5000 mm, 132.0000 mm): Pad 1 [/STORAGE/SATA_M2_TX_N] of C31 on F.Cu
[silk_over_copper]: Silkscreen clipped by solder mask
    Local override; warning
    @(101.0000 mm, 112.0000 mm): Reference field of C17
    @(99.6500 mm, 112.0000 mm): Pad 1 [/REGULATORS/BRIDGE_3V3] of C17 on F.Cu
[silk_over_copper]: Silkscreen clipped by solder mask
    Local override; warning
    @(101.0000 mm, 112.0000 mm): Reference field of C17
    @(102.3500 mm, 112.0000 mm): Pad 2 [POWER_GND] of C17 on F.Cu
[silk_over_copper]: Silkscreen clipped by solder mask
    Local override; warning
    @(107.0000 mm, 112.0000 mm): Reference field of C19
    @(105.6500 mm, 112.0000 mm): Pad 1 [/REGULATORS/BRIDGE_3V3] of C19 on F.Cu
[silk_over_copper]: Silkscreen clipped by solder mask
    Local override; warning
    @(95.0000 mm, 112.0000 mm): Reference field of C16
    @(96.3500 mm, 112.0000 mm): Pad 2 [POWER_GND] of C16 on F.Cu
[silk_over_copper]: Silkscreen clipped by solder mask
    Local override; warning
    @(95.0000 mm, 112.0000 mm): Reference field of C16
    @(93.6500 mm, 112.0000 mm): Pad 1 [/REGULATORS/BRIDGE_3V3] of C16 on F.Cu
[silk_over_copper]: Silkscreen clipped by solder mask
    Local override; warning
    @(107.0000 mm, 112.0000 mm): Reference field of C19
    @(108.3500 mm, 112.0000 mm): Pad 2 [POWER_GND] of C19 on F.Cu
[silk_over_copper]: Silkscreen clipped by solder mask
    Local override; warning
    @(103.4500 mm, 116.4000 mm): Segment of C30 on f.silkscreen
    @(103.5000 mm, 116.0000 mm): Pad 1 [/STORAGE/SATA_M2_TX_P] of C30 on F.Cu

** Found 88 unconnected pads **
[unconnected_items]: Missing connection between items
    Local override; error
    @(103.5000 mm, 120.0000 mm): Pad 1 [/STORAGE/SATA_M2_RX_P] of C32 on F.Cu
    @(132.7250 mm, 132.7500 mm): Pad 3 [/STORAGE/SATA_M2_RX_P] of J3 on F.Cu
[unconnected_items]: Missing connection between items
    Local override; error
    @(95.0000 mm, 119.5000 mm): Pad 60 [/STORAGE/BRIDGE_SATA_RX_P] of U7 on F.Cu
    @(102.5000 mm, 120.0000 mm): Pad 2 [/STORAGE/BRIDGE_SATA_RX_P] of C32 on F.Cu
[unconnected_items]: Missing connection between items
    Local override; error
    @(93.6500 mm, 112.0000 mm): Pad 1 [/REGULATORS/BRIDGE_3V3] of C16 on F.Cu
    @(99.6500 mm, 112.0000 mm): Pad 1 [/REGULATORS/BRIDGE_3V3] of C17 on F.Cu
[unconnected_items]: Missing connection between items
    Local override; error
    @(99.6500 mm, 112.0000 mm): Pad 1 [/REGULATORS/BRIDGE_3V3] of C17 on F.Cu
    @(105.6500 mm, 112.0000 mm): Pad 1 [/REGULATORS/BRIDGE_3V3] of C19 on F.Cu
[unconnected_items]: Missing connection between items
    Local override; error
    @(102.3500 mm, 112.0000 mm): Pad 2 [POWER_GND] of C17 on F.Cu
    @(96.3500 mm, 112.0000 mm): Pad 2 [POWER_GND] of C16 on F.Cu
[unconnected_items]: Missing connection between items
    Local override; error
    @(108.3500 mm, 112.0000 mm): Pad 2 [POWER_GND] of C19 on F.Cu
    @(102.3500 mm, 112.0000 mm): Pad 2 [POWER_GND] of C17 on F.Cu
[unconnected_items]: Missing connection between items
    Local override; error
    @(140.2750 mm, 132.0000 mm): Pad 6 [POWER_GND] of J3 on F.Cu
    @(108.3500 mm, 112.0000 mm): Pad 2 [POWER_GND] of C19 on F.Cu
[unconnected_items]: Missing connection between items
    Local override; error
    @(81.5000 mm, 132.0000 mm): Pad 1 [/STORAGE/BRIDGE_XI] of C42 on B.Cu
    @(81.5000 mm, 136.0000 mm): Pad 1 [/STORAGE/BRIDGE_XI] of R23 on B.Cu
[unconnected_items]: Missing connection between items
    Local override; error
    @(81.5000 mm, 136.0000 mm): Pad 1 [/STORAGE/BRIDGE_XI] of R23 on B.Cu
    @(86.9000 mm, 135.1500 mm): Pad 1 [/STORAGE/BRIDGE_XI] of Y1 on B.Cu
[unconnected_items]: Missing connection between items
    Local override; error
    @(86.9000 mm, 135.1500 mm): Pad 1 [/STORAGE/BRIDGE_XI] of Y1 on B.Cu
    @(99.0000 mm, 119.5000 mm): Pad 52 [/STORAGE/BRIDGE_XI] of U7 on F.Cu
[unconnected_items]: Missing connection between items
    Local override; error
    @(82.5000 mm, 132.0000 mm): Pad 2 [/STORAGE/BRIDGE_VSSOSC] of C42 on B.Cu
    @(86.9000 mm, 136.8500 mm): Pad 2 [/STORAGE/BRIDGE_VSSOSC] of Y1 on B.Cu
[unconnected_items]: Missing connection between items
    Local override; error
    @(82.5000 mm, 140.0000 mm): Pad 2 [/STORAGE/BRIDGE_VSSOSC] of C43 on B.Cu
    @(86.9000 mm, 136.8500 mm): Pad 2 [/STORAGE/BRIDGE_VSSOSC] of Y1 on B.Cu
[unconnected_items]: Missing connection between items
    Local override; error
    @(86.9000 mm, 136.8500 mm): Pad 2 [/STORAGE/BRIDGE_VSSOSC] of Y1 on B.Cu
    @(89.1000 mm, 135.1500 mm): Pad 4 [/STORAGE/BRIDGE_VSSOSC] of Y1 on B.Cu
[unconnected_items]: Missing connection between items
    Local override; error
    @(89.1000 mm, 135.1500 mm): Pad 4 [/STORAGE/BRIDGE_VSSOSC] of Y1 on B.Cu
    @(98.5000 mm, 119.5000 mm): Pad 53 [/STORAGE/BRIDGE_VSSOSC] of U7 on F.Cu
[unconnected_items]: Missing connection between items
    Local override; error
    @(93.5000 mm, 128.5000 mm): Pad 21 [/STORAGE/BRIDGE_CFG] of U7 on F.Cu
    @(100.5000 mm, 128.5000 mm): Pad 1 [/STORAGE/BRIDGE_CFG] of U7 on F.Cu
[unconnected_items]: Missing connection between items
    Local override; error
    @(100.5000 mm, 127.0000 mm): Pad 4 [/STORAGE/BRIDGE_RESET] of U7 on F.Cu
    @(100.5000 mm, 128.0000 mm): Pad 2 [/STORAGE/BRIDGE_RESET] of U7 on F.Cu
[unconnected_items]: Missing connection between items
    Local override; error
    @(91.5000 mm, 123.5000 mm): Pad 41 [/STORAGE/BRIDGE_1V1] of U7 on F.Cu
    @(100.5000 mm, 127.5000 mm): Pad 3 [/STORAGE/BRIDGE_1V1] of U7 on F.Cu
[unconnected_items]: Missing connection between items
    Local override; error
    @(100.5000 mm, 124.5000 mm): Pad 9 [/STORAGE/BRIDGE_SATA_RX_N] of U7 on F.Cu
    @(95.5000 mm, 119.5000 mm): Pad 59 [/STORAGE/BRIDGE_SATA_RX_N] of U7 on F.Cu
[unconnected_items]: Missing connection between items
    Local override; error
    @(100.5000 mm, 125.0000 mm): Pad 8 [/STORAGE/BRIDGE_SATA_RX_N] of U7 on F.Cu
    @(100.5000 mm, 124.5000 mm): Pad 9 [/STORAGE/BRIDGE_SATA_RX_N] of U7 on F.Cu
[unconnected_items]: Missing connection between items
    Local override; error
    @(100.5000 mm, 125.0000 mm): Pad 8 [/STORAGE/BRIDGE_SATA_RX_N] of U7 on F.Cu
    @(100.5000 mm, 125.5000 mm): Pad 7 [/STORAGE/BRIDGE_SATA_RX_N] of U7 on F.Cu
[unconnected_items]: Missing connection between items
    Local override; error
    @(100.5000 mm, 125.5000 mm): Pad 7 [/STORAGE/BRIDGE_SATA_RX_N] of U7 on F.Cu
    @(100.5000 mm, 126.0000 mm): Pad 6 [/STORAGE/BRIDGE_SATA_RX_N] of U7 on F.Cu
[unconnected_items]: Missing connection between items
    Local override; error
    @(100.5000 mm, 126.5000 mm): Pad 5 [/STORAGE/BRIDGE_SATA_RX_N] of U7 on F.Cu
    @(100.5000 mm, 126.0000 mm): Pad 6 [/STORAGE/BRIDGE_SATA_RX_N] of U7 on F.Cu
[unconnected_items]: Missing connection between items
    Local override; error
    @(100.5000 mm, 126.5000 mm): Pad 5 [/STORAGE/BRIDGE_SATA_RX_N] of U7 on F.Cu
    @(102.5000 mm, 128.0000 mm): Pad 2 [/STORAGE/BRIDGE_SATA_RX_N] of C33 on F.Cu
[unconnected_items]: Missing connection between items
    Local override; error
    @(95.0000 mm, 128.5000 mm): Pad 24 [/STORAGE/BRIDGE_3V3] of U7 on F.Cu
    @(98.0000 mm, 128.5000 mm): Pad 30 [/STORAGE/BRIDGE_3V3] of U7 on F.Cu
[unconnected_items]: Missing connection between items
    Local override; error
    @(98.0000 mm, 128.5000 mm): Pad 30 [/STORAGE/BRIDGE_3V3] of U7 on F.Cu
    @(98.5000 mm, 128.5000 mm): Pad 31 [/STORAGE/BRIDGE_3V3] of U7 on F.Cu
[unconnected_items]: Missing connection between items
    Local override; error
    @(82.5000 mm, 136.0000 mm): Pad 2 [/STORAGE/BRIDGE_XO] of R23 on B.Cu
    @(81.5000 mm, 140.0000 mm): Pad 1 [/STORAGE/BRIDGE_XO] of C43 on B.Cu
[unconnected_items]: Missing connection between items
    Local override; error
    @(89.1000 mm, 136.8500 mm): Pad 3 [/STORAGE/BRIDGE_XO] of Y1 on B.Cu
    @(82.5000 mm, 136.0000 mm): Pad 2 [/STORAGE/BRIDGE_XO] of R23 on B.Cu
[unconnected_items]: Missing connection between items
    Local override; error
    @(89.1000 mm, 136.8500 mm): Pad 3 [/STORAGE/BRIDGE_XO] of Y1 on B.Cu
    @(98.0000 mm, 119.5000 mm): Pad 54 [/STORAGE/BRIDGE_XO] of U7 on F.Cu
[unconnected_items]: Missing connection between items
    Local override; error
    @(97.0000 mm, 119.5000 mm): Pad 56 [/STORAGE/BRIDGE_SATA_TX_N] of U7 on F.Cu
    @(102.5000 mm, 132.0000 mm): Pad 2 [/STORAGE/BRIDGE_SATA_TX_N] of C31 on F.Cu
[unconnected_items]: Missing connection between items
    Local override; error
    @(96.5000 mm, 119.5000 mm): Pad 57 [/STORAGE/BRIDGE_SATA_TX_P] of U7 on F.Cu
    @(102.5000 mm, 116.0000 mm): Pad 2 [/STORAGE/BRIDGE_SATA_TX_P] of C30 on F.Cu
[unconnected_items]: Missing connection between items
    Local override; error
    @(103.5000 mm, 128.0000 mm): Pad 1 [/STORAGE/SATA_M2_RX_N] of C33 on F.Cu
    @(140.2750 mm, 132.5000 mm): Pad 4 [/STORAGE/SATA_M2_RX_N] of J3 on F.Cu
[unconnected_items]: Missing connection between items
    Local override; error
    @(103.5000 mm, 132.0000 mm): Pad 1 [/STORAGE/SATA_M2_TX_N] of C31 on F.Cu
    @(140.2750 mm, 133.0000 mm): Pad 2 [/STORAGE/SATA_M2_TX_N] of J3 on F.Cu
[unconnected_items]: Missing connection between items
    Local override; error
    @(103.5000 mm, 116.0000 mm): Pad 1 [/STORAGE/SATA_M2_TX_P] of C30 on F.Cu
    @(132.7250 mm, 133.2500 mm): Pad 1 [/STORAGE/SATA_M2_TX_P] of J3 on F.Cu
[unconnected_items]: Missing connection between items
    Local override; error
    @(32.9600 mm, 98.7000 mm): Pad 1 [/CORE_CM5/POWER_GND] of J7 on F.Cu
    @(32.9600 mm, 99.9000 mm): Pad 7 [/CORE_CM5/POWER_GND] of J7 on F.Cu
[unconnected_items]: Missing connection between items
    Local override; error
    @(32.9600 mm, 99.9000 mm): Pad 7 [/CORE_CM5/POWER_GND] of J7 on F.Cu
    @(32.9600 mm, 101.1000 mm): Pad 13 [/CORE_CM5/POWER_GND] of J7 on F.Cu
[unconnected_items]: Missing connection between items
    Local override; error
    @(32.9600 mm, 101.1000 mm): Pad 13 [/CORE_CM5/POWER_GND] of J7 on F.Cu
    @(32.9600 mm, 103.1000 mm): Pad 23 [/CORE_CM5/POWER_GND] of J7 on F.Cu
[unconnected_items]: Missing connection between items
    Local override; error
    @(32.9600 mm, 103.1000 mm): Pad 23 [/CORE_CM5/POWER_GND] of J7 on F.Cu
    @(32.9600 mm, 105.1000 mm): Pad 33 [/CORE_CM5/POWER_GND] of J7 on F.Cu
[unconnected_items]: Missing connection between items
    Local override; error
    @(32.9600 mm, 105.1000 mm): Pad 33 [/CORE_CM5/POWER_GND] of J7 on F.Cu
    @(32.9600 mm, 107.1000 mm): Pad 43 [/CORE_CM5/POWER_GND] of J7 on F.Cu
[unconnected_items]: Missing connection between items
    Local override; error
    @(32.9600 mm, 107.1000 mm): Pad 43 [/CORE_CM5/POWER_GND] of J7 on F.Cu
    @(32.9600 mm, 109.1000 mm): Pad 53 [/CORE_CM5/POWER_GND] of J7 on F.Cu
[unconnected_items]: Missing connection between items
    Local override; error
    @(32.9600 mm, 109.1000 mm): Pad 53 [/CORE_CM5/POWER_GND] of J7 on F.Cu
    @(32.9600 mm, 110.3000 mm): Pad 59 [/CORE_CM5/POWER_GND] of J7 on F.Cu
[unconnected_items]: Missing connection between items
    Local override; error
    @(32.9600 mm, 110.3000 mm): Pad 59 [/CORE_CM5/POWER_GND] of J7 on F.Cu
    @(32.9600 mm, 111.5000 mm): Pad 65 [/CORE_CM5/POWER_GND] of J7 on F.Cu
[unconnected_items]: Missing connection between items
    Local override; error
    @(32.9600 mm, 111.5000 mm): Pad 65 [/CORE_CM5/POWER_GND] of J7 on F.Cu
    @(32.9600 mm, 112.7000 mm): Pad 71 [/CORE_CM5/POWER_GND] of J7 on F.Cu
[unconnected_items]: Missing connection between items
    Local override; error
    @(36.0400 mm, 99.9000 mm): Pad 8 [/CORE_CM5/POWER_GND] of J7 on F.Cu
    @(36.0400 mm, 98.7000 mm): Pad 2 [/CORE_CM5/POWER_GND] of J7 on F.Cu
[unconnected_items]: Missing connection between items
    Local override; error
    @(36.0400 mm, 101.1000 mm): Pad 14 [/CORE_CM5/POWER_GND] of J7 on F.Cu
    @(36.0400 mm, 99.9000 mm): Pad 8 [/CORE_CM5/POWER_GND] of J7 on F.Cu
[unconnected_items]: Missing connection between items
    Local override; error
    @(36.0400 mm, 101.1000 mm): Pad 14 [/CORE_CM5/POWER_GND] of J7 on F.Cu
    @(36.0400 mm, 102.7000 mm): Pad 22 [/CORE_CM5/POWER_GND] of J7 on F.Cu
[unconnected_items]: Missing connection between items
    Local override; error
    @(36.0400 mm, 102.7000 mm): Pad 22 [/CORE_CM5/POWER_GND] of J7 on F.Cu
    @(36.0400 mm, 104.7000 mm): Pad 32 [/CORE_CM5/POWER_GND] of J7 on F.Cu
[unconnected_items]: Missing connection between items
    Local override; error
    @(36.0400 mm, 104.7000 mm): Pad 32 [/CORE_CM5/POWER_GND] of J7 on F.Cu
    @(36.0400 mm, 106.7000 mm): Pad 42 [/CORE_CM5/POWER_GND] of J7 on F.Cu
[unconnected_items]: Missing connection between items
    Local override; error
    @(36.0400 mm, 106.7000 mm): Pad 42 [/CORE_CM5/POWER_GND] of J7 on F.Cu
    @(36.0400 mm, 108.7000 mm): Pad 52 [/CORE_CM5/POWER_GND] of J7 on F.Cu
[unconnected_items]: Missing connection between items
    Local override; error
    @(36.0400 mm, 110.3000 mm): Pad 60 [/CORE_CM5/POWER_GND] of J7 on F.Cu
    @(36.0400 mm, 111.5000 mm): Pad 66 [/CORE_CM5/POWER_GND] of J7 on F.Cu
[unconnected_items]: Missing connection between items
    Local override; error
    @(36.0400 mm, 110.3000 mm): Pad 60 [/CORE_CM5/POWER_GND] of J7 on F.Cu
    @(36.0400 mm, 108.7000 mm): Pad 52 [/CORE_CM5/POWER_GND] of J7 on F.Cu
[unconnected_items]: Missing connection between items
    Local override; error
    @(36.0400 mm, 111.5000 mm): Pad 66 [/CORE_CM5/POWER_GND] of J7 on F.Cu
    @(36.0400 mm, 113.1000 mm): Pad 74 [/CORE_CM5/POWER_GND] of J7 on F.Cu
[unconnected_items]: Missing connection between items
    Local override; error
    @(36.0400 mm, 111.5000 mm): Pad 66 [/CORE_CM5/POWER_GND] of J7 on F.Cu
    @(32.9600 mm, 111.5000 mm): Pad 65 [/CORE_CM5/POWER_GND] of J7 on F.Cu
[unconnected_items]: Missing connection between items
    Local override; error
    @(36.0400 mm, 117.9000 mm): Pad 98 [/CORE_CM5/POWER_GND] of J7 on F.Cu
    @(36.0400 mm, 113.1000 mm): Pad 74 [/CORE_CM5/POWER_GND] of J7 on F.Cu
[unconnected_items]: Missing connection between items
    Local override; error
    @(66.9600 mm, 101.1000 mm): Pad 113 [/CORE_CM5/POWER_GND] of J7 on F.Cu
    @(66.9600 mm, 99.9000 mm): Pad 107 [/CORE_CM5/POWER_GND] of J7 on F.Cu
[unconnected_items]: Missing connection between items
    Local override; error
    @(66.9600 mm, 102.3000 mm): Pad 119 [/CORE_CM5/POWER_GND] of J7 on F.Cu
    @(66.9600 mm, 101.1000 mm): Pad 113 [/CORE_CM5/POWER_GND] of J7 on F.Cu
[unconnected_items]: Missing connection between items
    Local override; error
    @(66.9600 mm, 103.5000 mm): Pad 125 [/CORE_CM5/POWER_GND] of J7 on F.Cu
    @(66.9600 mm, 102.3000 mm): Pad 119 [/CORE_CM5/POWER_GND] of J7 on F.Cu
[unconnected_items]: Missing connection between items
    Local override; error
    @(66.9600 mm, 104.7000 mm): Pad 131 [/CORE_CM5/POWER_GND] of J7 on F.Cu
    @(66.9600 mm, 103.5000 mm): Pad 125 [/CORE_CM5/POWER_GND] of J7 on F.Cu
[unconnected_items]: Missing connection between items
    Local override; error
    @(66.9600 mm, 104.7000 mm): Pad 131 [/CORE_CM5/POWER_GND] of J7 on F.Cu
    @(66.9600 mm, 105.9000 mm): Pad 137 [/CORE_CM5/POWER_GND] of J7 on F.Cu
[unconnected_items]: Missing connection between items
    Local override; error
    @(66.9600 mm, 104.7000 mm): Pad 131 [/CORE_CM5/POWER_GND] of J7 on F.Cu
    @(36.0400 mm, 104.7000 mm): Pad 32 [/CORE_CM5/POWER_GND] of J7 on F.Cu
[unconnected_items]: Missing connection between items
    Local override; error
    @(66.9600 mm, 105.9000 mm): Pad 137 [/CORE_CM5/POWER_GND] of J7 on F.Cu
    @(70.0400 mm, 105.9000 mm): Pad 138 [/CORE_CM5/POWER_GND] of J7 on F.Cu
[unconnected_items]: Missing connection between items
    Local override; error
    @(66.9600 mm, 110.7000 mm): Pad 161 [/CORE_CM5/POWER_GND] of J7 on F.Cu
    @(66.9600 mm, 109.5000 mm): Pad 155 [/CORE_CM5/POWER_GND] of J7 on F.Cu
[unconnected_items]: Missing connection between items
    Local override; error
    @(66.9600 mm, 110.7000 mm): Pad 161 [/CORE_CM5/POWER_GND] of J7 on F.Cu
    @(66.9600 mm, 111.9000 mm): Pad 167 [/CORE_CM5/POWER_GND] of J7 on F.Cu
[unconnected_items]: Missing connection between items
    Local override; error
    @(66.9600 mm, 111.9000 mm): Pad 167 [/CORE_CM5/POWER_GND] of J7 on F.Cu
    @(66.9600 mm, 113.1000 mm): Pad 173 [/CORE_CM5/POWER_GND] of J7 on F.Cu
[unconnected_items]: Missing connection between items
    Local override; error
    @(66.9600 mm, 113.1000 mm): Pad 173 [/CORE_CM5/POWER_GND] of J7 on F.Cu
    @(66.9600 mm, 114.3000 mm): Pad 179 [/CORE_CM5/POWER_GND] of J7 on F.Cu
[unconnected_items]: Missing connection between items
    Local override; error
    @(66.9600 mm, 115.5000 mm): Pad 185 [/CORE_CM5/POWER_GND] of J7 on F.Cu
    @(66.9600 mm, 114.3000 mm): Pad 179 [/CORE_CM5/POWER_GND] of J7 on F.Cu
[unconnected_items]: Missing connection between items
    Local override; error
    @(66.9600 mm, 116.7000 mm): Pad 191 [/CORE_CM5/POWER_GND] of J7 on F.Cu
    @(66.9600 mm, 115.5000 mm): Pad 185 [/CORE_CM5/POWER_GND] of J7 on F.Cu
[unconnected_items]: Missing connection between items
    Local override; error
    @(66.9600 mm, 117.9000 mm): Pad 197 [/CORE_CM5/POWER_GND] of J7 on F.Cu
    @(66.9600 mm, 116.7000 mm): Pad 191 [/CORE_CM5/POWER_GND] of J7 on F.Cu
[unconnected_items]: Missing connection between items
    Local override; error
    @(70.0400 mm, 101.1000 mm): Pad 114 [/CORE_CM5/POWER_GND] of J7 on F.Cu
    @(70.0400 mm, 99.9000 mm): Pad 108 [/CORE_CM5/POWER_GND] of J7 on F.Cu
[unconnected_items]: Missing connection between items
    Local override; error
    @(70.0400 mm, 102.3000 mm): Pad 120 [/CORE_CM5/POWER_GND] of J7 on F.Cu
    @(70.0400 mm, 101.1000 mm): Pad 114 [/CORE_CM5/POWER_GND] of J7 on F.Cu
[unconnected_items]: Missing connection between items
    Local override; error
    @(70.0400 mm, 103.5000 mm): Pad 126 [/CORE_CM5/POWER_GND] of J7 on F.Cu
    @(70.0400 mm, 102.3000 mm): Pad 120 [/CORE_CM5/POWER_GND] of J7 on F.Cu
[unconnected_items]: Missing connection between items
    Local override; error
    @(70.0400 mm, 104.7000 mm): Pad 132 [/CORE_CM5/POWER_GND] of J7 on F.Cu
    @(70.0400 mm, 103.5000 mm): Pad 126 [/CORE_CM5/POWER_GND] of J7 on F.Cu
[unconnected_items]: Missing connection between items
    Local override; error
    @(70.0400 mm, 105.9000 mm): Pad 138 [/CORE_CM5/POWER_GND] of J7 on F.Cu
    @(70.0400 mm, 104.7000 mm): Pad 132 [/CORE_CM5/POWER_GND] of J7 on F.Cu
[unconnected_items]: Missing connection between items
    Local override; error
    @(70.0400 mm, 107.1000 mm): Pad 144 [/CORE_CM5/POWER_GND] of J7 on F.Cu
    @(70.0400 mm, 105.9000 mm): Pad 138 [/CORE_CM5/POWER_GND] of J7 on F.Cu
[unconnected_items]: Missing connection between items
    Local override; error
    @(70.0400 mm, 108.3000 mm): Pad 150 [/CORE_CM5/POWER_GND] of J7 on F.Cu
    @(70.0400 mm, 107.1000 mm): Pad 144 [/CORE_CM5/POWER_GND] of J7 on F.Cu
[unconnected_items]: Missing connection between items
    Local override; error
    @(70.0400 mm, 109.5000 mm): Pad 156 [/CORE_CM5/POWER_GND] of J7 on F.Cu
    @(70.0400 mm, 108.3000 mm): Pad 150 [/CORE_CM5/POWER_GND] of J7 on F.Cu
[unconnected_items]: Missing connection between items
    Local override; error
    @(70.0400 mm, 110.7000 mm): Pad 162 [/CORE_CM5/POWER_GND] of J7 on F.Cu
    @(70.0400 mm, 109.5000 mm): Pad 156 [/CORE_CM5/POWER_GND] of J7 on F.Cu
[unconnected_items]: Missing connection between items
    Local override; error
    @(70.0400 mm, 111.9000 mm): Pad 168 [/CORE_CM5/POWER_GND] of J7 on F.Cu
    @(70.0400 mm, 110.7000 mm): Pad 162 [/CORE_CM5/POWER_GND] of J7 on F.Cu
[unconnected_items]: Missing connection between items
    Local override; error
    @(70.0400 mm, 113.1000 mm): Pad 174 [/CORE_CM5/POWER_GND] of J7 on F.Cu
    @(70.0400 mm, 111.9000 mm): Pad 168 [/CORE_CM5/POWER_GND] of J7 on F.Cu
[unconnected_items]: Missing connection between items
    Local override; error
    @(70.0400 mm, 114.3000 mm): Pad 180 [/CORE_CM5/POWER_GND] of J7 on F.Cu
    @(70.0400 mm, 113.1000 mm): Pad 174 [/CORE_CM5/POWER_GND] of J7 on F.Cu
[unconnected_items]: Missing connection between items
    Local override; error
    @(70.0400 mm, 115.5000 mm): Pad 186 [/CORE_CM5/POWER_GND] of J7 on F.Cu
    @(70.0400 mm, 114.3000 mm): Pad 180 [/CORE_CM5/POWER_GND] of J7 on F.Cu
[unconnected_items]: Missing connection between items
    Local override; error
    @(70.0400 mm, 116.7000 mm): Pad 192 [/CORE_CM5/POWER_GND] of J7 on F.Cu
    @(70.0400 mm, 115.5000 mm): Pad 186 [/CORE_CM5/POWER_GND] of J7 on F.Cu
[unconnected_items]: Missing connection between items
    Local override; error
    @(70.0400 mm, 116.7000 mm): Pad 192 [/CORE_CM5/POWER_GND] of J7 on F.Cu
    @(66.9600 mm, 116.7000 mm): Pad 191 [/CORE_CM5/POWER_GND] of J7 on F.Cu
[unconnected_items]: Missing connection between items
    Local override; error
    @(70.0400 mm, 117.9000 mm): Pad 198 [/CORE_CM5/POWER_GND] of J7 on F.Cu
    @(70.0400 mm, 116.7000 mm): Pad 192 [/CORE_CM5/POWER_GND] of J7 on F.Cu
[unconnected_items]: Missing connection between items
    Local override; error
    @(32.9600 mm, 113.9000 mm): Pad 77 [/CORE_CM5/CM5_5V] of J7 on F.Cu
    @(32.9600 mm, 114.3000 mm): Pad 79 [/CORE_CM5/CM5_5V] of J7 on F.Cu
[unconnected_items]: Missing connection between items
    Local override; error
    @(32.9600 mm, 114.3000 mm): Pad 79 [/CORE_CM5/CM5_5V] of J7 on F.Cu
    @(32.9600 mm, 114.7000 mm): Pad 81 [/CORE_CM5/CM5_5V] of J7 on F.Cu
[unconnected_items]: Missing connection between items
    Local override; error
    @(32.9600 mm, 114.7000 mm): Pad 81 [/CORE_CM5/CM5_5V] of J7 on F.Cu
    @(32.9600 mm, 115.1000 mm): Pad 83 [/CORE_CM5/CM5_5V] of J7 on F.Cu
[unconnected_items]: Missing connection between items
    Local override; error
    @(32.9600 mm, 115.1000 mm): Pad 83 [/CORE_CM5/CM5_5V] of J7 on F.Cu
    @(32.9600 mm, 115.5000 mm): Pad 85 [/CORE_CM5/CM5_5V] of J7 on F.Cu
[unconnected_items]: Missing connection between items
    Local override; error
    @(32.9600 mm, 115.5000 mm): Pad 85 [/CORE_CM5/CM5_5V] of J7 on F.Cu
    @(32.9600 mm, 115.9000 mm): Pad 87 [/CORE_CM5/CM5_5V] of J7 on F.Cu

** Found 0 Footprint errors **

** Ignored checks **
    - Footprint has no courtyard defined
    - Track endpoint not centered on via
    - Tuning profile track geometries
    - Footprint doesn't match symbol's footprint filters
    - Footprint component type doesn't match footprint pads

** End of Report **
