** Drc report for PHASE24_RTL9210B_GND_RETURN_TOPRIGHT_V1473.kicad_pcb **
** Created on 2026-09-10T04:50:38 **
** Report includes: Errors, Warnings **

** Found 6 DRC violations **
[tracks_crossing]: Tracks crossing
    Local override; error
    @(108.0000 mm, 62.8000 mm): Track [RTL_3V3] on B.Cu, length 12.8000 mm
    @(110.0000 mm, 62.0000 mm): Track [GND] on B.Cu, length 16.0000 mm
[tracks_crossing]: Tracks crossing
    Local override; error
    @(114.0000 mm, 66.0000 mm): Track [RTL_3V3] on B.Cu, length 6.0000 mm
    @(110.0000 mm, 67.6000 mm): Track [GND] on B.Cu, length 5.6000 mm
[tracks_crossing]: Tracks crossing
    Local override; error
    @(101.0000 mm, 67.6000 mm): Track [GND] on B.Cu, length 9.0000 mm
    @(102.0000 mm, 75.0000 mm): Track [RTL_1V1] on B.Cu, length 10.2000 mm
[tracks_crossing]: Tracks crossing
    Local override; error
    @(102.0000 mm, 64.8000 mm): Track [RTL_1V1] on B.Cu, length 10.0000 mm
    @(110.0000 mm, 67.6000 mm): Track [GND] on B.Cu, length 5.6000 mm
[tracks_crossing]: Tracks crossing
    Local override; error
    @(105.5000 mm, 68.6000 mm): Track [RTL_1V1] on B.Cu, length 3.8000 mm
    @(101.0000 mm, 67.6000 mm): Track [GND] on B.Cu, length 9.0000 mm
[clearance]: Clearance violation ( clearance 0.2000 mm; actual 0.1000 mm)
    Local override; error
    @(101.0000 mm, 67.6000 mm): Via [GND] on F.Cu - B.Cu
    @(100.5000 mm, 72.4000 mm): Track [RTL_3V3] on B.Cu, length 8.4000 mm

** Found 7 unconnected pads **
[unconnected_items]: Missing connection between items
    Local override; error
    @(88.0000 mm, 65.0000 mm): Pad 1 [RSET] of R1 on F.Cu
    @(94.8000 mm, 66.0500 mm): Pad 51 [RSET] of U1 on F.Cu
[unconnected_items]: Missing connection between items
    Local override; error
    @(88.0000 mm, 59.0000 mm): Pad 1 [XTAL_IN] of Y1 on F.Cu
    @(88.0000 mm, 62.0000 mm): Pad 1 [XTAL_IN] of C1 on F.Cu
[unconnected_items]: Missing connection between items
    Local override; error
    @(88.0000 mm, 62.0000 mm): Pad 1 [XTAL_IN] of C1 on F.Cu
    @(94.0500 mm, 67.2000 mm): Pad 53 [XTAL_IN] of U1 on F.Cu
[unconnected_items]: Missing connection between items
    Local override; error
    @(89.4000 mm, 59.0000 mm): Pad 2 [XTAL_OUT] of Y1 on F.Cu
    @(91.0000 mm, 62.0000 mm): Pad 1 [XTAL_OUT] of C2 on F.Cu
[unconnected_items]: Missing connection between items
    Local override; error
    @(91.0000 mm, 62.0000 mm): Pad 1 [XTAL_OUT] of C2 on F.Cu
    @(94.0500 mm, 67.6000 mm): Pad 54 [XTAL_OUT] of U1 on F.Cu
[unconnected_items]: Missing connection between items
    Local override; error
    @(94.0500 mm, 70.4000 mm): Pad 61 [REFCLK_P] of U1 on F.Cu
    @(137.2500 mm, 62.7250 mm): Pad 55 [REFCLK_P] of J1 on F.Cu
[unconnected_items]: Missing connection between items
    Local override; error
    @(94.0500 mm, 70.8000 mm): Pad 62 [REFCLK_N] of U1 on F.Cu
    @(136.7500 mm, 62.7250 mm): Pad 53 [REFCLK_N] of J1 on F.Cu

** Found 0 Footprint errors **

** Ignored checks **
    - Footprint has no courtyard defined
    - Track endpoint not centered on via
    - Tuning profile track geometries
    - Footprint doesn't match symbol's footprint filters
    - Footprint component type doesn't match footprint pads

** End of Report **
