** Drc report for PHASE24_RTL9210B_RX_PAIR_ENDPOINT_V465.kicad_pcb **
** Created on 2026-09-08T02:03:42 **
** Report includes: Errors, Warnings **

** Found 18 DRC violations **
[clearance]: Clearance violation ( clearance 0.1500 mm; actual 0.1340 mm)
    Local override; error
    @(133.7500 mm, 64.5000 mm): Via [LANE0_RXN] on F.Cu - B.Cu
    @(134.2500 mm, 66.5000 mm): Track [LANE0_RXP] on F.Cu, length 3.7750 mm
[track_dangling]: Track has unconnected end
    Local override; warning
    @(95.5000 mm, 54.5000 mm): Track [PEDET] on B.Cu, length 23.5000 mm
[track_dangling]: Track has unconnected end
    Local override; warning
    @(97.5000 mm, 55.5000 mm): Track [CLKREQ_N] on B.Cu, length 20.5000 mm
[via_dangling]: Via is not connected or connected on only one layer
    Local override; warning
    @(134.5000 mm, 74.0000 mm): Via [PERST_N] on F.Cu - B.Cu
[via_dangling]: Via is not connected or connected on only one layer
    Local override; warning
    @(102.6000 mm, 51.0000 mm): Via [RTL_3V3] on F.Cu - B.Cu
[via_dangling]: Via is not connected or connected on only one layer
    Local override; warning
    @(93.7000 mm, 72.0000 mm): Via [RTL_3V3] on F.Cu - B.Cu
[via_dangling]: Via is not connected or connected on only one layer
    Local override; warning
    @(100.1000 mm, 51.0000 mm): Via [RTL_3V3] on F.Cu - B.Cu
[via_dangling]: Via is not connected or connected on only one layer
    Local override; warning
    @(110.2000 mm, 51.0000 mm): Via [RTL_3V3] on F.Cu - B.Cu
[track_dangling]: Track has unconnected end
    Local override; warning
    @(100.0000 mm, 51.5000 mm): Track [RTL_3V3] on In2.PWR, length 15.5000 mm
[track_dangling]: Track has unconnected end
    Local override; warning
    @(107.0000 mm, 44.0000 mm): Track [XTAL_IN] on B.Cu, length 8.3000 mm
[track_dangling]: Track has unconnected end
    Local override; warning
    @(109.0000 mm, 46.0000 mm): Track [XTAL_OUT] on B.Cu, length 7.7000 mm
[via_dangling]: Via is not connected or connected on only one layer
    Local override; warning
    @(111.0000 mm, 71.0000 mm): Via [REFCLK_P] on F.Cu - B.Cu
[via_dangling]: Via is not connected or connected on only one layer
    Local override; warning
    @(112.0000 mm, 70.1000 mm): Via [REFCLK_N] on F.Cu - B.Cu
[track_dangling]: Track has unconnected end
    Local override; warning
    @(135.2500 mm, 59.2000 mm): Track [LANE0_TXN] on F.Cu, length 3.5250 mm
[via_dangling]: Via is not connected or connected on only one layer
    Local override; warning
    @(115.0000 mm, 67.4000 mm): Via [LANE0_TXN] on F.Cu - B.Cu
[track_dangling]: Track has unconnected end
    Local override; warning
    @(135.7500 mm, 58.8000 mm): Track [LANE0_TXP] on F.Cu, length 3.9250 mm
[via_dangling]: Via is not connected or connected on only one layer
    Local override; warning
    @(116.0000 mm, 66.5000 mm): Via [LANE0_TXP] on F.Cu - B.Cu
[isolated_copper]: Isolated copper fill
    Local override; warning
    @(65.5000 mm, 40.5000 mm): Zone [GND] on B.Cu, priority 0

** Found 43 unconnected pads **
[unconnected_items]: Missing connection between items
    Local override; error
    @(109.9500 mm, 58.8000 mm): Pad 17 [RTL_5V] of U1 on F.Cu
    @(103.2000 mm, 58.0500 mm): Pad 33 [RTL_5V] of U1 on F.Cu
[unconnected_items]: Missing connection between items
    Local override; error
    @(124.4000 mm, 61.0000 mm): Pad 1 [RTL_5V] of C5 on F.Cu
    @(109.9500 mm, 58.8000 mm): Pad 17 [RTL_5V] of U1 on F.Cu
[unconnected_items]: Missing connection between items
    Local override; error
    @(106.0000 mm, 62.0000 mm): Pad 69 [GND] of U1 on F.Cu
    @(102.0500 mm, 62.8000 mm): Pad 45 [GND] of U1 on F.Cu
[unconnected_items]: Missing connection between items
    Local override; error
    @(106.0000 mm, 62.0000 mm): Pad 69 [GND] of U1 on F.Cu
    @(108.4000 mm, 65.9500 mm): Pad 66 [GND] of U1 on F.Cu
[unconnected_items]: Missing connection between items
    Local override; error
    @(108.4000 mm, 65.9500 mm): Pad 66 [GND] of U1 on F.Cu
    @(65.5000 mm, 40.5000 mm): Zone [GND] on F.Cu, priority 0
[unconnected_items]: Missing connection between items
    Local override; error
    @(98.9000 mm, 53.0000 mm): Pad 1 [PEDET] of R2 on F.Cu
    @(95.5000 mm, 54.5000 mm): Track [PEDET] on B.Cu, length 23.5000 mm
[unconnected_items]: Missing connection between items
    Local override; error
    @(109.9500 mm, 62.4000 mm): Pad 8 [PEDET] of U1 on F.Cu
    @(98.9000 mm, 53.0000 mm): Pad 1 [PEDET] of R2 on F.Cu
[unconnected_items]: Missing connection between items
    Local override; error
    @(101.4000 mm, 53.0000 mm): Pad 1 [CLKREQ_N] of R3 on F.Cu
    @(97.5000 mm, 55.5000 mm): Track [CLKREQ_N] on B.Cu, length 20.5000 mm
[unconnected_items]: Missing connection between items
    Local override; error
    @(109.9500 mm, 60.4000 mm): Pad 13 [CLKREQ_N] of U1 on F.Cu
    @(101.4000 mm, 53.0000 mm): Pad 1 [CLKREQ_N] of R3 on F.Cu
[unconnected_items]: Missing connection between items
    Local override; error
    @(134.5000 mm, 74.0000 mm): Track [PERST_N] on F.Cu, length 4.0157 mm
    @(109.9500 mm, 60.0000 mm): Pad 14 [PERST_N] of U1 on F.Cu
[unconnected_items]: Missing connection between items
    Local override; error
    @(102.0500 mm, 59.2000 mm): Pad 36 [RTL_1V1] of U1 on F.Cu
    @(102.0500 mm, 60.8000 mm): Pad 40 [RTL_1V1] of U1 on F.Cu
[unconnected_items]: Missing connection between items
    Local override; error
    @(102.0500 mm, 59.2000 mm): Pad 36 [RTL_1V1] of U1 on F.Cu
    @(106.4000 mm, 58.0500 mm): Pad 25 [RTL_1V1] of U1 on F.Cu
[unconnected_items]: Missing connection between items
    Local override; error
    @(102.0500 mm, 60.8000 mm): Pad 40 [RTL_1V1] of U1 on F.Cu
    @(102.0500 mm, 64.8000 mm): Pad 50 [RTL_1V1] of U1 on F.Cu
[unconnected_items]: Missing connection between items
    Local override; error
    @(102.0500 mm, 64.8000 mm): Pad 50 [RTL_1V1] of U1 on F.Cu
    @(104.0000 mm, 65.9500 mm): Pad 55 [RTL_1V1] of U1 on F.Cu
[unconnected_items]: Missing connection between items
    Local override; error
    @(104.0000 mm, 65.9500 mm): Pad 55 [RTL_1V1] of U1 on F.Cu
    @(106.0000 mm, 65.9500 mm): Pad 60 [RTL_1V1] of U1 on F.Cu
[unconnected_items]: Missing connection between items
    Local override; error
    @(106.0000 mm, 65.9500 mm): Pad 60 [RTL_1V1] of U1 on F.Cu
    @(107.2000 mm, 65.9500 mm): Pad 63 [RTL_1V1] of U1 on F.Cu
[unconnected_items]: Missing connection between items
    Local override; error
    @(106.4000 mm, 58.0500 mm): Pad 25 [RTL_1V1] of U1 on F.Cu
    @(109.9500 mm, 59.2000 mm): Pad 16 [RTL_1V1] of U1 on F.Cu
[unconnected_items]: Missing connection between items
    Local override; error
    @(109.9500 mm, 59.2000 mm): Pad 16 [RTL_1V1] of U1 on F.Cu
    @(113.2000 mm, 53.0000 mm): Pad 1 [RTL_1V1] of C4 on F.Cu
[unconnected_items]: Missing connection between items
    Local override; error
    @(96.1000 mm, 70.0000 mm): Pad 5 [SPISI] of U2 on F.Cu
    @(109.2000 mm, 58.0500 mm): Pad 18 [SPISI] of U1 on F.Cu
[unconnected_items]: Missing connection between items
    Local override; error
    @(97.3000 mm, 70.0000 mm): Pad 6 [SPICLK] of U2 on F.Cu
    @(108.8000 mm, 58.0500 mm): Pad 19 [SPICLK] of U1 on F.Cu
[unconnected_items]: Missing connection between items
    Local override; error
    @(99.7000 mm, 70.0000 mm): Pad 8 [RTL_3V3] of U2 on F.Cu
    @(93.7000 mm, 70.0000 mm): Track [RTL_3V3] on F.Cu, length 2.0000 mm
[unconnected_items]: Missing connection between items
    Local override; error
    @(100.0000 mm, 51.5000 mm): Track [RTL_3V3] on In2.PWR, length 15.5000 mm
    @(100.1000 mm, 53.0000 mm): Pad 2 [RTL_3V3] of R2 on F.Cu
[unconnected_items]: Missing connection between items
    Local override; error
    @(100.1000 mm, 51.0000 mm): Track [RTL_3V3] on In2.PWR, length 2.5000 mm
    @(100.0000 mm, 51.5000 mm): Track [RTL_3V3] on In2.PWR, length 15.5000 mm
[unconnected_items]: Missing connection between items
    Local override; error
    @(102.6000 mm, 53.0000 mm): Pad 2 [RTL_3V3] of R3 on F.Cu
    @(102.6000 mm, 51.0000 mm): Track [RTL_3V3] on In2.PWR, length 7.6000 mm
[unconnected_items]: Missing connection between items
    Local override; error
    @(102.8000 mm, 58.0500 mm): Pad 34 [RTL_3V3] of U1 on F.Cu
    @(102.0500 mm, 60.4000 mm): Pad 39 [RTL_3V3] of U1 on F.Cu
[unconnected_items]: Missing connection between items
    Local override; error
    @(102.8000 mm, 58.0500 mm): Pad 34 [RTL_3V3] of U1 on F.Cu
    @(102.6000 mm, 53.0000 mm): Pad 2 [RTL_3V3] of R3 on F.Cu
[unconnected_items]: Missing connection between items
    Local override; error
    @(102.8000 mm, 65.9500 mm): Pad 52 [RTL_3V3] of U1 on F.Cu
    @(99.7000 mm, 70.0000 mm): Pad 8 [RTL_3V3] of U2 on F.Cu
[unconnected_items]: Missing connection between items
    Local override; error
    @(102.8000 mm, 65.9500 mm): Pad 52 [RTL_3V3] of U1 on F.Cu
    @(102.0500 mm, 60.4000 mm): Pad 39 [RTL_3V3] of U1 on F.Cu
[unconnected_items]: Missing connection between items
    Local override; error
    @(110.2000 mm, 53.0000 mm): Pad 1 [RTL_3V3] of C3 on F.Cu
    @(110.2000 mm, 51.0000 mm): Via [RTL_3V3] on F.Cu - B.Cu
[unconnected_items]: Missing connection between items
    Local override; error
    @(110.2000 mm, 53.0000 mm): Pad 1 [RTL_3V3] of C3 on F.Cu
    @(108.4000 mm, 58.0500 mm): Pad 20 [RTL_3V3] of U1 on F.Cu
[unconnected_items]: Missing connection between items
    Local override; error
    @(98.5000 mm, 70.0000 mm): Pad 7 [SPISO3] of U2 on F.Cu
    @(107.6000 mm, 58.0500 mm): Pad 22 [SPISO3] of U1 on F.Cu
[unconnected_items]: Missing connection between items
    Local override; error
    @(92.5000 mm, 70.0000 mm): Pad 2 [SPISO] of U2 on F.Cu
    @(107.2000 mm, 58.0500 mm): Pad 23 [SPISO] of U1 on F.Cu
[unconnected_items]: Missing connection between items
    Local override; error
    @(91.3000 mm, 70.0000 mm): Pad 1 [SPICS] of U2 on F.Cu
    @(106.8000 mm, 58.0500 mm): Pad 24 [SPICS] of U1 on F.Cu
[unconnected_items]: Missing connection between items
    Local override; error
    @(101.4000 mm, 71.0000 mm): Pad 1 [RSET] of R1 on F.Cu
    @(102.0500 mm, 65.2000 mm): Pad 51 [RSET] of U1 on F.Cu
[unconnected_items]: Missing connection between items
    Local override; error
    @(103.2000 mm, 65.9500 mm): Pad 53 [XTAL_IN] of U1 on F.Cu
    @(114.3000 mm, 49.0000 mm): Track [XTAL_IN] on B.Cu, length 1.0000 mm
[unconnected_items]: Missing connection between items
    Local override; error
    @(109.0000 mm, 46.0000 mm): Track [XTAL_OUT] on B.Cu, length 7.7000 mm
    @(103.6000 mm, 65.9500 mm): Pad 54 [XTAL_OUT] of U1 on F.Cu
[unconnected_items]: Missing connection between items
    Local override; error
    @(106.4000 mm, 71.0000 mm): Track [REFCLK_P] on F.Cu, length 4.6000 mm
    @(137.2500 mm, 62.7250 mm): Pad 55 [REFCLK_P] of J1 on F.Cu
[unconnected_items]: Missing connection between items
    Local override; error
    @(106.8000 mm, 70.1000 mm): Track [REFCLK_N] on F.Cu, length 5.2000 mm
    @(136.7500 mm, 62.7250 mm): Pad 53 [REFCLK_N] of J1 on F.Cu
[unconnected_items]: Missing connection between items
    Local override; error
    @(115.0000 mm, 67.4000 mm): Via [LANE0_TXN] on F.Cu - B.Cu
    @(135.2500 mm, 59.2000 mm): Track [LANE0_TXN] on F.Cu, length 3.5250 mm
[unconnected_items]: Missing connection between items
    Local override; error
    @(109.2000 mm, 66.5000 mm): Track [LANE0_TXP] on F.Cu, length 6.8000 mm
    @(135.7500 mm, 58.8000 mm): Track [LANE0_TXP] on F.Cu, length 3.9250 mm
[unconnected_items]: Missing connection between items
    Local override; error
    @(114.7500 mm, 62.7250 mm): Pad 2 [SSD_3V3] of J1 on F.Cu
    @(115.2500 mm, 62.7250 mm): Pad 4 [SSD_3V3] of J1 on F.Cu
[unconnected_items]: Missing connection between items
    Local override; error
    @(115.2500 mm, 62.7250 mm): Pad 4 [SSD_3V3] of J1 on F.Cu
    @(115.7500 mm, 62.7250 mm): Pad 6 [SSD_3V3] of J1 on F.Cu
[unconnected_items]: Missing connection between items
    Local override; error
    @(115.7500 mm, 62.7250 mm): Pad 6 [SSD_3V3] of J1 on F.Cu
    @(116.2500 mm, 62.7250 mm): Pad 8 [SSD_3V3] of J1 on F.Cu

** Found 0 Footprint errors **

** Ignored checks **
    - Footprint has no courtyard defined
    - Track endpoint not centered on via
    - Tuning profile track geometries
    - Footprint doesn't match symbol's footprint filters
    - Footprint component type doesn't match footprint pads

** End of Report **
