** Drc report for PHASE24_RTL9210B_SOURCE_ROW_STAGGERED_FUNNEL.kicad_pcb **
** Created on 2026-09-10T14:26:19 **
** Report includes: Errors, Warnings **

** Found 9 DRC violations **
[clearance]: Clearance violation (pad clearance 0.1500 mm; actual 0.1409 mm)
    Local override; error
    @(99.2000 mm, 73.9500 mm): Pad 12 [ISOLATEB] of U1 on F.Cu
    @(99.6000 mm, 73.5000 mm): Track [CLKREQ_N] on F.Cu, length 11.0291 mm
[clearance]: Clearance violation ( clearance 0.2000 mm; actual 0.1989 mm)
    Local override; error
    @(99.6000 mm, 73.5000 mm): Track [CLKREQ_N] on F.Cu, length 11.0291 mm
    @(99.2000 mm, 73.5000 mm): Track [ISOLATEB] on F.Cu, length 10.0975 mm
[via_dangling]: Via is not connected or connected on only one layer
    Local override; warning
    @(119.2000 mm, 74.0000 mm): Via [CLKREQ_N] on F.Cu - B.Cu
[via_dangling]: Via is not connected or connected on only one layer
    Local override; warning
    @(134.0000 mm, 81.0000 mm): Via [PERST_N] on F.Cu - B.Cu
[track_dangling]: Track has unconnected end
    Local override; warning
    @(110.0000 mm, 67.2000 mm): Track [RTL_5V] on F.Cu, length 11.0000 mm
[silk_overlap]: Silkscreen clearance
    Rule: board setup constraints silk; warning
    @(94.0000 mm, 86.3000 mm): Reference field of FH_PERST_N
    @(93.0000 mm, 85.3000 mm): Reference field of FH_CLKREQ_N
[silk_overlap]: Silkscreen clearance
    Rule: board setup constraints silk; warning
    @(92.0000 mm, 84.3000 mm): Reference field of FH_ISOLATEB
    @(93.0000 mm, 85.3000 mm): Reference field of FH_CLKREQ_N
[silk_overlap]: Silkscreen clearance
    Rule: board setup constraints silk; warning
    @(95.0000 mm, 87.3000 mm): Reference field of FH_RTL_1V1
    @(94.0000 mm, 86.3000 mm): Reference field of FH_PERST_N
[silk_overlap]: Silkscreen clearance
    Rule: board setup constraints silk; warning
    @(95.0000 mm, 87.3000 mm): Reference field of FH_RTL_1V1
    @(96.0000 mm, 88.3000 mm): Reference field of FH_RTL_5V

** Found 4 unconnected pads **
[unconnected_items]: Missing connection between items
    Local override; error
    @(99.6000 mm, 73.9500 mm): Pad 13 [CLKREQ_N] of U1 on F.Cu
    @(119.2000 mm, 74.0000 mm): Track [CLKREQ_N] on F.Cu, length 1.2806 mm
[unconnected_items]: Missing connection between items
    Local override; error
    @(134.0000 mm, 70.2750 mm): Track [PERST_N] on F.Cu, length 2.0000 mm
    @(100.0000 mm, 73.5000 mm): Track [PERST_N] on F.Cu, length 12.0000 mm
[unconnected_items]: Missing connection between items
    Local override; error
    @(100.8000 mm, 73.5000 mm): Track [RTL_1V1] on F.Cu, length 13.0062 mm
    @(101.9500 mm, 70.4000 mm): Track [RTL_1V1] on F.Cu, length 1.8500 mm
[unconnected_items]: Missing connection between items
    Local override; error
    @(101.9500 mm, 67.2000 mm): Track [RTL_5V] on F.Cu, length 19.0500 mm
    @(101.2000 mm, 73.5000 mm): Track [RTL_5V] on F.Cu, length 14.0357 mm

** Found 0 Footprint errors **

** Ignored checks **
    - Footprint has no courtyard defined
    - Track endpoint not centered on via
    - Tuning profile track geometries
    - Footprint doesn't match symbol's footprint filters
    - Footprint component type doesn't match footprint pads

** End of Report **
