** Drc report for PHASE24_RTL9210B_QFN_SPI_POWER_PARTITION_V1.kicad_pcb **
** Created on 2026-09-07T05:43:25 **
** Report includes: Errors, Warnings **

** Found 22 DRC violations **
[clearance]: Clearance violation ( clearance 0.2000 mm; actual 0.1880 mm)
    Local override; error
    @(82.0000 mm, 65.9500 mm): Pad 14 [PERST_N] of U1 on F.Cu
    @(82.8000 mm, 65.9500 mm): Track [RTL_1V1] on F.Cu, length 2.0230 mm
[shorting_items]: Items shorting two nets (nets RTL_1V1 and XTAL_OUT)
    Local override; error
    @(74.8000 mm, 60.0000 mm): Via [RTL_1V1] on F.Cu - B.Cu
    @(72.8000 mm, 59.6000 mm): Track [XTAL_OUT] on F.Cu, length 3.2500 mm
[clearance]: Clearance violation ( clearance 0.2000 mm; actual 0.1000 mm)
    Local override; error
    @(85.0000 mm, 61.0000 mm): Track [SPICS] on F.Cu, length 1.0000 mm
    @(85.5000 mm, 61.5000 mm): Via [RTL_1V1] on F.Cu - B.Cu
[tracks_crossing]: Tracks crossing
    Local override; error
    @(80.0000 mm, 58.0500 mm): Track [RSET] on B.Cu, length 9.0500 mm
    @(77.2000 mm, 55.5000 mm): Track [RTL_1V1] on B.Cu, length 5.6000 mm
[clearance]: Clearance violation ( clearance 0.2000 mm; actual 0.1000 mm)
    Local override; error
    @(85.5000 mm, 63.2000 mm): Track [SPISO] on F.Cu, length 1.2000 mm
    @(85.5000 mm, 61.5000 mm): Via [RTL_1V1] on F.Cu - B.Cu
[clearance]: Clearance violation ( clearance 0.2000 mm; actual 0.1071 mm)
    Local override; error
    @(86.0000 mm, 61.0000 mm): Via [SPICS] on F.Cu - B.Cu
    @(85.5000 mm, 61.5000 mm): Via [RTL_1V1] on F.Cu - B.Cu
[clearance]: Clearance violation ( clearance 0.2000 mm; actual 0.1071 mm)
    Local override; error
    @(86.0000 mm, 61.0000 mm): Via [SPICS] on F.Cu - B.Cu
    @(85.5000 mm, 61.5000 mm): Via [RTL_1V1] on F.Cu - B.Cu
[clearance]: Clearance violation ( clearance 0.2000 mm; actual 0.1071 mm)
    Local override; error
    @(86.0000 mm, 61.0000 mm): Via [SPICS] on F.Cu - B.Cu
    @(85.5000 mm, 61.5000 mm): Via [RTL_1V1] on F.Cu - B.Cu
[clearance]: Clearance violation ( clearance 0.2000 mm; actual 0.1071 mm)
    Local override; error
    @(86.0000 mm, 61.0000 mm): Via [SPICS] on F.Cu - B.Cu
    @(85.5000 mm, 61.5000 mm): Via [RTL_1V1] on F.Cu - B.Cu
[clearance]: Clearance violation ( clearance 0.2000 mm; actual 0.1071 mm)
    Local override; error
    @(86.0000 mm, 61.0000 mm): Via [SPICS] on F.Cu - B.Cu
    @(85.5000 mm, 61.5000 mm): Via [RTL_1V1] on F.Cu - B.Cu
[tracks_crossing]: Tracks crossing
    Local override; error
    @(85.0000 mm, 62.8000 mm): Track [SPICS] on F.Cu, length 1.8000 mm
    @(83.9500 mm, 62.4000 mm): Track [RTL_1V1] on F.Cu, length 1.7923 mm
[starved_thermal]: Thermal relief connection to zone incomplete (layer F.Cu; zone min spoke count 2; actual 1)
    Local override; error
    @(65.5000 mm, 40.5000 mm): Zone [GND] on F.Cu, priority 0
    @(67.6000 mm, 55.0000 mm): Pad 2 [GND] of C1 on F.Cu
[solder_mask_bridge]: Front solder mask aperture bridges items with different nets
    Rule: board setup solder mask min width; error
    @(83.9500 mm, 62.4000 mm): Track [RTL_1V1] on F.Cu, length 1.7923 mm
    @(83.9500 mm, 62.0000 mm): Pad 26 [DEVSLP] of U1 on F.Cu
[solder_mask_bridge]: Front solder mask aperture bridges items with different nets
    Rule: board setup solder mask min width; error
    @(82.8000 mm, 65.9500 mm): Track [RTL_1V1] on F.Cu, length 2.0230 mm
    @(82.4000 mm, 65.9500 mm): Pad 15 [<no net>] of U1 on F.Cu
[track_dangling]: Track has unconnected end
    Local override; warning
    @(74.8000 mm, 55.5000 mm): Track [RTL_1V1] on B.Cu, length 2.4000 mm
[track_dangling]: Track has unconnected end
    Local override; warning
    @(95.6000 mm, 46.0000 mm): Track [SPISI] on F.Cu, length 12.0000 mm
[track_dangling]: Track has unconnected end
    Local override; warning
    @(96.8000 mm, 55.5000 mm): Track [SPICLK] on F.Cu, length 2.5000 mm
[track_dangling]: Track has unconnected end
    Local override; warning
    @(98.0000 mm, 50.0000 mm): Track [SPISO3] on F.Cu, length 8.0000 mm
[track_dangling]: Track has unconnected end
    Local override; warning
    @(92.0000 mm, 49.0000 mm): Track [SPISO] on F.Cu, length 9.0000 mm
[track_dangling]: Track has unconnected end
    Local override; warning
    @(90.8000 mm, 48.0000 mm): Track [SPICS] on F.Cu, length 10.0000 mm
[isolated_copper]: Isolated copper fill
    Local override; warning
    @(65.5000 mm, 40.5000 mm): Zone [GND] on B.Cu, priority 0
[isolated_copper]: Isolated copper fill
    Local override; warning
    @(65.5000 mm, 40.5000 mm): Zone [GND] on B.Cu, priority 0

** Found 33 unconnected pads **
[unconnected_items]: Missing connection between items
    Local override; error
    @(71.0000 mm, 48.0000 mm): Pad 1 [PEDET] of R2 on F.Cu
    @(79.6000 mm, 65.9500 mm): Pad 8 [PEDET] of U1 on F.Cu
[unconnected_items]: Missing connection between items
    Local override; error
    @(79.6000 mm, 65.9500 mm): Pad 8 [PEDET] of U1 on F.Cu
    @(140.7500 mm, 62.7250 mm): Pad 69 [PEDET] of J1 on F.Cu
[unconnected_items]: Missing connection between items
    Local override; error
    @(74.0000 mm, 48.0000 mm): Pad 1 [CLKREQ_N] of R3 on F.Cu
    @(81.6000 mm, 65.9500 mm): Pad 13 [CLKREQ_N] of U1 on F.Cu
[unconnected_items]: Missing connection between items
    Local override; error
    @(81.6000 mm, 65.9500 mm): Pad 13 [CLKREQ_N] of U1 on F.Cu
    @(136.5000 mm, 70.2750 mm): Pad 52 [CLKREQ_N] of J1 on F.Cu
[unconnected_items]: Missing connection between items
    Local override; error
    @(82.0000 mm, 65.9500 mm): Pad 14 [PERST_N] of U1 on F.Cu
    @(136.0000 mm, 70.2750 mm): Pad 50 [PERST_N] of J1 on F.Cu
[unconnected_items]: Missing connection between items
    Local override; error
    @(77.2000 mm, 58.0500 mm): Track [RTL_1V1] on F.Cu, length 2.5500 mm
    @(76.0500 mm, 60.0000 mm): Track [RTL_1V1] on F.Cu, length 1.2500 mm
[unconnected_items]: Missing connection between items
    Local override; error
    @(83.9500 mm, 59.2000 mm): Pad 33 [RTL_5V] of U1 on F.Cu
    @(83.2000 mm, 65.9500 mm): Pad 17 [RTL_5V] of U1 on F.Cu
[unconnected_items]: Missing connection between items
    Local override; error
    @(126.4000 mm, 51.0000 mm): Pad 1 [RTL_5V] of C5 on F.Cu
    @(83.9500 mm, 59.2000 mm): Pad 33 [RTL_5V] of U1 on F.Cu
[unconnected_items]: Missing connection between items
    Local override; error
    @(130.6000 mm, 58.0000 mm): Pad 5 [SPISI] of U2 on F.Cu
    @(95.6000 mm, 46.0000 mm): Track [SPISI] on F.Cu, length 12.0000 mm
[unconnected_items]: Missing connection between items
    Local override; error
    @(131.8000 mm, 58.0000 mm): Pad 6 [SPICLK] of U2 on F.Cu
    @(100.0000 mm, 55.5000 mm): Track [SPICLK] on B.Cu, length 3.2000 mm
[unconnected_items]: Missing connection between items
    Local override; error
    @(75.2000 mm, 48.0000 mm): Pad 2 [RTL_3V3] of R3 on F.Cu
    @(72.2000 mm, 48.0000 mm): Pad 2 [RTL_3V3] of R2 on F.Cu
[unconnected_items]: Missing connection between items
    Local override; error
    @(76.0500 mm, 58.8000 mm): Pad 52 [RTL_3V3] of U1 on F.Cu
    @(81.6000 mm, 58.0500 mm): Pad 39 [RTL_3V3] of U1 on F.Cu
[unconnected_items]: Missing connection between items
    Local override; error
    @(76.0500 mm, 58.8000 mm): Pad 52 [RTL_3V3] of U1 on F.Cu
    @(75.2000 mm, 48.0000 mm): Pad 2 [RTL_3V3] of R3 on F.Cu
[unconnected_items]: Missing connection between items
    Local override; error
    @(83.9500 mm, 58.8000 mm): Pad 34 [RTL_3V3] of U1 on F.Cu
    @(81.6000 mm, 58.0500 mm): Pad 39 [RTL_3V3] of U1 on F.Cu
[unconnected_items]: Missing connection between items
    Local override; error
    @(83.9500 mm, 64.4000 mm): Pad 20 [RTL_3V3] of U1 on F.Cu
    @(83.9500 mm, 58.8000 mm): Pad 34 [RTL_3V3] of U1 on F.Cu
[unconnected_items]: Missing connection between items
    Local override; error
    @(120.4000 mm, 51.0000 mm): Pad 1 [RTL_3V3] of C3 on F.Cu
    @(128.2000 mm, 58.0000 mm): Pad 3 [RTL_3V3] of U2 on F.Cu
[unconnected_items]: Missing connection between items
    Local override; error
    @(120.4000 mm, 51.0000 mm): Pad 1 [RTL_3V3] of C3 on F.Cu
    @(83.9500 mm, 58.8000 mm): Pad 34 [RTL_3V3] of U1 on F.Cu
[unconnected_items]: Missing connection between items
    Local override; error
    @(128.2000 mm, 58.0000 mm): Pad 3 [RTL_3V3] of U2 on F.Cu
    @(134.2000 mm, 58.0000 mm): Pad 8 [RTL_3V3] of U2 on F.Cu
[unconnected_items]: Missing connection between items
    Local override; error
    @(98.0000 mm, 50.0000 mm): Track [SPISO3] on F.Cu, length 8.0000 mm
    @(133.0000 mm, 58.0000 mm): Pad 7 [SPISO3] of U2 on F.Cu
[unconnected_items]: Missing connection between items
    Local override; error
    @(92.0000 mm, 49.0000 mm): Track [SPISO] on F.Cu, length 9.0000 mm
    @(127.0000 mm, 58.0000 mm): Pad 2 [SPISO] of U2 on F.Cu
[unconnected_items]: Missing connection between items
    Local override; error
    @(90.8000 mm, 48.0000 mm): Track [SPICS] on F.Cu, length 10.0000 mm
    @(125.8000 mm, 58.0000 mm): Pad 1 [SPICS] of U2 on F.Cu
[unconnected_items]: Missing connection between items
    Local override; error
    @(79.2000 mm, 58.0500 mm): Pad 45 [GND] of U1 on F.Cu
    @(80.0000 mm, 62.0000 mm): Pad 69 [GND] of U1 on F.Cu
[unconnected_items]: Missing connection between items
    Local override; error
    @(65.5000 mm, 40.5000 mm): Zone [GND] on F.Cu, priority 0
    @(79.2000 mm, 58.0500 mm): Pad 45 [GND] of U1 on F.Cu
[unconnected_items]: Missing connection between items
    Local override; error
    @(80.0000 mm, 62.0000 mm): Pad 69 [GND] of U1 on F.Cu
    @(76.0500 mm, 64.4000 mm): Pad 66 [GND] of U1 on F.Cu
[unconnected_items]: Missing connection between items
    Local override; error
    @(76.0500 mm, 62.4000 mm): Pad 61 [REFCLK_P] of U1 on F.Cu
    @(137.2500 mm, 62.7250 mm): Pad 55 [REFCLK_P] of J1 on F.Cu
[unconnected_items]: Missing connection between items
    Local override; error
    @(76.0500 mm, 62.8000 mm): Pad 62 [REFCLK_N] of U1 on F.Cu
    @(136.7500 mm, 62.7250 mm): Pad 53 [REFCLK_N] of J1 on F.Cu
[unconnected_items]: Missing connection between items
    Local override; error
    @(76.0500 mm, 63.6000 mm): Pad 64 [LANE0_RXP] of U1 on F.Cu
    @(134.2500 mm, 62.7250 mm): Pad 43 [LANE0_RXP] of J1 on F.Cu
[unconnected_items]: Missing connection between items
    Local override; error
    @(76.0500 mm, 64.0000 mm): Pad 65 [LANE0_RXN] of U1 on F.Cu
    @(133.7500 mm, 62.7250 mm): Pad 41 [LANE0_RXN] of J1 on F.Cu
[unconnected_items]: Missing connection between items
    Local override; error
    @(76.0500 mm, 64.8000 mm): Pad 67 [LANE0_TXN] of U1 on F.Cu
    @(135.2500 mm, 62.7250 mm): Pad 47 [LANE0_TXN] of J1 on F.Cu
[unconnected_items]: Missing connection between items
    Local override; error
    @(76.0500 mm, 65.2000 mm): Pad 68 [LANE0_TXP] of U1 on F.Cu
    @(135.7500 mm, 62.7250 mm): Pad 49 [LANE0_TXP] of J1 on F.Cu
[unconnected_items]: Missing connection between items
    Local override; error
    @(114.7500 mm, 62.7250 mm): Pad 2 [SSD_3V3] of J1 on F.Cu
    @(115.2500 mm, 62.7250 mm): Pad 4 [SSD_3V3] of J1 on F.Cu
[unconnected_items]: Missing connection between items
    Local override; error
    @(115.2500 mm, 62.7250 mm): Pad 4 [SSD_3V3] of J1 on F.Cu
    @(115.7500 mm, 62.7250 mm): Pad 6 [SSD_3V3] of J1 on F.Cu
[unconnected_items]: Missing connection between items
    Local override; error
    @(115.7500 mm, 62.7250 mm): Pad 6 [SSD_3V3] of J1 on F.Cu
    @(116.2500 mm, 62.7250 mm): Pad 8 [SSD_3V3] of J1 on F.Cu

** Found 0 Footprint errors **

** Ignored checks **
    - Footprint has no courtyard defined
    - Track endpoint not centered on via
    - Tuning profile track geometries
    - Footprint doesn't match symbol's footprint filters
    - Footprint component type doesn't match footprint pads

** End of Report **
