** Drc report for PHASE24_RTL9210B_COUPLED_QFN_FIELD_V1461.kicad_pcb **
** Created on 2026-09-10T00:00:16 **
** Report includes: Errors, Warnings **

** Found 19 DRC violations **
[tracks_crossing]: Tracks crossing
    Local override; error
    @(93.5000 mm, 75.4000 mm): Track [GND] on F.Cu, length 7.3000 mm
    @(98.8000 mm, 75.0000 mm): Track [CLKREQ_N] on F.Cu, length 1.0000 mm
[tracks_crossing]: Tracks crossing
    Local override; error
    @(91.2000 mm, 72.0000 mm): Track [LANE0_RXN] on F.Cu, length 1.2000 mm
    @(94.0500 mm, 71.6000 mm): Track [LANE0_RXP] on F.Cu, length 4.2500 mm
[shorting_items]: Items shorting two nets (nets LANE0_RXP and LANE0_RXN)
    Local override; error
    @(130.0000 mm, 65.0000 mm): Track [LANE0_RXP] on B.Cu, length 1.7500 mm
    @(131.0000 mm, 65.0000 mm): Via [LANE0_RXN] on F.Cu - B.Cu
[tracks_crossing]: Tracks crossing
    Local override; error
    @(93.5000 mm, 72.4000 mm): Track [GND] on F.Cu, length 3.0000 mm
    @(94.0500 mm, 72.8000 mm): Track [LANE0_TXN] on F.Cu, length 5.6500 mm
[shorting_items]: Items shorting two nets (nets GND and RTL_1V1)
    Local override; error
    @(100.8000 mm, 75.4000 mm): Track [GND] on F.Cu, length 5.9000 mm
    @(100.8000 mm, 73.9500 mm): Pad 16 [RTL_1V1] of U1 on F.Cu
[shorting_items]: Items shorting two nets (nets GND and RTL_3V3)
    Local override; error
    @(100.8000 mm, 75.4000 mm): Track [GND] on F.Cu, length 5.9000 mm
    @(101.9500 mm, 72.4000 mm): Track [RTL_3V3] on F.Cu, length 1.0500 mm
[shorting_items]: Items shorting two nets (nets GND and RTL_3V3)
    Local override; error
    @(100.8000 mm, 75.4000 mm): Track [GND] on F.Cu, length 5.9000 mm
    @(100.9000 mm, 72.4000 mm): Via [RTL_3V3] on F.Cu - B.Cu
[shorting_items]: Items shorting two nets (nets GND and RTL_1V1)
    Local override; error
    @(100.8000 mm, 75.4000 mm): Track [GND] on F.Cu, length 5.9000 mm
    @(100.8000 mm, 75.0000 mm): Via [RTL_1V1] on F.Cu - B.Cu
[tracks_crossing]: Tracks crossing
    Local override; error
    @(89.8000 mm, 71.6000 mm): Track [LANE0_RXP] on F.Cu, length 1.6000 mm
    @(94.0500 mm, 70.0000 mm): Track [RTL_1V1] on F.Cu, length 6.0500 mm
[tracks_crossing]: Tracks crossing
    Local override; error
    @(100.8000 mm, 75.4000 mm): Track [GND] on F.Cu, length 5.9000 mm
    @(100.8000 mm, 73.9500 mm): Track [RTL_1V1] on F.Cu, length 1.0500 mm
[tracks_crossing]: Tracks crossing
    Local override; error
    @(100.0000 mm, 73.9500 mm): Track [PERST_N] on F.Cu, length 7.0500 mm
    @(93.5000 mm, 75.4000 mm): Track [GND] on F.Cu, length 7.3000 mm
[tracks_crossing]: Tracks crossing
    Local override; error
    @(93.5000 mm, 75.4000 mm): Track [GND] on F.Cu, length 7.3000 mm
    @(97.6000 mm, 73.9500 mm): Track [PEDET] on F.Cu, length 2.0500 mm
[solder_mask_bridge]: Front solder mask aperture bridges items with different nets
    Rule: board setup solder mask min width; error
    @(100.8000 mm, 75.4000 mm): Track [GND] on F.Cu, length 5.9000 mm
    @(100.8000 mm, 73.9500 mm): Pad 16 [RTL_1V1] of U1 on F.Cu
[track_dangling]: Track has unconnected end
    Local override; warning
    @(131.7500 mm, 65.0000 mm): Track [LANE0_RXP] on F.Cu, length 2.4851 mm
[track_dangling]: Track has unconnected end
    Local override; warning
    @(132.7500 mm, 65.0000 mm): Track [LANE0_RXN] on F.Cu, length 2.4851 mm
[track_dangling]: Track has unconnected end
    Local override; warning
    @(131.0000 mm, 65.0000 mm): Track [LANE0_RXN] on B.Cu, length 1.7500 mm
[track_dangling]: Track has unconnected end
    Local override; warning
    @(88.4000 mm, 86.0000 mm): Track [LANE0_TXN] on F.Cu, length 43.6000 mm
[via_dangling]: Via is not connected or connected on only one layer
    Local override; warning
    @(87.0000 mm, 88.0000 mm): Via [LANE0_TXP] on F.Cu - B.Cu
[track_dangling]: Track has unconnected end
    Local override; warning
    @(87.0000 mm, 88.0000 mm): Track [LANE0_TXP] on B.Cu, length 49.0000 mm

** Found 14 unconnected pads **
[unconnected_items]: Missing connection between items
    Local override; error
    @(94.0500 mm, 70.0000 mm): Track [RTL_1V1] on F.Cu, length 6.0500 mm
    @(94.0500 mm, 71.2000 mm): Pad 63 [RTL_1V1] of U1 on F.Cu
[unconnected_items]: Missing connection between items
    Local override; error
    @(97.2000 mm, 66.0500 mm): Pad 45 [GND] of U1 on F.Cu
    @(98.0000 mm, 70.0000 mm): Pad 69 [GND] of U1 on F.Cu
[unconnected_items]: Missing connection between items
    Local override; error
    @(88.0000 mm, 65.0000 mm): Pad 1 [RSET] of R1 on F.Cu
    @(94.8000 mm, 66.0500 mm): Pad 51 [RSET] of U1 on F.Cu
[unconnected_items]: Missing connection between items
    Local override; error
    @(88.0000 mm, 59.0000 mm): Pad 1 [XTAL_IN] of Y1 on F.Cu
    @(88.0000 mm, 62.0000 mm): Pad 1 [XTAL_IN] of C1 on F.Cu
[unconnected_items]: Missing connection between items
    Local override; error
    @(88.0000 mm, 62.0000 mm): Pad 1 [XTAL_IN] of C1 on F.Cu
    @(94.0500 mm, 67.2000 mm): Pad 53 [XTAL_IN] of U1 on F.Cu
[unconnected_items]: Missing connection between items
    Local override; error
    @(89.4000 mm, 59.0000 mm): Pad 2 [XTAL_OUT] of Y1 on F.Cu
    @(91.0000 mm, 62.0000 mm): Pad 1 [XTAL_OUT] of C2 on F.Cu
[unconnected_items]: Missing connection between items
    Local override; error
    @(91.0000 mm, 62.0000 mm): Pad 1 [XTAL_OUT] of C2 on F.Cu
    @(94.0500 mm, 67.6000 mm): Pad 54 [XTAL_OUT] of U1 on F.Cu
[unconnected_items]: Missing connection between items
    Local override; error
    @(94.0500 mm, 70.4000 mm): Pad 61 [REFCLK_P] of U1 on F.Cu
    @(137.2500 mm, 62.7250 mm): Pad 55 [REFCLK_P] of J1 on F.Cu
[unconnected_items]: Missing connection between items
    Local override; error
    @(94.0500 mm, 70.8000 mm): Pad 62 [REFCLK_N] of U1 on F.Cu
    @(136.7500 mm, 62.7250 mm): Pad 53 [REFCLK_N] of J1 on F.Cu
[unconnected_items]: Missing connection between items
    Local override; error
    @(130.0000 mm, 65.0000 mm): Track [LANE0_RXP] on B.Cu, length 1.7500 mm
    @(131.7500 mm, 65.0000 mm): Track [LANE0_RXP] on F.Cu, length 2.4851 mm
[unconnected_items]: Missing connection between items
    Local override; error
    @(134.2500 mm, 62.7250 mm): Pad 43 [LANE0_RXP] of J1 on F.Cu
    @(131.7500 mm, 65.0000 mm): Track [LANE0_RXP] on F.Cu, length 2.4851 mm
[unconnected_items]: Missing connection between items
    Local override; error
    @(131.0000 mm, 65.0000 mm): Track [LANE0_RXN] on B.Cu, length 1.7500 mm
    @(132.7500 mm, 65.0000 mm): Track [LANE0_RXN] on F.Cu, length 2.4851 mm
[unconnected_items]: Missing connection between items
    Local override; error
    @(88.4000 mm, 86.0000 mm): Track [LANE0_TXN] on F.Cu, length 43.6000 mm
    @(135.2500 mm, 62.7250 mm): Pad 47 [LANE0_TXN] of J1 on F.Cu
[unconnected_items]: Missing connection between items
    Local override; error
    @(87.0000 mm, 88.0000 mm): Track [LANE0_TXP] on B.Cu, length 49.0000 mm
    @(135.7500 mm, 62.7250 mm): Pad 49 [LANE0_TXP] of J1 on F.Cu

** Found 0 Footprint errors **

** Ignored checks **
    - Footprint has no courtyard defined
    - Track endpoint not centered on via
    - Tuning profile track geometries
    - Footprint doesn't match symbol's footprint filters
    - Footprint component type doesn't match footprint pads

** End of Report **
