** Drc report for PHASE24_RTL9210B_MERGE_SIDEBANDS_V406.kicad_pcb **
** Created on 2026-09-07T23:56:29 **
** Report includes: Errors, Warnings **

** Found 154 DRC violations **
[shorting_items]: Items shorting two nets (nets PEDET and GND)
    Local override; error
    @(109.0000 mm, 64.5000 mm): Track [PEDET] on F.Cu, length 5.5000 mm
    @(106.0000 mm, 62.0000 mm): Pad 69 [GND] of U1 on F.Cu
[shorting_items]: Items shorting two nets (nets PEDET and GND)
    Local override; error
    @(103.5000 mm, 64.5000 mm): Track [PEDET] on F.Cu, length 2.1000 mm
    @(106.0000 mm, 62.0000 mm): Pad 69 [GND] of U1 on F.Cu
[clearance]: Clearance violation (zone clearance 0.5000 mm; actual 0.0000 mm)
    Local override; error
    @(88.0000 mm, 53.0000 mm): Track [PEDET] on F.Cu, length 7.0000 mm
    @(65.5000 mm, 40.5000 mm): Zone [GND] on F.Cu, priority 0
[shorting_items]: Items shorting two nets (nets PEDET and GND)
    Local override; error
    @(109.0000 mm, 64.5000 mm): Track [PEDET] on F.Cu, length 1.0000 mm
    @(106.0000 mm, 62.0000 mm): Pad 69 [GND] of U1 on F.Cu
[shorting_items]: Items shorting two nets (nets PEDET and GND)
    Local override; error
    @(108.0000 mm, 64.5000 mm): Track [PEDET] on F.Cu, length 2.1000 mm
    @(106.0000 mm, 62.0000 mm): Pad 69 [GND] of U1 on F.Cu
[tracks_crossing]: Tracks crossing
    Local override; error
    @(109.0000 mm, 63.8000 mm): Track [XTAL_OUT] on F.Cu, length 2.3000 mm
    @(109.0000 mm, 59.5000 mm): Track [PEDET] on F.Cu, length 5.0000 mm
[clearance]: Clearance violation (zone clearance 0.5000 mm; actual 0.0000 mm)
    Local override; error
    @(90.9000 mm, 53.0000 mm): Track [PEDET] on F.Cu, length 2.9000 mm
    @(65.5000 mm, 40.5000 mm): Zone [GND] on F.Cu, priority 0
[shorting_items]: Items shorting two nets (nets GND and PEDET)
    Local override; error
    @(106.0000 mm, 62.0000 mm): Pad 69 [GND] of U1 on F.Cu
    @(103.5000 mm, 62.4000 mm): Track [PEDET] on F.Cu, length 1.5500 mm
[clearance]: Clearance violation (zone clearance 0.5000 mm; actual 0.0000 mm)
    Local override; error
    @(139.0000 mm, 62.4000 mm): Track [PEDET] on F.Cu, length 1.7799 mm
    @(65.5000 mm, 40.5000 mm): Zone [GND] on F.Cu, priority 0
[shorting_items]: Items shorting two nets (nets GND and PEDET)
    Local override; error
    @(106.0000 mm, 62.0000 mm): Pad 69 [GND] of U1 on F.Cu
    @(108.0000 mm, 59.5000 mm): Track [PEDET] on F.Cu, length 1.0000 mm
[clearance]: Clearance violation (zone clearance 0.5000 mm; actual 0.0000 mm)
    Local override; error
    @(139.0000 mm, 62.4000 mm): Via [PEDET] on F.Cu - B.Cu
    @(65.5000 mm, 40.5000 mm): Zone [GND] on F.Cu, priority 0
[hole_clearance]: Hole clearance violation (board setup constraints hole clearance 0.2500 mm; actual 0.0000 mm)
    Rule: board setup constraints hole; error
    @(139.0000 mm, 62.4000 mm): Via [PEDET] on F.Cu - B.Cu
    @(65.5000 mm, 40.5000 mm): Zone [GND] on F.Cu, priority 0
[clearance]: Clearance violation (zone clearance 0.5000 mm; actual 0.0000 mm)
    Local override; error
    @(139.0000 mm, 62.4000 mm): Via [PEDET] on F.Cu - B.Cu
    @(65.5000 mm, 40.5000 mm): Zone [GND] on B.Cu, priority 0
[hole_clearance]: Hole clearance violation (board setup constraints hole clearance 0.2500 mm; actual 0.0000 mm)
    Rule: board setup constraints hole; error
    @(139.0000 mm, 62.4000 mm): Via [PEDET] on F.Cu - B.Cu
    @(65.5000 mm, 40.5000 mm): Zone [GND] on B.Cu, priority 0
[shorting_items]: Items shorting two nets (nets PEDET and GND)
    Local override; error
    @(108.0000 mm, 59.5000 mm): Via [PEDET] on F.Cu - B.Cu
    @(106.0000 mm, 62.0000 mm): Pad 69 [GND] of U1 on F.Cu
[clearance]: Clearance violation ( clearance 0.2000 mm; actual 0.1840 mm)
    Local override; error
    @(108.0000 mm, 59.5000 mm): Via [PEDET] on F.Cu - B.Cu
    @(98.2000 mm, 60.0000 mm): Track [REFCLK_P] on B.Cu, length 40.3000 mm
[clearance]: Clearance violation (zone clearance 0.5000 mm; actual 0.0000 mm)
    Local override; error
    @(108.0000 mm, 59.5000 mm): Via [PEDET] on F.Cu - B.Cu
    @(65.5000 mm, 40.5000 mm): Zone [GND] on B.Cu, priority 0
[hole_clearance]: Hole clearance violation (board setup constraints hole clearance 0.2500 mm; actual 0.0000 mm)
    Rule: board setup constraints hole; error
    @(108.0000 mm, 59.5000 mm): Via [PEDET] on F.Cu - B.Cu
    @(65.5000 mm, 40.5000 mm): Zone [GND] on B.Cu, priority 0
[clearance]: Clearance violation (zone clearance 0.5000 mm; actual 0.0000 mm)
    Local override; error
    @(108.0000 mm, 62.4000 mm): Track [PEDET] on B.Cu, length 31.0000 mm
    @(65.5000 mm, 40.5000 mm): Zone [GND] on B.Cu, priority 0
[clearance]: Clearance violation (zone clearance 0.5000 mm; actual 0.0000 mm)
    Local override; error
    @(108.0000 mm, 46.0000 mm): Track [PEDET] on B.Cu, length 13.5000 mm
    @(65.5000 mm, 40.5000 mm): Zone [GND] on B.Cu, priority 0
[tracks_crossing]: Tracks crossing
    Local override; error
    @(88.0000 mm, 46.0000 mm): Track [PEDET] on B.Cu, length 20.0000 mm
    @(107.0000 mm, 64.9500 mm): Track [XTAL_IN] on B.Cu, length 20.9500 mm
[clearance]: Clearance violation (zone clearance 0.5000 mm; actual 0.0000 mm)
    Local override; error
    @(88.0000 mm, 46.0000 mm): Track [PEDET] on B.Cu, length 20.0000 mm
    @(65.5000 mm, 40.5000 mm): Zone [GND] on B.Cu, priority 0
[clearance]: Clearance violation ( clearance 0.2000 mm; actual 0.1500 mm)
    Local override; error
    @(108.0000 mm, 62.4000 mm): Via [PEDET] on F.Cu - B.Cu
    @(106.0000 mm, 62.0000 mm): Pad 69 [GND] of U1 on F.Cu
[clearance]: Clearance violation (zone clearance 0.5000 mm; actual 0.0000 mm)
    Local override; error
    @(108.0000 mm, 62.4000 mm): Via [PEDET] on F.Cu - B.Cu
    @(65.5000 mm, 40.5000 mm): Zone [GND] on B.Cu, priority 0
[hole_clearance]: Hole clearance violation (board setup constraints hole clearance 0.2500 mm; actual 0.0000 mm)
    Rule: board setup constraints hole; error
    @(108.0000 mm, 62.4000 mm): Via [PEDET] on F.Cu - B.Cu
    @(65.5000 mm, 40.5000 mm): Zone [GND] on B.Cu, priority 0
[clearance]: Clearance violation (zone clearance 0.5000 mm; actual 0.0000 mm)
    Local override; error
    @(88.0000 mm, 46.0000 mm): Via [PEDET] on F.Cu - B.Cu
    @(65.5000 mm, 40.5000 mm): Zone [GND] on F.Cu, priority 0
[hole_clearance]: Hole clearance violation (board setup constraints hole clearance 0.2500 mm; actual 0.0000 mm)
    Rule: board setup constraints hole; error
    @(88.0000 mm, 46.0000 mm): Via [PEDET] on F.Cu - B.Cu
    @(65.5000 mm, 40.5000 mm): Zone [GND] on F.Cu, priority 0
[clearance]: Clearance violation (zone clearance 0.5000 mm; actual 0.0000 mm)
    Local override; error
    @(137.5000 mm, 74.0000 mm): Track [CLKREQ_N] on F.Cu, length 3.8569 mm
    @(65.5000 mm, 40.5000 mm): Zone [GND] on F.Cu, priority 0
[clearance]: Clearance violation (zone clearance 0.5000 mm; actual 0.0000 mm)
    Local override; error
    @(93.4000 mm, 49.5000 mm): Track [CLKREQ_N] on F.Cu, length 4.5000 mm
    @(65.5000 mm, 40.5000 mm): Zone [GND] on F.Cu, priority 0
[shorting_items]: Items shorting two nets (nets SPISO3 and CLKREQ_N)
    Local override; error
    @(102.0500 mm, 60.4000 mm): Pad 22 [SPISO3] of U1 on F.Cu
    @(101.9500 mm, 60.4000 mm): Track [CLKREQ_N] on F.Cu, length 0.8500 mm
[clearance]: Clearance violation (zone clearance 0.5000 mm; actual 0.0000 mm)
    Local override; error
    @(80.0000 mm, 45.0000 mm): Track [CLKREQ_N] on F.Cu, length 29.0000 mm
    @(65.5000 mm, 40.5000 mm): Zone [GND] on F.Cu, priority 0
[clearance]: Clearance violation (zone clearance 0.5000 mm; actual 0.0000 mm)
    Local override; error
    @(88.0000 mm, 46.0000 mm): Via [PEDET] on F.Cu - B.Cu
    @(65.5000 mm, 40.5000 mm): Zone [GND] on B.Cu, priority 0
[clearance]: Clearance violation (zone clearance 0.5000 mm; actual 0.0000 mm)
    Local override; error
    @(93.4000 mm, 53.0000 mm): Track [CLKREQ_N] on F.Cu, length 2.0000 mm
    @(65.5000 mm, 40.5000 mm): Zone [GND] on F.Cu, priority 0
[hole_clearance]: Hole clearance violation (board setup constraints hole clearance 0.2500 mm; actual 0.0000 mm)
    Rule: board setup constraints hole; error
    @(88.0000 mm, 46.0000 mm): Via [PEDET] on F.Cu - B.Cu
    @(65.5000 mm, 40.5000 mm): Zone [GND] on B.Cu, priority 0
[clearance]: Clearance violation (zone clearance 0.5000 mm; actual 0.0000 mm)
    Local override; error
    @(103.2000 mm, 74.0000 mm): Track [CLKREQ_N] on F.Cu, length 2.3000 mm
    @(65.5000 mm, 40.5000 mm): Zone [GND] on F.Cu, priority 0
[clearance]: Clearance violation (zone clearance 0.5000 mm; actual 0.0000 mm)
    Local override; error
    @(80.0000 mm, 74.0000 mm): Via [CLKREQ_N] on F.Cu - B.Cu
    @(65.5000 mm, 40.5000 mm): Zone [GND] on F.Cu, priority 0
[hole_clearance]: Hole clearance violation (board setup constraints hole clearance 0.2500 mm; actual 0.0000 mm)
    Rule: board setup constraints hole; error
    @(80.0000 mm, 74.0000 mm): Via [CLKREQ_N] on F.Cu - B.Cu
    @(65.5000 mm, 40.5000 mm): Zone [GND] on F.Cu, priority 0
[clearance]: Clearance violation (zone clearance 0.5000 mm; actual 0.0000 mm)
    Local override; error
    @(80.0000 mm, 74.0000 mm): Via [CLKREQ_N] on F.Cu - B.Cu
    @(65.5000 mm, 40.5000 mm): Zone [GND] on B.Cu, priority 0
[hole_clearance]: Hole clearance violation (board setup constraints hole clearance 0.2500 mm; actual 0.0000 mm)
    Rule: board setup constraints hole; error
    @(80.0000 mm, 74.0000 mm): Via [CLKREQ_N] on F.Cu - B.Cu
    @(65.5000 mm, 40.5000 mm): Zone [GND] on B.Cu, priority 0
[clearance]: Clearance violation (zone clearance 0.5000 mm; actual 0.0000 mm)
    Local override; error
    @(93.4000 mm, 45.0000 mm): Via [CLKREQ_N] on F.Cu - B.Cu
    @(65.5000 mm, 40.5000 mm): Zone [GND] on F.Cu, priority 0
[hole_clearance]: Hole clearance violation (board setup constraints hole clearance 0.2500 mm; actual 0.0000 mm)
    Rule: board setup constraints hole; error
    @(93.4000 mm, 45.0000 mm): Via [CLKREQ_N] on F.Cu - B.Cu
    @(65.5000 mm, 40.5000 mm): Zone [GND] on F.Cu, priority 0
[clearance]: Clearance violation ( clearance 0.2000 mm; actual 0.1500 mm)
    Local override; error
    @(102.8000 mm, 61.5000 mm): Via [CLKREQ_N] on F.Cu - B.Cu
    @(102.0500 mm, 61.2000 mm): Pad 24 [SPICS] of U1 on F.Cu
[clearance]: Clearance violation (zone clearance 0.5000 mm; actual 0.0000 mm)
    Local override; error
    @(93.4000 mm, 49.5000 mm): Via [CLKREQ_N] on F.Cu - B.Cu
    @(65.5000 mm, 40.5000 mm): Zone [GND] on F.Cu, priority 0
[hole_clearance]: Hole clearance violation (board setup constraints hole clearance 0.2500 mm; actual 0.0000 mm)
    Rule: board setup constraints hole; error
    @(93.4000 mm, 49.5000 mm): Via [CLKREQ_N] on F.Cu - B.Cu
    @(65.5000 mm, 40.5000 mm): Zone [GND] on F.Cu, priority 0
[clearance]: Clearance violation (zone clearance 0.5000 mm; actual 0.0000 mm)
    Local override; error
    @(93.4000 mm, 49.5000 mm): Via [CLKREQ_N] on F.Cu - B.Cu
    @(65.5000 mm, 40.5000 mm): Zone [GND] on B.Cu, priority 0
[hole_clearance]: Hole clearance violation (board setup constraints hole clearance 0.2500 mm; actual 0.0000 mm)
    Rule: board setup constraints hole; error
    @(93.4000 mm, 49.5000 mm): Via [CLKREQ_N] on F.Cu - B.Cu
    @(65.5000 mm, 40.5000 mm): Zone [GND] on B.Cu, priority 0
[clearance]: Clearance violation (zone clearance 0.5000 mm; actual 0.0000 mm)
    Local override; error
    @(93.4000 mm, 55.0000 mm): Via [CLKREQ_N] on F.Cu - B.Cu
    @(65.5000 mm, 40.5000 mm): Zone [GND] on F.Cu, priority 0
[hole_clearance]: Hole clearance violation (board setup constraints hole clearance 0.2500 mm; actual 0.0000 mm)
    Rule: board setup constraints hole; error
    @(93.4000 mm, 55.0000 mm): Via [CLKREQ_N] on F.Cu - B.Cu
    @(65.5000 mm, 40.5000 mm): Zone [GND] on F.Cu, priority 0
[clearance]: Clearance violation (zone clearance 0.5000 mm; actual 0.0000 mm)
    Local override; error
    @(93.4000 mm, 55.0000 mm): Via [CLKREQ_N] on F.Cu - B.Cu
    @(65.5000 mm, 40.5000 mm): Zone [GND] on B.Cu, priority 0
[hole_clearance]: Hole clearance violation (board setup constraints hole clearance 0.2500 mm; actual 0.0000 mm)
    Rule: board setup constraints hole; error
    @(93.4000 mm, 55.0000 mm): Via [CLKREQ_N] on F.Cu - B.Cu
    @(65.5000 mm, 40.5000 mm): Zone [GND] on B.Cu, priority 0
[clearance]: Clearance violation (zone clearance 0.5000 mm; actual 0.0000 mm)
    Local override; error
    @(137.5000 mm, 74.0000 mm): Via [CLKREQ_N] on F.Cu - B.Cu
    @(65.5000 mm, 40.5000 mm): Zone [GND] on F.Cu, priority 0
[clearance]: Clearance violation (zone clearance 0.5000 mm; actual 0.0000 mm)
    Local override; error
    @(103.2000 mm, 74.0000 mm): Via [CLKREQ_N] on F.Cu - B.Cu
    @(65.5000 mm, 40.5000 mm): Zone [GND] on F.Cu, priority 0
[hole_clearance]: Hole clearance violation (board setup constraints hole clearance 0.2500 mm; actual 0.0000 mm)
    Rule: board setup constraints hole; error
    @(103.2000 mm, 74.0000 mm): Via [CLKREQ_N] on F.Cu - B.Cu
    @(65.5000 mm, 40.5000 mm): Zone [GND] on F.Cu, priority 0
[hole_clearance]: Hole clearance violation (board setup constraints hole clearance 0.2500 mm; actual 0.0000 mm)
    Rule: board setup constraints hole; error
    @(137.5000 mm, 74.0000 mm): Via [CLKREQ_N] on F.Cu - B.Cu
    @(65.5000 mm, 40.5000 mm): Zone [GND] on F.Cu, priority 0
[clearance]: Clearance violation (zone clearance 0.5000 mm; actual 0.0000 mm)
    Local override; error
    @(103.2000 mm, 74.0000 mm): Via [CLKREQ_N] on F.Cu - B.Cu
    @(65.5000 mm, 40.5000 mm): Zone [GND] on B.Cu, priority 0
[hole_clearance]: Hole clearance violation (board setup constraints hole clearance 0.2500 mm; actual 0.0000 mm)
    Rule: board setup constraints hole; error
    @(103.2000 mm, 74.0000 mm): Via [CLKREQ_N] on F.Cu - B.Cu
    @(65.5000 mm, 40.5000 mm): Zone [GND] on B.Cu, priority 0
[clearance]: Clearance violation (zone clearance 0.5000 mm; actual 0.0000 mm)
    Local override; error
    @(137.5000 mm, 74.0000 mm): Via [CLKREQ_N] on F.Cu - B.Cu
    @(65.5000 mm, 40.5000 mm): Zone [GND] on B.Cu, priority 0
[hole_clearance]: Hole clearance violation (board setup constraints hole clearance 0.2500 mm; actual 0.0000 mm)
    Rule: board setup constraints hole; error
    @(137.5000 mm, 74.0000 mm): Via [CLKREQ_N] on F.Cu - B.Cu
    @(65.5000 mm, 40.5000 mm): Zone [GND] on B.Cu, priority 0
[clearance]: Clearance violation (zone clearance 0.5000 mm; actual 0.0000 mm)
    Local override; error
    @(102.8000 mm, 61.5000 mm): Via [CLKREQ_N] on F.Cu - B.Cu
    @(65.5000 mm, 40.5000 mm): Zone [GND] on B.Cu, priority 0
[hole_clearance]: Hole clearance violation (board setup constraints hole clearance 0.2500 mm; actual 0.0000 mm)
    Rule: board setup constraints hole; error
    @(102.8000 mm, 61.5000 mm): Via [CLKREQ_N] on F.Cu - B.Cu
    @(65.5000 mm, 40.5000 mm): Zone [GND] on B.Cu, priority 0
[clearance]: Clearance violation (zone clearance 0.5000 mm; actual 0.0000 mm)
    Local override; error
    @(80.0000 mm, 45.0000 mm): Via [CLKREQ_N] on F.Cu - B.Cu
    @(65.5000 mm, 40.5000 mm): Zone [GND] on F.Cu, priority 0
[hole_clearance]: Hole clearance violation (board setup constraints hole clearance 0.2500 mm; actual 0.0000 mm)
    Rule: board setup constraints hole; error
    @(80.0000 mm, 45.0000 mm): Via [CLKREQ_N] on F.Cu - B.Cu
    @(65.5000 mm, 40.5000 mm): Zone [GND] on F.Cu, priority 0
[clearance]: Clearance violation (zone clearance 0.5000 mm; actual 0.0000 mm)
    Local override; error
    @(80.0000 mm, 45.0000 mm): Via [CLKREQ_N] on F.Cu - B.Cu
    @(65.5000 mm, 40.5000 mm): Zone [GND] on B.Cu, priority 0
[hole_clearance]: Hole clearance violation (board setup constraints hole clearance 0.2500 mm; actual 0.0000 mm)
    Rule: board setup constraints hole; error
    @(80.0000 mm, 45.0000 mm): Via [CLKREQ_N] on F.Cu - B.Cu
    @(65.5000 mm, 40.5000 mm): Zone [GND] on B.Cu, priority 0
[clearance]: Clearance violation (zone clearance 0.5000 mm; actual 0.0000 mm)
    Local override; error
    @(93.4000 mm, 45.0000 mm): Via [CLKREQ_N] on F.Cu - B.Cu
    @(65.5000 mm, 40.5000 mm): Zone [GND] on B.Cu, priority 0
[hole_clearance]: Hole clearance violation (board setup constraints hole clearance 0.2500 mm; actual 0.0000 mm)
    Rule: board setup constraints hole; error
    @(93.4000 mm, 45.0000 mm): Via [CLKREQ_N] on F.Cu - B.Cu
    @(65.5000 mm, 40.5000 mm): Zone [GND] on B.Cu, priority 0
[clearance]: Clearance violation (zone clearance 0.5000 mm; actual 0.0000 mm)
    Local override; error
    @(105.5000 mm, 74.0000 mm): Via [CLKREQ_N] on F.Cu - B.Cu
    @(65.5000 mm, 40.5000 mm): Zone [GND] on F.Cu, priority 0
[hole_clearance]: Hole clearance violation (board setup constraints hole clearance 0.2500 mm; actual 0.0000 mm)
    Rule: board setup constraints hole; error
    @(105.5000 mm, 74.0000 mm): Via [CLKREQ_N] on F.Cu - B.Cu
    @(65.5000 mm, 40.5000 mm): Zone [GND] on F.Cu, priority 0
[clearance]: Clearance violation (zone clearance 0.5000 mm; actual 0.0000 mm)
    Local override; error
    @(105.5000 mm, 74.0000 mm): Via [CLKREQ_N] on F.Cu - B.Cu
    @(65.5000 mm, 40.5000 mm): Zone [GND] on B.Cu, priority 0
[hole_clearance]: Hole clearance violation (board setup constraints hole clearance 0.2500 mm; actual 0.0000 mm)
    Rule: board setup constraints hole; error
    @(105.5000 mm, 74.0000 mm): Via [CLKREQ_N] on F.Cu - B.Cu
    @(65.5000 mm, 40.5000 mm): Zone [GND] on B.Cu, priority 0
[clearance]: Clearance violation (zone clearance 0.5000 mm; actual 0.0000 mm)
    Local override; error
    @(93.4000 mm, 55.0000 mm): Track [CLKREQ_N] on B.Cu, length 5.5000 mm
    @(65.5000 mm, 40.5000 mm): Zone [GND] on B.Cu, priority 0
[clearance]: Clearance violation (zone clearance 0.5000 mm; actual 0.0000 mm)
    Local override; error
    @(105.5000 mm, 74.0000 mm): Track [CLKREQ_N] on B.Cu, length 32.0000 mm
    @(65.5000 mm, 40.5000 mm): Zone [GND] on B.Cu, priority 0
[tracks_crossing]: Tracks crossing
    Local override; error
    @(108.5000 mm, 69.5000 mm): Track [RSET] on B.Cu, length 7.1000 mm
    @(102.8000 mm, 61.5000 mm): Track [CLKREQ_N] on B.Cu, length 12.5000 mm
[clearance]: Clearance violation (zone clearance 0.5000 mm; actual 0.0000 mm)
    Local override; error
    @(102.8000 mm, 61.5000 mm): Track [CLKREQ_N] on B.Cu, length 12.5000 mm
    @(65.5000 mm, 40.5000 mm): Zone [GND] on B.Cu, priority 0
[clearance]: Clearance violation (zone clearance 0.5000 mm; actual 0.0000 mm)
    Local override; error
    @(134.5000 mm, 72.0000 mm): Track [PERST_N] on F.Cu, length 2.2822 mm
    @(65.5000 mm, 40.5000 mm): Zone [GND] on F.Cu, priority 0
[clearance]: Clearance violation (zone clearance 0.5000 mm; actual 0.0000 mm)
    Local override; error
    @(80.0000 mm, 74.0000 mm): Track [CLKREQ_N] on B.Cu, length 23.2000 mm
    @(65.5000 mm, 40.5000 mm): Zone [GND] on B.Cu, priority 0
[shorting_items]: Items shorting two nets (nets PERST_N and GND)
    Local override; error
    @(101.9500 mm, 60.0000 mm): Track [PERST_N] on F.Cu, length 2.5500 mm
    @(106.0000 mm, 62.0000 mm): Pad 69 [GND] of U1 on F.Cu
[shorting_items]: Items shorting two nets (nets GND and PERST_N)
    Local override; error
    @(106.0000 mm, 62.0000 mm): Pad 69 [GND] of U1 on F.Cu
    @(104.5000 mm, 60.0000 mm): Track [PERST_N] on F.Cu, length 3.0000 mm
[clearance]: Clearance violation ( clearance 0.2000 mm; actual 0.9000 mm)
    Local override; error
    @(106.0000 mm, 62.0000 mm): Pad 69 [GND] of U1 on F.Cu
    @(104.5000 mm, 63.0000 mm): Via [PERST_N] on F.Cu - B.Cu
[clearance]: Clearance violation (zone clearance 0.5000 mm; actual 0.0000 mm)
    Local override; error
    @(104.5000 mm, 63.0000 mm): Via [PERST_N] on F.Cu - B.Cu
    @(65.5000 mm, 40.5000 mm): Zone [GND] on B.Cu, priority 0
[hole_clearance]: Hole clearance violation (board setup constraints hole clearance 0.2500 mm; actual 0.0000 mm)
    Rule: board setup constraints hole; error
    @(104.5000 mm, 63.0000 mm): Via [PERST_N] on F.Cu - B.Cu
    @(65.5000 mm, 40.5000 mm): Zone [GND] on B.Cu, priority 0
[clearance]: Clearance violation (zone clearance 0.5000 mm; actual 0.0000 mm)
    Local override; error
    @(134.5000 mm, 72.0000 mm): Via [PERST_N] on F.Cu - B.Cu
    @(65.5000 mm, 40.5000 mm): Zone [GND] on F.Cu, priority 0
[hole_clearance]: Hole clearance violation (board setup constraints hole clearance 0.2500 mm; actual 0.0000 mm)
    Rule: board setup constraints hole; error
    @(134.5000 mm, 72.0000 mm): Via [PERST_N] on F.Cu - B.Cu
    @(65.5000 mm, 40.5000 mm): Zone [GND] on F.Cu, priority 0
[clearance]: Clearance violation (zone clearance 0.5000 mm; actual 0.0000 mm)
    Local override; error
    @(134.5000 mm, 72.0000 mm): Via [PERST_N] on F.Cu - B.Cu
    @(65.5000 mm, 40.5000 mm): Zone [GND] on B.Cu, priority 0
[hole_clearance]: Hole clearance violation (board setup constraints hole clearance 0.2500 mm; actual 0.0000 mm)
    Rule: board setup constraints hole; error
    @(134.5000 mm, 72.0000 mm): Via [PERST_N] on F.Cu - B.Cu
    @(65.5000 mm, 40.5000 mm): Zone [GND] on B.Cu, priority 0
[clearance]: Clearance violation (zone clearance 0.5000 mm; actual 0.0000 mm)
    Local override; error
    @(104.5000 mm, 72.0000 mm): Track [PERST_N] on B.Cu, length 30.0000 mm
    @(65.5000 mm, 40.5000 mm): Zone [GND] on B.Cu, priority 0
[shorting_items]: Items shorting two nets (nets RTL_3V3 and PERST_N)
    Local override; error
    @(104.4000 mm, 68.5000 mm): Via [RTL_3V3] on F.Cu - B.Cu
    @(104.5000 mm, 63.0000 mm): Track [PERST_N] on B.Cu, length 9.0000 mm
[clearance]: Clearance violation (zone clearance 0.5000 mm; actual 0.0000 mm)
    Local override; error
    @(104.5000 mm, 63.0000 mm): Track [PERST_N] on B.Cu, length 9.0000 mm
    @(65.5000 mm, 40.5000 mm): Zone [GND] on B.Cu, priority 0
[clearance]: Clearance violation (zone clearance 0.5000 mm; actual 0.0000 mm)
    Local override; error
    @(93.4000 mm, 45.0000 mm): Track [CLKREQ_N] on B.Cu, length 13.4000 mm
    @(65.5000 mm, 40.5000 mm): Zone [GND] on B.Cu, priority 0
[clearance]: Clearance violation ( clearance 0.2000 mm; actual 0.0340 mm)
    Local override; error
    @(98.2000 mm, 60.0000 mm): Track [REFCLK_P] on B.Cu, length 40.3000 mm
    @(100.5000 mm, 59.6000 mm): Via [RTL_3V3] on F.Cu - B.Cu
[tracks_crossing]: Tracks crossing
    Local override; error
    @(98.2000 mm, 60.0000 mm): Track [REFCLK_P] on B.Cu, length 40.3000 mm
    @(107.0000 mm, 64.9500 mm): Track [XTAL_IN] on B.Cu, length 20.9500 mm
[clearance]: Clearance violation (zone clearance 0.5000 mm; actual 0.0000 mm)
    Local override; error
    @(98.2000 mm, 60.0000 mm): Track [REFCLK_P] on B.Cu, length 40.3000 mm
    @(65.5000 mm, 40.5000 mm): Zone [GND] on B.Cu, priority 0
[clearance]: Clearance violation (zone clearance 0.5000 mm; actual 0.0000 mm)
    Local override; error
    @(136.7500 mm, 60.8000 mm): Via [REFCLK_N] on F.Cu - B.Cu
    @(65.5000 mm, 40.5000 mm): Zone [GND] on F.Cu, priority 0
[clearance]: Clearance violation (zone clearance 0.5000 mm; actual 0.0000 mm)
    Local override; error
    @(99.0000 mm, 66.8000 mm): Track [REFCLK_N] on B.Cu, length 6.0000 mm
    @(65.5000 mm, 40.5000 mm): Zone [GND] on B.Cu, priority 0
[clearance]: Clearance violation (zone clearance 0.5000 mm; actual 0.0000 mm)
    Local override; error
    @(99.0000 mm, 66.8000 mm): Via [REFCLK_N] on F.Cu - B.Cu
    @(65.5000 mm, 40.5000 mm): Zone [GND] on F.Cu, priority 0
[hole_clearance]: Hole clearance violation (board setup constraints hole clearance 0.2500 mm; actual 0.0000 mm)
    Rule: board setup constraints hole; error
    @(99.0000 mm, 66.8000 mm): Via [REFCLK_N] on F.Cu - B.Cu
    @(65.5000 mm, 40.5000 mm): Zone [GND] on F.Cu, priority 0
[clearance]: Clearance violation (zone clearance 0.5000 mm; actual 0.0000 mm)
    Local override; error
    @(98.8000 mm, 65.9500 mm): Track [REFCLK_N] on F.Cu, length 0.8732 mm
    @(65.5000 mm, 40.5000 mm): Zone [GND] on F.Cu, priority 0
[clearance]: Clearance violation (zone clearance 0.5000 mm; actual 0.0000 mm)
    Local override; error
    @(99.0000 mm, 66.8000 mm): Via [REFCLK_N] on F.Cu - B.Cu
    @(65.5000 mm, 40.5000 mm): Zone [GND] on B.Cu, priority 0
[hole_clearance]: Hole clearance violation (board setup constraints hole clearance 0.2500 mm; actual 0.0000 mm)
    Rule: board setup constraints hole; error
    @(99.0000 mm, 66.8000 mm): Via [REFCLK_N] on F.Cu - B.Cu
    @(65.5000 mm, 40.5000 mm): Zone [GND] on B.Cu, priority 0
[clearance]: Clearance violation (zone clearance 0.5000 mm; actual 0.0000 mm)
    Local override; error
    @(138.5000 mm, 60.0000 mm): Via [REFCLK_P] on F.Cu - B.Cu
    @(65.5000 mm, 40.5000 mm): Zone [GND] on F.Cu, priority 0
[clearance]: Clearance violation (zone clearance 0.5000 mm; actual 0.0000 mm)
    Local override; error
    @(136.7500 mm, 60.8000 mm): Track [REFCLK_N] on F.Cu, length 1.9250 mm
    @(65.5000 mm, 40.5000 mm): Zone [GND] on F.Cu, priority 0
[hole_clearance]: Hole clearance violation (board setup constraints hole clearance 0.2500 mm; actual 0.0000 mm)
    Rule: board setup constraints hole; error
    @(138.5000 mm, 60.0000 mm): Via [REFCLK_P] on F.Cu - B.Cu
    @(65.5000 mm, 40.5000 mm): Zone [GND] on F.Cu, priority 0
[clearance]: Clearance violation (zone clearance 0.5000 mm; actual 0.0000 mm)
    Local override; error
    @(98.2000 mm, 66.8000 mm): Track [REFCLK_P] on B.Cu, length 6.8000 mm
    @(65.5000 mm, 40.5000 mm): Zone [GND] on B.Cu, priority 0
[clearance]: Clearance violation (zone clearance 0.5000 mm; actual 0.0000 mm)
    Local override; error
    @(138.5000 mm, 60.0000 mm): Via [REFCLK_P] on F.Cu - B.Cu
    @(65.5000 mm, 40.5000 mm): Zone [GND] on B.Cu, priority 0
[hole_clearance]: Hole clearance violation (board setup constraints hole clearance 0.2500 mm; actual 0.0000 mm)
    Rule: board setup constraints hole; error
    @(138.5000 mm, 60.0000 mm): Via [REFCLK_P] on F.Cu - B.Cu
    @(65.5000 mm, 40.5000 mm): Zone [GND] on B.Cu, priority 0
[tracks_crossing]: Tracks crossing
    Local override; error
    @(98.2000 mm, 60.0000 mm): Track [REFCLK_P] on B.Cu, length 40.3000 mm
    @(109.0000 mm, 61.5000 mm): Track [XTAL_OUT] on B.Cu, length 15.5000 mm
[clearance]: Clearance violation (zone clearance 0.5000 mm; actual 0.0000 mm)
    Local override; error
    @(138.5000 mm, 60.0000 mm): Track [REFCLK_P] on F.Cu, length 2.9980 mm
    @(65.5000 mm, 40.5000 mm): Zone [GND] on F.Cu, priority 0
[clearance]: Clearance violation (zone clearance 0.5000 mm; actual 0.0000 mm)
    Local override; error
    @(98.4000 mm, 65.9500 mm): Track [REFCLK_P] on F.Cu, length 0.8732 mm
    @(65.5000 mm, 40.5000 mm): Zone [GND] on F.Cu, priority 0
[hole_clearance]: Hole clearance violation (board setup constraints hole clearance 0.2500 mm; actual 0.0000 mm)
    Rule: board setup constraints hole; error
    @(136.7500 mm, 60.8000 mm): Via [REFCLK_N] on F.Cu - B.Cu
    @(65.5000 mm, 40.5000 mm): Zone [GND] on F.Cu, priority 0
[clearance]: Clearance violation (zone clearance 0.5000 mm; actual 0.0000 mm)
    Local override; error
    @(98.2000 mm, 66.8000 mm): Via [REFCLK_P] on F.Cu - B.Cu
    @(65.5000 mm, 40.5000 mm): Zone [GND] on F.Cu, priority 0
[hole_clearance]: Hole clearance violation (board setup constraints hole clearance 0.2500 mm; actual 0.0000 mm)
    Rule: board setup constraints hole; error
    @(98.2000 mm, 66.8000 mm): Via [REFCLK_P] on F.Cu - B.Cu
    @(65.5000 mm, 40.5000 mm): Zone [GND] on F.Cu, priority 0
[clearance]: Clearance violation (zone clearance 0.5000 mm; actual 0.0000 mm)
    Local override; error
    @(99.0000 mm, 60.8000 mm): Track [REFCLK_N] on B.Cu, length 37.7500 mm
    @(65.5000 mm, 40.5000 mm): Zone [GND] on B.Cu, priority 0
[clearance]: Clearance violation (zone clearance 0.5000 mm; actual 0.0000 mm)
    Local override; error
    @(136.7500 mm, 60.8000 mm): Via [REFCLK_N] on F.Cu - B.Cu
    @(65.5000 mm, 40.5000 mm): Zone [GND] on B.Cu, priority 0
[hole_clearance]: Hole clearance violation (board setup constraints hole clearance 0.2500 mm; actual 0.0000 mm)
    Rule: board setup constraints hole; error
    @(136.7500 mm, 60.8000 mm): Via [REFCLK_N] on F.Cu - B.Cu
    @(65.5000 mm, 40.5000 mm): Zone [GND] on B.Cu, priority 0
[clearance]: Clearance violation (zone clearance 0.5000 mm; actual 0.0000 mm)
    Local override; error
    @(98.2000 mm, 66.8000 mm): Via [REFCLK_P] on F.Cu - B.Cu
    @(65.5000 mm, 40.5000 mm): Zone [GND] on B.Cu, priority 0
[hole_clearance]: Hole clearance violation (board setup constraints hole clearance 0.2500 mm; actual 0.0000 mm)
    Rule: board setup constraints hole; error
    @(98.2000 mm, 66.8000 mm): Via [REFCLK_P] on F.Cu - B.Cu
    @(65.5000 mm, 40.5000 mm): Zone [GND] on B.Cu, priority 0
[hole_clearance]: Hole clearance violation (board setup constraints hole clearance 0.2500 mm; actual 0.1873 mm)
    Rule: board setup constraints hole; error
    @(102.0500 mm, 61.6000 mm): Pad 25 [RTL_1V1] of U1 on F.Cu
    @(102.8000 mm, 61.5000 mm): Via [CLKREQ_N] on F.Cu - B.Cu
[hole_clearance]: Hole clearance violation (board setup constraints hole clearance 0.2500 mm; actual 0.0000 mm)
    Rule: board setup constraints hole; error
    @(106.0000 mm, 62.0000 mm): Pad 69 [GND] of U1 on F.Cu
    @(108.0000 mm, 62.4000 mm): Via [PEDET] on F.Cu - B.Cu
[hole_clearance]: Hole clearance violation (board setup constraints hole clearance 0.2500 mm; actual 0.0000 mm)
    Rule: board setup constraints hole; error
    @(106.0000 mm, 62.0000 mm): Pad 69 [GND] of U1 on F.Cu
    @(108.0000 mm, 59.5000 mm): Via [PEDET] on F.Cu - B.Cu
[hole_clearance]: Hole clearance violation (board setup constraints hole clearance 0.2500 mm; actual 0.0000 mm)
    Rule: board setup constraints hole; error
    @(106.0000 mm, 62.0000 mm): Pad 69 [GND] of U1 on F.Cu
    @(104.5000 mm, 63.0000 mm): Via [PERST_N] on F.Cu - B.Cu
[drill_out_of_range]: Hole size out of range (board setup constraints min hole 0.3000 mm; actual 0.2500 mm)
    Rule: netclass 'Default'; error
    @(139.0000 mm, 62.4000 mm): Via [PEDET] on F.Cu - B.Cu
[drill_out_of_range]: Hole size out of range (board setup constraints min hole 0.3000 mm; actual 0.2500 mm)
    Rule: netclass 'Default'; error
    @(108.0000 mm, 62.4000 mm): Via [PEDET] on F.Cu - B.Cu
[drill_out_of_range]: Hole size out of range (board setup constraints min hole 0.3000 mm; actual 0.2500 mm)
    Rule: netclass 'Default'; error
    @(108.0000 mm, 59.5000 mm): Via [PEDET] on F.Cu - B.Cu
[drill_out_of_range]: Hole size out of range (board setup constraints min hole 0.3000 mm; actual 0.2500 mm)
    Rule: netclass 'Default'; error
    @(88.0000 mm, 46.0000 mm): Via [PEDET] on F.Cu - B.Cu
[drill_out_of_range]: Hole size out of range (board setup constraints min hole 0.3000 mm; actual 0.2500 mm)
    Rule: netclass 'Default'; error
    @(137.5000 mm, 74.0000 mm): Via [CLKREQ_N] on F.Cu - B.Cu
[drill_out_of_range]: Hole size out of range (board setup constraints min hole 0.3000 mm; actual 0.2500 mm)
    Rule: netclass 'Default'; error
    @(102.8000 mm, 61.5000 mm): Via [CLKREQ_N] on F.Cu - B.Cu
[drill_out_of_range]: Hole size out of range (board setup constraints min hole 0.3000 mm; actual 0.2500 mm)
    Rule: netclass 'Default'; error
    @(93.4000 mm, 55.0000 mm): Via [CLKREQ_N] on F.Cu - B.Cu
[drill_out_of_range]: Hole size out of range (board setup constraints min hole 0.3000 mm; actual 0.2500 mm)
    Rule: netclass 'Default'; error
    @(93.4000 mm, 49.5000 mm): Via [CLKREQ_N] on F.Cu - B.Cu
[drill_out_of_range]: Hole size out of range (board setup constraints min hole 0.3000 mm; actual 0.2500 mm)
    Rule: netclass 'Default'; error
    @(80.0000 mm, 74.0000 mm): Via [CLKREQ_N] on F.Cu - B.Cu
[drill_out_of_range]: Hole size out of range (board setup constraints min hole 0.3000 mm; actual 0.2500 mm)
    Rule: netclass 'Default'; error
    @(93.4000 mm, 45.0000 mm): Via [CLKREQ_N] on F.Cu - B.Cu
[drill_out_of_range]: Hole size out of range (board setup constraints min hole 0.3000 mm; actual 0.2500 mm)
    Rule: netclass 'Default'; error
    @(103.2000 mm, 74.0000 mm): Via [CLKREQ_N] on F.Cu - B.Cu
[drill_out_of_range]: Hole size out of range (board setup constraints min hole 0.3000 mm; actual 0.2500 mm)
    Rule: netclass 'Default'; error
    @(80.0000 mm, 45.0000 mm): Via [CLKREQ_N] on F.Cu - B.Cu
[drill_out_of_range]: Hole size out of range (board setup constraints min hole 0.3000 mm; actual 0.2500 mm)
    Rule: netclass 'Default'; error
    @(105.5000 mm, 74.0000 mm): Via [CLKREQ_N] on F.Cu - B.Cu
[track_width]: Track width (board setup constraints min width 0.2000 mm; actual 0.1321 mm)
    Rule: netclass 'Default' (diff pair); error
    @(98.4000 mm, 65.9500 mm): Track [REFCLK_P] on F.Cu, length 0.8732 mm
[track_width]: Track width (board setup constraints min width 0.2000 mm; actual 0.1321 mm)
    Rule: netclass 'Default' (diff pair); error
    @(138.5000 mm, 60.0000 mm): Track [REFCLK_P] on F.Cu, length 2.9980 mm
[track_width]: Track width (board setup constraints min width 0.2000 mm; actual 0.1321 mm)
    Rule: netclass 'Default' (diff pair); error
    @(98.2000 mm, 60.0000 mm): Track [REFCLK_P] on B.Cu, length 40.3000 mm
[track_width]: Track width (board setup constraints min width 0.2000 mm; actual 0.1321 mm)
    Rule: netclass 'Default' (diff pair); error
    @(98.2000 mm, 66.8000 mm): Track [REFCLK_P] on B.Cu, length 6.8000 mm
[track_width]: Track width (board setup constraints min width 0.2000 mm; actual 0.1321 mm)
    Rule: netclass 'Default' (diff pair); error
    @(136.7500 mm, 60.8000 mm): Track [REFCLK_N] on F.Cu, length 1.9250 mm
[track_width]: Track width (board setup constraints min width 0.2000 mm; actual 0.1321 mm)
    Rule: netclass 'Default' (diff pair); error
    @(98.8000 mm, 65.9500 mm): Track [REFCLK_N] on F.Cu, length 0.8732 mm
[track_width]: Track width (board setup constraints min width 0.2000 mm; actual 0.1321 mm)
    Rule: netclass 'Default' (diff pair); error
    @(99.0000 mm, 60.8000 mm): Track [REFCLK_N] on B.Cu, length 37.7500 mm
[track_width]: Track width (board setup constraints min width 0.2000 mm; actual 0.1321 mm)
    Rule: netclass 'Default' (diff pair); error
    @(99.0000 mm, 66.8000 mm): Track [REFCLK_N] on B.Cu, length 6.0000 mm
[via_diameter]: Via diameter (board setup constraints min diameter 0.5000 mm; actual 0.0000 mm)
    Rule: netclass 'Default'; error
    @(134.5000 mm, 72.0000 mm): Via [PERST_N] on F.Cu - B.Cu
[via_diameter]: Via diameter (board setup constraints min diameter 0.5000 mm; actual 0.0000 mm)
    Rule: netclass 'Default'; error
    @(104.5000 mm, 63.0000 mm): Via [PERST_N] on F.Cu - B.Cu
[solder_mask_bridge]: Front solder mask aperture bridges items with different nets
    Rule: board setup solder mask min width; error
    @(108.0000 mm, 64.5000 mm): Track [PEDET] on F.Cu, length 2.1000 mm
    @(106.0000 mm, 62.0000 mm): Pad 69 [GND] of U1 on F.Cu
[solder_mask_bridge]: Front solder mask aperture bridges items with different nets
    Rule: board setup solder mask min width; error
    @(103.5000 mm, 62.4000 mm): Track [PEDET] on F.Cu, length 1.5500 mm
    @(102.0500 mm, 62.4000 mm): Pad 27 [<no net>] of U1 on F.Cu
[solder_mask_bridge]: Front solder mask aperture bridges items with different nets
    Rule: board setup solder mask min width; error
    @(104.5000 mm, 63.0000 mm): Via [PERST_N] on F.Cu - B.Cu
    @(106.0000 mm, 62.0000 mm): Pad 69 [GND] of U1 on F.Cu
[solder_mask_bridge]: Front solder mask aperture bridges items with different nets
    Rule: board setup solder mask min width; error
    @(101.9500 mm, 60.0000 mm): Track [PERST_N] on F.Cu, length 2.5500 mm
    @(102.0500 mm, 60.0000 mm): Pad 21 [SPISO2] of U1 on F.Cu
[solder_mask_bridge]: Front solder mask aperture bridges items with different nets
    Rule: board setup solder mask min width; error
    @(101.9500 mm, 60.0000 mm): Track [PERST_N] on F.Cu, length 2.5500 mm
    @(106.0000 mm, 62.0000 mm): Pad 69 [GND] of U1 on F.Cu
[solder_mask_bridge]: Front solder mask aperture bridges items with different nets
    Rule: board setup solder mask min width; error
    @(108.0000 mm, 62.4000 mm): Via [PEDET] on F.Cu - B.Cu
    @(106.0000 mm, 62.0000 mm): Pad 69 [GND] of U1 on F.Cu
[solder_mask_bridge]: Front solder mask aperture bridges items with different nets
    Rule: board setup solder mask min width; error
    @(104.5000 mm, 60.0000 mm): Track [PERST_N] on F.Cu, length 3.0000 mm
    @(106.0000 mm, 62.0000 mm): Pad 69 [GND] of U1 on F.Cu
[solder_mask_bridge]: Front solder mask aperture bridges items with different nets
    Rule: board setup solder mask min width; error
    @(108.0000 mm, 59.5000 mm): Via [PEDET] on F.Cu - B.Cu
    @(106.0000 mm, 62.0000 mm): Pad 69 [GND] of U1 on F.Cu
[solder_mask_bridge]: Front solder mask aperture bridges items with different nets
    Rule: board setup solder mask min width; error
    @(101.9500 mm, 60.4000 mm): Track [CLKREQ_N] on F.Cu, length 0.8500 mm
    @(102.0500 mm, 60.4000 mm): Pad 22 [SPISO3] of U1 on F.Cu
[track_dangling]: Track has unconnected end
    Local override; warning
    @(100.0000 mm, 51.5000 mm): Track [RTL_3V3] on In2.PWR, length 15.5000 mm
[isolated_copper]: Isolated copper fill
    Local override; warning
    @(65.5000 mm, 40.5000 mm): Zone [GND] on B.Cu, priority 0

** Found 25 unconnected pads **
[unconnected_items]: Missing connection between items
    Local override; error
    @(102.8000 mm, 58.0500 mm): Pad 17 [RTL_5V] of U1 on F.Cu
    @(102.0500 mm, 64.8000 mm): Pad 33 [RTL_5V] of U1 on F.Cu
[unconnected_items]: Missing connection between items
    Local override; error
    @(124.4000 mm, 61.0000 mm): Pad 1 [RTL_5V] of C5 on F.Cu
    @(102.8000 mm, 58.0500 mm): Pad 17 [RTL_5V] of U1 on F.Cu
[unconnected_items]: Missing connection between items
    Local override; error
    @(106.0000 mm, 62.0000 mm): Pad 69 [GND] of U1 on F.Cu
    @(106.8000 mm, 65.9500 mm): Pad 45 [GND] of U1 on F.Cu
[unconnected_items]: Missing connection between items
    Local override; error
    @(106.8000 mm, 65.9500 mm): Pad 45 [GND] of U1 on F.Cu
    @(65.5000 mm, 40.5000 mm): Zone [GND] on F.Cu, priority 0
[unconnected_items]: Missing connection between items
    Local override; error
    @(109.9500 mm, 59.6000 mm): Pad 66 [GND] of U1 on F.Cu
    @(106.0000 mm, 62.0000 mm): Pad 69 [GND] of U1 on F.Cu
[unconnected_items]: Missing connection between items
    Local override; error
    @(98.9000 mm, 53.0000 mm): Pad 1 [PEDET] of R2 on F.Cu
    @(90.9000 mm, 53.0000 mm): Track [PEDET] on F.Cu, length 2.9000 mm
[unconnected_items]: Missing connection between items
    Local override; error
    @(108.0000 mm, 59.5000 mm): Track [PEDET] on F.Cu, length 1.0000 mm
    @(106.4000 mm, 58.0500 mm): Pad 8 [PEDET] of U1 on F.Cu
[unconnected_items]: Missing connection between items
    Local override; error
    @(101.4000 mm, 53.0000 mm): Pad 1 [CLKREQ_N] of R3 on F.Cu
    @(104.4000 mm, 58.0500 mm): Pad 13 [CLKREQ_N] of U1 on F.Cu
[unconnected_items]: Missing connection between items
    Local override; error
    @(102.8000 mm, 60.4000 mm): Track [CLKREQ_N] on F.Cu, length 1.1000 mm
    @(104.4000 mm, 58.0500 mm): Pad 13 [CLKREQ_N] of U1 on F.Cu
[unconnected_items]: Missing connection between items
    Local override; error
    @(104.0000 mm, 58.0500 mm): Pad 14 [PERST_N] of U1 on F.Cu
    @(104.5000 mm, 60.0000 mm): Track [PERST_N] on F.Cu, length 3.0000 mm
[unconnected_items]: Missing connection between items
    Local override; error
    @(102.0500 mm, 61.6000 mm): Pad 25 [RTL_1V1] of U1 on F.Cu
    @(103.2000 mm, 65.9500 mm): Pad 36 [RTL_1V1] of U1 on F.Cu
[unconnected_items]: Missing connection between items
    Local override; error
    @(103.2000 mm, 58.0500 mm): Pad 16 [RTL_1V1] of U1 on F.Cu
    @(102.0500 mm, 61.6000 mm): Pad 25 [RTL_1V1] of U1 on F.Cu
[unconnected_items]: Missing connection between items
    Local override; error
    @(103.2000 mm, 65.9500 mm): Pad 36 [RTL_1V1] of U1 on F.Cu
    @(104.8000 mm, 65.9500 mm): Pad 40 [RTL_1V1] of U1 on F.Cu
[unconnected_items]: Missing connection between items
    Local override; error
    @(104.8000 mm, 65.9500 mm): Pad 40 [RTL_1V1] of U1 on F.Cu
    @(108.8000 mm, 65.9500 mm): Pad 50 [RTL_1V1] of U1 on F.Cu
[unconnected_items]: Missing connection between items
    Local override; error
    @(108.8000 mm, 65.9500 mm): Pad 50 [RTL_1V1] of U1 on F.Cu
    @(109.9500 mm, 64.0000 mm): Pad 55 [RTL_1V1] of U1 on F.Cu
[unconnected_items]: Missing connection between items
    Local override; error
    @(109.9500 mm, 60.8000 mm): Pad 63 [RTL_1V1] of U1 on F.Cu
    @(109.9500 mm, 62.0000 mm): Pad 60 [RTL_1V1] of U1 on F.Cu
[unconnected_items]: Missing connection between items
    Local override; error
    @(109.9500 mm, 62.0000 mm): Pad 60 [RTL_1V1] of U1 on F.Cu
    @(109.9500 mm, 64.0000 mm): Pad 55 [RTL_1V1] of U1 on F.Cu
[unconnected_items]: Missing connection between items
    Local override; error
    @(113.2000 mm, 53.0000 mm): Pad 1 [RTL_1V1] of C4 on F.Cu
    @(109.9500 mm, 60.8000 mm): Pad 63 [RTL_1V1] of U1 on F.Cu
[unconnected_items]: Missing connection between items
    Local override; error
    @(96.1000 mm, 70.0000 mm): Pad 5 [SPISI] of U2 on F.Cu
    @(102.0500 mm, 58.8000 mm): Pad 18 [SPISI] of U1 on F.Cu
[unconnected_items]: Missing connection between items
    Local override; error
    @(97.3000 mm, 70.0000 mm): Pad 6 [SPICLK] of U2 on F.Cu
    @(102.0500 mm, 59.2000 mm): Pad 19 [SPICLK] of U1 on F.Cu
[unconnected_items]: Missing connection between items
    Local override; error
    @(98.5000 mm, 70.0000 mm): Pad 7 [SPISO3] of U2 on F.Cu
    @(102.0500 mm, 60.4000 mm): Pad 22 [SPISO3] of U1 on F.Cu
[unconnected_items]: Missing connection between items
    Local override; error
    @(92.5000 mm, 70.0000 mm): Pad 2 [SPISO] of U2 on F.Cu
    @(102.0500 mm, 60.8000 mm): Pad 23 [SPISO] of U1 on F.Cu
[unconnected_items]: Missing connection between items
    Local override; error
    @(91.3000 mm, 70.0000 mm): Pad 1 [SPICS] of U2 on F.Cu
    @(102.0500 mm, 61.2000 mm): Pad 24 [SPICS] of U1 on F.Cu
[unconnected_items]: Missing connection between items
    Local override; error
    @(109.9500 mm, 61.6000 mm): Pad 61 [REFCLK_P] of U1 on F.Cu
    @(98.2000 mm, 66.8000 mm): Track [REFCLK_P] on B.Cu, length 6.8000 mm
[unconnected_items]: Missing connection between items
    Local override; error
    @(109.9500 mm, 61.2000 mm): Pad 62 [REFCLK_N] of U1 on F.Cu
    @(99.0000 mm, 66.8000 mm): Track [REFCLK_N] on B.Cu, length 6.0000 mm

** Found 0 Footprint errors **

** Ignored checks **
    - Footprint has no courtyard defined
    - Track endpoint not centered on via
    - Tuning profile track geometries
    - Footprint doesn't match symbol's footprint filters
    - Footprint component type doesn't match footprint pads

** End of Report **
