** Drc report for PHASE24_RTL9210B_CRYSTAL_3V3_COAUTHOR_PROBE.kicad_pcb **
** Created on 2026-09-08T12:28:46 **
** Report includes: Errors, Warnings **

** Found 8 DRC violations **
[tracks_crossing]: Tracks crossing
    Local override; error
    @(101.9500 mm, 72.4000 mm): Track [XTAL_OUT] on F.Cu, length 3.5500 mm
    @(104.5000 mm, 72.8000 mm): Track [XTAL_IN] on F.Cu, length 2.0000 mm
[tracks_crossing]: Tracks crossing
    Local override; error
    @(101.9500 mm, 72.0000 mm): Track [RTL_1V1] on F.Cu, length 5.0500 mm
    @(104.5000 mm, 72.8000 mm): Track [XTAL_IN] on F.Cu, length 2.0000 mm
[tracks_crossing]: Tracks crossing
    Local override; error
    @(104.5000 mm, 70.8000 mm): Track [XTAL_IN] on B.Cu, length 3.8000 mm
    @(106.0000 mm, 73.2000 mm): Track [RTL_3V3] on B.Cu, length 4.7000 mm
[starved_thermal]: Thermal relief connection to zone incomplete (layer F.Cu; zone min spoke count 2; actual 1)
    Local override; error
    @(65.5000 mm, 40.5000 mm): Zone [GND] on F.Cu, priority 0
    @(108.4000 mm, 78.0000 mm): Pad 2 [GND] of C1 on F.Cu
[track_dangling]: Track has unconnected end
    Local override; warning
    @(92.0000 mm, 68.5000 mm): Track [RTL_3V3] on B.Cu, length 0.9000 mm
[silk_overlap]: Silkscreen clearance
    Rule: board setup constraints silk; warning
    @(109.0000 mm, 79.5000 mm): Reference field of C1
    @(109.0000 mm, 79.5000 mm): Reference field of R1
[silk_over_copper]: Silkscreen clipped by solder mask
    Local override; warning
    @(105.0000 mm, 82.0000 mm): PCB text 'RTL9210B PATH-B BRING-UP — NON-PRODUCTION' on f.silkscreen
    @(104.0000 mm, 82.0000 mm): Pad 1 [RTL_1V1] of C4 on F.Cu
[silk_over_copper]: Silkscreen clipped by solder mask
    Local override; warning
    @(105.0000 mm, 82.0000 mm): PCB text 'RTL9210B PATH-B BRING-UP — NON-PRODUCTION' on f.silkscreen
    @(105.2000 mm, 82.0000 mm): Pad 2 [GND] of C4 on F.Cu

** Found 21 unconnected pads **
[unconnected_items]: Missing connection between items
    Local override; error
    @(89.0000 mm, 56.0000 mm): Pad 1 [PEDET] of R2 on F.Cu
    @(98.4000 mm, 66.0500 mm): Pad 8 [PEDET] of U1 on F.Cu
[unconnected_items]: Missing connection between items
    Local override; error
    @(98.4000 mm, 66.0500 mm): Pad 8 [PEDET] of U1 on F.Cu
    @(140.7500 mm, 62.7250 mm): Pad 69 [PEDET] of J1 on F.Cu
[unconnected_items]: Missing connection between items
    Local override; error
    @(92.0000 mm, 56.0000 mm): Pad 1 [CLKREQ_N] of R3 on F.Cu
    @(96.4000 mm, 66.0500 mm): Pad 13 [CLKREQ_N] of U1 on F.Cu
[unconnected_items]: Missing connection between items
    Local override; error
    @(96.4000 mm, 66.0500 mm): Pad 13 [CLKREQ_N] of U1 on F.Cu
    @(136.5000 mm, 70.2750 mm): Pad 52 [CLKREQ_N] of J1 on F.Cu
[unconnected_items]: Missing connection between items
    Local override; error
    @(96.0000 mm, 66.0500 mm): Pad 14 [PERST_N] of U1 on F.Cu
    @(136.0000 mm, 70.2750 mm): Pad 50 [PERST_N] of J1 on F.Cu
[unconnected_items]: Missing connection between items
    Local override; error
    @(76.6000 mm, 80.0000 mm): Pad 5 [SPISI] of U2 on F.Cu
    @(94.0500 mm, 66.8000 mm): Pad 18 [SPISI] of U1 on F.Cu
[unconnected_items]: Missing connection between items
    Local override; error
    @(77.8000 mm, 80.0000 mm): Pad 6 [SPICLK] of U2 on F.Cu
    @(94.0500 mm, 67.2000 mm): Pad 19 [SPICLK] of U1 on F.Cu
[unconnected_items]: Missing connection between items
    Local override; error
    @(96.4000 mm, 73.9500 mm): Track [RTL_3V3] on F.Cu, length 1.2500 mm
    @(101.9500 mm, 73.2000 mm): Track [RTL_3V3] on F.Cu, length 4.0500 mm
[unconnected_items]: Missing connection between items
    Local override; error
    @(79.0000 mm, 80.0000 mm): Pad 7 [SPISO3] of U2 on F.Cu
    @(94.0500 mm, 68.4000 mm): Pad 22 [SPISO3] of U1 on F.Cu
[unconnected_items]: Missing connection between items
    Local override; error
    @(73.0000 mm, 80.0000 mm): Pad 2 [SPISO] of U2 on F.Cu
    @(94.0500 mm, 68.8000 mm): Pad 23 [SPISO] of U1 on F.Cu
[unconnected_items]: Missing connection between items
    Local override; error
    @(71.8000 mm, 80.0000 mm): Pad 1 [SPICS] of U2 on F.Cu
    @(94.0500 mm, 69.2000 mm): Pad 24 [SPICS] of U1 on F.Cu
[unconnected_items]: Missing connection between items
    Local override; error
    @(101.2000 mm, 73.9500 mm): Pad 51 [RSET] of U1 on F.Cu
    @(108.4000 mm, 81.0000 mm): Pad 1 [RSET] of R1 on F.Cu
[unconnected_items]: Missing connection between items
    Local override; error
    @(101.9500 mm, 69.6000 mm): Pad 61 [REFCLK_P] of U1 on F.Cu
    @(137.2500 mm, 62.7250 mm): Pad 55 [REFCLK_P] of J1 on F.Cu
[unconnected_items]: Missing connection between items
    Local override; error
    @(101.9500 mm, 69.2000 mm): Pad 62 [REFCLK_N] of U1 on F.Cu
    @(136.7500 mm, 62.7250 mm): Pad 53 [REFCLK_N] of J1 on F.Cu
[unconnected_items]: Missing connection between items
    Local override; error
    @(101.9500 mm, 68.4000 mm): Pad 64 [LANE0_RXP] of U1 on F.Cu
    @(134.2500 mm, 62.7250 mm): Pad 43 [LANE0_RXP] of J1 on F.Cu
[unconnected_items]: Missing connection between items
    Local override; error
    @(101.9500 mm, 68.0000 mm): Pad 65 [LANE0_RXN] of U1 on F.Cu
    @(133.7500 mm, 62.7250 mm): Pad 41 [LANE0_RXN] of J1 on F.Cu
[unconnected_items]: Missing connection between items
    Local override; error
    @(101.9500 mm, 67.2000 mm): Pad 67 [LANE0_TXN] of U1 on F.Cu
    @(135.2500 mm, 62.7250 mm): Pad 47 [LANE0_TXN] of J1 on F.Cu
[unconnected_items]: Missing connection between items
    Local override; error
    @(101.9500 mm, 66.8000 mm): Pad 68 [LANE0_TXP] of U1 on F.Cu
    @(135.7500 mm, 62.7250 mm): Pad 49 [LANE0_TXP] of J1 on F.Cu
[unconnected_items]: Missing connection between items
    Local override; error
    @(114.7500 mm, 62.7250 mm): Pad 2 [SSD_3V3] of J1 on F.Cu
    @(115.2500 mm, 62.7250 mm): Pad 4 [SSD_3V3] of J1 on F.Cu
[unconnected_items]: Missing connection between items
    Local override; error
    @(115.2500 mm, 62.7250 mm): Pad 4 [SSD_3V3] of J1 on F.Cu
    @(115.7500 mm, 62.7250 mm): Pad 6 [SSD_3V3] of J1 on F.Cu
[unconnected_items]: Missing connection between items
    Local override; error
    @(115.7500 mm, 62.7250 mm): Pad 6 [SSD_3V3] of J1 on F.Cu
    @(116.2500 mm, 62.7250 mm): Pad 8 [SSD_3V3] of J1 on F.Cu

** Found 0 Footprint errors **

** Ignored checks **
    - Footprint has no courtyard defined
    - Track endpoint not centered on via
    - Tuning profile track geometries
    - Footprint doesn't match symbol's footprint filters
    - Footprint component type doesn't match footprint pads

** End of Report **
