** Drc report for PHASE24_RTL9210B_LANE0_DIVERGING_SOURCE_V1248.kicad_pcb **
** Created on 2026-09-09T16:06:42 **
** Report includes: Errors, Warnings **

** Found 27 DRC violations **
[shorting_items]: Items shorting two nets (nets SPISI and LANE0_TXP)
    Local override; error
    @(101.9500 mm, 73.2000 mm): Pad 18 [SPISI] of U1 on F.Cu
    @(101.8000 mm, 73.2000 mm): Track [LANE0_TXP] on F.Cu, length 2.8000 mm
[shorting_items]: Items shorting two nets (nets SPISI and LANE0_TXP)
    Local override; error
    @(101.9500 mm, 73.2000 mm): Pad 18 [SPISI] of U1 on F.Cu
    @(94.0500 mm, 73.2000 mm): Track [LANE0_TXP] on F.Cu, length 7.7500 mm
[shorting_items]: Items shorting two nets (nets LANE0_TXP and SPISI)
    Local override; error
    @(101.8000 mm, 73.2000 mm): Track [LANE0_TXP] on F.Cu, length 2.8000 mm
    @(101.9500 mm, 73.2000 mm): Track [SPISI] on F.Cu, length 2.0500 mm
[tracks_crossing]: Tracks crossing
    Local override; error
    @(101.8000 mm, 73.2000 mm): Track [LANE0_TXP] on F.Cu, length 2.8000 mm
    @(103.5000 mm, 74.5000 mm): Track [RTL_5V] on F.Cu, length 2.3648 mm
[shorting_items]: Items shorting two nets (nets LANE0_TXN and LANE0_RXN)
    Local override; error
    @(94.0500 mm, 72.8000 mm): Track [LANE0_TXN] on F.Cu, length 1.8500 mm
    @(92.8000 mm, 72.4000 mm): Via [LANE0_RXN] on F.Cu - B.Cu
[solder_mask_bridge]: Front solder mask aperture bridges items with different nets
    Rule: board setup solder mask min width; error
    @(101.8000 mm, 73.2000 mm): Track [LANE0_TXP] on F.Cu, length 2.8000 mm
    @(101.9500 mm, 73.2000 mm): Pad 18 [SPISI] of U1 on F.Cu
[solder_mask_bridge]: Front solder mask aperture bridges items with different nets
    Rule: board setup solder mask min width; error
    @(94.0500 mm, 73.2000 mm): Track [LANE0_TXP] on F.Cu, length 7.7500 mm
    @(101.9500 mm, 73.2000 mm): Pad 18 [SPISI] of U1 on F.Cu
[track_dangling]: Track has unconnected end
    Local override; warning
    @(102.0000 mm, 77.5000 mm): Track [PEDET] on B.Cu, length 6.5000 mm
[track_dangling]: Track has unconnected end
    Local override; warning
    @(70.0000 mm, 76.0000 mm): Track [CLKREQ_N] on B.Cu, length 31.0000 mm
[via_dangling]: Via is not connected or connected on only one layer
    Local override; warning
    @(100.0000 mm, 83.0000 mm): Via [PERST_N] on F.Cu - B.Cu
[via_dangling]: Via is not connected or connected on only one layer
    Local override; warning
    @(109.5000 mm, 68.5000 mm): Via [RTL_1V1] on F.Cu - B.Cu
[via_dangling]: Via is not connected or connected on only one layer
    Local override; warning
    @(104.5000 mm, 77.0000 mm): Via [RTL_1V1] on F.Cu - B.Cu
[via_dangling]: Via is not connected or connected on only one layer
    Local override; warning
    @(102.0000 mm, 64.8000 mm): Via [RTL_1V1] on F.Cu - B.Cu
[via_dangling]: Via is not connected or connected on only one layer
    Local override; warning
    @(102.5000 mm, 75.0000 mm): Via [RTL_1V1] on F.Cu - B.Cu
[track_dangling]: Track has unconnected end
    Local override; warning
    @(130.0000 mm, 69.0000 mm): Track [RTL_1V1] on In2.PWR, length 21.0000 mm
[via_dangling]: Via is not connected or connected on only one layer
    Local override; warning
    @(99.6000 mm, 62.8000 mm): Via [RTL_3V3] on F.Cu - B.Cu
[track_dangling]: Track has unconnected end
    Local override; warning
    @(99.6000 mm, 62.8000 mm): Track [RTL_3V3] on B.Cu, length 1.3000 mm
[track_dangling]: Track has unconnected end
    Local override; warning
    @(91.8000 mm, 59.0000 mm): Track [RTL_3V3] on In2.PWR, length 16.2000 mm
[track_dangling]: Track has unconnected end
    Local override; warning
    @(88.0000 mm, 64.0000 mm): Track [RSET] on F.Cu, length 1.0000 mm
[track_dangling]: Track has unconnected end
    Local override; warning
    @(74.5000 mm, 75.0000 mm): Track [XTAL_IN] on B.Cu, length 13.0000 mm
[via_dangling]: Via is not connected or connected on only one layer
    Local override; warning
    @(88.5000 mm, 67.6000 mm): Via [XTAL_OUT] on F.Cu - B.Cu
[via_dangling]: Via is not connected or connected on only one layer
    Local override; warning
    @(72.0000 mm, 78.5000 mm): Via [REFCLK_P] on F.Cu - B.Cu
[via_dangling]: Via is not connected or connected on only one layer
    Local override; warning
    @(70.8000 mm, 79.2000 mm): Via [REFCLK_N] on F.Cu - B.Cu
[via_dangling]: Via is not connected or connected on only one layer
    Local override; warning
    @(95.0000 mm, 72.4000 mm): Via [LANE0_RXP] on F.Cu - B.Cu
[via_dangling]: Via is not connected or connected on only one layer
    Local override; warning
    @(92.8000 mm, 72.4000 mm): Via [LANE0_RXN] on F.Cu - B.Cu
[via_dangling]: Via is not connected or connected on only one layer
    Local override; warning
    @(92.2000 mm, 76.0000 mm): Via [LANE0_TXN] on F.Cu - B.Cu
[via_dangling]: Via is not connected or connected on only one layer
    Local override; warning
    @(101.8000 mm, 76.0000 mm): Via [LANE0_TXP] on F.Cu - B.Cu

** Found 29 unconnected pads **
[unconnected_items]: Missing connection between items
    Local override; error
    @(102.0000 mm, 77.5000 mm): Track [PEDET] on B.Cu, length 6.5000 mm
    @(97.6000 mm, 73.9500 mm): Pad 8 [PEDET] of U1 on F.Cu
[unconnected_items]: Missing connection between items
    Local override; error
    @(120.0000 mm, 72.0000 mm): Track [CLKREQ_N] on F.Cu, length 3.0000 mm
    @(99.6000 mm, 73.9500 mm): Pad 13 [CLKREQ_N] of U1 on F.Cu
[unconnected_items]: Missing connection between items
    Local override; error
    @(100.0000 mm, 73.9500 mm): Pad 14 [PERST_N] of U1 on F.Cu
    @(100.0000 mm, 83.0000 mm): Track [PERST_N] on B.Cu, length 32.0000 mm
[unconnected_items]: Missing connection between items
    Local override; error
    @(94.0500 mm, 68.0000 mm): Pad 55 [RTL_1V1] of U1 on F.Cu
    @(94.0500 mm, 70.0000 mm): Pad 60 [RTL_1V1] of U1 on F.Cu
[unconnected_items]: Missing connection between items
    Local override; error
    @(94.0500 mm, 70.0000 mm): Pad 60 [RTL_1V1] of U1 on F.Cu
    @(94.0500 mm, 71.2000 mm): Pad 63 [RTL_1V1] of U1 on F.Cu
[unconnected_items]: Missing connection between items
    Local override; error
    @(95.2000 mm, 66.0500 mm): Pad 50 [RTL_1V1] of U1 on F.Cu
    @(94.0500 mm, 68.0000 mm): Pad 55 [RTL_1V1] of U1 on F.Cu
[unconnected_items]: Missing connection between items
    Local override; error
    @(99.2000 mm, 66.0500 mm): Pad 40 [RTL_1V1] of U1 on F.Cu
    @(95.2000 mm, 66.0500 mm): Pad 50 [RTL_1V1] of U1 on F.Cu
[unconnected_items]: Missing connection between items
    Local override; error
    @(100.8000 mm, 66.0500 mm): Pad 36 [RTL_1V1] of U1 on F.Cu
    @(99.2000 mm, 66.0500 mm): Pad 40 [RTL_1V1] of U1 on F.Cu
[unconnected_items]: Missing connection between items
    Local override; error
    @(100.8000 mm, 73.9500 mm): Pad 16 [RTL_1V1] of U1 on F.Cu
    @(102.5000 mm, 75.0000 mm): Track [RTL_1V1] on B.Cu, length 10.2000 mm
[unconnected_items]: Missing connection between items
    Local override; error
    @(105.5000 mm, 64.8000 mm): Track [RTL_1V1] on B.Cu, length 3.5000 mm
    @(100.8000 mm, 66.0500 mm): Pad 36 [RTL_1V1] of U1 on F.Cu
[unconnected_items]: Missing connection between items
    Local override; error
    @(102.5000 mm, 75.0000 mm): Track [RTL_1V1] on B.Cu, length 10.2000 mm
    @(104.5000 mm, 77.0000 mm): Via [RTL_1V1] on F.Cu - B.Cu
[unconnected_items]: Missing connection between items
    Local override; error
    @(94.0500 mm, 66.8000 mm): Pad 52 [RTL_3V3] of U1 on F.Cu
    @(99.6000 mm, 66.0500 mm): Pad 39 [RTL_3V3] of U1 on F.Cu
[unconnected_items]: Missing connection between items
    Local override; error
    @(101.9500 mm, 66.8000 mm): Track [RTL_3V3] on F.Cu, length 1.0500 mm
    @(99.6000 mm, 66.0500 mm): Pad 39 [RTL_3V3] of U1 on F.Cu
[unconnected_items]: Missing connection between items
    Local override; error
    @(101.9500 mm, 66.8000 mm): Track [RTL_3V3] on F.Cu, length 1.0500 mm
    @(101.9500 mm, 72.4000 mm): Pad 20 [RTL_3V3] of U1 on F.Cu
[unconnected_items]: Missing connection between items
    Local override; error
    @(97.2000 mm, 66.0500 mm): Pad 45 [GND] of U1 on F.Cu
    @(98.0000 mm, 70.0000 mm): Pad 69 [GND] of U1 on F.Cu
[unconnected_items]: Missing connection between items
    Local override; error
    @(97.2000 mm, 66.0500 mm): Pad 45 [GND] of U1 on F.Cu
    @(94.0000 mm, 62.0000 mm): Track [GND] on B.Cu, length 6.9311 mm
[unconnected_items]: Missing connection between items
    Local override; error
    @(98.0000 mm, 70.0000 mm): Pad 69 [GND] of U1 on F.Cu
    @(94.0500 mm, 72.4000 mm): Pad 66 [GND] of U1 on F.Cu
[unconnected_items]: Missing connection between items
    Local override; error
    @(88.0000 mm, 64.0000 mm): Track [RSET] on F.Cu, length 1.0000 mm
    @(94.8000 mm, 66.0500 mm): Pad 51 [RSET] of U1 on F.Cu
[unconnected_items]: Missing connection between items
    Local override; error
    @(94.0500 mm, 67.2000 mm): Pad 53 [XTAL_IN] of U1 on F.Cu
    @(78.0000 mm, 62.0000 mm): Track [XTAL_IN] on F.Cu, length 3.0000 mm
[unconnected_items]: Missing connection between items
    Local override; error
    @(88.5000 mm, 67.6000 mm): Track [XTAL_OUT] on B.Cu, length 8.5094 mm
    @(94.0500 mm, 67.6000 mm): Pad 54 [XTAL_OUT] of U1 on F.Cu
[unconnected_items]: Missing connection between items
    Local override; error
    @(94.0500 mm, 70.4000 mm): Pad 61 [REFCLK_P] of U1 on F.Cu
    @(72.0000 mm, 78.5000 mm): Track [REFCLK_P] on F.Cu, length 37.0000 mm
[unconnected_items]: Missing connection between items
    Local override; error
    @(94.0500 mm, 70.8000 mm): Pad 62 [REFCLK_N] of U1 on F.Cu
    @(70.8000 mm, 79.2000 mm): Track [REFCLK_N] on F.Cu, length 37.0000 mm
[unconnected_items]: Missing connection between items
    Local override; error
    @(134.2500 mm, 62.7250 mm): Pad 43 [LANE0_RXP] of J1 on F.Cu
    @(95.0000 mm, 71.6000 mm): Track [LANE0_RXP] on F.Cu, length 0.8000 mm
[unconnected_items]: Missing connection between items
    Local override; error
    @(94.0500 mm, 72.0000 mm): Track [LANE0_RXN] on F.Cu, length 1.2500 mm
    @(133.7500 mm, 62.7250 mm): Pad 41 [LANE0_RXN] of J1 on F.Cu
[unconnected_items]: Missing connection between items
    Local override; error
    @(135.2500 mm, 62.7250 mm): Pad 47 [LANE0_TXN] of J1 on F.Cu
    @(94.0500 mm, 72.8000 mm): Track [LANE0_TXN] on F.Cu, length 1.8500 mm
[unconnected_items]: Missing connection between items
    Local override; error
    @(135.7500 mm, 62.7250 mm): Pad 49 [LANE0_TXP] of J1 on F.Cu
    @(94.0500 mm, 73.2000 mm): Track [LANE0_TXP] on F.Cu, length 7.7500 mm
[unconnected_items]: Missing connection between items
    Local override; error
    @(114.7500 mm, 62.7250 mm): Pad 2 [SSD_3V3] of J1 on F.Cu
    @(115.2500 mm, 62.7250 mm): Pad 4 [SSD_3V3] of J1 on F.Cu
[unconnected_items]: Missing connection between items
    Local override; error
    @(115.2500 mm, 62.7250 mm): Pad 4 [SSD_3V3] of J1 on F.Cu
    @(115.7500 mm, 62.7250 mm): Pad 6 [SSD_3V3] of J1 on F.Cu
[unconnected_items]: Missing connection between items
    Local override; error
    @(115.7500 mm, 62.7250 mm): Pad 6 [SSD_3V3] of J1 on F.Cu
    @(116.2500 mm, 62.7250 mm): Pad 8 [SSD_3V3] of J1 on F.Cu

** Found 0 Footprint errors **

** Ignored checks **
    - Footprint has no courtyard defined
    - Track endpoint not centered on via
    - Tuning profile track geometries
    - Footprint doesn't match symbol's footprint filters
    - Footprint component type doesn't match footprint pads

** End of Report **
