** Drc report for PHASE24_RTL9210B_SPI_FULL_NATIVE_ALLOCATION_V667.kicad_pcb **
** Created on 2026-09-09T02:02:22 **
** Report includes: Errors, Warnings **

** Found 35 DRC violations **
[shorting_items]: Items shorting two nets (nets SPISO3 and SPICS)
    Local override; error
    @(98.5000 mm, 61.2000 mm): Track [SPISO3] on B.Cu, length 6.8000 mm
    @(98.2000 mm, 62.2000 mm): Via [SPICS] on F.Cu - B.Cu
[shorting_items]: Items shorting two nets (nets SPICS and SPISO3)
    Local override; error
    @(99.2000 mm, 61.2000 mm): Track [SPICS] on F.Cu, length 1.4142 mm
    @(98.8000 mm, 61.2000 mm): Via [SPISO3] on F.Cu - B.Cu
[clearance]: Clearance violation ( clearance 0.2000 mm; actual 0.1000 mm)
    Local override; error
    @(106.0000 mm, 62.0000 mm): Pad 69 [GND] of U1 on F.Cu
    @(108.0000 mm, 64.8000 mm): Via [XTAL_IN] on F.Cu - B.Cu
[shorting_items]: Items shorting two nets (nets SPISO3 and RTL_3V3)
    Local override; error
    @(98.5000 mm, 68.0000 mm): Via [SPISO3] on F.Cu - B.Cu
    @(97.5000 mm, 68.2500 mm): Track [RTL_3V3] on In2.PWR, length 6.9000 mm
[clearance]: Clearance violation ( clearance 0.2000 mm; actual 0.1657 mm)
    Local override; error
    @(98.2000 mm, 62.2000 mm): Via [SPICS] on F.Cu - B.Cu
    @(97.8000 mm, 61.8000 mm): Track [SPISO] on F.Cu, length 4.3909 mm
[shorting_items]: Items shorting two nets (nets SPICS and RTL_3V3)
    Local override; error
    @(98.2000 mm, 62.2000 mm): Via [SPICS] on F.Cu - B.Cu
    @(98.0000 mm, 59.6000 mm): Track [RTL_3V3] on In2.PWR, length 6.9000 mm
[clearance]: Clearance violation ( clearance 0.2000 mm; actual 0.0219 mm)
    Local override; error
    @(99.2000 mm, 61.2000 mm): Track [SPICS] on F.Cu, length 1.4142 mm
    @(100.0000 mm, 60.4000 mm): Track [SPISO3] on F.Cu, length 1.4422 mm
[tracks_crossing]: Tracks crossing
    Local override; error
    @(98.2000 mm, 62.2000 mm): Track [SPICS] on B.Cu, length 6.9000 mm
    @(97.3000 mm, 60.2000 mm): Track [SPICLK] on B.Cu, length 7.8000 mm
[tracks_crossing]: Tracks crossing
    Local override; error
    @(98.2000 mm, 62.2000 mm): Track [SPICS] on B.Cu, length 6.9000 mm
    @(96.1000 mm, 59.6000 mm): Track [SPISI] on B.Cu, length 8.4000 mm
[shorting_items]: Items shorting two nets (nets SPICLK and RTL_3V3)
    Local override; error
    @(102.0500 mm, 59.2000 mm): Track [SPICLK] on F.Cu, length 1.6500 mm
    @(100.5000 mm, 59.6000 mm): Via [RTL_3V3] on F.Cu - B.Cu
[clearance]: Clearance violation ( clearance 0.2000 mm; actual 0.1000 mm)
    Local override; error
    @(100.0000 mm, 59.6000 mm): Track [SPISI] on B.Cu, length 3.9000 mm
    @(100.5000 mm, 59.6000 mm): Via [RTL_3V3] on F.Cu - B.Cu
[tracks_crossing]: Tracks crossing
    Local override; error
    @(102.0500 mm, 59.2000 mm): Track [SPICLK] on F.Cu, length 1.6500 mm
    @(100.8000 mm, 58.8000 mm): Track [SPISI] on F.Cu, length 1.1314 mm
[clearance]: Clearance violation ( clearance 0.2000 mm; actual 0.0992 mm)
    Local override; error
    @(99.4000 mm, 60.2000 mm): Via [SPICLK] on F.Cu - B.Cu
    @(100.0000 mm, 60.4000 mm): Track [SPISO3] on F.Cu, length 1.4422 mm
[clearance]: Clearance violation ( clearance 0.2000 mm; actual 0.1657 mm)
    Local override; error
    @(102.0500 mm, 59.2000 mm): Track [SPICLK] on F.Cu, length 1.6500 mm
    @(100.0000 mm, 59.6000 mm): Via [SPISI] on F.Cu - B.Cu
[shorting_items]: Items shorting two nets (nets SPICLK and RTL_3V3)
    Local override; error
    @(97.3000 mm, 68.0000 mm): Via [SPICLK] on F.Cu - B.Cu
    @(97.5000 mm, 66.5000 mm): Track [RTL_3V3] on In2.PWR, length 1.7500 mm
[shorting_items]: Items shorting two nets (nets RTL_1V1 and SPISO3)
    Local override; error
    @(99.6000 mm, 61.6000 mm): Track [RTL_1V1] on B.Cu, length 2.1000 mm
    @(98.8000 mm, 61.2000 mm): Via [SPISO3] on F.Cu - B.Cu
[shorting_items]: Items shorting two nets (nets RTL_1V1 and SPICLK)
    Local override; error
    @(97.5000 mm, 61.6000 mm): Track [RTL_1V1] on B.Cu, length 13.4000 mm
    @(97.3000 mm, 68.0000 mm): Via [SPICLK] on F.Cu - B.Cu
[clearance]: Clearance violation ( clearance 0.2000 mm; actual 0.1657 mm)
    Local override; error
    @(99.2000 mm, 61.2000 mm): Track [SPICS] on F.Cu, length 1.4142 mm
    @(99.6000 mm, 61.6000 mm): Via [RTL_1V1] on F.Cu - B.Cu
[clearance]: Clearance violation ( clearance 0.2000 mm; actual 0.1099 mm)
    Local override; error
    @(100.1000 mm, 51.0000 mm): Via [RTL_3V3] on F.Cu - B.Cu
    @(100.0000 mm, 56.8000 mm): Track [RTL_1V1] on B.Cu, length 5.3000 mm
[shorting_items]: Items shorting two nets (nets SPISI and RTL_3V3)
    Local override; error
    @(100.0000 mm, 59.6000 mm): Via [SPISI] on F.Cu - B.Cu
    @(100.5000 mm, 59.6000 mm): Via [RTL_3V3] on F.Cu - B.Cu
[shorting_items]: Items shorting two nets (nets SPISI and RTL_3V3)
    Local override; error
    @(100.0000 mm, 59.6000 mm): Via [SPISI] on F.Cu - B.Cu
    @(100.5000 mm, 59.6000 mm): Via [RTL_3V3] on F.Cu - B.Cu
[shorting_items]: Items shorting two nets (nets SPISI and RTL_3V3)
    Local override; error
    @(100.0000 mm, 59.6000 mm): Via [SPISI] on F.Cu - B.Cu
    @(100.5000 mm, 59.6000 mm): Via [RTL_3V3] on F.Cu - B.Cu
[shorting_items]: Items shorting two nets (nets SPISI and RTL_3V3)
    Local override; error
    @(100.0000 mm, 59.6000 mm): Via [SPISI] on F.Cu - B.Cu
    @(100.5000 mm, 59.6000 mm): Via [RTL_3V3] on F.Cu - B.Cu
[shorting_items]: Items shorting two nets (nets SPISI and RTL_3V3)
    Local override; error
    @(100.0000 mm, 59.6000 mm): Via [SPISI] on F.Cu - B.Cu
    @(100.5000 mm, 59.6000 mm): Via [RTL_3V3] on F.Cu - B.Cu
[clearance]: Clearance violation ( clearance 0.2000 mm; actual 0.1657 mm)
    Local override; error
    @(98.2000 mm, 62.2000 mm): Via [SPICS] on F.Cu - B.Cu
    @(98.8000 mm, 60.8000 mm): Track [SPISO] on F.Cu, length 1.4142 mm
[clearance]: Clearance violation ( clearance 0.2000 mm; actual 0.1536 mm)
    Local override; error
    @(100.4000 mm, 59.2000 mm): Track [SPICLK] on F.Cu, length 1.4142 mm
    @(102.0500 mm, 59.6000 mm): Track [RTL_3V3] on F.Cu, length 1.5500 mm
[track_dangling]: Track has unconnected end
    Local override; warning
    @(97.5000 mm, 61.6000 mm): Track [RTL_1V1] on B.Cu, length 13.4000 mm
[track_dangling]: Track has unconnected end
    Local override; warning
    @(100.0000 mm, 56.8000 mm): Track [RTL_1V1] on B.Cu, length 5.3000 mm
[track_dangling]: Track has unconnected end
    Local override; warning
    @(115.5000 mm, 52.0000 mm): Track [RTL_1V1] on In2.PWR, length 23.0000 mm
[track_dangling]: Track has unconnected end
    Local override; warning
    @(97.5000 mm, 75.0000 mm): Track [RTL_1V1] on In2.PWR, length 17.3000 mm
[isolated_copper]: Isolated copper fill
    Local override; warning
    @(65.5000 mm, 40.5000 mm): Zone [GND] on B.Cu, priority 0
[isolated_copper]: Isolated copper fill
    Local override; warning
    @(65.5000 mm, 40.5000 mm): Zone [GND] on B.Cu, priority 0
[isolated_copper]: Isolated copper fill
    Local override; warning
    @(65.5000 mm, 40.5000 mm): Zone [GND] on B.Cu, priority 0
[isolated_copper]: Isolated copper fill
    Local override; warning
    @(65.5000 mm, 40.5000 mm): Zone [GND] on B.Cu, priority 0
[hole_to_hole]: Drilled hole too close to other hole (board setup constraints min 0.2495 mm; actual 0.2000 mm)
    Rule: board setup constraints; warning
    @(100.0000 mm, 59.6000 mm): Via [SPISI] on F.Cu - B.Cu
    @(100.5000 mm, 59.6000 mm): Via [RTL_3V3] on F.Cu - B.Cu

** Found 11 unconnected pads **
[unconnected_items]: Missing connection between items
    Local override; error
    @(106.0000 mm, 62.0000 mm): Pad 69 [GND] of U1 on F.Cu
    @(106.8000 mm, 65.9500 mm): Pad 45 [GND] of U1 on F.Cu
[unconnected_items]: Missing connection between items
    Local override; error
    @(106.8000 mm, 65.9500 mm): Pad 45 [GND] of U1 on F.Cu
    @(65.5000 mm, 40.5000 mm): Zone [GND] on F.Cu, priority 0
[unconnected_items]: Missing connection between items
    Local override; error
    @(109.9500 mm, 59.6000 mm): Pad 66 [GND] of U1 on F.Cu
    @(106.0000 mm, 62.0000 mm): Pad 69 [GND] of U1 on F.Cu
[unconnected_items]: Missing connection between items
    Local override; error
    @(104.4000 mm, 50.0000 mm): Track [CLKREQ_N] on F.Cu, length 8.0500 mm
    @(136.5000 mm, 70.2750 mm): Pad 52 [CLKREQ_N] of J1 on F.Cu
[unconnected_items]: Missing connection between items
    Local override; error
    @(104.0000 mm, 58.0500 mm): Pad 14 [PERST_N] of U1 on F.Cu
    @(136.0000 mm, 70.2750 mm): Pad 50 [PERST_N] of J1 on F.Cu
[unconnected_items]: Missing connection between items
    Local override; error
    @(109.9500 mm, 61.6000 mm): Pad 61 [REFCLK_P] of U1 on F.Cu
    @(137.2500 mm, 62.7250 mm): Pad 55 [REFCLK_P] of J1 on F.Cu
[unconnected_items]: Missing connection between items
    Local override; error
    @(109.9500 mm, 61.2000 mm): Pad 62 [REFCLK_N] of U1 on F.Cu
    @(136.7500 mm, 62.7250 mm): Pad 53 [REFCLK_N] of J1 on F.Cu
[unconnected_items]: Missing connection between items
    Local override; error
    @(109.9500 mm, 60.4000 mm): Pad 64 [LANE0_RXP] of U1 on F.Cu
    @(134.2500 mm, 62.7250 mm): Pad 43 [LANE0_RXP] of J1 on F.Cu
[unconnected_items]: Missing connection between items
    Local override; error
    @(109.9500 mm, 60.0000 mm): Pad 65 [LANE0_RXN] of U1 on F.Cu
    @(133.7500 mm, 62.7250 mm): Pad 41 [LANE0_RXN] of J1 on F.Cu
[unconnected_items]: Missing connection between items
    Local override; error
    @(109.9500 mm, 59.2000 mm): Pad 67 [LANE0_TXN] of U1 on F.Cu
    @(135.2500 mm, 62.7250 mm): Pad 47 [LANE0_TXN] of J1 on F.Cu
[unconnected_items]: Missing connection between items
    Local override; error
    @(109.9500 mm, 58.8000 mm): Pad 68 [LANE0_TXP] of U1 on F.Cu
    @(135.7500 mm, 62.7250 mm): Pad 49 [LANE0_TXP] of J1 on F.Cu

** Found 0 Footprint errors **

** Ignored checks **
    - Footprint has no courtyard defined
    - Track endpoint not centered on via
    - Tuning profile track geometries
    - Footprint doesn't match symbol's footprint filters
    - Footprint component type doesn't match footprint pads

** End of Report **
