** Drc report for PHASE24_RTL9210B_REFCLK_FROZEN_BASELINE_V1582.kicad_pcb **
** Created on 2026-09-10T08:38:58 **
** Report includes: Errors, Warnings **

** Found 15 DRC violations **
[tracks_crossing]: Tracks crossing
    Local override; error
    @(93.5000 mm, 70.4000 mm): Track [REFCLK_P] on B.Cu, length 14.4000 mm
    @(92.5000 mm, 59.0000 mm): Track [REFCLK_N] on B.Cu, length 13.5000 mm
[tracks_crossing]: Tracks crossing
    Local override; error
    @(94.8000 mm, 64.4000 mm): Track [RSET] on B.Cu, length 6.0299 mm
    @(93.5000 mm, 70.4000 mm): Track [REFCLK_P] on B.Cu, length 14.4000 mm
[tracks_crossing]: Tracks crossing
    Local override; error
    @(93.0000 mm, 65.8000 mm): Track [RTL_3V3] on B.Cu, length 6.6000 mm
    @(93.5000 mm, 70.4000 mm): Track [REFCLK_P] on B.Cu, length 14.4000 mm
[tracks_crossing]: Tracks crossing
    Local override; error
    @(92.8000 mm, 69.8000 mm): Track [RTL_1V1] on B.Cu, length 4.8000 mm
    @(92.5000 mm, 70.8000 mm): Track [REFCLK_N] on B.Cu, length 11.8000 mm
[tracks_crossing]: Tracks crossing
    Local override; error
    @(88.0000 mm, 58.0000 mm): Track [RTL_1V1] on B.Cu, length 11.0000 mm
    @(93.5000 mm, 70.4000 mm): Track [REFCLK_P] on B.Cu, length 14.4000 mm
[tracks_crossing]: Tracks crossing
    Local override; error
    @(94.0500 mm, 70.8000 mm): Track [REFCLK_N] on F.Cu, length 1.5500 mm
    @(92.8000 mm, 71.2000 mm): Track [RTL_1V1] on F.Cu, length 1.4000 mm
[tracks_crossing]: Tracks crossing
    Local override; error
    @(121.0000 mm, 67.2000 mm): Track [RTL_5V] on F.Cu, length 14.2000 mm
    @(106.0000 mm, 56.0000 mm): Track [REFCLK_P] on F.Cu, length 31.2500 mm
[shorting_items]: Items shorting two nets (nets RTL_1V1 and REFCLK_N)
    Local override; error
    @(92.8000 mm, 69.8000 mm): Via [RTL_1V1] on F.Cu - B.Cu
    @(92.5000 mm, 70.8000 mm): Track [REFCLK_N] on B.Cu, length 11.8000 mm
[clearance]: Clearance violation ( clearance 0.2000 mm; actual 0.1000 mm)
    Local override; error
    @(94.0000 mm, 62.0000 mm): Via [GND] on F.Cu - B.Cu
    @(93.5000 mm, 70.4000 mm): Track [REFCLK_P] on B.Cu, length 14.4000 mm
[clearance]: Clearance violation ( clearance 0.2000 mm; actual 0.1000 mm)
    Local override; error
    @(93.5000 mm, 70.4000 mm): Track [REFCLK_P] on B.Cu, length 14.4000 mm
    @(93.0000 mm, 66.8000 mm): Via [RTL_3V3] on F.Cu - B.Cu
[clearance]: Clearance violation ( clearance 0.2000 mm; actual 0.0500 mm)
    Local override; error
    @(93.5000 mm, 70.4000 mm): Via [REFCLK_P] on F.Cu - B.Cu
    @(94.0500 mm, 70.0000 mm): Track [RTL_1V1] on F.Cu, length 6.0500 mm
[clearance]: Clearance violation ( clearance 0.2000 mm; actual 0.1500 mm)
    Local override; error
    @(92.5000 mm, 70.8000 mm): Via [REFCLK_N] on F.Cu - B.Cu
    @(94.0500 mm, 71.2000 mm): Track [RTL_1V1] on F.Cu, length 1.2500 mm
[clearance]: Clearance violation (pad clearance 0.1500 mm; actual 0.0972 mm)
    Local override; error
    @(93.5000 mm, 70.4000 mm): Via [REFCLK_P] on F.Cu - B.Cu
    @(94.0500 mm, 70.8000 mm): Pad 62 [REFCLK_N] of U1 on F.Cu
[hole_clearance]: Hole clearance violation (board minimum hole clearance 0.2500 mm; actual 0.1972 mm)
    Local override; error
    @(94.0500 mm, 70.0000 mm): Pad 60 [RTL_1V1] of U1 on F.Cu
    @(93.5000 mm, 70.4000 mm): Via [REFCLK_P] on F.Cu - B.Cu
[hole_clearance]: Hole clearance violation (board minimum hole clearance 0.2500 mm; actual 0.1972 mm)
    Local override; error
    @(94.0500 mm, 70.8000 mm): Pad 62 [REFCLK_N] of U1 on F.Cu
    @(93.5000 mm, 70.4000 mm): Via [REFCLK_P] on F.Cu - B.Cu

** Found 4 unconnected pads **
[unconnected_items]: Missing connection between items
    Local override; error
    @(88.0000 mm, 59.0000 mm): Pad 1 [XTAL_IN] of Y1 on F.Cu
    @(88.0000 mm, 62.0000 mm): Pad 1 [XTAL_IN] of C1 on F.Cu
[unconnected_items]: Missing connection between items
    Local override; error
    @(88.0000 mm, 62.0000 mm): Pad 1 [XTAL_IN] of C1 on F.Cu
    @(94.0500 mm, 67.2000 mm): Pad 53 [XTAL_IN] of U1 on F.Cu
[unconnected_items]: Missing connection between items
    Local override; error
    @(89.4000 mm, 59.0000 mm): Pad 2 [XTAL_OUT] of Y1 on F.Cu
    @(91.0000 mm, 62.0000 mm): Pad 1 [XTAL_OUT] of C2 on F.Cu
[unconnected_items]: Missing connection between items
    Local override; error
    @(91.0000 mm, 62.0000 mm): Pad 1 [XTAL_OUT] of C2 on F.Cu
    @(94.0500 mm, 67.6000 mm): Pad 54 [XTAL_OUT] of U1 on F.Cu

** Found 0 Footprint errors **

** Ignored checks **
    - Footprint has no courtyard defined
    - Track endpoint not centered on via
    - Tuning profile track geometries
    - Footprint doesn't match symbol's footprint filters
    - Footprint component type doesn't match footprint pads

** End of Report **
