** Drc report for PHASE24_RTL9210B_ORIENTATION180_SPI_REMAINING_V824.kicad_pcb **
** Created on 2026-09-09T05:37:18 **
** Report includes: Errors, Warnings **

** Found 14 DRC violations **
[tracks_crossing]: Tracks crossing
    Local override; error
    @(98.4000 mm, 52.0000 mm): Track [PEDET] on F.Cu, length 9.4000 mm
    @(89.3000 mm, 52.5000 mm): Track [SPICLK] on F.Cu, length 2.5000 mm
[tracks_crossing]: Tracks crossing
    Local override; error
    @(93.2000 mm, 68.8000 mm): Track [SPISO] on F.Cu, length 3.0000 mm
    @(93.2000 mm, 68.4000 mm): Track [SPISO3] on F.Cu, length 2.9000 mm
[clearance]: Clearance violation ( clearance 0.2000 mm; actual 0.1000 mm)
    Local override; error
    @(89.0000 mm, 52.0000 mm): Track [PEDET] on F.Cu, length 4.0000 mm
    @(89.3000 mm, 52.5000 mm): Track [SPICLK] on F.Cu, length 2.5000 mm
[clearance]: Clearance violation ( clearance 0.2000 mm; actual 0.1000 mm)
    Local override; error
    @(90.5000 mm, 65.5000 mm): Track [SPISO3] on B.Cu, length 14.5000 mm
    @(90.8000 mm, 65.8000 mm): Track [SPISO] on B.Cu, length 11.8000 mm
[tracks_crossing]: Tracks crossing
    Local override; error
    @(90.5000 mm, 65.5000 mm): Track [SPISO3] on B.Cu, length 14.5000 mm
    @(91.5000 mm, 52.5000 mm): Track [SPICLK] on B.Cu, length 2.2000 mm
[tracks_crossing]: Tracks crossing
    Local override; error
    @(91.5000 mm, 67.2000 mm): Track [SPICLK] on B.Cu, length 14.7000 mm
    @(93.2000 mm, 65.8000 mm): Track [SPISO] on B.Cu, length 2.4000 mm
[tracks_crossing]: Tracks crossing
    Local override; error
    @(94.0500 mm, 67.2000 mm): Track [SPICLK] on F.Cu, length 2.5500 mm
    @(93.2000 mm, 68.4000 mm): Track [SPISO3] on F.Cu, length 2.9000 mm
[tracks_crossing]: Tracks crossing
    Local override; error
    @(94.0500 mm, 66.8000 mm): Track [SPISI] on F.Cu, length 1.2500 mm
    @(93.2000 mm, 68.4000 mm): Track [SPISO3] on F.Cu, length 2.9000 mm
[clearance]: Clearance violation ( clearance 0.2000 mm; actual 0.0243 mm)
    Local override; error
    @(93.2000 mm, 65.8000 mm): Track [SPISO] on B.Cu, length 2.4000 mm
    @(90.5000 mm, 65.5000 mm): Via [SPISO3] on F.Cu - B.Cu
[shorting_items]: Items shorting two nets (nets SPISI and SPICLK)
    Local override; error
    @(92.8000 mm, 66.8000 mm): Via [SPISI] on F.Cu - B.Cu
    @(94.0500 mm, 67.2000 mm): Track [SPICLK] on F.Cu, length 2.5500 mm
[shorting_items]: Items shorting two nets (nets SPISO and SPISI)
    Local override; error
    @(93.2000 mm, 65.8000 mm): Via [SPISO] on F.Cu - B.Cu
    @(92.8000 mm, 66.8000 mm): Track [SPISI] on B.Cu, length 15.3000 mm
[clearance]: Clearance violation ( clearance 0.2000 mm; actual 0.1000 mm)
    Local override; error
    @(90.5000 mm, 51.0000 mm): Via [SPISO3] on F.Cu - B.Cu
    @(92.8000 mm, 51.5000 mm): Track [SPISI] on B.Cu, length 4.7000 mm
[clearance]: Clearance violation ( clearance 0.2000 mm; actual 0.1000 mm)
    Local override; error
    @(93.2000 mm, 68.8000 mm): Track [SPISO] on F.Cu, length 3.0000 mm
    @(93.2000 mm, 65.5000 mm): Track [SPISO3] on F.Cu, length 2.7000 mm
[tracks_crossing]: Tracks crossing
    Local override; error
    @(93.2000 mm, 68.8000 mm): Track [SPISO] on F.Cu, length 3.0000 mm
    @(94.0500 mm, 68.4000 mm): Track [SPISO3] on F.Cu, length 0.8500 mm

** Found 37 unconnected pads **
[unconnected_items]: Missing connection between items
    Local override; error
    @(98.4000 mm, 66.0500 mm): Track [PEDET] on F.Cu, length 14.0500 mm
    @(140.7500 mm, 62.7250 mm): Pad 69 [PEDET] of J1 on F.Cu
[unconnected_items]: Missing connection between items
    Local override; error
    @(136.5000 mm, 70.2750 mm): Pad 52 [CLKREQ_N] of J1 on F.Cu
    @(96.4000 mm, 55.0000 mm): Track [CLKREQ_N] on B.Cu, length 6.6000 mm
[unconnected_items]: Missing connection between items
    Local override; error
    @(94.0500 mm, 69.6000 mm): Pad 25 [RTL_1V1] of U1 on F.Cu
    @(95.2000 mm, 73.9500 mm): Pad 36 [RTL_1V1] of U1 on F.Cu
[unconnected_items]: Missing connection between items
    Local override; error
    @(95.2000 mm, 66.0500 mm): Pad 16 [RTL_1V1] of U1 on F.Cu
    @(94.0500 mm, 69.6000 mm): Pad 25 [RTL_1V1] of U1 on F.Cu
[unconnected_items]: Missing connection between items
    Local override; error
    @(95.2000 mm, 73.9500 mm): Pad 36 [RTL_1V1] of U1 on F.Cu
    @(96.8000 mm, 73.9500 mm): Pad 40 [RTL_1V1] of U1 on F.Cu
[unconnected_items]: Missing connection between items
    Local override; error
    @(96.8000 mm, 73.9500 mm): Pad 40 [RTL_1V1] of U1 on F.Cu
    @(100.8000 mm, 73.9500 mm): Pad 50 [RTL_1V1] of U1 on F.Cu
[unconnected_items]: Missing connection between items
    Local override; error
    @(100.8000 mm, 73.9500 mm): Pad 50 [RTL_1V1] of U1 on F.Cu
    @(101.9500 mm, 72.0000 mm): Pad 55 [RTL_1V1] of U1 on F.Cu
[unconnected_items]: Missing connection between items
    Local override; error
    @(101.9500 mm, 70.0000 mm): Pad 60 [RTL_1V1] of U1 on F.Cu
    @(101.9500 mm, 68.8000 mm): Pad 63 [RTL_1V1] of U1 on F.Cu
[unconnected_items]: Missing connection between items
    Local override; error
    @(101.9500 mm, 72.0000 mm): Pad 55 [RTL_1V1] of U1 on F.Cu
    @(101.9500 mm, 70.0000 mm): Pad 60 [RTL_1V1] of U1 on F.Cu
[unconnected_items]: Missing connection between items
    Local override; error
    @(123.4000 mm, 51.0000 mm): Pad 1 [RTL_1V1] of C4 on F.Cu
    @(101.9500 mm, 68.8000 mm): Pad 63 [RTL_1V1] of U1 on F.Cu
[unconnected_items]: Missing connection between items
    Local override; error
    @(94.8000 mm, 66.0500 mm): Pad 17 [RTL_5V] of U1 on F.Cu
    @(94.0500 mm, 72.8000 mm): Pad 33 [RTL_5V] of U1 on F.Cu
[unconnected_items]: Missing connection between items
    Local override; error
    @(126.4000 mm, 51.0000 mm): Pad 1 [RTL_5V] of C5 on F.Cu
    @(94.8000 mm, 66.0500 mm): Pad 17 [RTL_5V] of U1 on F.Cu
[unconnected_items]: Missing connection between items
    Local override; error
    @(90.2000 mm, 56.0000 mm): Pad 2 [RTL_3V3] of R2 on F.Cu
    @(94.0500 mm, 67.6000 mm): Pad 20 [RTL_3V3] of U1 on F.Cu
[unconnected_items]: Missing connection between items
    Local override; error
    @(91.7000 mm, 50.0000 mm): Pad 8 [RTL_3V3] of U2 on F.Cu
    @(85.7000 mm, 50.0000 mm): Pad 3 [RTL_3V3] of U2 on F.Cu
[unconnected_items]: Missing connection between items
    Local override; error
    @(91.7000 mm, 50.0000 mm): Pad 8 [RTL_3V3] of U2 on F.Cu
    @(90.2000 mm, 56.0000 mm): Pad 2 [RTL_3V3] of R2 on F.Cu
[unconnected_items]: Missing connection between items
    Local override; error
    @(91.7000 mm, 50.0000 mm): Pad 8 [RTL_3V3] of U2 on F.Cu
    @(104.2000 mm, 54.0000 mm): Pad 2 [RTL_3V3] of R3 on F.Cu
[unconnected_items]: Missing connection between items
    Local override; error
    @(94.0500 mm, 73.2000 mm): Pad 34 [RTL_3V3] of U1 on F.Cu
    @(96.4000 mm, 73.9500 mm): Pad 39 [RTL_3V3] of U1 on F.Cu
[unconnected_items]: Missing connection between items
    Local override; error
    @(94.0500 mm, 73.2000 mm): Pad 34 [RTL_3V3] of U1 on F.Cu
    @(94.0500 mm, 67.6000 mm): Pad 20 [RTL_3V3] of U1 on F.Cu
[unconnected_items]: Missing connection between items
    Local override; error
    @(96.4000 mm, 73.9500 mm): Pad 39 [RTL_3V3] of U1 on F.Cu
    @(101.9500 mm, 73.2000 mm): Pad 52 [RTL_3V3] of U1 on F.Cu
[unconnected_items]: Missing connection between items
    Local override; error
    @(104.2000 mm, 54.0000 mm): Pad 2 [RTL_3V3] of R3 on F.Cu
    @(120.4000 mm, 51.0000 mm): Pad 1 [RTL_3V3] of C3 on F.Cu
[unconnected_items]: Missing connection between items
    Local override; error
    @(98.0000 mm, 70.0000 mm): Pad 69 [GND] of U1 on F.Cu
    @(98.8000 mm, 73.9500 mm): Pad 45 [GND] of U1 on F.Cu
[unconnected_items]: Missing connection between items
    Local override; error
    @(98.0000 mm, 70.0000 mm): Pad 69 [GND] of U1 on F.Cu
    @(101.9500 mm, 67.6000 mm): Pad 66 [GND] of U1 on F.Cu
[unconnected_items]: Missing connection between items
    Local override; error
    @(101.9500 mm, 67.6000 mm): Pad 66 [GND] of U1 on F.Cu
    @(65.5000 mm, 40.5000 mm): Zone [GND] on F.Cu, priority 0
[unconnected_items]: Missing connection between items
    Local override; error
    @(101.2000 mm, 73.9500 mm): Pad 51 [RSET] of U1 on F.Cu
    @(105.0000 mm, 56.0000 mm): Pad 1 [RSET] of R1 on F.Cu
[unconnected_items]: Missing connection between items
    Local override; error
    @(101.0000 mm, 60.0000 mm): Pad 1 [XTAL_IN] of C1 on F.Cu
    @(101.9500 mm, 72.8000 mm): Pad 53 [XTAL_IN] of U1 on F.Cu
[unconnected_items]: Missing connection between items
    Local override; error
    @(105.0000 mm, 60.0000 mm): Pad 1 [XTAL_IN] of Y1 on F.Cu
    @(101.0000 mm, 60.0000 mm): Pad 1 [XTAL_IN] of C1 on F.Cu
[unconnected_items]: Missing connection between items
    Local override; error
    @(106.4000 mm, 60.0000 mm): Pad 2 [XTAL_OUT] of Y1 on F.Cu
    @(101.9500 mm, 72.4000 mm): Pad 54 [XTAL_OUT] of U1 on F.Cu
[unconnected_items]: Missing connection between items
    Local override; error
    @(108.0000 mm, 60.0000 mm): Pad 1 [XTAL_OUT] of C2 on F.Cu
    @(106.4000 mm, 60.0000 mm): Pad 2 [XTAL_OUT] of Y1 on F.Cu
[unconnected_items]: Missing connection between items
    Local override; error
    @(101.9500 mm, 69.6000 mm): Pad 61 [REFCLK_P] of U1 on F.Cu
    @(137.2500 mm, 62.7250 mm): Pad 55 [REFCLK_P] of J1 on F.Cu
[unconnected_items]: Missing connection between items
    Local override; error
    @(101.9500 mm, 69.2000 mm): Pad 62 [REFCLK_N] of U1 on F.Cu
    @(136.7500 mm, 62.7250 mm): Pad 53 [REFCLK_N] of J1 on F.Cu
[unconnected_items]: Missing connection between items
    Local override; error
    @(101.9500 mm, 68.4000 mm): Pad 64 [LANE0_RXP] of U1 on F.Cu
    @(134.2500 mm, 62.7250 mm): Pad 43 [LANE0_RXP] of J1 on F.Cu
[unconnected_items]: Missing connection between items
    Local override; error
    @(101.9500 mm, 68.0000 mm): Pad 65 [LANE0_RXN] of U1 on F.Cu
    @(133.7500 mm, 62.7250 mm): Pad 41 [LANE0_RXN] of J1 on F.Cu
[unconnected_items]: Missing connection between items
    Local override; error
    @(101.9500 mm, 67.2000 mm): Pad 67 [LANE0_TXN] of U1 on F.Cu
    @(135.2500 mm, 62.7250 mm): Pad 47 [LANE0_TXN] of J1 on F.Cu
[unconnected_items]: Missing connection between items
    Local override; error
    @(101.9500 mm, 66.8000 mm): Pad 68 [LANE0_TXP] of U1 on F.Cu
    @(135.7500 mm, 62.7250 mm): Pad 49 [LANE0_TXP] of J1 on F.Cu
[unconnected_items]: Missing connection between items
    Local override; error
    @(114.7500 mm, 62.7250 mm): Pad 2 [SSD_3V3] of J1 on F.Cu
    @(115.2500 mm, 62.7250 mm): Pad 4 [SSD_3V3] of J1 on F.Cu
[unconnected_items]: Missing connection between items
    Local override; error
    @(115.2500 mm, 62.7250 mm): Pad 4 [SSD_3V3] of J1 on F.Cu
    @(115.7500 mm, 62.7250 mm): Pad 6 [SSD_3V3] of J1 on F.Cu
[unconnected_items]: Missing connection between items
    Local override; error
    @(115.7500 mm, 62.7250 mm): Pad 6 [SSD_3V3] of J1 on F.Cu
    @(116.2500 mm, 62.7250 mm): Pad 8 [SSD_3V3] of J1 on F.Cu

** Found 0 Footprint errors **

** Ignored checks **
    - Footprint has no courtyard defined
    - Track endpoint not centered on via
    - Tuning profile track geometries
    - Footprint doesn't match symbol's footprint filters
    - Footprint component type doesn't match footprint pads

** End of Report **
