** Drc report for PHASE24_RTL9210B_1V1_PERIMETER_V60.kicad_pcb **
** Created on 2026-09-07T10:10:13 **
** Report includes: Errors, Warnings **

** Found 35 DRC violations **
[shorting_items]: Items shorting two nets (nets SPICS and RTL_1V1)
    Local override; error
    @(98.8000 mm, 57.0000 mm): Via [SPICS] on F.Cu - B.Cu
    @(98.4000 mm, 66.0500 mm): Track [RTL_1V1] on F.Cu, length 14.0500 mm
[shorting_items]: Items shorting two nets (nets XTAL_OUT and RTL_1V1)
    Local override; error
    @(95.6000 mm, 73.9500 mm): Track [XTAL_OUT] on F.Cu, length 3.0500 mm
    @(96.0000 mm, 76.0000 mm): Via [RTL_1V1] on F.Cu - B.Cu
[shorting_items]: Items shorting two nets (nets RTL_1V1 and XTAL_IN)
    Local override; error
    @(96.0000 mm, 76.0000 mm): Via [RTL_1V1] on F.Cu - B.Cu
    @(94.4000 mm, 76.0000 mm): Track [XTAL_IN] on B.Cu, length 13.1381 mm
[clearance]: Clearance violation ( clearance 0.2000 mm; actual 0.0472 mm)
    Local override; error
    @(92.8000 mm, 68.8000 mm): Via [RTL_1V1] on F.Cu - B.Cu
    @(93.0000 mm, 68.4000 mm): Track [RTL_3V3] on F.Cu, length 1.0500 mm
[shorting_items]: Items shorting two nets (nets RTL_1V1 and XTAL_OUT)
    Local override; error
    @(108.5000 mm, 77.0000 mm): Track [RTL_1V1] on B.Cu, length 5.0000 mm
    @(96.4000 mm, 77.0000 mm): Track [XTAL_OUT] on B.Cu, length 14.1014 mm
[tracks_crossing]: Tracks crossing
    Local override; error
    @(92.8000 mm, 68.8000 mm): Track [RTL_1V1] on B.Cu, length 13.2000 mm
    @(94.2000 mm, 74.4000 mm): Track [RTL_3V3] on B.Cu, length 4.0000 mm
[tracks_crossing]: Tracks crossing
    Local override; error
    @(99.2000 mm, 76.0000 mm): Track [RTL_1V1] on B.Cu, length 6.0000 mm
    @(91.0000 mm, 78.0000 mm): Track [RSET] on B.Cu, length 16.7451 mm
[shorting_items]: Items shorting two nets (nets XTAL_IN and RTL_1V1)
    Local override; error
    @(94.4000 mm, 76.0000 mm): Track [XTAL_IN] on B.Cu, length 13.1381 mm
    @(99.2000 mm, 76.0000 mm): Via [RTL_1V1] on F.Cu - B.Cu
[tracks_crossing]: Tracks crossing
    Local override; error
    @(92.8000 mm, 72.8000 mm): Track [RTL_1V1] on B.Cu, length 9.2000 mm
    @(94.2000 mm, 74.4000 mm): Track [RTL_3V3] on B.Cu, length 4.0000 mm
[shorting_items]: Items shorting two nets (nets XTAL_IN and RTL_1V1)
    Local override; error
    @(94.4000 mm, 76.0000 mm): Track [XTAL_IN] on B.Cu, length 13.1381 mm
    @(98.0000 mm, 76.0000 mm): Via [RTL_1V1] on F.Cu - B.Cu
[tracks_crossing]: Tracks crossing
    Local override; error
    @(98.0000 mm, 76.0000 mm): Track [RTL_1V1] on B.Cu, length 6.0000 mm
    @(91.0000 mm, 78.0000 mm): Track [RSET] on B.Cu, length 16.7451 mm
[tracks_crossing]: Tracks crossing
    Local override; error
    @(96.0000 mm, 76.0000 mm): Track [RTL_1V1] on B.Cu, length 6.0000 mm
    @(91.0000 mm, 78.0000 mm): Track [RSET] on B.Cu, length 16.7451 mm
[tracks_crossing]: Tracks crossing
    Local override; error
    @(94.0500 mm, 67.2000 mm): Track [RTL_1V1] on F.Cu, length 1.2500 mm
    @(93.0000 mm, 65.2000 mm): Track [RTL_3V3] on F.Cu, length 3.2000 mm
[tracks_crossing]: Tracks crossing
    Local override; error
    @(94.2000 mm, 74.4000 mm): Track [RTL_3V3] on B.Cu, length 4.0000 mm
    @(92.8000 mm, 67.2000 mm): Track [RTL_1V1] on B.Cu, length 14.8000 mm
[tracks_crossing]: Tracks crossing
    Local override; error
    @(103.0000 mm, 67.2000 mm): Track [RTL_1V1] on B.Cu, length 14.8000 mm
    @(91.0000 mm, 78.0000 mm): Track [RSET] on B.Cu, length 16.7451 mm
[tracks_crossing]: Tracks crossing
    Local override; error
    @(98.4000 mm, 52.0000 mm): Track [RTL_1V1] on B.Cu, length 30.0000 mm
    @(102.2000 mm, 64.8000 mm): Track [SPISI] on B.Cu, length 13.8000 mm
[shorting_items]: Items shorting two nets (nets RTL_1V1 and XTAL_OUT)
    Local override; error
    @(113.8000 mm, 77.0000 mm): Track [RTL_1V1] on B.Cu, length 5.3000 mm
    @(110.5000 mm, 76.8000 mm): Via [XTAL_OUT] on F.Cu - B.Cu
[isolated_copper]: Isolated copper fill
    Local override; warning
    @(65.5000 mm, 40.5000 mm): Zone [GND] on B.Cu, priority 0
[isolated_copper]: Isolated copper fill
    Local override; warning
    @(65.5000 mm, 40.5000 mm): Zone [GND] on B.Cu, priority 0
[isolated_copper]: Isolated copper fill
    Local override; warning
    @(65.5000 mm, 40.5000 mm): Zone [GND] on B.Cu, priority 0
[isolated_copper]: Isolated copper fill
    Local override; warning
    @(65.5000 mm, 40.5000 mm): Zone [GND] on B.Cu, priority 0
[isolated_copper]: Isolated copper fill
    Local override; warning
    @(65.5000 mm, 40.5000 mm): Zone [GND] on B.Cu, priority 0
[isolated_copper]: Isolated copper fill
    Local override; warning
    @(65.5000 mm, 40.5000 mm): Zone [GND] on B.Cu, priority 0
[isolated_copper]: Isolated copper fill
    Local override; warning
    @(65.5000 mm, 40.5000 mm): Zone [GND] on B.Cu, priority 0
[isolated_copper]: Isolated copper fill
    Local override; warning
    @(65.5000 mm, 40.5000 mm): Zone [GND] on B.Cu, priority 0
[isolated_copper]: Isolated copper fill
    Local override; warning
    @(65.5000 mm, 40.5000 mm): Zone [GND] on B.Cu, priority 0
[isolated_copper]: Isolated copper fill
    Local override; warning
    @(65.5000 mm, 40.5000 mm): Zone [GND] on B.Cu, priority 0
[isolated_copper]: Isolated copper fill
    Local override; warning
    @(65.5000 mm, 40.5000 mm): Zone [GND] on B.Cu, priority 0
[isolated_copper]: Isolated copper fill
    Local override; warning
    @(65.5000 mm, 40.5000 mm): Zone [GND] on B.Cu, priority 0
[isolated_copper]: Isolated copper fill
    Local override; warning
    @(65.5000 mm, 40.5000 mm): Zone [GND] on B.Cu, priority 0
[isolated_copper]: Isolated copper fill
    Local override; warning
    @(65.5000 mm, 40.5000 mm): Zone [GND] on B.Cu, priority 0
[isolated_copper]: Isolated copper fill
    Local override; warning
    @(65.5000 mm, 40.5000 mm): Zone [GND] on B.Cu, priority 0
[isolated_copper]: Isolated copper fill
    Local override; warning
    @(65.5000 mm, 40.5000 mm): Zone [GND] on B.Cu, priority 0
[isolated_copper]: Isolated copper fill
    Local override; warning
    @(65.5000 mm, 40.5000 mm): Zone [GND] on B.Cu, priority 0
[silk_overlap]: Silkscreen clearance
    Rule: board setup constraints silk; warning
    @(109.0000 mm, 79.5000 mm): Reference field of C1
    @(109.0000 mm, 79.5000 mm): Reference field of R1

** Found 20 unconnected pads **
[unconnected_items]: Missing connection between items
    Local override; error
    @(101.9500 mm, 66.8000 mm): Pad 17 [RTL_5V] of U1 on F.Cu
    @(95.2000 mm, 66.0500 mm): Pad 33 [RTL_5V] of U1 on F.Cu
[unconnected_items]: Missing connection between items
    Local override; error
    @(116.4000 mm, 69.0000 mm): Pad 1 [RTL_5V] of C5 on F.Cu
    @(101.9500 mm, 66.8000 mm): Pad 17 [RTL_5V] of U1 on F.Cu
[unconnected_items]: Missing connection between items
    Local override; error
    @(98.0000 mm, 70.0000 mm): Pad 69 [GND] of U1 on F.Cu
    @(94.0500 mm, 70.8000 mm): Pad 45 [GND] of U1 on F.Cu
[unconnected_items]: Missing connection between items
    Local override; error
    @(100.4000 mm, 73.9500 mm): Pad 66 [GND] of U1 on F.Cu
    @(98.0000 mm, 70.0000 mm): Pad 69 [GND] of U1 on F.Cu
[unconnected_items]: Missing connection between items
    Local override; error
    @(108.4000 mm, 78.0000 mm): Pad 2 [GND] of C1 on F.Cu
    @(100.4000 mm, 73.9500 mm): Pad 66 [GND] of U1 on F.Cu
[unconnected_items]: Missing connection between items
    Local override; error
    @(89.0000 mm, 56.0000 mm): Pad 1 [PEDET] of R2 on F.Cu
    @(101.9500 mm, 70.4000 mm): Pad 8 [PEDET] of U1 on F.Cu
[unconnected_items]: Missing connection between items
    Local override; error
    @(101.9500 mm, 70.4000 mm): Pad 8 [PEDET] of U1 on F.Cu
    @(140.7500 mm, 62.7250 mm): Pad 69 [PEDET] of J1 on F.Cu
[unconnected_items]: Missing connection between items
    Local override; error
    @(92.0000 mm, 56.0000 mm): Pad 1 [CLKREQ_N] of R3 on F.Cu
    @(101.9500 mm, 68.4000 mm): Pad 13 [CLKREQ_N] of U1 on F.Cu
[unconnected_items]: Missing connection between items
    Local override; error
    @(101.9500 mm, 68.4000 mm): Pad 13 [CLKREQ_N] of U1 on F.Cu
    @(136.5000 mm, 70.2750 mm): Pad 52 [CLKREQ_N] of J1 on F.Cu
[unconnected_items]: Missing connection between items
    Local override; error
    @(101.9500 mm, 68.0000 mm): Pad 14 [PERST_N] of U1 on F.Cu
    @(136.0000 mm, 70.2750 mm): Pad 50 [PERST_N] of J1 on F.Cu
[unconnected_items]: Missing connection between items
    Local override; error
    @(94.8000 mm, 66.0500 mm): Track [RTL_3V3] on F.Cu, length 1.9906 mm
    @(100.4000 mm, 66.0500 mm): Track [RTL_3V3] on F.Cu, length 5.2500 mm
[unconnected_items]: Missing connection between items
    Local override; error
    @(98.4000 mm, 73.9500 mm): Pad 61 [REFCLK_P] of U1 on F.Cu
    @(137.2500 mm, 62.7250 mm): Pad 55 [REFCLK_P] of J1 on F.Cu
[unconnected_items]: Missing connection between items
    Local override; error
    @(98.8000 mm, 73.9500 mm): Pad 62 [REFCLK_N] of U1 on F.Cu
    @(136.7500 mm, 62.7250 mm): Pad 53 [REFCLK_N] of J1 on F.Cu
[unconnected_items]: Missing connection between items
    Local override; error
    @(99.6000 mm, 73.9500 mm): Pad 64 [LANE0_RXP] of U1 on F.Cu
    @(134.2500 mm, 62.7250 mm): Pad 43 [LANE0_RXP] of J1 on F.Cu
[unconnected_items]: Missing connection between items
    Local override; error
    @(100.0000 mm, 73.9500 mm): Pad 65 [LANE0_RXN] of U1 on F.Cu
    @(133.7500 mm, 62.7250 mm): Pad 41 [LANE0_RXN] of J1 on F.Cu
[unconnected_items]: Missing connection between items
    Local override; error
    @(100.8000 mm, 73.9500 mm): Pad 67 [LANE0_TXN] of U1 on F.Cu
    @(135.2500 mm, 62.7250 mm): Pad 47 [LANE0_TXN] of J1 on F.Cu
[unconnected_items]: Missing connection between items
    Local override; error
    @(101.2000 mm, 73.9500 mm): Pad 68 [LANE0_TXP] of U1 on F.Cu
    @(135.7500 mm, 62.7250 mm): Pad 49 [LANE0_TXP] of J1 on F.Cu
[unconnected_items]: Missing connection between items
    Local override; error
    @(114.7500 mm, 62.7250 mm): Pad 2 [SSD_3V3] of J1 on F.Cu
    @(115.2500 mm, 62.7250 mm): Pad 4 [SSD_3V3] of J1 on F.Cu
[unconnected_items]: Missing connection between items
    Local override; error
    @(115.2500 mm, 62.7250 mm): Pad 4 [SSD_3V3] of J1 on F.Cu
    @(115.7500 mm, 62.7250 mm): Pad 6 [SSD_3V3] of J1 on F.Cu
[unconnected_items]: Missing connection between items
    Local override; error
    @(115.7500 mm, 62.7250 mm): Pad 6 [SSD_3V3] of J1 on F.Cu
    @(116.2500 mm, 62.7250 mm): Pad 8 [SSD_3V3] of J1 on F.Cu

** Found 0 Footprint errors **

** Ignored checks **
    - Footprint has no courtyard defined
    - Track endpoint not centered on via
    - Tuning profile track geometries
    - Footprint doesn't match symbol's footprint filters
    - Footprint component type doesn't match footprint pads

** End of Report **
