authoritative schematic nodes: 846; PCB pads: 1237
expected-pad mismatches: 111
MISSING C48.1 expected ETH_CT1
MISSING C48.2 expected ETH_CT_BRANCH_1
MISSING C49.1 expected ETH_CT2
MISSING C49.2 expected ETH_CT_BRANCH_2
MISSING C50.1 expected ETH_CT3
MISSING C50.2 expected ETH_CT_BRANCH_3
MISSING C51.1 expected ETH_CT4
MISSING C51.2 expected ETH_CT_BRANCH_4
MISSING C52.1 expected ETH_CT_COMMON
MISSING C52.2 expected GBE_SHIELD
WRONG F1.2: '12V_IN_A' != 'FUSED_12V_A'
WRONG F2.2: '12V_IN_B' != 'FUSED_12V_B'
MISSING J1.GND expected POWER_GND
MISSING J1.PWR expected 12V_PROTECTED
WRONG J2.10: 'CM5_GBE_TD3_N' != 'ETH_CT2'
WRONG J2.11: 'ETH_CT1' != 'ETH_CT3'
WRONG J2.12: 'ETH_CT2' != 'ETH_CT4'
WRONG J2.13: 'ETH_CT3' != 'ETH_POWER'
WRONG J2.14: 'ETH_CT4' != 'GBE_LED_Y_K'
WRONG J2.15: 'GBE_LED_Y_A' != 'ETH_POWER'
WRONG J2.16: 'GBE_LED_Y_K' != 'GBE_LED_G_K'
WRONG J2.17: 'GBE_LED_G_A' != 'GBE_SHIELD'
WRONG J2.18: 'GBE_LED_G_K' != 'GBE_SHIELD'
WRONG J2.4: '' != 'CM5_GBE_TD1_N'
WRONG J2.5: '' != 'CM5_GBE_TD2_P'
WRONG J2.6: 'CM5_GBE_TD1_N' != 'CM5_GBE_TD2_N'
WRONG J2.7: 'CM5_GBE_TD2_P' != 'CM5_GBE_TD3_P'
WRONG J2.8: 'CM5_GBE_TD2_N' != 'CM5_GBE_TD3_N'
WRONG J2.9: 'CM5_GBE_TD3_P' != 'ETH_CT1'
MISSING J4.1 expected SERVICE_USB2_DP
MISSING J4.2 expected SERVICE_USB2_DM
MISSING J4.3 expected SERVICE_VBUS_SENSE
MISSING J4.4 expected SERVICE_GND
MISSING J4.5 expected SERVICE_RD_A
MISSING J4.6 expected SERVICE_RD_B
WRONG J5.1: 'FORCE_SATA' != '12V_IN_A'
WRONG J5.2: 'AUTO_PEDET' != 'POWER_GND'
WRONG J7.134: 'unconnected-(J7B-USB3-0-D_P-Pad134)' != 'CM5_STORAGE_USB2_DP'
WRONG J7.136: 'unconnected-(J7B-USB3-0-D_N-Pad136)' != 'CM5_STORAGE_USB2_DM'
WRONG J7.15: 'unconnected-(J7A-Ethernet_nLED3(3.3v)-Pad15)' != 'ETH_LEDG'
WRONG J7.17: 'unconnected-(J7A-Ethernet_nLED2(3.3v)-Pad17)' != 'ETH_LEDY'
WRONG R1.2: 'POWER_GND' != 'SERVICE_GND'
WRONG R2.2: 'POWER_GND' != 'SERVICE_GND'
MISSING R26.1 expected ETH_CT_BRANCH_1
MISSING R26.2 expected ETH_CT_COMMON
MISSING R27.1 expected ETH_CT_BRANCH_2
MISSING R27.2 expected ETH_CT_COMMON
MISSING R28.1 expected ETH_CT_BRANCH_3
MISSING R28.2 expected ETH_CT_COMMON
MISSING R29.1 expected ETH_CT_BRANCH_4
MISSING R29.2 expected ETH_CT_COMMON
MISSING R30.1 expected ETH_LEDY
MISSING R30.2 expected GBE_LED_Y_K
MISSING R31.1 expected ETH_LEDG
MISSING R31.2 expected GBE_LED_G_K
WRONG U12.24: 'JMS_USB3_TXN' != 'USB_TXN1'
WRONG U12.25: 'JMS_USB3_TXP' != 'USB_TXP1'
WRONG U8.3: 'POWER_GND' != 'SERVICE_GND'
MISSING X1.1 expected CM5_PER0_P
MISSING X1.10 expected SERVICE_USB2_DP
MISSING X1.11 expected SERVICE_USB2_DM
MISSING X1.12 expected CM5_POWER
MISSING X1.2 expected CM5_PER0_N
MISSING X1.3 expected CM5_PET0_P
MISSING X1.4 expected CM5_PET0_N
MISSING X1.5 expected CM5_REFCLK_P
MISSING X1.6 expected CM5_REFCLK_N
MISSING X1.7 expected CM5_PERST
MISSING X1.8 expected CM5_USB3
MISSING X1.9 expected CM5_GBE
MISSING X10.1 expected UART
MISSING X10.2 expected RECOVERY
MISSING X10.3 expected POWER_PG_FAULT
MISSING X10.4 expected DEBUG_GND
MISSING X2.1 expected CM5_PER0_P
MISSING X2.10 expected V100_PET0_P
MISSING X2.11 expected V100_PET0_N
MISSING X2.12 expected V100_REFCLK_P
MISSING X2.13 expected V100_REFCLK_N
MISSING X2.14 expected V100_PERST
MISSING X2.2 expected CM5_PER0_N
MISSING X2.3 expected CM5_PET0_P
MISSING X2.4 expected CM5_PET0_N
MISSING X2.5 expected CM5_REFCLK_P
MISSING X2.6 expected CM5_REFCLK_N
MISSING X2.7 expected CM5_PERST
MISSING X2.8 expected V100_PER0_P
MISSING X2.9 expected V100_PER0_N
MISSING X3.1 expected V100_POWER_12V
MISSING X3.2 expected V100_GND
MISSING X3.3 expected V100_THERMAL
MISSING X4.1 expected 12V_IN_A
MISSING X4.2 expected 12V_IN_B
MISSING X4.3 expected 12V_PROTECTED
MISSING X4.4 expected POWER_PG_FAULT
MISSING X5.1 expected 12V_PROTECTED
MISSING X5.2 expected CM5_5V
MISSING X5.3 expected STORAGE_3V3
MISSING X5.4 expected BRIDGE_1V1_3V3
MISSING X6.1 expected CM5_GBE
MISSING X6.3 expected GBE_SHIELD
MISSING X6.4 expected ETH_POWER
MISSING X8.1 expected SERVICE_USB2_DP
MISSING X8.2 expected SERVICE_USB2_DM
MISSING X8.3 expected SERVICE_VBUS_SENSE
MISSING X8.4 expected SERVICE_RD
MISSING X8.5 expected SERVICE_GND
MISSING X9.1 expected COOLING_12V
MISSING X9.2 expected COOLING_PWM
MISSING X9.3 expected COOLING_TACH
MISSING X9.4 expected THERMAL_ALERT
