** Drc report for PHASE24_RTL9210B_V850_LANE0_EDGE_V1316.kicad_pcb **
** Created on 2026-09-09T19:10:50 **
** Report includes: Errors, Warnings **

** Found 14 DRC violations **
[shorting_items]: Items shorting two nets (nets LANE0_TXN and LANE0_TXP)
    Local override; error
    @(108.5000 mm, 67.2000 mm): Track [LANE0_TXN] on B.Cu, length 23.5000 mm
    @(110.0000 mm, 66.8000 mm): Via [LANE0_TXP] on F.Cu - B.Cu
[shorting_items]: Items shorting two nets (nets LANE0_TXP and LANE0_TXN)
    Local override; error
    @(133.0000 mm, 66.8000 mm): Track [LANE0_TXP] on F.Cu, length 4.9161 mm
    @(135.2500 mm, 62.7250 mm): Pad 47 [LANE0_TXN] of J1 on F.Cu
[clearance]: Clearance violation ( clearance 0.2000 mm; actual 0.1741 mm)
    Local override; error
    @(132.0000 mm, 67.2000 mm): Track [LANE0_TXN] on F.Cu, length 5.5307 mm
    @(133.0000 mm, 66.8000 mm): Via [LANE0_TXP] on F.Cu - B.Cu
[shorting_items]: Items shorting two nets (nets LANE0_RXP and LANE0_RXN)
    Local override; error
    @(106.0000 mm, 68.4000 mm): Via [LANE0_RXP] on F.Cu - B.Cu
    @(101.9500 mm, 68.0000 mm): Track [LANE0_RXN] on F.Cu, length 5.0500 mm
[clearance]: Clearance violation ( clearance 0.2000 mm; actual 0.1169 mm)
    Local override; error
    @(131.0000 mm, 68.0000 mm): Track [LANE0_RXN] on F.Cu, length 5.9488 mm
    @(132.0000 mm, 67.2000 mm): Via [LANE0_TXN] on F.Cu - B.Cu
[shorting_items]: Items shorting two nets (nets LANE0_TXP and LANE0_TXN)
    Local override; error
    @(101.9500 mm, 66.8000 mm): Track [LANE0_TXP] on F.Cu, length 8.0500 mm
    @(108.5000 mm, 67.2000 mm): Via [LANE0_TXN] on F.Cu - B.Cu
[shorting_items]: Items shorting two nets (nets LANE0_TXP and LANE0_TXN)
    Local override; error
    @(110.0000 mm, 66.8000 mm): Track [LANE0_TXP] on B.Cu, length 23.0000 mm
    @(132.0000 mm, 67.2000 mm): Via [LANE0_TXN] on F.Cu - B.Cu
[tracks_crossing]: Tracks crossing
    Local override; error
    @(131.0000 mm, 68.0000 mm): Track [LANE0_RXN] on F.Cu, length 5.9488 mm
    @(130.0000 mm, 68.4000 mm): Track [LANE0_RXP] on F.Cu, length 7.0900 mm
[shorting_items]: Items shorting two nets (nets LANE0_RXP and LANE0_RXN)
    Local override; error
    @(130.0000 mm, 68.4000 mm): Via [LANE0_RXP] on F.Cu - B.Cu
    @(107.0000 mm, 68.0000 mm): Track [LANE0_RXN] on B.Cu, length 24.0000 mm
[shorting_items]: Items shorting two nets (nets LANE0_RXP and LANE0_RXN)
    Local override; error
    @(106.0000 mm, 68.4000 mm): Track [LANE0_RXP] on B.Cu, length 24.0000 mm
    @(107.0000 mm, 68.0000 mm): Via [LANE0_RXN] on F.Cu - B.Cu
[solder_mask_bridge]: Front solder mask aperture bridges items with different nets
    Rule: board setup solder mask min width; error
    @(130.0000 mm, 68.4000 mm): Track [LANE0_RXP] on F.Cu, length 7.0900 mm
    @(133.7500 mm, 62.7250 mm): Pad 41 [LANE0_RXN] of J1 on F.Cu
[solder_mask_bridge]: Front solder mask aperture bridges items with different nets
    Rule: board setup solder mask min width; error
    @(133.0000 mm, 66.8000 mm): Track [LANE0_TXP] on F.Cu, length 4.9161 mm
    @(135.2500 mm, 62.7250 mm): Pad 47 [LANE0_TXN] of J1 on F.Cu
[isolated_copper]: Isolated copper fill
    Local override; warning
    @(65.5000 mm, 40.5000 mm): Zone [GND] on B.Cu, priority 0
[copper_sliver]: Copper sliver (F.Cu)
    Local override; warning

** Found 38 unconnected pads **
[unconnected_items]: Missing connection between items
    Local override; error
    @(98.4000 mm, 66.0500 mm): Pad 8 [PEDET] of U1 on F.Cu
    @(120.0000 mm, 75.0000 mm): Pad 1 [PEDET] of R2 on F.Cu
[unconnected_items]: Missing connection between items
    Local override; error
    @(120.0000 mm, 75.0000 mm): Pad 1 [PEDET] of R2 on F.Cu
    @(140.7500 mm, 62.7250 mm): Pad 69 [PEDET] of J1 on F.Cu
[unconnected_items]: Missing connection between items
    Local override; error
    @(96.4000 mm, 66.0500 mm): Pad 13 [CLKREQ_N] of U1 on F.Cu
    @(120.0000 mm, 80.0000 mm): Pad 1 [CLKREQ_N] of R3 on F.Cu
[unconnected_items]: Missing connection between items
    Local override; error
    @(120.0000 mm, 80.0000 mm): Pad 1 [CLKREQ_N] of R3 on F.Cu
    @(136.5000 mm, 70.2750 mm): Pad 52 [CLKREQ_N] of J1 on F.Cu
[unconnected_items]: Missing connection between items
    Local override; error
    @(96.0000 mm, 66.0500 mm): Pad 14 [PERST_N] of U1 on F.Cu
    @(136.0000 mm, 70.2750 mm): Pad 50 [PERST_N] of J1 on F.Cu
[unconnected_items]: Missing connection between items
    Local override; error
    @(94.0500 mm, 69.6000 mm): Pad 25 [RTL_1V1] of U1 on F.Cu
    @(95.2000 mm, 73.9500 mm): Pad 36 [RTL_1V1] of U1 on F.Cu
[unconnected_items]: Missing connection between items
    Local override; error
    @(95.2000 mm, 66.0500 mm): Pad 16 [RTL_1V1] of U1 on F.Cu
    @(94.0500 mm, 69.6000 mm): Pad 25 [RTL_1V1] of U1 on F.Cu
[unconnected_items]: Missing connection between items
    Local override; error
    @(95.2000 mm, 73.9500 mm): Pad 36 [RTL_1V1] of U1 on F.Cu
    @(96.8000 mm, 73.9500 mm): Pad 40 [RTL_1V1] of U1 on F.Cu
[unconnected_items]: Missing connection between items
    Local override; error
    @(96.8000 mm, 73.9500 mm): Pad 40 [RTL_1V1] of U1 on F.Cu
    @(100.8000 mm, 73.9500 mm): Pad 50 [RTL_1V1] of U1 on F.Cu
[unconnected_items]: Missing connection between items
    Local override; error
    @(100.8000 mm, 73.9500 mm): Pad 50 [RTL_1V1] of U1 on F.Cu
    @(101.9500 mm, 72.0000 mm): Pad 55 [RTL_1V1] of U1 on F.Cu
[unconnected_items]: Missing connection between items
    Local override; error
    @(101.9500 mm, 70.0000 mm): Pad 60 [RTL_1V1] of U1 on F.Cu
    @(101.9500 mm, 68.8000 mm): Pad 63 [RTL_1V1] of U1 on F.Cu
[unconnected_items]: Missing connection between items
    Local override; error
    @(101.9500 mm, 72.0000 mm): Pad 55 [RTL_1V1] of U1 on F.Cu
    @(101.9500 mm, 70.0000 mm): Pad 60 [RTL_1V1] of U1 on F.Cu
[unconnected_items]: Missing connection between items
    Local override; error
    @(123.4000 mm, 51.0000 mm): Pad 1 [RTL_1V1] of C4 on F.Cu
    @(101.9500 mm, 68.8000 mm): Pad 63 [RTL_1V1] of U1 on F.Cu
[unconnected_items]: Missing connection between items
    Local override; error
    @(94.8000 mm, 66.0500 mm): Pad 17 [RTL_5V] of U1 on F.Cu
    @(94.0500 mm, 72.8000 mm): Pad 33 [RTL_5V] of U1 on F.Cu
[unconnected_items]: Missing connection between items
    Local override; error
    @(126.4000 mm, 51.0000 mm): Pad 1 [RTL_5V] of C5 on F.Cu
    @(94.8000 mm, 66.0500 mm): Pad 17 [RTL_5V] of U1 on F.Cu
[unconnected_items]: Missing connection between items
    Local override; error
    @(88.0000 mm, 53.6000 mm): Pad 3 [RTL_3V3] of U2 on F.Cu
    @(88.0000 mm, 59.6000 mm): Pad 8 [RTL_3V3] of U2 on F.Cu
[unconnected_items]: Missing connection between items
    Local override; error
    @(94.0500 mm, 67.6000 mm): Pad 20 [RTL_3V3] of U1 on F.Cu
    @(94.0500 mm, 73.2000 mm): Pad 34 [RTL_3V3] of U1 on F.Cu
[unconnected_items]: Missing connection between items
    Local override; error
    @(94.0500 mm, 67.6000 mm): Pad 20 [RTL_3V3] of U1 on F.Cu
    @(88.0000 mm, 59.6000 mm): Pad 8 [RTL_3V3] of U2 on F.Cu
[unconnected_items]: Missing connection between items
    Local override; error
    @(94.0500 mm, 73.2000 mm): Pad 34 [RTL_3V3] of U1 on F.Cu
    @(96.4000 mm, 73.9500 mm): Pad 39 [RTL_3V3] of U1 on F.Cu
[unconnected_items]: Missing connection between items
    Local override; error
    @(101.9500 mm, 73.2000 mm): Pad 52 [RTL_3V3] of U1 on F.Cu
    @(96.4000 mm, 73.9500 mm): Pad 39 [RTL_3V3] of U1 on F.Cu
[unconnected_items]: Missing connection between items
    Local override; error
    @(101.9500 mm, 73.2000 mm): Pad 52 [RTL_3V3] of U1 on F.Cu
    @(121.2000 mm, 75.0000 mm): Pad 2 [RTL_3V3] of R2 on F.Cu
[unconnected_items]: Missing connection between items
    Local override; error
    @(121.2000 mm, 75.0000 mm): Pad 2 [RTL_3V3] of R2 on F.Cu
    @(120.4000 mm, 51.0000 mm): Pad 1 [RTL_3V3] of C3 on F.Cu
[unconnected_items]: Missing connection between items
    Local override; error
    @(121.2000 mm, 80.0000 mm): Pad 2 [RTL_3V3] of R3 on F.Cu
    @(121.2000 mm, 75.0000 mm): Pad 2 [RTL_3V3] of R2 on F.Cu
[unconnected_items]: Missing connection between items
    Local override; error
    @(88.0000 mm, 52.4000 mm): Pad 2 [SPISO] of U2 on F.Cu
    @(94.0500 mm, 68.8000 mm): Pad 23 [SPISO] of U1 on F.Cu
[unconnected_items]: Missing connection between items
    Local override; error
    @(88.0000 mm, 51.2000 mm): Pad 1 [SPICS] of U2 on F.Cu
    @(94.0500 mm, 69.2000 mm): Pad 24 [SPICS] of U1 on F.Cu
[unconnected_items]: Missing connection between items
    Local override; error
    @(98.0000 mm, 70.0000 mm): Pad 69 [GND] of U1 on F.Cu
    @(98.8000 mm, 73.9500 mm): Pad 45 [GND] of U1 on F.Cu
[unconnected_items]: Missing connection between items
    Local override; error
    @(98.0000 mm, 70.0000 mm): Pad 69 [GND] of U1 on F.Cu
    @(101.9500 mm, 67.6000 mm): Pad 66 [GND] of U1 on F.Cu
[unconnected_items]: Missing connection between items
    Local override; error
    @(98.0000 mm, 70.0000 mm): Pad 69 [GND] of U1 on F.Cu
    @(65.5000 mm, 40.5000 mm): Zone [GND] on F.Cu, priority 0
[unconnected_items]: Missing connection between items
    Local override; error
    @(77.4000 mm, 54.0000 mm): Pad 1 [RSET] of R1 on F.Cu
    @(101.2000 mm, 73.9500 mm): Pad 51 [RSET] of U1 on F.Cu
[unconnected_items]: Missing connection between items
    Local override; error
    @(77.3000 mm, 58.0000 mm): Pad 1 [XTAL_IN] of Y1 on F.Cu
    @(74.4000 mm, 58.0000 mm): Pad 1 [XTAL_IN] of C1 on F.Cu
[unconnected_items]: Missing connection between items
    Local override; error
    @(101.9500 mm, 72.8000 mm): Pad 53 [XTAL_IN] of U1 on F.Cu
    @(77.3000 mm, 58.0000 mm): Pad 1 [XTAL_IN] of Y1 on F.Cu
[unconnected_items]: Missing connection between items
    Local override; error
    @(80.4000 mm, 58.0000 mm): Pad 1 [XTAL_OUT] of C2 on F.Cu
    @(78.7000 mm, 58.0000 mm): Pad 2 [XTAL_OUT] of Y1 on F.Cu
[unconnected_items]: Missing connection between items
    Local override; error
    @(101.9500 mm, 72.4000 mm): Pad 54 [XTAL_OUT] of U1 on F.Cu
    @(80.4000 mm, 58.0000 mm): Pad 1 [XTAL_OUT] of C2 on F.Cu
[unconnected_items]: Missing connection between items
    Local override; error
    @(101.9500 mm, 69.6000 mm): Pad 61 [REFCLK_P] of U1 on F.Cu
    @(137.2500 mm, 62.7250 mm): Pad 55 [REFCLK_P] of J1 on F.Cu
[unconnected_items]: Missing connection between items
    Local override; error
    @(101.9500 mm, 69.2000 mm): Pad 62 [REFCLK_N] of U1 on F.Cu
    @(136.7500 mm, 62.7250 mm): Pad 53 [REFCLK_N] of J1 on F.Cu
[unconnected_items]: Missing connection between items
    Local override; error
    @(114.7500 mm, 62.7250 mm): Pad 2 [SSD_3V3] of J1 on F.Cu
    @(115.2500 mm, 62.7250 mm): Pad 4 [SSD_3V3] of J1 on F.Cu
[unconnected_items]: Missing connection between items
    Local override; error
    @(115.2500 mm, 62.7250 mm): Pad 4 [SSD_3V3] of J1 on F.Cu
    @(115.7500 mm, 62.7250 mm): Pad 6 [SSD_3V3] of J1 on F.Cu
[unconnected_items]: Missing connection between items
    Local override; error
    @(115.7500 mm, 62.7250 mm): Pad 6 [SSD_3V3] of J1 on F.Cu
    @(116.2500 mm, 62.7250 mm): Pad 8 [SSD_3V3] of J1 on F.Cu

** Found 0 Footprint errors **

** Ignored checks **
    - Footprint has no courtyard defined
    - Track endpoint not centered on via
    - Tuning profile track geometries
    - Footprint doesn't match symbol's footprint filters
    - Footprint component type doesn't match footprint pads

** End of Report **
