** Drc report for PHASE24_RTL9210B_V35_ALL_RAILS_IN2_PROBE.kicad_pcb **
** Created on 2026-09-08T12:58:10 **
** Report includes: Errors, Warnings **

** Found 56 DRC violations **
[clearance]: Clearance violation ( clearance 0.2000 mm; actual 0.1000 mm)
    Local override; error
    @(101.9500 mm, 67.2000 mm): Track [RTL_1V1] on F.Cu, length 1.0500 mm
    @(101.9500 mm, 66.8000 mm): Track [RTL_5V] on F.Cu, length 1.0500 mm
[clearance]: Clearance violation ( clearance 0.2000 mm; actual 0.1500 mm)
    Local override; error
    @(99.2000 mm, 73.9500 mm): Track [RTL_1V1] on F.Cu, length 1.0500 mm
    @(98.8000 mm, 73.9500 mm): Pad 62 [REFCLK_N] of U1 on F.Cu
[clearance]: Clearance violation ( clearance 0.2000 mm; actual 0.1500 mm)
    Local override; error
    @(96.4000 mm, 73.9500 mm): Pad 56 [<no net>] of U1 on F.Cu
    @(96.0000 mm, 73.9500 mm): Track [RTL_1V1] on F.Cu, length 1.0500 mm
[shorting_items]: Items shorting two nets (nets DEVSLP and RTL_1V1)
    Local override; error
    @(98.0000 mm, 66.0500 mm): Pad 26 [DEVSLP] of U1 on F.Cu
    @(98.4000 mm, 66.0500 mm): Track [RTL_1V1] on F.Cu, length 1.7500 mm
[clearance]: Clearance violation ( clearance 0.2000 mm; actual 0.1500 mm)
    Local override; error
    @(94.0500 mm, 72.4000 mm): Pad 49 [<no net>] of U1 on F.Cu
    @(94.0500 mm, 72.8000 mm): Track [RTL_1V1] on F.Cu, length 1.6008 mm
[clearance]: Clearance violation ( clearance 0.2000 mm; actual 0.1500 mm)
    Local override; error
    @(94.0500 mm, 66.8000 mm): Pad 35 [<no net>] of U1 on F.Cu
    @(94.0500 mm, 67.2000 mm): Track [RTL_1V1] on F.Cu, length 1.2500 mm
[clearance]: Clearance violation ( clearance 0.2000 mm; actual 0.1500 mm)
    Local override; error
    @(98.4000 mm, 73.9500 mm): Pad 61 [REFCLK_P] of U1 on F.Cu
    @(98.0000 mm, 73.9500 mm): Track [RTL_1V1] on F.Cu, length 1.0500 mm
[clearance]: Clearance violation ( clearance 0.2000 mm; actual 0.0243 mm)
    Local override; error
    @(94.0500 mm, 68.8000 mm): Track [RTL_1V1] on F.Cu, length 1.3124 mm
    @(94.0500 mm, 69.2000 mm): Pad 41 [USB_TXP0] of U1 on F.Cu
[shorting_items]: Items shorting two nets (nets XTAL_OUT and RTL_1V1)
    Local override; error
    @(95.6000 mm, 73.9500 mm): Track [XTAL_OUT] on F.Cu, length 3.0500 mm
    @(96.0000 mm, 75.0000 mm): Via [RTL_1V1] on F.Cu - B.Cu
[shorting_items]: Items shorting two nets (nets RTL_1V1 and RTL_3V3)
    Local override; error
    @(96.0000 mm, 75.0000 mm): Via [RTL_1V1] on F.Cu - B.Cu
    @(94.8000 mm, 75.0000 mm): Track [RTL_3V3] on In2.PWR, length 16.1047 mm
[shorting_items]: Items shorting two nets (nets RTL_1V1 and RTL_5V)
    Local override; error
    @(103.0000 mm, 67.2000 mm): Via [RTL_1V1] on F.Cu - B.Cu
    @(101.9500 mm, 66.8000 mm): Track [RTL_5V] on F.Cu, length 1.0500 mm
[shorting_items]: Items shorting two nets (nets RTL_5V and RTL_1V1)
    Local override; error
    @(103.0000 mm, 66.8000 mm): Via [RTL_5V] on F.Cu - B.Cu
    @(103.0000 mm, 67.2000 mm): Via [RTL_1V1] on F.Cu - B.Cu
[shorting_items]: Items shorting two nets (nets RTL_5V and RTL_1V1)
    Local override; error
    @(103.0000 mm, 66.8000 mm): Via [RTL_5V] on F.Cu - B.Cu
    @(103.0000 mm, 67.2000 mm): Via [RTL_1V1] on F.Cu - B.Cu
[shorting_items]: Items shorting two nets (nets RTL_5V and RTL_1V1)
    Local override; error
    @(103.0000 mm, 66.8000 mm): Via [RTL_5V] on F.Cu - B.Cu
    @(103.0000 mm, 67.2000 mm): Via [RTL_1V1] on F.Cu - B.Cu
[shorting_items]: Items shorting two nets (nets RTL_5V and RTL_1V1)
    Local override; error
    @(103.0000 mm, 66.8000 mm): Via [RTL_5V] on F.Cu - B.Cu
    @(103.0000 mm, 67.2000 mm): Via [RTL_1V1] on F.Cu - B.Cu
[shorting_items]: Items shorting two nets (nets RTL_5V and RTL_1V1)
    Local override; error
    @(103.0000 mm, 66.8000 mm): Via [RTL_5V] on F.Cu - B.Cu
    @(103.0000 mm, 67.2000 mm): Via [RTL_1V1] on F.Cu - B.Cu
[shorting_items]: Items shorting two nets (nets RTL_1V1 and SPISI)
    Local override; error
    @(97.0000 mm, 65.0000 mm): Via [RTL_1V1] on F.Cu - B.Cu
    @(102.2000 mm, 64.8000 mm): Track [SPISI] on B.Cu, length 13.8000 mm
[shorting_items]: Items shorting two nets (nets RTL_5V and RTL_1V1)
    Local override; error
    @(95.2000 mm, 65.0000 mm): Track [RTL_5V] on In2.PWR, length 22.0327 mm
    @(97.0000 mm, 65.0000 mm): Via [RTL_1V1] on F.Cu - B.Cu
[clearance]: Clearance violation ( clearance 0.2000 mm; actual 0.0192 mm)
    Local override; error
    @(92.8000 mm, 67.2000 mm): Track [RTL_1V1] on In2.PWR, length 20.9476 mm
    @(110.4000 mm, 71.0000 mm): Via [RTL_3V3] on F.Cu - B.Cu
[tracks_crossing]: Tracks crossing
    Local override; error
    @(110.4000 mm, 71.0000 mm): Track [RTL_3V3] on In2.PWR, length 2.0000 mm
    @(103.0000 mm, 67.2000 mm): Track [RTL_1V1] on In2.PWR, length 11.0725 mm
[tracks_crossing]: Tracks crossing
    Local override; error
    @(110.4000 mm, 71.0000 mm): Track [RTL_3V3] on In2.PWR, length 2.0000 mm
    @(97.0000 mm, 65.0000 mm): Track [RTL_1V1] on In2.PWR, length 17.4631 mm
[clearance]: Clearance violation ( clearance 0.2000 mm; actual 0.1500 mm)
    Local override; error
    @(101.9500 mm, 66.8000 mm): Track [RTL_5V] on F.Cu, length 1.0500 mm
    @(101.9500 mm, 67.2000 mm): Pad 16 [RTL_1V1] of U1 on F.Cu
[clearance]: Clearance violation ( clearance 0.2000 mm; actual 0.1471 mm)
    Local override; error
    @(110.4000 mm, 71.0000 mm): Via [RTL_3V3] on F.Cu - B.Cu
    @(96.0000 mm, 75.0000 mm): Track [RTL_1V1] on In2.PWR, length 17.8539 mm
[shorting_items]: Items shorting two nets (nets RTL_3V3 and RTL_1V1)
    Local override; error
    @(110.4000 mm, 71.0000 mm): Via [RTL_3V3] on F.Cu - B.Cu
    @(92.8000 mm, 69.2000 mm): Track [RTL_1V1] on In2.PWR, length 20.6785 mm
[shorting_items]: Items shorting two nets (nets RTL_3V3 and RTL_1V1)
    Local override; error
    @(110.4000 mm, 71.0000 mm): Via [RTL_3V3] on F.Cu - B.Cu
    @(92.8000 mm, 73.8000 mm): Track [RTL_1V1] on In2.PWR, length 20.7894 mm
[clearance]: Clearance violation ( clearance 0.2000 mm; actual 0.1000 mm)
    Local override; error
    @(94.8000 mm, 66.0500 mm): Track [RTL_3V3] on F.Cu, length 2.0839 mm
    @(95.2000 mm, 66.0500 mm): Track [RTL_5V] on F.Cu, length 1.0500 mm
[shorting_items]: Items shorting two nets (nets RTL_5V and SPISI)
    Local override; error
    @(95.2000 mm, 65.0000 mm): Via [RTL_5V] on F.Cu - B.Cu
    @(102.2000 mm, 64.8000 mm): Track [SPISI] on B.Cu, length 13.8000 mm
[clearance]: Clearance violation ( clearance 0.2000 mm; actual 0.1922 mm)
    Local override; error
    @(93.0000 mm, 65.0000 mm): Track [RTL_3V3] on In2.PWR, length 18.4054 mm
    @(95.2000 mm, 65.0000 mm): Via [RTL_5V] on F.Cu - B.Cu
[tracks_crossing]: Tracks crossing
    Local override; error
    @(113.4000 mm, 71.0000 mm): Track [RTL_1V1] on In2.PWR, length 2.0000 mm
    @(103.0000 mm, 66.8000 mm): Track [RTL_5V] on In2.PWR, length 14.0428 mm
[shorting_items]: Items shorting two nets (nets RTL_5V and RTL_3V3)
    Local override; error
    @(103.0000 mm, 66.8000 mm): Via [RTL_5V] on F.Cu - B.Cu
    @(100.4000 mm, 64.8000 mm): Track [RTL_3V3] on In2.PWR, length 11.7661 mm
[shorting_items]: Items shorting two nets (nets XTAL_IN and RTL_3V3)
    Local override; error
    @(95.2000 mm, 73.9500 mm): Track [XTAL_IN] on F.Cu, length 1.5500 mm
    @(94.8000 mm, 75.0000 mm): Via [RTL_3V3] on F.Cu - B.Cu
[clearance]: Clearance violation ( clearance 0.2000 mm; actual 0.0472 mm)
    Local override; error
    @(100.4000 mm, 64.8000 mm): Via [RTL_3V3] on F.Cu - B.Cu
    @(100.8000 mm, 65.0000 mm): Track [SPICLK] on F.Cu, length 1.5620 mm
[clearance]: Clearance violation ( clearance 0.2000 mm; actual 0.1500 mm)
    Local override; error
    @(94.0500 mm, 68.4000 mm): Track [RTL_3V3] on F.Cu, length 1.2500 mm
    @(94.0500 mm, 68.0000 mm): Pad 38 [USB_DM] of U1 on F.Cu
[clearance]: Clearance violation ( clearance 0.2000 mm; actual 0.1500 mm)
    Local override; error
    @(100.8000 mm, 66.0500 mm): Pad 19 [SPICLK] of U1 on F.Cu
    @(100.4000 mm, 66.0500 mm): Track [RTL_3V3] on F.Cu, length 1.2500 mm
[shorting_items]: Items shorting two nets (nets RTL_3V3 and SPISI)
    Local override; error
    @(100.4000 mm, 64.8000 mm): Via [RTL_3V3] on F.Cu - B.Cu
    @(102.2000 mm, 64.8000 mm): Track [SPISI] on B.Cu, length 13.8000 mm
[clearance]: Clearance violation ( clearance 0.2000 mm; actual 0.1500 mm)
    Local override; error
    @(94.8000 mm, 73.9500 mm): Track [RTL_3V3] on F.Cu, length 1.0500 mm
    @(95.2000 mm, 73.9500 mm): Pad 53 [XTAL_IN] of U1 on F.Cu
[clearance]: Clearance violation ( clearance 0.2000 mm; actual 0.1500 mm)
    Local override; error
    @(94.8000 mm, 66.0500 mm): Track [RTL_3V3] on F.Cu, length 2.0839 mm
    @(95.2000 mm, 66.0500 mm): Pad 33 [RTL_5V] of U1 on F.Cu
[clearance]: Clearance violation ( clearance 0.2000 mm; actual 0.1500 mm)
    Local override; error
    @(100.4000 mm, 66.0500 mm): Track [RTL_3V3] on F.Cu, length 1.2500 mm
    @(100.8000 mm, 65.0000 mm): Track [SPICLK] on F.Cu, length 1.5620 mm
[clearance]: Clearance violation ( clearance 0.2000 mm; actual 0.1500 mm)
    Local override; error
    @(100.8000 mm, 66.0500 mm): Track [SPICLK] on F.Cu, length 1.0500 mm
    @(100.4000 mm, 66.0500 mm): Track [RTL_3V3] on F.Cu, length 1.2500 mm
[shorting_items]: Items shorting two nets (nets RTL_3V3 and SPISI)
    Local override; error
    @(93.0000 mm, 65.0000 mm): Via [RTL_3V3] on F.Cu - B.Cu
    @(102.2000 mm, 64.8000 mm): Track [SPISI] on B.Cu, length 13.8000 mm
[shorting_items]: Items shorting two nets (nets RTL_5V and RTL_3V3)
    Local override; error
    @(103.0000 mm, 66.8000 mm): Track [RTL_5V] on In2.PWR, length 14.0428 mm
    @(110.0000 mm, 68.5000 mm): Via [RTL_3V3] on F.Cu - B.Cu
[clearance]: Clearance violation ( clearance 0.2000 mm; actual 0.1377 mm)
    Local override; error
    @(95.2000 mm, 65.0000 mm): Track [RTL_5V] on In2.PWR, length 22.0327 mm
    @(110.0000 mm, 68.5000 mm): Via [RTL_3V3] on F.Cu - B.Cu
[solder_mask_bridge]: Front solder mask aperture bridges items with different nets
    Rule: board setup solder mask min width; error
    @(94.0500 mm, 72.8000 mm): Track [RTL_1V1] on F.Cu, length 1.6008 mm
    @(94.0500 mm, 73.2000 mm): Pad 51 [RSET] of U1 on F.Cu
[solder_mask_bridge]: Front solder mask aperture bridges items with different nets
    Rule: board setup solder mask min width; error
    @(98.4000 mm, 66.0500 mm): Track [RTL_1V1] on F.Cu, length 1.7500 mm
    @(98.0000 mm, 66.0500 mm): Pad 26 [DEVSLP] of U1 on F.Cu
[solder_mask_bridge]: Front solder mask aperture bridges items with different nets
    Rule: board setup solder mask min width; error
    @(98.4000 mm, 66.0500 mm): Track [RTL_1V1] on F.Cu, length 1.7500 mm
    @(97.6000 mm, 66.0500 mm): Pad 27 [<no net>] of U1 on F.Cu
[via_dangling]: Via is not connected or connected on only one layer
    Local override; warning
    @(113.4000 mm, 71.0000 mm): Via [RTL_1V1] on F.Cu - B.Cu
[track_dangling]: Track has unconnected end
    Local override; warning
    @(113.4000 mm, 71.0000 mm): Track [RTL_1V1] on In2.PWR, length 2.0000 mm
[via_dangling]: Via is not connected or connected on only one layer
    Local override; warning
    @(116.4000 mm, 71.0000 mm): Via [RTL_5V] on F.Cu - B.Cu
[track_dangling]: Track has unconnected end
    Local override; warning
    @(116.4000 mm, 71.0000 mm): Track [RTL_5V] on In2.PWR, length 2.0000 mm
[via_dangling]: Via is not connected or connected on only one layer
    Local override; warning
    @(110.4000 mm, 71.0000 mm): Via [RTL_3V3] on F.Cu - B.Cu
[isolated_copper]: Isolated copper fill
    Local override; warning
    @(65.5000 mm, 40.5000 mm): Zone [GND] on B.Cu, priority 0
[isolated_copper]: Isolated copper fill
    Local override; warning
    @(65.5000 mm, 40.5000 mm): Zone [GND] on B.Cu, priority 0
[isolated_copper]: Isolated copper fill
    Local override; warning
    @(65.5000 mm, 40.5000 mm): Zone [GND] on B.Cu, priority 0
[hole_to_hole]: Drilled hole too close to other hole (board setup constraints min 0.2495 mm; actual 0.1000 mm)
    Rule: board setup constraints; warning
    @(103.0000 mm, 66.8000 mm): Via [RTL_5V] on F.Cu - B.Cu
    @(103.0000 mm, 67.2000 mm): Via [RTL_1V1] on F.Cu - B.Cu
[silk_overlap]: Silkscreen clearance
    Rule: board setup constraints silk; warning
    @(109.0000 mm, 79.5000 mm): Reference field of C1
    @(109.0000 mm, 79.5000 mm): Reference field of R1
[copper_sliver]: Copper sliver (In2.PWR)
    Local override; warning

** Found 23 unconnected pads **
[unconnected_items]: Missing connection between items
    Local override; error
    @(89.0000 mm, 56.0000 mm): Pad 1 [PEDET] of R2 on F.Cu
    @(101.9500 mm, 70.4000 mm): Pad 8 [PEDET] of U1 on F.Cu
[unconnected_items]: Missing connection between items
    Local override; error
    @(101.9500 mm, 70.4000 mm): Pad 8 [PEDET] of U1 on F.Cu
    @(140.7500 mm, 62.7250 mm): Pad 69 [PEDET] of J1 on F.Cu
[unconnected_items]: Missing connection between items
    Local override; error
    @(92.0000 mm, 56.0000 mm): Pad 1 [CLKREQ_N] of R3 on F.Cu
    @(101.9500 mm, 68.4000 mm): Pad 13 [CLKREQ_N] of U1 on F.Cu
[unconnected_items]: Missing connection between items
    Local override; error
    @(101.9500 mm, 68.4000 mm): Pad 13 [CLKREQ_N] of U1 on F.Cu
    @(136.5000 mm, 70.2750 mm): Pad 52 [CLKREQ_N] of J1 on F.Cu
[unconnected_items]: Missing connection between items
    Local override; error
    @(101.9500 mm, 68.0000 mm): Pad 14 [PERST_N] of U1 on F.Cu
    @(136.0000 mm, 70.2750 mm): Pad 50 [PERST_N] of J1 on F.Cu
[unconnected_items]: Missing connection between items
    Local override; error
    @(113.4000 mm, 69.0000 mm): Pad 1 [RTL_1V1] of C4 on F.Cu
    @(113.4000 mm, 71.0000 mm): Track [RTL_1V1] on In2.PWR, length 2.0000 mm
[unconnected_items]: Missing connection between items
    Local override; error
    @(116.4000 mm, 69.0000 mm): Pad 1 [RTL_5V] of C5 on F.Cu
    @(116.4000 mm, 71.0000 mm): Track [RTL_5V] on In2.PWR, length 2.0000 mm
[unconnected_items]: Missing connection between items
    Local override; error
    @(84.2000 mm, 80.0000 mm): Pad 3 [RTL_3V3] of U2 on F.Cu
    @(90.2000 mm, 80.0000 mm): Pad 8 [RTL_3V3] of U2 on F.Cu
[unconnected_items]: Missing connection between items
    Local override; error
    @(93.2000 mm, 56.0000 mm): Pad 2 [RTL_3V3] of R3 on F.Cu
    @(90.2000 mm, 56.0000 mm): Pad 2 [RTL_3V3] of R2 on F.Cu
[unconnected_items]: Missing connection between items
    Local override; error
    @(94.8000 mm, 75.0000 mm): Track [RTL_3V3] on In2.PWR, length 16.1047 mm
    @(90.2000 mm, 80.0000 mm): Pad 8 [RTL_3V3] of U2 on F.Cu
[unconnected_items]: Missing connection between items
    Local override; error
    @(100.4000 mm, 66.0500 mm): Track [RTL_3V3] on F.Cu, length 5.2500 mm
    @(93.2000 mm, 56.0000 mm): Pad 2 [RTL_3V3] of R3 on F.Cu
[unconnected_items]: Missing connection between items
    Local override; error
    @(98.0000 mm, 70.0000 mm): Pad 69 [GND] of U1 on F.Cu
    @(94.0500 mm, 70.8000 mm): Pad 45 [GND] of U1 on F.Cu
[unconnected_items]: Missing connection between items
    Local override; error
    @(100.4000 mm, 73.9500 mm): Pad 66 [GND] of U1 on F.Cu
    @(98.0000 mm, 70.0000 mm): Pad 69 [GND] of U1 on F.Cu
[unconnected_items]: Missing connection between items
    Local override; error
    @(108.4000 mm, 78.0000 mm): Pad 2 [GND] of C1 on F.Cu
    @(100.4000 mm, 73.9500 mm): Pad 66 [GND] of U1 on F.Cu
[unconnected_items]: Missing connection between items
    Local override; error
    @(98.4000 mm, 73.9500 mm): Pad 61 [REFCLK_P] of U1 on F.Cu
    @(137.2500 mm, 62.7250 mm): Pad 55 [REFCLK_P] of J1 on F.Cu
[unconnected_items]: Missing connection between items
    Local override; error
    @(98.8000 mm, 73.9500 mm): Pad 62 [REFCLK_N] of U1 on F.Cu
    @(136.7500 mm, 62.7250 mm): Pad 53 [REFCLK_N] of J1 on F.Cu
[unconnected_items]: Missing connection between items
    Local override; error
    @(99.6000 mm, 73.9500 mm): Pad 64 [LANE0_RXP] of U1 on F.Cu
    @(134.2500 mm, 62.7250 mm): Pad 43 [LANE0_RXP] of J1 on F.Cu
[unconnected_items]: Missing connection between items
    Local override; error
    @(100.0000 mm, 73.9500 mm): Pad 65 [LANE0_RXN] of U1 on F.Cu
    @(133.7500 mm, 62.7250 mm): Pad 41 [LANE0_RXN] of J1 on F.Cu
[unconnected_items]: Missing connection between items
    Local override; error
    @(100.8000 mm, 73.9500 mm): Pad 67 [LANE0_TXN] of U1 on F.Cu
    @(135.2500 mm, 62.7250 mm): Pad 47 [LANE0_TXN] of J1 on F.Cu
[unconnected_items]: Missing connection between items
    Local override; error
    @(101.2000 mm, 73.9500 mm): Pad 68 [LANE0_TXP] of U1 on F.Cu
    @(135.7500 mm, 62.7250 mm): Pad 49 [LANE0_TXP] of J1 on F.Cu
[unconnected_items]: Missing connection between items
    Local override; error
    @(114.7500 mm, 62.7250 mm): Pad 2 [SSD_3V3] of J1 on F.Cu
    @(115.2500 mm, 62.7250 mm): Pad 4 [SSD_3V3] of J1 on F.Cu
[unconnected_items]: Missing connection between items
    Local override; error
    @(115.2500 mm, 62.7250 mm): Pad 4 [SSD_3V3] of J1 on F.Cu
    @(115.7500 mm, 62.7250 mm): Pad 6 [SSD_3V3] of J1 on F.Cu
[unconnected_items]: Missing connection between items
    Local override; error
    @(115.7500 mm, 62.7250 mm): Pad 6 [SSD_3V3] of J1 on F.Cu
    @(116.2500 mm, 62.7250 mm): Pad 8 [SSD_3V3] of J1 on F.Cu

** Found 0 Footprint errors **

** Ignored checks **
    - Footprint has no courtyard defined
    - Track endpoint not centered on via
    - Tuning profile track geometries
    - Footprint doesn't match symbol's footprint filters
    - Footprint component type doesn't match footprint pads

** End of Report **
