** Drc report for PHASE24_RTL9210B_U166_GROUND_WEST_V1431.kicad_pcb **
** Created on 2026-09-09T21:37:45 **
** Report includes: Errors, Warnings **

** Found 13 DRC violations **
[shorting_items]: Items shorting two nets (nets  and GND)
    Local override; error
    @(97.6000 mm, 66.0500 mm): Pad 44 [<no net>] of U1 on F.Cu
    @(97.2000 mm, 66.0500 mm): Via [GND] on F.Cu - B.Cu
[shorting_items]: Items shorting two nets (nets GND and LANE0_RXN)
    Local override; error
    @(92.5000 mm, 72.4000 mm): Track [GND] on B.Cu, length 6.3500 mm
    @(92.8000 mm, 70.8000 mm): Via [LANE0_RXN] on F.Cu - B.Cu
[clearance]: Clearance violation ( clearance 0.2000 mm; actual 0.1000 mm)
    Local override; error
    @(92.5000 mm, 72.4000 mm): Via [GND] on F.Cu - B.Cu
    @(94.0500 mm, 72.0000 mm): Track [LANE0_RXN] on F.Cu, length 1.2500 mm
[clearance]: Clearance violation ( clearance 0.2000 mm; actual 0.1606 mm)
    Local override; error
    @(94.0500 mm, 72.4000 mm): Track [GND] on F.Cu, length 1.5500 mm
    @(92.2000 mm, 72.8000 mm): Track [LANE0_TXN] on F.Cu, length 0.2000 mm
[shorting_items]: Items shorting two nets (nets LANE0_TXN and GND)
    Local override; error
    @(92.2000 mm, 72.6000 mm): Via [LANE0_TXN] on F.Cu - B.Cu
    @(92.5000 mm, 72.4000 mm): Via [GND] on F.Cu - B.Cu
[shorting_items]: Items shorting two nets (nets LANE0_TXN and GND)
    Local override; error
    @(92.2000 mm, 72.6000 mm): Via [LANE0_TXN] on F.Cu - B.Cu
    @(92.5000 mm, 72.4000 mm): Via [GND] on F.Cu - B.Cu
[shorting_items]: Items shorting two nets (nets LANE0_TXN and GND)
    Local override; error
    @(92.2000 mm, 72.6000 mm): Via [LANE0_TXN] on F.Cu - B.Cu
    @(92.5000 mm, 72.4000 mm): Via [GND] on F.Cu - B.Cu
[shorting_items]: Items shorting two nets (nets LANE0_TXN and GND)
    Local override; error
    @(92.2000 mm, 72.6000 mm): Via [LANE0_TXN] on F.Cu - B.Cu
    @(92.5000 mm, 72.4000 mm): Via [GND] on F.Cu - B.Cu
[shorting_items]: Items shorting two nets (nets LANE0_TXN and GND)
    Local override; error
    @(92.2000 mm, 72.6000 mm): Via [LANE0_TXN] on F.Cu - B.Cu
    @(92.5000 mm, 72.4000 mm): Via [GND] on F.Cu - B.Cu
[clearance]: Clearance violation ( clearance 0.2000 mm; actual 0.1000 mm)
    Local override; error
    @(92.5000 mm, 72.4000 mm): Track [GND] on B.Cu, length 6.3500 mm
    @(93.0000 mm, 66.8000 mm): Via [RTL_3V3] on F.Cu - B.Cu
[hole_clearance]: Hole clearance violation (board setup constraints hole clearance 0.2500 mm; actual 0.1500 mm)
    Rule: board setup constraints hole; error
    @(97.6000 mm, 66.0500 mm): Pad 44 [<no net>] of U1 on F.Cu
    @(97.2000 mm, 66.0500 mm): Via [GND] on F.Cu - B.Cu
[hole_clearance]: Hole clearance violation (board setup constraints hole clearance 0.2500 mm; actual 0.1500 mm)
    Rule: board setup constraints hole; error
    @(96.8000 mm, 66.0500 mm): Pad 46 [USB_RXP0] of U1 on F.Cu
    @(97.2000 mm, 66.0500 mm): Via [GND] on F.Cu - B.Cu
[hole_to_hole]: Drilled hole too close to other hole (board setup constraints min 0.2495 mm; actual 0.0606 mm)
    Rule: board setup constraints; warning
    @(92.2000 mm, 72.6000 mm): Via [LANE0_TXN] on F.Cu - B.Cu
    @(92.5000 mm, 72.4000 mm): Via [GND] on F.Cu - B.Cu

** Found 8 unconnected pads **
[unconnected_items]: Missing connection between items
    Local override; error
    @(94.0500 mm, 70.0000 mm): Track [RTL_1V1] on F.Cu, length 6.0500 mm
    @(94.0500 mm, 71.2000 mm): Pad 63 [RTL_1V1] of U1 on F.Cu
[unconnected_items]: Missing connection between items
    Local override; error
    @(88.0000 mm, 65.0000 mm): Pad 1 [RSET] of R1 on F.Cu
    @(94.8000 mm, 66.0500 mm): Pad 51 [RSET] of U1 on F.Cu
[unconnected_items]: Missing connection between items
    Local override; error
    @(88.0000 mm, 59.0000 mm): Pad 1 [XTAL_IN] of Y1 on F.Cu
    @(88.0000 mm, 62.0000 mm): Pad 1 [XTAL_IN] of C1 on F.Cu
[unconnected_items]: Missing connection between items
    Local override; error
    @(88.0000 mm, 62.0000 mm): Pad 1 [XTAL_IN] of C1 on F.Cu
    @(94.0500 mm, 67.2000 mm): Pad 53 [XTAL_IN] of U1 on F.Cu
[unconnected_items]: Missing connection between items
    Local override; error
    @(89.4000 mm, 59.0000 mm): Pad 2 [XTAL_OUT] of Y1 on F.Cu
    @(91.0000 mm, 62.0000 mm): Pad 1 [XTAL_OUT] of C2 on F.Cu
[unconnected_items]: Missing connection between items
    Local override; error
    @(91.0000 mm, 62.0000 mm): Pad 1 [XTAL_OUT] of C2 on F.Cu
    @(94.0500 mm, 67.6000 mm): Pad 54 [XTAL_OUT] of U1 on F.Cu
[unconnected_items]: Missing connection between items
    Local override; error
    @(94.0500 mm, 70.4000 mm): Pad 61 [REFCLK_P] of U1 on F.Cu
    @(137.2500 mm, 62.7250 mm): Pad 55 [REFCLK_P] of J1 on F.Cu
[unconnected_items]: Missing connection between items
    Local override; error
    @(94.0500 mm, 70.8000 mm): Pad 62 [REFCLK_N] of U1 on F.Cu
    @(136.7500 mm, 62.7250 mm): Pad 53 [REFCLK_N] of J1 on F.Cu

** Found 0 Footprint errors **

** Ignored checks **
    - Footprint has no courtyard defined
    - Track endpoint not centered on via
    - Tuning profile track geometries
    - Footprint doesn't match symbol's footprint filters
    - Footprint component type doesn't match footprint pads

** End of Report **
