** Drc report for PHASE24_RTL9210B_CRYSTAL_SUPPORT_V1103.kicad_pcb **
** Created on 2026-09-09T12:06:22 **
** Report includes: Errors, Warnings **

** Found 49 DRC violations **
[tracks_crossing]: Tracks crossing
    Local override; error
    @(93.1000 mm, 67.2000 mm): Track [XTAL_IN] on B.Cu, length 11.3000 mm
    @(92.8000 mm, 75.0000 mm): Track [RTL_1V1] on B.Cu, length 9.7000 mm
[shorting_items]: Items shorting two nets (nets RTL_1V1 and RSET)
    Local override; error
    @(95.2000 mm, 66.0500 mm): Track [RTL_1V1] on F.Cu, length 1.2500 mm
    @(95.6000 mm, 66.0500 mm): Via [RSET] on F.Cu - B.Cu
[shorting_items]: Items shorting two nets (nets XTAL_IN and RTL_3V3)
    Local override; error
    @(93.1000 mm, 67.2000 mm): Via [XTAL_IN] on F.Cu - B.Cu
    @(93.0000 mm, 66.8000 mm): Via [RTL_3V3] on F.Cu - B.Cu
[tracks_crossing]: Tracks crossing
    Local override; error
    @(93.1000 mm, 67.2000 mm): Track [XTAL_IN] on B.Cu, length 11.3000 mm
    @(92.3000 mm, 77.5000 mm): Track [XTAL_OUT] on B.Cu, length 22.1000 mm
[tracks_crossing]: Tracks crossing
    Local override; error
    @(93.1000 mm, 78.5000 mm): Track [XTAL_IN] on B.Cu, length 19.9000 mm
    @(95.6000 mm, 66.0500 mm): Track [RSET] on B.Cu, length 18.9500 mm
[shorting_items]: Items shorting two nets (nets RTL_1V1 and RSET)
    Local override; error
    @(95.2000 mm, 66.0500 mm): Pad 50 [RTL_1V1] of U1 on F.Cu
    @(95.6000 mm, 66.0500 mm): Via [RSET] on F.Cu - B.Cu
[clearance]: Clearance violation ( clearance 0.2000 mm; actual 0.0123 mm)
    Local override; error
    @(93.1000 mm, 67.2000 mm): Track [XTAL_IN] on B.Cu, length 11.3000 mm
    @(93.0000 mm, 66.8000 mm): Via [RTL_3V3] on F.Cu - B.Cu
[shorting_items]: Items shorting two nets (nets XTAL_OUT and GND)
    Local override; error
    @(114.4000 mm, 77.5000 mm): Track [XTAL_OUT] on F.Cu, length 1.5000 mm
    @(114.4000 mm, 78.0000 mm): Via [GND] on F.Cu - B.Cu
[tracks_crossing]: Tracks crossing
    Local override; error
    @(114.4000 mm, 77.2000 mm): Track [GND] on F.Cu, length 0.8000 mm
    @(114.4000 mm, 77.5000 mm): Track [XTAL_OUT] on F.Cu, length 1.5000 mm
[clearance]: Clearance violation ( clearance 0.2000 mm; actual 0.1000 mm)
    Local override; error
    @(114.4000 mm, 77.5000 mm): Track [XTAL_OUT] on F.Cu, length 1.5000 mm
    @(115.0000 mm, 76.4000 mm): Track [GND] on F.Cu, length 1.0000 mm
[shorting_items]: Items shorting two nets (nets GND and XTAL_OUT)
    Local override; error
    @(114.4000 mm, 78.0000 mm): Via [GND] on F.Cu - B.Cu
    @(114.4000 mm, 77.5000 mm): Via [XTAL_OUT] on F.Cu - B.Cu
[shorting_items]: Items shorting two nets (nets XTAL_IN and RTL_3V3)
    Local override; error
    @(93.1000 mm, 67.2000 mm): Via [XTAL_IN] on F.Cu - B.Cu
    @(93.0000 mm, 66.8000 mm): Via [RTL_3V3] on F.Cu - B.Cu
[clearance]: Clearance violation ( clearance 0.2000 mm; actual 0.1000 mm)
    Local override; error
    @(114.4000 mm, 77.5000 mm): Track [XTAL_OUT] on B.Cu, length 1.6000 mm
    @(115.6000 mm, 78.0000 mm): Via [GND] on F.Cu - B.Cu
[shorting_items]: Items shorting two nets (nets GND and XTAL_OUT)
    Local override; error
    @(114.4000 mm, 78.0000 mm): Via [GND] on F.Cu - B.Cu
    @(114.4000 mm, 77.5000 mm): Via [XTAL_OUT] on F.Cu - B.Cu
[shorting_items]: Items shorting two nets (nets XTAL_IN and RTL_3V3)
    Local override; error
    @(93.1000 mm, 67.2000 mm): Via [XTAL_IN] on F.Cu - B.Cu
    @(93.0000 mm, 66.8000 mm): Via [RTL_3V3] on F.Cu - B.Cu
[tracks_crossing]: Tracks crossing
    Local override; error
    @(93.1000 mm, 67.2000 mm): Track [XTAL_IN] on B.Cu, length 11.3000 mm
    @(93.0000 mm, 68.4000 mm): Track [RTL_3V3] on B.Cu, length 7.9000 mm
[shorting_items]: Items shorting two nets (nets GND and XTAL_OUT)
    Local override; error
    @(114.4000 mm, 78.0000 mm): Via [GND] on F.Cu - B.Cu
    @(114.4000 mm, 77.5000 mm): Via [XTAL_OUT] on F.Cu - B.Cu
[shorting_items]: Items shorting two nets (nets XTAL_IN and RTL_3V3)
    Local override; error
    @(93.1000 mm, 67.2000 mm): Via [XTAL_IN] on F.Cu - B.Cu
    @(93.0000 mm, 66.8000 mm): Via [RTL_3V3] on F.Cu - B.Cu
[shorting_items]: Items shorting two nets (nets XTAL_IN and RTL_3V3)
    Local override; error
    @(93.1000 mm, 67.2000 mm): Via [XTAL_IN] on F.Cu - B.Cu
    @(93.0000 mm, 66.8000 mm): Via [RTL_3V3] on F.Cu - B.Cu
[shorting_items]: Items shorting two nets (nets GND and XTAL_OUT)
    Local override; error
    @(114.4000 mm, 78.0000 mm): Via [GND] on F.Cu - B.Cu
    @(114.4000 mm, 77.5000 mm): Via [XTAL_OUT] on F.Cu - B.Cu
[shorting_items]: Items shorting two nets (nets GND and XTAL_OUT)
    Local override; error
    @(114.4000 mm, 78.0000 mm): Via [GND] on F.Cu - B.Cu
    @(114.4000 mm, 77.5000 mm): Via [XTAL_OUT] on F.Cu - B.Cu
[tracks_crossing]: Tracks crossing
    Local override; error
    @(93.1000 mm, 78.5000 mm): Track [XTAL_IN] on B.Cu, length 19.9000 mm
    @(103.5000 mm, 67.2000 mm): Track [RTL_5V] on B.Cu, length 14.8000 mm
[clearance]: Clearance violation ( clearance 0.2000 mm; actual 0.1000 mm)
    Local override; error
    @(113.0000 mm, 81.5000 mm): Via [XTAL_IN] on F.Cu - B.Cu
    @(103.5000 mm, 82.0000 mm): Track [RTL_5V] on B.Cu, length 22.9000 mm
[tracks_crossing]: Tracks crossing
    Local override; error
    @(93.1000 mm, 67.2000 mm): Track [XTAL_IN] on B.Cu, length 11.3000 mm
    @(92.8000 mm, 75.0000 mm): Track [RTL_1V1] on B.Cu, length 9.7000 mm
[tracks_crossing]: Tracks crossing
    Local override; error
    @(93.1000 mm, 67.2000 mm): Track [XTAL_IN] on B.Cu, length 11.3000 mm
    @(92.8000 mm, 75.0000 mm): Track [RTL_1V1] on B.Cu, length 9.7000 mm
[shorting_items]: Items shorting two nets (nets RTL_3V3 and XTAL_IN)
    Local override; error
    @(93.0000 mm, 66.8000 mm): Track [RTL_3V3] on B.Cu, length 1.6000 mm
    @(93.1000 mm, 67.2000 mm): Track [XTAL_IN] on B.Cu, length 11.3000 mm
[clearance]: Clearance violation ( clearance 0.2000 mm; actual 0.1000 mm)
    Local override; error
    @(93.1000 mm, 67.2000 mm): Track [XTAL_IN] on B.Cu, length 11.3000 mm
    @(92.8000 mm, 70.0000 mm): Track [RTL_1V1] on B.Cu, length 5.0000 mm
[clearance]: Clearance violation ( clearance 0.2000 mm; actual 0.1000 mm)
    Local override; error
    @(93.1000 mm, 67.2000 mm): Track [XTAL_IN] on B.Cu, length 11.3000 mm
    @(92.8000 mm, 69.3000 mm): Track [RTL_1V1] on B.Cu, length 5.7000 mm
[shorting_items]: Items shorting two nets (nets XTAL_IN and RTL_1V1)
    Local override; error
    @(93.1000 mm, 67.2000 mm): Track [XTAL_IN] on B.Cu, length 11.3000 mm
    @(92.8000 mm, 69.3000 mm): Via [RTL_1V1] on F.Cu - B.Cu
[shorting_items]: Items shorting two nets (nets XTAL_IN and RTL_1V1)
    Local override; error
    @(93.1000 mm, 67.2000 mm): Track [XTAL_IN] on B.Cu, length 11.3000 mm
    @(92.8000 mm, 70.0000 mm): Via [RTL_1V1] on F.Cu - B.Cu
[clearance]: Clearance violation ( clearance 0.2000 mm; actual 0.1000 mm)
    Local override; error
    @(93.1000 mm, 67.2000 mm): Track [XTAL_IN] on B.Cu, length 11.3000 mm
    @(92.8000 mm, 71.2000 mm): Track [RTL_1V1] on B.Cu, length 3.8000 mm
[shorting_items]: Items shorting two nets (nets XTAL_IN and RTL_1V1)
    Local override; error
    @(93.1000 mm, 67.2000 mm): Track [XTAL_IN] on B.Cu, length 11.3000 mm
    @(92.8000 mm, 71.2000 mm): Via [RTL_1V1] on F.Cu - B.Cu
[shorting_items]: Items shorting two nets (nets XTAL_IN and RTL_3V3)
    Local override; error
    @(93.1000 mm, 67.2000 mm): Via [XTAL_IN] on F.Cu - B.Cu
    @(94.0500 mm, 66.8000 mm): Track [RTL_3V3] on F.Cu, length 1.0500 mm
[hole_clearance]: Hole clearance violation (board setup constraints hole clearance 0.2500 mm; actual 0.1500 mm)
    Rule: board setup constraints hole; error
    @(96.0000 mm, 66.0500 mm): Pad 48 [<no net>] of U1 on F.Cu
    @(95.6000 mm, 66.0500 mm): Via [RSET] on F.Cu - B.Cu
[hole_clearance]: Hole clearance violation (board setup constraints hole clearance 0.2500 mm; actual 0.0000 mm)
    Rule: board setup constraints hole; error
    @(95.6000 mm, 66.0500 mm): Pad 49 [<no net>] of U1 on F.Cu
    @(95.6000 mm, 66.0500 mm): Via [RSET] on F.Cu - B.Cu
[hole_clearance]: Hole clearance violation (board setup constraints hole clearance 0.2500 mm; actual 0.1500 mm)
    Rule: board setup constraints hole; error
    @(95.2000 mm, 66.0500 mm): Pad 50 [RTL_1V1] of U1 on F.Cu
    @(95.6000 mm, 66.0500 mm): Via [RSET] on F.Cu - B.Cu
[copper_edge_clearance]: Board edge clearance violation (board setup constraints edge clearance 0.5000 mm; actual 0.0000 mm)
    Rule: board setup constraints edge; error
    @(65.0000 mm, 40.0000 mm): Rectangle on Edge.Cuts
    @(113.0000 mm, 85.0000 mm): Track [RSET] on F.Cu, length 0.0000 mm
[copper_edge_clearance]: Board edge clearance violation (board setup constraints edge clearance 0.5000 mm; actual 0.0000 mm)
    Rule: board setup constraints edge; error
    @(65.0000 mm, 40.0000 mm): Rectangle on Edge.Cuts
    @(113.0000 mm, 85.0000 mm): Via [RSET] on F.Cu - B.Cu
[copper_edge_clearance]: Board edge clearance violation (board setup constraints edge clearance 0.5000 mm; actual 0.0000 mm)
    Rule: board setup constraints edge; error
    @(65.0000 mm, 40.0000 mm): Rectangle on Edge.Cuts
    @(95.6000 mm, 85.0000 mm): Track [RSET] on B.Cu, length 17.4000 mm
[copper_edge_clearance]: Board edge clearance violation (board setup constraints edge clearance 0.5000 mm; actual 0.0000 mm)
    Rule: board setup constraints edge; error
    @(65.0000 mm, 40.0000 mm): Rectangle on Edge.Cuts
    @(95.6000 mm, 66.0500 mm): Track [RSET] on B.Cu, length 18.9500 mm
[copper_edge_clearance]: Board edge clearance violation (board setup constraints edge clearance 0.5000 mm; actual 0.0000 mm)
    Rule: board setup constraints edge; error
    @(65.0000 mm, 40.0000 mm): Rectangle on Edge.Cuts
    @(113.0000 mm, 85.0000 mm): Pad 1 [RSET] of R1 on F.Cu
[copper_edge_clearance]: Board edge clearance violation (board setup constraints edge clearance 0.5000 mm; actual 0.0000 mm)
    Rule: board setup constraints edge; error
    @(65.0000 mm, 40.0000 mm): Rectangle on Edge.Cuts
    @(114.2000 mm, 85.0000 mm): Pad 2 [GND] of R1 on F.Cu
[solder_mask_bridge]: Front solder mask aperture bridges items with different nets
    Rule: board setup solder mask min width; error
    @(95.6000 mm, 66.0500 mm): Via [RSET] on F.Cu - B.Cu
    @(95.6000 mm, 66.0500 mm): Pad 49 [<no net>] of U1 on F.Cu
[track_dangling]: Track has unconnected end
    Local override; warning
    @(99.6000 mm, 62.8000 mm): Track [RTL_3V3] on B.Cu, length 1.3000 mm
[via_dangling]: Via is not connected or connected on only one layer
    Local override; warning
    @(114.4000 mm, 78.0000 mm): Via [GND] on F.Cu - B.Cu
[via_dangling]: Via is not connected or connected on only one layer
    Local override; warning
    @(92.3000 mm, 67.6000 mm): Via [XTAL_OUT] on F.Cu - B.Cu
[silk_edge_clearance]: Silkscreen clipped by board edge
    Rule: board setup constraints silk; warning
    @(65.0000 mm, 40.0000 mm): Rectangle on Edge.Cuts
    @(111.0000 mm, 85.0000 mm): Reference field of R1
[hole_to_hole]: Drilled hole too close to other hole (board setup constraints min 0.2495 mm; actual 0.1123 mm)
    Rule: board setup constraints; warning
    @(93.1000 mm, 67.2000 mm): Via [XTAL_IN] on F.Cu - B.Cu
    @(93.0000 mm, 66.8000 mm): Via [RTL_3V3] on F.Cu - B.Cu
[hole_to_hole]: Drilled hole too close to other hole (board setup constraints min 0.2495 mm; actual 0.2000 mm)
    Rule: board setup constraints; warning
    @(114.4000 mm, 78.0000 mm): Via [GND] on F.Cu - B.Cu
    @(114.4000 mm, 77.5000 mm): Via [XTAL_OUT] on F.Cu - B.Cu

** Found 21 unconnected pads **
[unconnected_items]: Missing connection between items
    Local override; error
    @(97.6000 mm, 73.9500 mm): Pad 8 [PEDET] of U1 on F.Cu
    @(120.0000 mm, 80.0000 mm): Pad 1 [PEDET] of R2 on F.Cu
[unconnected_items]: Missing connection between items
    Local override; error
    @(120.0000 mm, 80.0000 mm): Pad 1 [PEDET] of R2 on F.Cu
    @(140.7500 mm, 62.7250 mm): Pad 69 [PEDET] of J1 on F.Cu
[unconnected_items]: Missing connection between items
    Local override; error
    @(99.6000 mm, 73.9500 mm): Pad 13 [CLKREQ_N] of U1 on F.Cu
    @(120.0000 mm, 75.0000 mm): Pad 1 [CLKREQ_N] of R3 on F.Cu
[unconnected_items]: Missing connection between items
    Local override; error
    @(120.0000 mm, 75.0000 mm): Pad 1 [CLKREQ_N] of R3 on F.Cu
    @(136.5000 mm, 70.2750 mm): Pad 52 [CLKREQ_N] of J1 on F.Cu
[unconnected_items]: Missing connection between items
    Local override; error
    @(100.0000 mm, 73.9500 mm): Pad 14 [PERST_N] of U1 on F.Cu
    @(136.0000 mm, 70.2750 mm): Pad 50 [PERST_N] of J1 on F.Cu
[unconnected_items]: Missing connection between items
    Local override; error
    @(65.5000 mm, 40.5000 mm): Zone [GND] on F.Cu, priority 0
    @(97.2000 mm, 66.0500 mm): Pad 45 [GND] of U1 on F.Cu
[unconnected_items]: Missing connection between items
    Local override; error
    @(97.2000 mm, 66.0500 mm): Pad 45 [GND] of U1 on F.Cu
    @(98.0000 mm, 70.0000 mm): Pad 69 [GND] of U1 on F.Cu
[unconnected_items]: Missing connection between items
    Local override; error
    @(98.0000 mm, 70.0000 mm): Pad 69 [GND] of U1 on F.Cu
    @(94.0500 mm, 72.4000 mm): Pad 66 [GND] of U1 on F.Cu
[unconnected_items]: Missing connection between items
    Local override; error
    @(65.5000 mm, 40.5000 mm): Zone [GND] on F.Cu, priority 0
    @(114.2000 mm, 85.0000 mm): Pad 2 [GND] of R1 on F.Cu
[unconnected_items]: Missing connection between items
    Local override; error
    @(95.6000 mm, 66.0500 mm): Track [RSET] on B.Cu, length 18.9500 mm
    @(94.8000 mm, 66.0500 mm): Pad 51 [RSET] of U1 on F.Cu
[unconnected_items]: Missing connection between items
    Local override; error
    @(94.0500 mm, 67.2000 mm): Pad 53 [XTAL_IN] of U1 on F.Cu
    @(93.1000 mm, 67.2000 mm): Track [XTAL_IN] on B.Cu, length 11.3000 mm
[unconnected_items]: Missing connection between items
    Local override; error
    @(94.0500 mm, 67.6000 mm): Pad 54 [XTAL_OUT] of U1 on F.Cu
    @(92.3000 mm, 67.6000 mm): Track [XTAL_OUT] on B.Cu, length 9.9000 mm
[unconnected_items]: Missing connection between items
    Local override; error
    @(94.0500 mm, 70.4000 mm): Pad 61 [REFCLK_P] of U1 on F.Cu
    @(137.2500 mm, 62.7250 mm): Pad 55 [REFCLK_P] of J1 on F.Cu
[unconnected_items]: Missing connection between items
    Local override; error
    @(94.0500 mm, 70.8000 mm): Pad 62 [REFCLK_N] of U1 on F.Cu
    @(136.7500 mm, 62.7250 mm): Pad 53 [REFCLK_N] of J1 on F.Cu
[unconnected_items]: Missing connection between items
    Local override; error
    @(94.0500 mm, 71.6000 mm): Pad 64 [LANE0_RXP] of U1 on F.Cu
    @(134.2500 mm, 62.7250 mm): Pad 43 [LANE0_RXP] of J1 on F.Cu
[unconnected_items]: Missing connection between items
    Local override; error
    @(94.0500 mm, 72.0000 mm): Pad 65 [LANE0_RXN] of U1 on F.Cu
    @(133.7500 mm, 62.7250 mm): Pad 41 [LANE0_RXN] of J1 on F.Cu
[unconnected_items]: Missing connection between items
    Local override; error
    @(94.0500 mm, 72.8000 mm): Pad 67 [LANE0_TXN] of U1 on F.Cu
    @(135.2500 mm, 62.7250 mm): Pad 47 [LANE0_TXN] of J1 on F.Cu
[unconnected_items]: Missing connection between items
    Local override; error
    @(94.0500 mm, 73.2000 mm): Pad 68 [LANE0_TXP] of U1 on F.Cu
    @(135.7500 mm, 62.7250 mm): Pad 49 [LANE0_TXP] of J1 on F.Cu
[unconnected_items]: Missing connection between items
    Local override; error
    @(114.7500 mm, 62.7250 mm): Pad 2 [SSD_3V3] of J1 on F.Cu
    @(115.2500 mm, 62.7250 mm): Pad 4 [SSD_3V3] of J1 on F.Cu
[unconnected_items]: Missing connection between items
    Local override; error
    @(115.2500 mm, 62.7250 mm): Pad 4 [SSD_3V3] of J1 on F.Cu
    @(115.7500 mm, 62.7250 mm): Pad 6 [SSD_3V3] of J1 on F.Cu
[unconnected_items]: Missing connection between items
    Local override; error
    @(115.7500 mm, 62.7250 mm): Pad 6 [SSD_3V3] of J1 on F.Cu
    @(116.2500 mm, 62.7250 mm): Pad 8 [SSD_3V3] of J1 on F.Cu

** Found 0 Footprint errors **

** Ignored checks **
    - Footprint has no courtyard defined
    - Track endpoint not centered on via
    - Tuning profile track geometries
    - Footprint doesn't match symbol's footprint filters
    - Footprint component type doesn't match footprint pads

** End of Report **
