** Drc report for PHASE24_RTL9210B_COUPLED_U166_LANE_RXN_V1460.kicad_pcb **
** Created on 2026-09-09T23:56:48 **
** Report includes: Errors, Warnings **

** Found 15 DRC violations **
[shorting_items]: Items shorting two nets (nets LANE0_RXN and LANE0_TXP)
    Local override; error
    @(91.2000 mm, 84.0000 mm): Via [LANE0_RXN] on F.Cu - B.Cu
    @(90.8000 mm, 76.8000 mm): Track [LANE0_TXP] on B.Cu, length 11.2000 mm
[shorting_items]: Items shorting two nets (nets LANE0_RXN and LANE0_TXP)
    Local override; error
    @(91.2000 mm, 70.8000 mm): Track [LANE0_RXN] on B.Cu, length 13.2000 mm
    @(90.8000 mm, 76.8000 mm): Via [LANE0_TXP] on F.Cu - B.Cu
[shorting_items]: Items shorting two nets (nets LANE0_TXN and GND)
    Local override; error
    @(92.2000 mm, 72.6000 mm): Track [LANE0_TXN] on B.Cu, length 13.4000 mm
    @(92.5000 mm, 75.2000 mm): Via [GND] on F.Cu - B.Cu
[clearance]: Clearance violation ( clearance 0.2000 mm; actual 0.1606 mm)
    Local override; error
    @(92.2000 mm, 72.8000 mm): Track [LANE0_TXN] on F.Cu, length 0.2000 mm
    @(94.0500 mm, 72.4000 mm): Track [GND] on F.Cu, length 1.5500 mm
[clearance]: Clearance violation ( clearance 0.2000 mm; actual 0.1000 mm)
    Local override; error
    @(92.2000 mm, 72.8000 mm): Track [LANE0_TXN] on F.Cu, length 0.2000 mm
    @(92.5000 mm, 72.4000 mm): Track [GND] on F.Cu, length 2.8000 mm
[shorting_items]: Items shorting two nets (nets GND and JTAG_TCK)
    Local override; error
    @(96.4000 mm, 75.2000 mm): Track [GND] on F.Cu, length 2.8000 mm
    @(96.4000 mm, 73.9500 mm): Pad 5 [JTAG_TCK] of U1 on F.Cu
[solder_mask_bridge]: Front solder mask aperture bridges items with different nets
    Rule: board setup solder mask min width; error
    @(96.4000 mm, 75.2000 mm): Track [GND] on F.Cu, length 2.8000 mm
    @(96.4000 mm, 73.9500 mm): Pad 5 [JTAG_TCK] of U1 on F.Cu
[track_dangling]: Track has unconnected end
    Local override; warning
    @(132.7500 mm, 65.0000 mm): Track [LANE0_RXN] on F.Cu, length 2.4851 mm
[via_dangling]: Via is not connected or connected on only one layer
    Local override; warning
    @(131.0000 mm, 84.0000 mm): Via [LANE0_RXN] on F.Cu - B.Cu
[track_dangling]: Track has unconnected end
    Local override; warning
    @(131.0000 mm, 65.0000 mm): Track [LANE0_RXN] on B.Cu, length 1.7500 mm
[isolated_copper]: Isolated copper fill
    Local override; warning
    @(65.5000 mm, 40.5000 mm): Zone [GND] on B.Cu, priority 0
[isolated_copper]: Isolated copper fill
    Local override; warning
    @(65.5000 mm, 40.5000 mm): Zone [GND] on B.Cu, priority 0
[isolated_copper]: Isolated copper fill
    Local override; warning
    @(65.5000 mm, 40.5000 mm): Zone [GND] on B.Cu, priority 0
[isolated_copper]: Isolated copper fill
    Local override; warning
    @(65.5000 mm, 40.5000 mm): Zone [GND] on B.Cu, priority 0
[isolated_copper]: Isolated copper fill
    Local override; warning
    @(65.5000 mm, 40.5000 mm): Zone [GND] on B.Cu, priority 0

** Found 10 unconnected pads **
[unconnected_items]: Missing connection between items
    Local override; error
    @(94.0500 mm, 70.0000 mm): Track [RTL_1V1] on F.Cu, length 6.0500 mm
    @(94.0500 mm, 71.2000 mm): Pad 63 [RTL_1V1] of U1 on F.Cu
[unconnected_items]: Missing connection between items
    Local override; error
    @(98.0000 mm, 70.0000 mm): Pad 69 [GND] of U1 on F.Cu
    @(97.2000 mm, 66.0500 mm): Pad 45 [GND] of U1 on F.Cu
[unconnected_items]: Missing connection between items
    Local override; error
    @(88.0000 mm, 65.0000 mm): Pad 1 [RSET] of R1 on F.Cu
    @(94.8000 mm, 66.0500 mm): Pad 51 [RSET] of U1 on F.Cu
[unconnected_items]: Missing connection between items
    Local override; error
    @(88.0000 mm, 59.0000 mm): Pad 1 [XTAL_IN] of Y1 on F.Cu
    @(88.0000 mm, 62.0000 mm): Pad 1 [XTAL_IN] of C1 on F.Cu
[unconnected_items]: Missing connection between items
    Local override; error
    @(88.0000 mm, 62.0000 mm): Pad 1 [XTAL_IN] of C1 on F.Cu
    @(94.0500 mm, 67.2000 mm): Pad 53 [XTAL_IN] of U1 on F.Cu
[unconnected_items]: Missing connection between items
    Local override; error
    @(89.4000 mm, 59.0000 mm): Pad 2 [XTAL_OUT] of Y1 on F.Cu
    @(91.0000 mm, 62.0000 mm): Pad 1 [XTAL_OUT] of C2 on F.Cu
[unconnected_items]: Missing connection between items
    Local override; error
    @(91.0000 mm, 62.0000 mm): Pad 1 [XTAL_OUT] of C2 on F.Cu
    @(94.0500 mm, 67.6000 mm): Pad 54 [XTAL_OUT] of U1 on F.Cu
[unconnected_items]: Missing connection between items
    Local override; error
    @(94.0500 mm, 70.4000 mm): Pad 61 [REFCLK_P] of U1 on F.Cu
    @(137.2500 mm, 62.7250 mm): Pad 55 [REFCLK_P] of J1 on F.Cu
[unconnected_items]: Missing connection between items
    Local override; error
    @(94.0500 mm, 70.8000 mm): Pad 62 [REFCLK_N] of U1 on F.Cu
    @(136.7500 mm, 62.7250 mm): Pad 53 [REFCLK_N] of J1 on F.Cu
[unconnected_items]: Missing connection between items
    Local override; error
    @(131.0000 mm, 65.0000 mm): Track [LANE0_RXN] on B.Cu, length 1.7500 mm
    @(132.7500 mm, 65.0000 mm): Track [LANE0_RXN] on F.Cu, length 2.4851 mm

** Found 0 Footprint errors **

** Ignored checks **
    - Footprint has no courtyard defined
    - Track endpoint not centered on via
    - Tuning profile track geometries
    - Footprint doesn't match symbol's footprint filters
    - Footprint component type doesn't match footprint pads

** End of Report **
