** Drc report for PHASE24_RTL9210B_CRYSTAL_SUPPORT_V1112.kicad_pcb **
** Created on 2026-09-09T12:12:04 **
** Report includes: Errors, Warnings **

** Found 29 DRC violations **
[tracks_crossing]: Tracks crossing
    Local override; error
    @(97.0000 mm, 64.0000 mm): Track [RSET] on F.Cu, length 13.3417 mm
    @(101.0000 mm, 64.5000 mm): Track [XTAL_OUT] on F.Cu, length 13.6473 mm
[clearance]: Clearance violation ( clearance 0.2000 mm; actual 0.1606 mm)
    Local override; error
    @(100.8000 mm, 66.0500 mm): Track [RTL_1V1] on F.Cu, length 1.2500 mm
    @(101.0000 mm, 64.5000 mm): Track [XTAL_OUT] on F.Cu, length 13.6473 mm
[clearance]: Clearance violation ( clearance 0.2000 mm; actual 0.0893 mm)
    Local override; error
    @(95.6000 mm, 66.0500 mm): Pad 49 [<no net>] of U1 on F.Cu
    @(94.8000 mm, 66.0500 mm): Track [RSET] on F.Cu, length 3.0071 mm
[tracks_crossing]: Tracks crossing
    Local override; error
    @(101.0000 mm, 64.5000 mm): Track [XTAL_OUT] on F.Cu, length 14.0858 mm
    @(99.0000 mm, 64.0000 mm): Track [XTAL_IN] on F.Cu, length 12.5300 mm
[clearance]: Clearance violation ( clearance 0.2000 mm; actual 0.1100 mm)
    Local override; error
    @(97.6000 mm, 66.0500 mm): Pad 44 [<no net>] of U1 on F.Cu
    @(95.5000 mm, 67.2000 mm): Track [XTAL_IN] on F.Cu, length 4.7424 mm
[clearance]: Clearance violation ( clearance 0.2000 mm; actual 0.1846 mm)
    Local override; error
    @(97.0000 mm, 64.0000 mm): Track [RSET] on F.Cu, length 13.3417 mm
    @(99.6000 mm, 62.8000 mm): Via [RTL_3V3] on F.Cu - B.Cu
[shorting_items]: Items shorting two nets (nets XTAL_OUT and RTL_3V3)
    Local override; error
    @(96.5000 mm, 67.6000 mm): Track [XTAL_OUT] on F.Cu, length 5.4644 mm
    @(99.6000 mm, 66.0500 mm): Pad 39 [RTL_3V3] of U1 on F.Cu
[tracks_crossing]: Tracks crossing
    Local override; error
    @(99.6000 mm, 66.0500 mm): Track [RTL_3V3] on F.Cu, length 3.2500 mm
    @(97.0000 mm, 64.0000 mm): Track [RSET] on F.Cu, length 13.3417 mm
[tracks_crossing]: Tracks crossing
    Local override; error
    @(95.2000 mm, 64.8000 mm): Track [RTL_1V1] on F.Cu, length 2.6000 mm
    @(94.8000 mm, 66.0500 mm): Track [RSET] on F.Cu, length 3.0071 mm
[tracks_crossing]: Tracks crossing
    Local override; error
    @(97.0000 mm, 64.0000 mm): Track [RSET] on F.Cu, length 13.3417 mm
    @(99.2000 mm, 63.6000 mm): Track [RTL_1V1] on F.Cu, length 1.4000 mm
[clearance]: Clearance violation ( clearance 0.2000 mm; actual 0.1000 mm)
    Local override; error
    @(100.8000 mm, 64.8000 mm): Track [RTL_1V1] on F.Cu, length 1.2000 mm
    @(101.0000 mm, 64.5000 mm): Track [XTAL_OUT] on F.Cu, length 13.6473 mm
[tracks_crossing]: Tracks crossing
    Local override; error
    @(95.2000 mm, 66.0500 mm): Track [RTL_1V1] on F.Cu, length 1.2500 mm
    @(94.8000 mm, 66.0500 mm): Track [RSET] on F.Cu, length 3.0071 mm
[shorting_items]: Items shorting two nets (nets RTL_1V1 and RSET)
    Local override; error
    @(99.2000 mm, 66.0500 mm): Track [RTL_1V1] on F.Cu, length 2.4500 mm
    @(97.0000 mm, 64.0000 mm): Track [RSET] on F.Cu, length 13.3417 mm
[tracks_crossing]: Tracks crossing
    Local override; error
    @(97.8000 mm, 64.8000 mm): Track [RTL_1V1] on F.Cu, length 1.2000 mm
    @(97.0000 mm, 64.0000 mm): Track [RSET] on F.Cu, length 13.3417 mm
[shorting_items]: Items shorting two nets (nets GND and XTAL_OUT)
    Local override; error
    @(98.0000 mm, 70.0000 mm): Pad 69 [GND] of U1 on F.Cu
    @(94.0500 mm, 67.6000 mm): Track [XTAL_OUT] on F.Cu, length 2.4500 mm
[shorting_items]: Items shorting two nets (nets RSET and RTL_1V1)
    Local override; error
    @(97.0000 mm, 64.0000 mm): Track [RSET] on F.Cu, length 13.3417 mm
    @(97.8000 mm, 63.6000 mm): Via [RTL_1V1] on F.Cu - B.Cu
[starved_thermal]: Thermal relief connection to zone incomplete (layer F.Cu; zone min spoke count 2; actual 1)
    Local override; error
    @(65.5000 mm, 40.5000 mm): Zone [GND] on F.Cu, priority 0
    @(111.2000 mm, 58.0000 mm): Pad 2 [GND] of C1 on F.Cu
[solder_mask_bridge]: Front solder mask aperture bridges items with different nets
    Rule: board setup solder mask min width; error
    @(94.8000 mm, 66.0500 mm): Track [RSET] on F.Cu, length 3.0071 mm
    @(95.2000 mm, 66.0500 mm): Pad 50 [RTL_1V1] of U1 on F.Cu
[solder_mask_bridge]: Front solder mask aperture bridges items with different nets
    Rule: board setup solder mask min width; error
    @(95.5000 mm, 67.2000 mm): Track [XTAL_IN] on F.Cu, length 4.7424 mm
    @(97.2000 mm, 66.0500 mm): Pad 45 [GND] of U1 on F.Cu
[solder_mask_bridge]: Front solder mask aperture bridges items with different nets
    Rule: board setup solder mask min width; error
    @(95.5000 mm, 67.2000 mm): Track [XTAL_IN] on F.Cu, length 4.7424 mm
    @(96.8000 mm, 66.0500 mm): Pad 46 [USB_RXP0] of U1 on F.Cu
[solder_mask_bridge]: Front solder mask aperture bridges items with different nets
    Rule: board setup solder mask min width; error
    @(95.5000 mm, 67.2000 mm): Track [XTAL_IN] on F.Cu, length 4.7424 mm
    @(96.4000 mm, 66.0500 mm): Pad 47 [USB_RXN0] of U1 on F.Cu
[solder_mask_bridge]: Front solder mask aperture bridges items with different nets
    Rule: board setup solder mask min width; error
    @(96.5000 mm, 67.6000 mm): Track [XTAL_OUT] on F.Cu, length 5.4644 mm
    @(98.0000 mm, 70.0000 mm): Pad 69 [GND] of U1 on F.Cu
[solder_mask_bridge]: Front solder mask aperture bridges items with different nets
    Rule: board setup solder mask min width; error
    @(96.5000 mm, 67.6000 mm): Track [XTAL_OUT] on F.Cu, length 5.4644 mm
    @(99.6000 mm, 66.0500 mm): Pad 39 [RTL_3V3] of U1 on F.Cu
[solder_mask_bridge]: Front solder mask aperture bridges items with different nets
    Rule: board setup solder mask min width; error
    @(96.5000 mm, 67.6000 mm): Track [XTAL_OUT] on F.Cu, length 5.4644 mm
    @(99.2000 mm, 66.0500 mm): Pad 40 [RTL_1V1] of U1 on F.Cu
[solder_mask_bridge]: Front solder mask aperture bridges items with different nets
    Rule: board setup solder mask min width; error
    @(96.5000 mm, 67.6000 mm): Track [XTAL_OUT] on F.Cu, length 5.4644 mm
    @(98.8000 mm, 66.0500 mm): Pad 41 [USB_TXP0] of U1 on F.Cu
[solder_mask_bridge]: Front solder mask aperture bridges items with different nets
    Rule: board setup solder mask min width; error
    @(96.5000 mm, 67.6000 mm): Track [XTAL_OUT] on F.Cu, length 5.4644 mm
    @(98.4000 mm, 66.0500 mm): Pad 42 [USB_TXN0] of U1 on F.Cu
[solder_mask_bridge]: Front solder mask aperture bridges items with different nets
    Rule: board setup solder mask min width; error
    @(96.5000 mm, 67.6000 mm): Track [XTAL_OUT] on F.Cu, length 5.4644 mm
    @(98.0000 mm, 66.0500 mm): Pad 43 [<no net>] of U1 on F.Cu
[solder_mask_bridge]: Front solder mask aperture bridges items with different nets
    Rule: board setup solder mask min width; error
    @(94.0500 mm, 67.6000 mm): Track [XTAL_OUT] on F.Cu, length 2.4500 mm
    @(98.0000 mm, 70.0000 mm): Pad 69 [GND] of U1 on F.Cu
[track_dangling]: Track has unconnected end
    Local override; warning
    @(99.6000 mm, 62.8000 mm): Track [RTL_3V3] on B.Cu, length 1.3000 mm

** Found 17 unconnected pads **
[unconnected_items]: Missing connection between items
    Local override; error
    @(97.6000 mm, 73.9500 mm): Pad 8 [PEDET] of U1 on F.Cu
    @(120.0000 mm, 80.0000 mm): Pad 1 [PEDET] of R2 on F.Cu
[unconnected_items]: Missing connection between items
    Local override; error
    @(120.0000 mm, 80.0000 mm): Pad 1 [PEDET] of R2 on F.Cu
    @(140.7500 mm, 62.7250 mm): Pad 69 [PEDET] of J1 on F.Cu
[unconnected_items]: Missing connection between items
    Local override; error
    @(99.6000 mm, 73.9500 mm): Pad 13 [CLKREQ_N] of U1 on F.Cu
    @(120.0000 mm, 75.0000 mm): Pad 1 [CLKREQ_N] of R3 on F.Cu
[unconnected_items]: Missing connection between items
    Local override; error
    @(120.0000 mm, 75.0000 mm): Pad 1 [CLKREQ_N] of R3 on F.Cu
    @(136.5000 mm, 70.2750 mm): Pad 52 [CLKREQ_N] of J1 on F.Cu
[unconnected_items]: Missing connection between items
    Local override; error
    @(100.0000 mm, 73.9500 mm): Pad 14 [PERST_N] of U1 on F.Cu
    @(136.0000 mm, 70.2750 mm): Pad 50 [PERST_N] of J1 on F.Cu
[unconnected_items]: Missing connection between items
    Local override; error
    @(94.0000 mm, 62.0000 mm): Track [GND] on B.Cu, length 6.9311 mm
    @(97.2000 mm, 66.0500 mm): Pad 45 [GND] of U1 on F.Cu
[unconnected_items]: Missing connection between items
    Local override; error
    @(97.2000 mm, 66.0500 mm): Pad 45 [GND] of U1 on F.Cu
    @(98.0000 mm, 70.0000 mm): Pad 69 [GND] of U1 on F.Cu
[unconnected_items]: Missing connection between items
    Local override; error
    @(98.0000 mm, 70.0000 mm): Pad 69 [GND] of U1 on F.Cu
    @(94.0500 mm, 72.4000 mm): Pad 66 [GND] of U1 on F.Cu
[unconnected_items]: Missing connection between items
    Local override; error
    @(94.0500 mm, 70.4000 mm): Pad 61 [REFCLK_P] of U1 on F.Cu
    @(137.2500 mm, 62.7250 mm): Pad 55 [REFCLK_P] of J1 on F.Cu
[unconnected_items]: Missing connection between items
    Local override; error
    @(94.0500 mm, 70.8000 mm): Pad 62 [REFCLK_N] of U1 on F.Cu
    @(136.7500 mm, 62.7250 mm): Pad 53 [REFCLK_N] of J1 on F.Cu
[unconnected_items]: Missing connection between items
    Local override; error
    @(94.0500 mm, 71.6000 mm): Pad 64 [LANE0_RXP] of U1 on F.Cu
    @(134.2500 mm, 62.7250 mm): Pad 43 [LANE0_RXP] of J1 on F.Cu
[unconnected_items]: Missing connection between items
    Local override; error
    @(94.0500 mm, 72.0000 mm): Pad 65 [LANE0_RXN] of U1 on F.Cu
    @(133.7500 mm, 62.7250 mm): Pad 41 [LANE0_RXN] of J1 on F.Cu
[unconnected_items]: Missing connection between items
    Local override; error
    @(94.0500 mm, 72.8000 mm): Pad 67 [LANE0_TXN] of U1 on F.Cu
    @(135.2500 mm, 62.7250 mm): Pad 47 [LANE0_TXN] of J1 on F.Cu
[unconnected_items]: Missing connection between items
    Local override; error
    @(94.0500 mm, 73.2000 mm): Pad 68 [LANE0_TXP] of U1 on F.Cu
    @(135.7500 mm, 62.7250 mm): Pad 49 [LANE0_TXP] of J1 on F.Cu
[unconnected_items]: Missing connection between items
    Local override; error
    @(114.7500 mm, 62.7250 mm): Pad 2 [SSD_3V3] of J1 on F.Cu
    @(115.2500 mm, 62.7250 mm): Pad 4 [SSD_3V3] of J1 on F.Cu
[unconnected_items]: Missing connection between items
    Local override; error
    @(115.2500 mm, 62.7250 mm): Pad 4 [SSD_3V3] of J1 on F.Cu
    @(115.7500 mm, 62.7250 mm): Pad 6 [SSD_3V3] of J1 on F.Cu
[unconnected_items]: Missing connection between items
    Local override; error
    @(115.7500 mm, 62.7250 mm): Pad 6 [SSD_3V3] of J1 on F.Cu
    @(116.2500 mm, 62.7250 mm): Pad 8 [SSD_3V3] of J1 on F.Cu

** Found 0 Footprint errors **

** Ignored checks **
    - Footprint has no courtyard defined
    - Track endpoint not centered on via
    - Tuning profile track geometries
    - Footprint doesn't match symbol's footprint filters
    - Footprint component type doesn't match footprint pads

** End of Report **
