** Drc report for PHASE24_RTL9210B_V35_RELOCATED_RAIL_ENDPOINTS_PROBE.kicad_pcb **
** Created on 2026-09-08T13:00:44 **
** Report includes: Errors, Warnings **

** Found 98 DRC violations **
[clearance]: Clearance violation ( clearance 0.2000 mm; actual 0.0861 mm)
    Local override; error
    @(94.0500 mm, 72.8000 mm): Track [RTL_1V1] on F.Cu, length 1.8446 mm
    @(94.0500 mm, 73.2000 mm): Track [RSET] on F.Cu, length 5.6870 mm
[clearance]: Clearance violation ( clearance 0.2000 mm; actual 0.1500 mm)
    Local override; error
    @(96.0000 mm, 73.9500 mm): Track [RTL_1V1] on F.Cu, length 1.5500 mm
    @(96.4000 mm, 73.9500 mm): Pad 56 [<no net>] of U1 on F.Cu
[clearance]: Clearance violation ( clearance 0.2000 mm; actual 0.1500 mm)
    Local override; error
    @(94.0500 mm, 66.8000 mm): Pad 35 [<no net>] of U1 on F.Cu
    @(94.0500 mm, 67.2000 mm): Track [RTL_1V1] on F.Cu, length 1.5500 mm
[clearance]: Clearance violation ( clearance 0.2000 mm; actual 0.1500 mm)
    Local override; error
    @(94.8000 mm, 66.0500 mm): Track [RTL_3V3] on F.Cu, length 2.3754 mm
    @(95.2000 mm, 66.0500 mm): Pad 33 [RTL_5V] of U1 on F.Cu
[clearance]: Clearance violation ( clearance 0.2000 mm; actual 0.0895 mm)
    Local override; error
    @(93.2000 mm, 54.5000 mm): Track [RTL_3V3] on In2.PWR, length 45.7131 mm
    @(110.5000 mm, 76.8000 mm): Via [XTAL_OUT] on F.Cu - B.Cu
[shorting_items]: Items shorting two nets (nets XTAL_IN and RTL_3V3)
    Local override; error
    @(94.4000 mm, 76.0000 mm): Via [XTAL_IN] on F.Cu - B.Cu
    @(94.8000 mm, 75.5000 mm): Track [RTL_3V3] on In2.PWR, length 11.5000 mm
[shorting_items]: Items shorting two nets (nets XTAL_IN and RTL_3V3)
    Local override; error
    @(95.2000 mm, 75.5000 mm): Track [XTAL_IN] on F.Cu, length 0.9434 mm
    @(94.8000 mm, 75.5000 mm): Via [RTL_3V3] on F.Cu - B.Cu
[shorting_items]: Items shorting two nets (nets RTL_3V3 and XTAL_OUT)
    Local override; error
    @(90.2000 mm, 54.5000 mm): Track [RTL_3V3] on In2.PWR, length 47.6602 mm
    @(110.5000 mm, 76.8000 mm): Via [XTAL_OUT] on F.Cu - B.Cu
[clearance]: Clearance violation ( clearance 0.2000 mm; actual 0.0403 mm)
    Local override; error
    @(94.4000 mm, 76.0000 mm): Via [XTAL_IN] on F.Cu - B.Cu
    @(94.8000 mm, 75.5000 mm): Via [RTL_3V3] on F.Cu - B.Cu
[clearance]: Clearance violation ( clearance 0.2000 mm; actual 0.0403 mm)
    Local override; error
    @(94.4000 mm, 76.0000 mm): Via [XTAL_IN] on F.Cu - B.Cu
    @(94.8000 mm, 75.5000 mm): Via [RTL_3V3] on F.Cu - B.Cu
[clearance]: Clearance violation ( clearance 0.2000 mm; actual 0.0403 mm)
    Local override; error
    @(94.4000 mm, 76.0000 mm): Via [XTAL_IN] on F.Cu - B.Cu
    @(94.8000 mm, 75.5000 mm): Via [RTL_3V3] on F.Cu - B.Cu
[shorting_items]: Items shorting two nets (nets RTL_3V3 and XTAL_IN)
    Local override; error
    @(94.8000 mm, 73.9500 mm): Track [RTL_3V3] on F.Cu, length 1.5500 mm
    @(95.2000 mm, 75.5000 mm): Track [XTAL_IN] on F.Cu, length 0.9434 mm
[clearance]: Clearance violation ( clearance 0.2000 mm; actual 0.0403 mm)
    Local override; error
    @(94.4000 mm, 76.0000 mm): Via [XTAL_IN] on F.Cu - B.Cu
    @(94.8000 mm, 75.5000 mm): Via [RTL_3V3] on F.Cu - B.Cu
[clearance]: Clearance violation ( clearance 0.2000 mm; actual 0.0403 mm)
    Local override; error
    @(94.4000 mm, 76.0000 mm): Via [XTAL_IN] on F.Cu - B.Cu
    @(94.8000 mm, 75.5000 mm): Via [RTL_3V3] on F.Cu - B.Cu
[clearance]: Clearance violation ( clearance 0.2000 mm; actual 0.1500 mm)
    Local override; error
    @(100.8000 mm, 66.0500 mm): Pad 19 [SPICLK] of U1 on F.Cu
    @(100.4000 mm, 66.0500 mm): Track [RTL_3V3] on F.Cu, length 1.5500 mm
[clearance]: Clearance violation ( clearance 0.2000 mm; actual 0.1000 mm)
    Local override; error
    @(102.0000 mm, 64.0000 mm): Track [SPICLK] on B.Cu, length 14.2000 mm
    @(100.4000 mm, 64.5000 mm): Via [RTL_3V3] on F.Cu - B.Cu
[clearance]: Clearance violation ( clearance 0.2000 mm; actual 0.1500 mm)
    Local override; error
    @(94.0500 mm, 68.4000 mm): Track [RTL_3V3] on F.Cu, length 1.5500 mm
    @(94.0500 mm, 68.8000 mm): Pad 40 [RTL_1V1] of U1 on F.Cu
[shorting_items]: Items shorting two nets (nets RTL_3V3 and SPISI)
    Local override; error
    @(100.4000 mm, 64.5000 mm): Via [RTL_3V3] on F.Cu - B.Cu
    @(102.2000 mm, 64.8000 mm): Track [SPISI] on B.Cu, length 13.8000 mm
[clearance]: Clearance violation ( clearance 0.2000 mm; actual 0.1500 mm)
    Local override; error
    @(100.8000 mm, 66.0500 mm): Track [SPICLK] on F.Cu, length 1.0500 mm
    @(100.4000 mm, 66.0500 mm): Track [RTL_3V3] on F.Cu, length 1.5500 mm
[clearance]: Clearance violation ( clearance 0.2000 mm; actual 0.1500 mm)
    Local override; error
    @(100.4000 mm, 66.0500 mm): Track [RTL_3V3] on F.Cu, length 1.5500 mm
    @(100.8000 mm, 65.0000 mm): Track [SPICLK] on F.Cu, length 1.5620 mm
[shorting_items]: Items shorting two nets (nets RTL_3V3 and SPISI)
    Local override; error
    @(93.2000 mm, 54.5000 mm): Track [RTL_3V3] on In2.PWR, length 45.7131 mm
    @(102.2000 mm, 64.8000 mm): Via [SPISI] on F.Cu - B.Cu
[tracks_crossing]: Tracks crossing
    Local override; error
    @(90.2000 mm, 54.5000 mm): Track [RTL_3V3] on In2.PWR, length 47.6602 mm
    @(103.0000 mm, 66.8000 mm): Track [RTL_5V] on In2.PWR, length 22.2000 mm
[tracks_crossing]: Tracks crossing
    Local override; error
    @(90.2000 mm, 54.5000 mm): Track [RTL_3V3] on In2.PWR, length 47.6602 mm
    @(95.2000 mm, 89.0000 mm): Track [RTL_5V] on In2.PWR, length 34.8144 mm
[tracks_crossing]: Tracks crossing
    Local override; error
    @(90.2000 mm, 54.5000 mm): Track [RTL_3V3] on In2.PWR, length 47.6602 mm
    @(103.0000 mm, 89.0000 mm): Track [RTL_5V] on In2.PWR, length 27.0185 mm
[clearance]: Clearance violation ( clearance 0.2000 mm; actual 0.1500 mm)
    Local override; error
    @(101.9500 mm, 67.2000 mm): Pad 16 [RTL_1V1] of U1 on F.Cu
    @(101.9500 mm, 66.8000 mm): Track [RTL_5V] on F.Cu, length 1.0500 mm
[clearance]: Clearance violation ( clearance 0.2000 mm; actual 0.1000 mm)
    Local override; error
    @(95.2000 mm, 66.0500 mm): Track [RTL_5V] on F.Cu, length 1.5500 mm
    @(94.8000 mm, 66.0500 mm): Track [RTL_3V3] on F.Cu, length 2.3754 mm
[clearance]: Clearance violation ( clearance 0.2000 mm; actual 0.0750 mm)
    Local override; error
    @(96.4000 mm, 77.0000 mm): Via [XTAL_OUT] on F.Cu - B.Cu
    @(97.0000 mm, 64.5000 mm): Track [RTL_1V1] on In2.PWR, length 20.5000 mm
[shorting_items]: Items shorting two nets (nets RTL_5V and SPISI)
    Local override; error
    @(95.2000 mm, 64.5000 mm): Via [RTL_5V] on F.Cu - B.Cu
    @(102.2000 mm, 64.8000 mm): Track [SPISI] on B.Cu, length 13.8000 mm
[tracks_crossing]: Tracks crossing
    Local override; error
    @(103.0000 mm, 66.8000 mm): Track [RTL_5V] on In2.PWR, length 22.2000 mm
    @(96.0000 mm, 85.0000 mm): Track [RTL_1V1] on In2.PWR, length 30.4138 mm
[tracks_crossing]: Tracks crossing
    Local override; error
    @(95.2000 mm, 64.5000 mm): Track [RTL_5V] on In2.PWR, length 24.5000 mm
    @(92.5000 mm, 85.0000 mm): Track [RTL_1V1] on In2.PWR, length 33.8711 mm
[tracks_crossing]: Tracks crossing
    Local override; error
    @(103.0000 mm, 66.8000 mm): Track [RTL_5V] on In2.PWR, length 22.2000 mm
    @(97.0000 mm, 85.0000 mm): Track [RTL_1V1] on In2.PWR, length 29.4279 mm
[tracks_crossing]: Tracks crossing
    Local override; error
    @(95.2000 mm, 64.5000 mm): Track [RTL_5V] on In2.PWR, length 24.5000 mm
    @(92.5000 mm, 85.0000 mm): Track [RTL_1V1] on In2.PWR, length 33.8711 mm
[shorting_items]: Items shorting two nets (nets RTL_5V and RTL_3V3)
    Local override; error
    @(103.0000 mm, 66.8000 mm): Via [RTL_5V] on F.Cu - B.Cu
    @(93.2000 mm, 54.5000 mm): Track [RTL_3V3] on In2.PWR, length 45.7131 mm
[shorting_items]: Items shorting two nets (nets RTL_1V1 and RTL_3V3)
    Local override; error
    @(92.5000 mm, 67.2000 mm): Track [RTL_1V1] on In2.PWR, length 17.8000 mm
    @(92.5000 mm, 68.4000 mm): Via [RTL_3V3] on F.Cu - B.Cu
[tracks_crossing]: Tracks crossing
    Local override; error
    @(103.0000 mm, 85.0000 mm): Track [RTL_1V1] on In2.PWR, length 23.5372 mm
    @(103.0000 mm, 66.8000 mm): Track [RTL_5V] on In2.PWR, length 22.2000 mm
[tracks_crossing]: Tracks crossing
    Local override; error
    @(103.0000 mm, 89.0000 mm): Track [RTL_5V] on In2.PWR, length 27.0185 mm
    @(126.0000 mm, 90.0000 mm): Track [RTL_1V1] on In2.PWR, length 2.0000 mm
[clearance]: Clearance violation ( clearance 0.2000 mm; actual 0.0500 mm)
    Local override; error
    @(93.0000 mm, 64.5000 mm): Track [RTL_3V3] on In2.PWR, length 22.5000 mm
    @(92.5000 mm, 73.8000 mm): Track [RTL_1V1] on In2.PWR, length 11.2000 mm
[shorting_items]: Items shorting two nets (nets XTAL_OUT and RTL_1V1)
    Local override; error
    @(96.4000 mm, 77.0000 mm): Via [XTAL_OUT] on F.Cu - B.Cu
    @(96.0000 mm, 75.5000 mm): Track [RTL_1V1] on In2.PWR, length 9.5000 mm
[tracks_crossing]: Tracks crossing
    Local override; error
    @(98.0000 mm, 85.0000 mm): Track [RTL_1V1] on In2.PWR, length 28.4429 mm
    @(103.0000 mm, 66.8000 mm): Track [RTL_5V] on In2.PWR, length 22.2000 mm
[tracks_crossing]: Tracks crossing
    Local override; error
    @(95.2000 mm, 64.5000 mm): Track [RTL_5V] on In2.PWR, length 24.5000 mm
    @(92.5000 mm, 85.0000 mm): Track [RTL_1V1] on In2.PWR, length 33.8711 mm
[shorting_items]: Items shorting two nets (nets RTL_5V and RTL_1V1)
    Local override; error
    @(103.0000 mm, 89.0000 mm): Track [RTL_5V] on In2.PWR, length 27.0185 mm
    @(126.0000 mm, 90.0000 mm): Via [RTL_1V1] on F.Cu - B.Cu
[shorting_items]: Items shorting two nets (nets XTAL_OUT and RTL_1V1)
    Local override; error
    @(95.6000 mm, 73.9500 mm): Track [XTAL_OUT] on F.Cu, length 3.0500 mm
    @(96.0000 mm, 75.5000 mm): Via [RTL_1V1] on F.Cu - B.Cu
[shorting_items]: Items shorting two nets (nets RTL_3V3 and RTL_1V1)
    Local override; error
    @(93.0000 mm, 64.5000 mm): Track [RTL_3V3] on In2.PWR, length 22.5000 mm
    @(92.5000 mm, 67.2000 mm): Via [RTL_1V1] on F.Cu - B.Cu
[shorting_items]: Items shorting two nets (nets RTL_1V1 and SPISI)
    Local override; error
    @(97.0000 mm, 64.5000 mm): Via [RTL_1V1] on F.Cu - B.Cu
    @(102.2000 mm, 64.8000 mm): Track [SPISI] on B.Cu, length 13.8000 mm
[shorting_items]: Items shorting two nets (nets XTAL_IN and RTL_1V1)
    Local override; error
    @(94.4000 mm, 76.0000 mm): Track [XTAL_IN] on B.Cu, length 13.1381 mm
    @(96.0000 mm, 75.5000 mm): Via [RTL_1V1] on F.Cu - B.Cu
[shorting_items]: Items shorting two nets (nets XTAL_IN and RTL_1V1)
    Local override; error
    @(94.4000 mm, 76.0000 mm): Track [XTAL_IN] on B.Cu, length 13.1381 mm
    @(98.0000 mm, 75.5000 mm): Via [RTL_1V1] on F.Cu - B.Cu
[shorting_items]: Items shorting two nets (nets XTAL_IN and RTL_1V1)
    Local override; error
    @(94.4000 mm, 76.0000 mm): Track [XTAL_IN] on B.Cu, length 13.1381 mm
    @(99.2000 mm, 75.5000 mm): Via [RTL_1V1] on F.Cu - B.Cu
[clearance]: Clearance violation ( clearance 0.2000 mm; actual 0.0500 mm)
    Local override; error
    @(93.0000 mm, 64.5000 mm): Track [RTL_3V3] on In2.PWR, length 22.5000 mm
    @(92.5000 mm, 69.2000 mm): Track [RTL_1V1] on In2.PWR, length 15.8000 mm
[clearance]: Clearance violation ( clearance 0.2000 mm; actual 0.1500 mm)
    Local override; error
    @(98.0000 mm, 73.9500 mm): Track [RTL_1V1] on F.Cu, length 1.5500 mm
    @(97.6000 mm, 73.9500 mm): Pad 59 [<no net>] of U1 on F.Cu
[clearance]: Clearance violation ( clearance 0.2000 mm; actual 0.1500 mm)
    Local override; error
    @(98.8000 mm, 66.0500 mm): Pad 24 [SPICS] of U1 on F.Cu
    @(98.4000 mm, 66.0500 mm): Track [RTL_1V1] on F.Cu, length 2.0887 mm
[clearance]: Clearance violation ( clearance 0.2000 mm; actual 0.1000 mm)
    Local override; error
    @(94.0500 mm, 68.4000 mm): Track [RTL_3V3] on F.Cu, length 1.5500 mm
    @(94.0500 mm, 68.8000 mm): Track [RTL_1V1] on F.Cu, length 1.6008 mm
[shorting_items]: Items shorting two nets (nets RTL_1V1 and RTL_3V3)
    Local override; error
    @(92.5000 mm, 69.2000 mm): Via [RTL_1V1] on F.Cu - B.Cu
    @(93.0000 mm, 64.5000 mm): Track [RTL_3V3] on In2.PWR, length 22.5000 mm
[shorting_items]: Items shorting two nets (nets RTL_3V3 and RTL_1V1)
    Local override; error
    @(93.0000 mm, 64.5000 mm): Track [RTL_3V3] on In2.PWR, length 22.5000 mm
    @(92.5000 mm, 73.8000 mm): Via [RTL_1V1] on F.Cu - B.Cu
[clearance]: Clearance violation ( clearance 0.2000 mm; actual 0.1500 mm)
    Local override; error
    @(99.2000 mm, 73.9500 mm): Track [RTL_1V1] on F.Cu, length 1.5500 mm
    @(98.8000 mm, 73.9500 mm): Pad 62 [REFCLK_N] of U1 on F.Cu
[tracks_crossing]: Tracks crossing
    Local override; error
    @(99.2000 mm, 85.0000 mm): Track [RTL_1V1] on In2.PWR, length 27.2624 mm
    @(103.0000 mm, 66.8000 mm): Track [RTL_5V] on In2.PWR, length 22.2000 mm
[tracks_crossing]: Tracks crossing
    Local override; error
    @(101.9500 mm, 67.2000 mm): Track [RTL_1V1] on F.Cu, length 2.4377 mm
    @(101.9500 mm, 66.8000 mm): Track [RTL_5V] on F.Cu, length 1.0500 mm
[tracks_crossing]: Tracks crossing
    Local override; error
    @(103.0000 mm, 66.8000 mm): Track [RTL_5V] on In2.PWR, length 22.2000 mm
    @(103.0000 mm, 65.0000 mm): Track [RTL_1V1] on In2.PWR, length 20.0000 mm
[shorting_items]: Items shorting two nets (nets RTL_5V and RTL_3V3)
    Local override; error
    @(95.2000 mm, 64.5000 mm): Track [RTL_5V] on In2.PWR, length 24.5000 mm
    @(94.8000 mm, 75.5000 mm): Via [RTL_3V3] on F.Cu - B.Cu
[copper_edge_clearance]: Board edge clearance violation (board setup constraints edge clearance 0.5000 mm; actual 0.0000 mm)
    Rule: board setup constraints edge; error
    @(65.0000 mm, 40.0000 mm): Rectangle on Edge.Cuts
    @(99.2000 mm, 85.0000 mm): Track [RTL_1V1] on In2.PWR, length 27.2624 mm
[copper_edge_clearance]: Board edge clearance violation (board setup constraints edge clearance 0.5000 mm; actual 0.0000 mm)
    Rule: board setup constraints edge; error
    @(65.0000 mm, 40.0000 mm): Rectangle on Edge.Cuts
    @(98.0000 mm, 85.0000 mm): Track [RTL_1V1] on In2.PWR, length 28.4429 mm
[copper_edge_clearance]: Board edge clearance violation (board setup constraints edge clearance 0.5000 mm; actual 0.0000 mm)
    Rule: board setup constraints edge; error
    @(65.0000 mm, 40.0000 mm): Rectangle on Edge.Cuts
    @(92.5000 mm, 85.0000 mm): Track [RTL_1V1] on In2.PWR, length 33.8711 mm
[copper_edge_clearance]: Board edge clearance violation (board setup constraints edge clearance 0.5000 mm; actual 0.0000 mm)
    Rule: board setup constraints edge; error
    @(65.0000 mm, 40.0000 mm): Rectangle on Edge.Cuts
    @(99.2000 mm, 75.5000 mm): Track [RTL_1V1] on In2.PWR, length 9.5000 mm
[copper_edge_clearance]: Board edge clearance violation (board setup constraints edge clearance 0.5000 mm; actual 0.0000 mm)
    Rule: board setup constraints edge; error
    @(65.0000 mm, 40.0000 mm): Rectangle on Edge.Cuts
    @(92.5000 mm, 73.8000 mm): Track [RTL_1V1] on In2.PWR, length 11.2000 mm
[copper_edge_clearance]: Board edge clearance violation (board setup constraints edge clearance 0.5000 mm; actual 0.0000 mm)
    Rule: board setup constraints edge; error
    @(65.0000 mm, 40.0000 mm): Rectangle on Edge.Cuts
    @(103.0000 mm, 85.0000 mm): Track [RTL_1V1] on In2.PWR, length 23.5372 mm
[copper_edge_clearance]: Board edge clearance violation (board setup constraints edge clearance 0.5000 mm; actual 0.0000 mm)
    Rule: board setup constraints edge; error
    @(65.0000 mm, 40.0000 mm): Rectangle on Edge.Cuts
    @(96.0000 mm, 75.5000 mm): Track [RTL_1V1] on In2.PWR, length 9.5000 mm
[copper_edge_clearance]: Board edge clearance violation (board setup constraints edge clearance 0.5000 mm; actual 0.0000 mm)
    Rule: board setup constraints edge; error
    @(65.0000 mm, 40.0000 mm): Rectangle on Edge.Cuts
    @(92.5000 mm, 67.2000 mm): Track [RTL_1V1] on In2.PWR, length 17.8000 mm
[copper_edge_clearance]: Board edge clearance violation (board setup constraints edge clearance 0.5000 mm; actual 0.0000 mm)
    Rule: board setup constraints edge; error
    @(65.0000 mm, 40.0000 mm): Rectangle on Edge.Cuts
    @(98.0000 mm, 75.5000 mm): Track [RTL_1V1] on In2.PWR, length 9.5000 mm
[copper_edge_clearance]: Board edge clearance violation (board setup constraints edge clearance 0.5000 mm; actual 0.0000 mm)
    Rule: board setup constraints edge; error
    @(65.0000 mm, 40.0000 mm): Rectangle on Edge.Cuts
    @(92.5000 mm, 85.0000 mm): Track [RTL_1V1] on In2.PWR, length 33.8711 mm
[copper_edge_clearance]: Board edge clearance violation (board setup constraints edge clearance 0.5000 mm; actual 0.0000 mm)
    Rule: board setup constraints edge; error
    @(65.0000 mm, 40.0000 mm): Rectangle on Edge.Cuts
    @(97.0000 mm, 85.0000 mm): Track [RTL_1V1] on In2.PWR, length 29.4279 mm
[copper_edge_clearance]: Board edge clearance violation (board setup constraints edge clearance 0.5000 mm; actual 0.0000 mm)
    Rule: board setup constraints edge; error
    @(65.0000 mm, 40.0000 mm): Rectangle on Edge.Cuts
    @(103.0000 mm, 65.0000 mm): Track [RTL_1V1] on In2.PWR, length 20.0000 mm
[copper_edge_clearance]: Board edge clearance violation (board setup constraints edge clearance 0.5000 mm; actual 0.0000 mm)
    Rule: board setup constraints edge; error
    @(65.0000 mm, 40.0000 mm): Rectangle on Edge.Cuts
    @(92.5000 mm, 69.2000 mm): Track [RTL_1V1] on In2.PWR, length 15.8000 mm
[copper_edge_clearance]: Board edge clearance violation (board setup constraints edge clearance 0.5000 mm; actual 0.0000 mm)
    Rule: board setup constraints edge; error
    @(65.0000 mm, 40.0000 mm): Rectangle on Edge.Cuts
    @(92.5000 mm, 85.0000 mm): Track [RTL_1V1] on In2.PWR, length 33.8711 mm
[copper_edge_clearance]: Board edge clearance violation (board setup constraints edge clearance 0.5000 mm; actual 0.0000 mm)
    Rule: board setup constraints edge; error
    @(65.0000 mm, 40.0000 mm): Rectangle on Edge.Cuts
    @(96.0000 mm, 85.0000 mm): Track [RTL_1V1] on In2.PWR, length 30.4138 mm
[copper_edge_clearance]: Board edge clearance violation (board setup constraints edge clearance 0.5000 mm; actual 0.0000 mm)
    Rule: board setup constraints edge; error
    @(65.0000 mm, 40.0000 mm): Rectangle on Edge.Cuts
    @(97.0000 mm, 64.5000 mm): Track [RTL_1V1] on In2.PWR, length 20.5000 mm
[copper_edge_clearance]: Board edge clearance violation (board setup constraints edge clearance 0.5000 mm; actual 0.0000 mm)
    Rule: board setup constraints edge; error
    @(65.0000 mm, 40.0000 mm): Rectangle on Edge.Cuts
    @(95.2000 mm, 64.5000 mm): Track [RTL_5V] on In2.PWR, length 24.5000 mm
[copper_edge_clearance]: Board edge clearance violation (board setup constraints edge clearance 0.5000 mm; actual 0.0000 mm)
    Rule: board setup constraints edge; error
    @(65.0000 mm, 40.0000 mm): Rectangle on Edge.Cuts
    @(103.0000 mm, 66.8000 mm): Track [RTL_5V] on In2.PWR, length 22.2000 mm
[copper_edge_clearance]: Board edge clearance violation (board setup constraints edge clearance 0.5000 mm; actual 0.0000 mm)
    Rule: board setup constraints edge; error
    @(65.0000 mm, 40.0000 mm): Rectangle on Edge.Cuts
    @(90.2000 mm, 54.5000 mm): Track [RTL_3V3] on In2.PWR, length 47.6602 mm
[copper_edge_clearance]: Board edge clearance violation (board setup constraints edge clearance 0.5000 mm; actual 0.0000 mm)
    Rule: board setup constraints edge; error
    @(65.0000 mm, 40.0000 mm): Rectangle on Edge.Cuts
    @(93.0000 mm, 64.5000 mm): Track [RTL_3V3] on In2.PWR, length 22.5000 mm
[copper_edge_clearance]: Board edge clearance violation (board setup constraints edge clearance 0.5000 mm; actual 0.0000 mm)
    Rule: board setup constraints edge; error
    @(65.0000 mm, 40.0000 mm): Rectangle on Edge.Cuts
    @(92.5000 mm, 68.4000 mm): Track [RTL_3V3] on In2.PWR, length 18.6000 mm
[copper_edge_clearance]: Board edge clearance violation (board setup constraints edge clearance 0.5000 mm; actual 0.0000 mm)
    Rule: board setup constraints edge; error
    @(65.0000 mm, 40.0000 mm): Rectangle on Edge.Cuts
    @(94.8000 mm, 75.5000 mm): Track [RTL_3V3] on In2.PWR, length 11.5000 mm
[copper_edge_clearance]: Board edge clearance violation (board setup constraints edge clearance 0.5000 mm; actual 0.0000 mm)
    Rule: board setup constraints edge; error
    @(65.0000 mm, 40.0000 mm): Rectangle on Edge.Cuts
    @(93.2000 mm, 54.5000 mm): Track [RTL_3V3] on In2.PWR, length 45.7131 mm
[copper_edge_clearance]: Board edge clearance violation (board setup constraints edge clearance 0.5000 mm; actual 0.0000 mm)
    Rule: board setup constraints edge; error
    @(65.0000 mm, 40.0000 mm): Rectangle on Edge.Cuts
    @(100.4000 mm, 64.5000 mm): Track [RTL_3V3] on In2.PWR, length 22.5000 mm
[solder_mask_bridge]: Front solder mask aperture bridges items with different nets
    Rule: board setup solder mask min width; error
    @(94.0500 mm, 72.8000 mm): Track [RTL_1V1] on F.Cu, length 1.8446 mm
    @(94.0500 mm, 73.2000 mm): Pad 51 [RSET] of U1 on F.Cu
[solder_mask_bridge]: Front solder mask aperture bridges items with different nets
    Rule: board setup solder mask min width; error
    @(101.9500 mm, 67.2000 mm): Track [RTL_1V1] on F.Cu, length 2.4377 mm
    @(101.9500 mm, 66.8000 mm): Pad 17 [RTL_5V] of U1 on F.Cu
[solder_mask_bridge]: Front solder mask aperture bridges items with different nets
    Rule: board setup solder mask min width; error
    @(98.4000 mm, 66.0500 mm): Track [RTL_1V1] on F.Cu, length 2.0887 mm
    @(98.0000 mm, 66.0500 mm): Pad 26 [DEVSLP] of U1 on F.Cu
[via_dangling]: Via is not connected or connected on only one layer
    Local override; warning
    @(126.0000 mm, 90.0000 mm): Via [RTL_1V1] on F.Cu - B.Cu
[track_dangling]: Track has unconnected end
    Local override; warning
    @(126.0000 mm, 90.0000 mm): Track [RTL_1V1] on In2.PWR, length 2.0000 mm
[via_dangling]: Via is not connected or connected on only one layer
    Local override; warning
    @(130.0000 mm, 90.0000 mm): Via [RTL_5V] on F.Cu - B.Cu
[track_dangling]: Track has unconnected end
    Local override; warning
    @(130.0000 mm, 90.0000 mm): Track [RTL_5V] on In2.PWR, length 2.0000 mm
[track_dangling]: Track has unconnected end
    Local override; warning
    @(110.0000 mm, 68.5000 mm): Track [RTL_3V3] on F.Cu, length 0.6403 mm
[via_dangling]: Via is not connected or connected on only one layer
    Local override; warning
    @(93.2000 mm, 54.5000 mm): Via [RTL_3V3] on F.Cu - B.Cu
[via_dangling]: Via is not connected or connected on only one layer
    Local override; warning
    @(122.0000 mm, 90.0000 mm): Via [RTL_3V3] on F.Cu - B.Cu
[via_dangling]: Via is not connected or connected on only one layer
    Local override; warning
    @(90.2000 mm, 54.5000 mm): Via [RTL_3V3] on F.Cu - B.Cu
[track_dangling]: Track has unconnected end
    Local override; warning
    @(122.0000 mm, 90.0000 mm): Track [RTL_3V3] on In2.PWR, length 2.0000 mm
[isolated_copper]: Isolated copper fill
    Local override; warning
    @(65.5000 mm, 40.5000 mm): Zone [GND] on B.Cu, priority 0
[isolated_copper]: Isolated copper fill
    Local override; warning
    @(65.5000 mm, 40.5000 mm): Zone [GND] on B.Cu, priority 0
[isolated_copper]: Isolated copper fill
    Local override; warning
    @(65.5000 mm, 40.5000 mm): Zone [GND] on B.Cu, priority 0
[silk_overlap]: Silkscreen clearance
    Rule: board setup constraints silk; warning
    @(109.0000 mm, 79.5000 mm): Reference field of C1
    @(109.0000 mm, 79.5000 mm): Reference field of R1

** Found 27 unconnected pads **
[unconnected_items]: Missing connection between items
    Local override; error
    @(89.0000 mm, 56.0000 mm): Pad 1 [PEDET] of R2 on F.Cu
    @(101.9500 mm, 70.4000 mm): Pad 8 [PEDET] of U1 on F.Cu
[unconnected_items]: Missing connection between items
    Local override; error
    @(101.9500 mm, 70.4000 mm): Pad 8 [PEDET] of U1 on F.Cu
    @(140.7500 mm, 62.7250 mm): Pad 69 [PEDET] of J1 on F.Cu
[unconnected_items]: Missing connection between items
    Local override; error
    @(92.0000 mm, 56.0000 mm): Pad 1 [CLKREQ_N] of R3 on F.Cu
    @(101.9500 mm, 68.4000 mm): Pad 13 [CLKREQ_N] of U1 on F.Cu
[unconnected_items]: Missing connection between items
    Local override; error
    @(101.9500 mm, 68.4000 mm): Pad 13 [CLKREQ_N] of U1 on F.Cu
    @(136.5000 mm, 70.2750 mm): Pad 52 [CLKREQ_N] of J1 on F.Cu
[unconnected_items]: Missing connection between items
    Local override; error
    @(101.9500 mm, 68.0000 mm): Pad 14 [PERST_N] of U1 on F.Cu
    @(136.0000 mm, 70.2750 mm): Pad 50 [PERST_N] of J1 on F.Cu
[unconnected_items]: Missing connection between items
    Local override; error
    @(229.4000 mm, 139.0000 mm): Pad 1 [RTL_1V1] of C4 on F.Cu
    @(92.5000 mm, 85.0000 mm): Track [RTL_1V1] on In2.PWR, length 33.8711 mm
[unconnected_items]: Missing connection between items
    Local override; error
    @(236.4000 mm, 139.0000 mm): Pad 1 [RTL_5V] of C5 on F.Cu
    @(95.2000 mm, 89.0000 mm): Track [RTL_5V] on In2.PWR, length 34.8144 mm
[unconnected_items]: Missing connection between items
    Local override; error
    @(90.2000 mm, 56.0000 mm): Pad 2 [RTL_3V3] of R2 on F.Cu
    @(90.2000 mm, 54.5000 mm): Track [RTL_3V3] on In2.PWR, length 47.6602 mm
[unconnected_items]: Missing connection between items
    Local override; error
    @(90.2000 mm, 80.0000 mm): Pad 8 [RTL_3V3] of U2 on F.Cu
    @(84.2000 mm, 80.0000 mm): Pad 3 [RTL_3V3] of U2 on F.Cu
[unconnected_items]: Missing connection between items
    Local override; error
    @(90.2000 mm, 80.0000 mm): Pad 8 [RTL_3V3] of U2 on F.Cu
    @(94.8000 mm, 75.5000 mm): Track [RTL_3V3] on In2.PWR, length 11.5000 mm
[unconnected_items]: Missing connection between items
    Local override; error
    @(93.2000 mm, 54.5000 mm): Track [RTL_3V3] on In2.PWR, length 45.7131 mm
    @(93.2000 mm, 56.0000 mm): Pad 2 [RTL_3V3] of R3 on F.Cu
[unconnected_items]: Missing connection between items
    Local override; error
    @(93.0000 mm, 87.0000 mm): Track [RTL_3V3] on In2.PWR, length 29.1548 mm
    @(222.4000 mm, 139.0000 mm): Pad 1 [RTL_3V3] of C3 on F.Cu
[unconnected_items]: Missing connection between items
    Local override; error
    @(98.0000 mm, 70.0000 mm): Pad 69 [GND] of U1 on F.Cu
    @(94.0500 mm, 70.8000 mm): Pad 45 [GND] of U1 on F.Cu
[unconnected_items]: Missing connection between items
    Local override; error
    @(98.0000 mm, 70.0000 mm): Pad 69 [GND] of U1 on F.Cu
    @(100.4000 mm, 73.9500 mm): Pad 66 [GND] of U1 on F.Cu
[unconnected_items]: Missing connection between items
    Local override; error
    @(108.4000 mm, 78.0000 mm): Pad 2 [GND] of C1 on F.Cu
    @(100.4000 mm, 73.9500 mm): Pad 66 [GND] of U1 on F.Cu
[unconnected_items]: Missing connection between items
    Local override; error
    @(65.5000 mm, 40.5000 mm): Zone [GND] on F.Cu, priority 0
    @(223.6000 mm, 139.0000 mm): Pad 2 [GND] of C3 on F.Cu
[unconnected_items]: Missing connection between items
    Local override; error
    @(223.6000 mm, 139.0000 mm): Pad 2 [GND] of C3 on F.Cu
    @(230.6000 mm, 139.0000 mm): Pad 2 [GND] of C4 on F.Cu
[unconnected_items]: Missing connection between items
    Local override; error
    @(230.6000 mm, 139.0000 mm): Pad 2 [GND] of C4 on F.Cu
    @(237.6000 mm, 139.0000 mm): Pad 2 [GND] of C5 on F.Cu
[unconnected_items]: Missing connection between items
    Local override; error
    @(98.4000 mm, 73.9500 mm): Pad 61 [REFCLK_P] of U1 on F.Cu
    @(137.2500 mm, 62.7250 mm): Pad 55 [REFCLK_P] of J1 on F.Cu
[unconnected_items]: Missing connection between items
    Local override; error
    @(98.8000 mm, 73.9500 mm): Pad 62 [REFCLK_N] of U1 on F.Cu
    @(136.7500 mm, 62.7250 mm): Pad 53 [REFCLK_N] of J1 on F.Cu
[unconnected_items]: Missing connection between items
    Local override; error
    @(99.6000 mm, 73.9500 mm): Pad 64 [LANE0_RXP] of U1 on F.Cu
    @(134.2500 mm, 62.7250 mm): Pad 43 [LANE0_RXP] of J1 on F.Cu
[unconnected_items]: Missing connection between items
    Local override; error
    @(100.0000 mm, 73.9500 mm): Pad 65 [LANE0_RXN] of U1 on F.Cu
    @(133.7500 mm, 62.7250 mm): Pad 41 [LANE0_RXN] of J1 on F.Cu
[unconnected_items]: Missing connection between items
    Local override; error
    @(100.8000 mm, 73.9500 mm): Pad 67 [LANE0_TXN] of U1 on F.Cu
    @(135.2500 mm, 62.7250 mm): Pad 47 [LANE0_TXN] of J1 on F.Cu
[unconnected_items]: Missing connection between items
    Local override; error
    @(101.2000 mm, 73.9500 mm): Pad 68 [LANE0_TXP] of U1 on F.Cu
    @(135.7500 mm, 62.7250 mm): Pad 49 [LANE0_TXP] of J1 on F.Cu
[unconnected_items]: Missing connection between items
    Local override; error
    @(114.7500 mm, 62.7250 mm): Pad 2 [SSD_3V3] of J1 on F.Cu
    @(115.2500 mm, 62.7250 mm): Pad 4 [SSD_3V3] of J1 on F.Cu
[unconnected_items]: Missing connection between items
    Local override; error
    @(115.2500 mm, 62.7250 mm): Pad 4 [SSD_3V3] of J1 on F.Cu
    @(115.7500 mm, 62.7250 mm): Pad 6 [SSD_3V3] of J1 on F.Cu
[unconnected_items]: Missing connection between items
    Local override; error
    @(115.7500 mm, 62.7250 mm): Pad 6 [SSD_3V3] of J1 on F.Cu
    @(116.2500 mm, 62.7250 mm): Pad 8 [SSD_3V3] of J1 on F.Cu

** Found 0 Footprint errors **

** Ignored checks **
    - Footprint has no courtyard defined
    - Track endpoint not centered on via
    - Tuning profile track geometries
    - Footprint doesn't match symbol's footprint filters
    - Footprint component type doesn't match footprint pads

** End of Report **
