** Drc report for PHASE24_RTL9210B_XTALIN_V1509.kicad_pcb **
** Created on 2026-09-10T05:32:29 **
** Report includes: Errors, Warnings **

** Found 4 DRC violations **
[clearance]: Clearance violation ( clearance 0.2000 mm; actual 0.1657 mm)
    Local override; error
    @(94.0500 mm, 67.2000 mm): Track [XTAL_IN] on F.Cu, length 0.6500 mm
    @(93.0000 mm, 66.8000 mm): Via [RTL_3V3] on F.Cu - B.Cu
[tracks_crossing]: Tracks crossing
    Local override; error
    @(91.5000 mm, 67.2000 mm): Track [XTAL_IN] on B.Cu, length 8.7459 mm
    @(92.8000 mm, 69.8000 mm): Track [RTL_1V1] on B.Cu, length 4.8000 mm
[tracks_crossing]: Tracks crossing
    Local override; error
    @(92.0000 mm, 68.0000 mm): Track [RTL_1V1] on F.Cu, length 4.0000 mm
    @(93.4000 mm, 67.2000 mm): Track [XTAL_IN] on F.Cu, length 1.9000 mm
[shorting_items]: Items shorting two nets (nets XTAL_IN and LANE0_RXN)
    Local override; error
    @(91.5000 mm, 67.2000 mm): Track [XTAL_IN] on B.Cu, length 8.7459 mm
    @(88.8000 mm, 70.8000 mm): Track [LANE0_RXN] on B.Cu, length 13.2000 mm

** Found 4 unconnected pads **
[unconnected_items]: Missing connection between items
    Local override; error
    @(89.4000 mm, 59.0000 mm): Pad 2 [XTAL_OUT] of Y1 on F.Cu
    @(91.0000 mm, 62.0000 mm): Pad 1 [XTAL_OUT] of C2 on F.Cu
[unconnected_items]: Missing connection between items
    Local override; error
    @(91.0000 mm, 62.0000 mm): Pad 1 [XTAL_OUT] of C2 on F.Cu
    @(94.0500 mm, 67.6000 mm): Pad 54 [XTAL_OUT] of U1 on F.Cu
[unconnected_items]: Missing connection between items
    Local override; error
    @(94.0500 mm, 70.4000 mm): Pad 61 [REFCLK_P] of U1 on F.Cu
    @(137.2500 mm, 62.7250 mm): Pad 55 [REFCLK_P] of J1 on F.Cu
[unconnected_items]: Missing connection between items
    Local override; error
    @(94.0500 mm, 70.8000 mm): Pad 62 [REFCLK_N] of U1 on F.Cu
    @(136.7500 mm, 62.7250 mm): Pad 53 [REFCLK_N] of J1 on F.Cu

** Found 0 Footprint errors **

** Ignored checks **
    - Footprint has no courtyard defined
    - Track endpoint not centered on via
    - Tuning profile track geometries
    - Footprint doesn't match symbol's footprint filters
    - Footprint component type doesn't match footprint pads

** End of Report **
