** Drc report for PHASE24_PATHA_M2_LANE0_LAUNCH_ISOLATED_V6.kicad_pcb **
** Created on 2026-09-07T01:41:42 **
** Report includes: Errors, Warnings **

** Found 83 DRC violations **
[clearance]: Clearance violation ( clearance 0.2000 mm; actual 0.1750 mm)
    Local override; error
    @(178.5000 mm, 147.2000 mm): Track [M2_SATA_A_P_PCIE_TXP0] on F.Cu, length 3.5000 mm
    @(178.5000 mm, 146.8000 mm): Pad 1 [POWER_GND] of U13 on F.Cu
[clearance]: Clearance violation ( clearance 0.2000 mm; actual 0.1932 mm)
    Local override; error
    @(222.2500 mm, 157.0000 mm): Track [M2_SATA_A_N_PCIE_TXN0] on F.Cu, length 5.5057 mm
    @(222.7500 mm, 157.0000 mm): Track [M2_SATA_A_P_PCIE_TXP0] on F.Cu, length 4.4511 mm
[clearance]: Clearance violation ( clearance 0.2000 mm; actual 0.1750 mm)
    Local override; error
    @(178.5000 mm, 147.2000 mm): Pad 2 [M2_SATA_A_P_PCIE_TXP0] of U13 on F.Cu
    @(178.5000 mm, 147.6000 mm): Track [M2_SATA_A_N_PCIE_TXN0] on F.Cu, length 5.0000 mm
[tracks_crossing]: Tracks crossing
    Local override; error
    @(178.5000 mm, 149.2000 mm): Track [M2_SATA_B_N_PCIE_RXP0] on F.Cu, length 7.0000 mm
    @(175.0000 mm, 148.8000 mm): Track [M2_SATA_B_P_PCIE_RXN0] on F.Cu, length 5.2000 mm
[clearance]: Clearance violation ( clearance 0.2000 mm; actual 0.0773 mm)
    Local override; error
    @(221.2500 mm, 157.0000 mm): Track [M2_SATA_B_N_PCIE_RXP0] on F.Cu, length 6.3097 mm
    @(220.7500 mm, 159.7250 mm): Track [M2_SATA_B_P_PCIE_RXN0] on F.Cu, length 2.7250 mm
[clearance]: Clearance violation ( clearance 0.2000 mm; actual 0.1750 mm)
    Local override; error
    @(178.5000 mm, 149.2000 mm): Track [M2_SATA_B_N_PCIE_RXP0] on F.Cu, length 7.0000 mm
    @(178.5000 mm, 149.6000 mm): Pad 8 [NC_8] of U13 on F.Cu
[shorting_items]: Items shorting two nets (nets M2_SATA_B_N_PCIE_RXP0 and )
    Local override; error
    @(208.0000 mm, 160.0000 mm): Track [M2_SATA_B_N_PCIE_RXP0] on F.Cu, length 10.3078 mm
    @(209.6500 mm, 160.5000 mm): Pad S1 [<no net>] of J3 on F.Cu
[clearance]: Clearance violation ( clearance 0.2000 mm; actual 0.1750 mm)
    Local override; error
    @(178.5000 mm, 148.4000 mm): Pad 5 [STORAGE_3V3] of U13 on F.Cu
    @(178.5000 mm, 148.8000 mm): Track [M2_SATA_B_P_PCIE_RXN0] on F.Cu, length 3.5000 mm
[clearance]: Clearance violation ( clearance 0.2000 mm; actual 0.1000 mm)
    Local override; error
    @(180.6000 mm, 154.5000 mm): Pad 18 [NC_18] of U13 on F.Cu
    @(175.0000 mm, 154.0000 mm): Track [M2_SATA_B_P_PCIE_RXN0] on F.Cu, length 15.0000 mm
[tracks_crossing]: Tracks crossing
    Local override; error
    @(208.0000 mm, 160.0000 mm): Track [M2_SATA_B_N_PCIE_RXP0] on F.Cu, length 10.3078 mm
    @(220.7500 mm, 157.0000 mm): Track [M2_SATA_B_P_PCIE_RXN0] on F.Cu, length 7.6035 mm
[clearance]: Clearance violation ( clearance 0.2000 mm; actual 0.1500 mm)
    Local override; error
    @(178.5000 mm, 147.2000 mm): Pad 2 [M2_SATA_A_P_PCIE_TXP0] of U13 on F.Cu
    @(178.5000 mm, 146.8000 mm): Pad 1 [POWER_GND] of U13 on F.Cu
[clearance]: Clearance violation ( clearance 0.2000 mm; actual 0.1500 mm)
    Local override; error
    @(178.5000 mm, 147.2000 mm): Pad 2 [M2_SATA_A_P_PCIE_TXP0] of U13 on F.Cu
    @(178.5000 mm, 147.6000 mm): Pad 3 [M2_SATA_A_N_PCIE_TXN0] of U13 on F.Cu
[clearance]: Clearance violation ( clearance 0.2000 mm; actual 0.1750 mm)
    Local override; error
    @(178.5000 mm, 147.2000 mm): Pad 2 [M2_SATA_A_P_PCIE_TXP0] of U13 on F.Cu
    @(180.0000 mm, 150.0000 mm): Pad 43 [POWER_GND] of U13 on F.Cu
[clearance]: Clearance violation ( clearance 0.2000 mm; actual 0.1500 mm)
    Local override; error
    @(178.5000 mm, 147.6000 mm): Pad 3 [M2_SATA_A_N_PCIE_TXN0] of U13 on F.Cu
    @(178.5000 mm, 148.0000 mm): Pad 4 [POWER_GND] of U13 on F.Cu
[clearance]: Clearance violation ( clearance 0.2000 mm; actual 0.1750 mm)
    Local override; error
    @(178.5000 mm, 147.6000 mm): Pad 3 [M2_SATA_A_N_PCIE_TXN0] of U13 on F.Cu
    @(180.0000 mm, 150.0000 mm): Pad 43 [POWER_GND] of U13 on F.Cu
[clearance]: Clearance violation ( clearance 0.2000 mm; actual 0.1500 mm)
    Local override; error
    @(178.5000 mm, 148.0000 mm): Pad 4 [POWER_GND] of U13 on F.Cu
    @(178.5000 mm, 148.4000 mm): Pad 5 [STORAGE_3V3] of U13 on F.Cu
[clearance]: Clearance violation ( clearance 0.2000 mm; actual 0.1500 mm)
    Local override; error
    @(178.5000 mm, 148.4000 mm): Pad 5 [STORAGE_3V3] of U13 on F.Cu
    @(178.5000 mm, 148.8000 mm): Pad 6 [M2_SATA_B_P_PCIE_RXN0] of U13 on F.Cu
[clearance]: Clearance violation ( clearance 0.2000 mm; actual 0.1750 mm)
    Local override; error
    @(178.5000 mm, 148.4000 mm): Pad 5 [STORAGE_3V3] of U13 on F.Cu
    @(180.0000 mm, 150.0000 mm): Pad 43 [POWER_GND] of U13 on F.Cu
[clearance]: Clearance violation ( clearance 0.2000 mm; actual 0.1500 mm)
    Local override; error
    @(178.5000 mm, 148.8000 mm): Pad 6 [M2_SATA_B_P_PCIE_RXN0] of U13 on F.Cu
    @(178.5000 mm, 149.2000 mm): Pad 7 [M2_SATA_B_N_PCIE_RXP0] of U13 on F.Cu
[clearance]: Clearance violation ( clearance 0.2000 mm; actual 0.1750 mm)
    Local override; error
    @(178.5000 mm, 148.8000 mm): Pad 6 [M2_SATA_B_P_PCIE_RXN0] of U13 on F.Cu
    @(180.0000 mm, 150.0000 mm): Pad 43 [POWER_GND] of U13 on F.Cu
[clearance]: Clearance violation ( clearance 0.2000 mm; actual 0.1500 mm)
    Local override; error
    @(178.5000 mm, 149.2000 mm): Pad 7 [M2_SATA_B_N_PCIE_RXP0] of U13 on F.Cu
    @(178.5000 mm, 149.6000 mm): Pad 8 [NC_8] of U13 on F.Cu
[clearance]: Clearance violation ( clearance 0.2000 mm; actual 0.1750 mm)
    Local override; error
    @(178.5000 mm, 149.2000 mm): Pad 7 [M2_SATA_B_N_PCIE_RXP0] of U13 on F.Cu
    @(180.0000 mm, 150.0000 mm): Pad 43 [POWER_GND] of U13 on F.Cu
[clearance]: Clearance violation ( clearance 0.2000 mm; actual 0.1750 mm)
    Local override; error
    @(178.5000 mm, 149.6000 mm): Pad 8 [NC_8] of U13 on F.Cu
    @(180.0000 mm, 150.0000 mm): Pad 43 [POWER_GND] of U13 on F.Cu
[clearance]: Clearance violation ( clearance 0.2000 mm; actual 0.1500 mm)
    Local override; error
    @(178.5000 mm, 150.0000 mm): Pad 9 [STORAGE_SEL] of U13 on F.Cu
    @(178.5000 mm, 149.6000 mm): Pad 8 [NC_8] of U13 on F.Cu
[clearance]: Clearance violation ( clearance 0.2000 mm; actual 0.1500 mm)
    Local override; error
    @(178.5000 mm, 150.0000 mm): Pad 9 [STORAGE_SEL] of U13 on F.Cu
    @(178.5000 mm, 150.4000 mm): Pad 10 [POWER_GND] of U13 on F.Cu
[clearance]: Clearance violation ( clearance 0.2000 mm; actual 0.1750 mm)
    Local override; error
    @(178.5000 mm, 150.0000 mm): Pad 9 [STORAGE_SEL] of U13 on F.Cu
    @(180.0000 mm, 150.0000 mm): Pad 43 [POWER_GND] of U13 on F.Cu
[clearance]: Clearance violation ( clearance 0.2000 mm; actual 0.1500 mm)
    Local override; error
    @(178.5000 mm, 150.4000 mm): Pad 10 [POWER_GND] of U13 on F.Cu
    @(178.5000 mm, 150.8000 mm): Pad 11 [M2_PCIE_TXP2] of U13 on F.Cu
[clearance]: Clearance violation ( clearance 0.2000 mm; actual 0.1500 mm)
    Local override; error
    @(178.5000 mm, 150.8000 mm): Pad 11 [M2_PCIE_TXP2] of U13 on F.Cu
    @(178.5000 mm, 151.2000 mm): Pad 12 [M2_PCIE_TXN2] of U13 on F.Cu
[clearance]: Clearance violation ( clearance 0.2000 mm; actual 0.1750 mm)
    Local override; error
    @(178.5000 mm, 150.8000 mm): Pad 11 [M2_PCIE_TXP2] of U13 on F.Cu
    @(180.0000 mm, 150.0000 mm): Pad 43 [POWER_GND] of U13 on F.Cu
[clearance]: Clearance violation ( clearance 0.2000 mm; actual 0.1500 mm)
    Local override; error
    @(178.5000 mm, 151.2000 mm): Pad 12 [M2_PCIE_TXN2] of U13 on F.Cu
    @(178.5000 mm, 151.6000 mm): Pad 13 [STORAGE_3V3] of U13 on F.Cu
[clearance]: Clearance violation ( clearance 0.2000 mm; actual 0.1750 mm)
    Local override; error
    @(178.5000 mm, 151.2000 mm): Pad 12 [M2_PCIE_TXN2] of U13 on F.Cu
    @(180.0000 mm, 150.0000 mm): Pad 43 [POWER_GND] of U13 on F.Cu
[clearance]: Clearance violation ( clearance 0.2000 mm; actual 0.1500 mm)
    Local override; error
    @(178.5000 mm, 151.6000 mm): Pad 13 [STORAGE_3V3] of U13 on F.Cu
    @(178.5000 mm, 152.0000 mm): Pad 14 [POWER_GND] of U13 on F.Cu
[clearance]: Clearance violation ( clearance 0.2000 mm; actual 0.1750 mm)
    Local override; error
    @(178.5000 mm, 151.6000 mm): Pad 13 [STORAGE_3V3] of U13 on F.Cu
    @(180.0000 mm, 150.0000 mm): Pad 43 [POWER_GND] of U13 on F.Cu
[clearance]: Clearance violation ( clearance 0.2000 mm; actual 0.1500 mm)
    Local override; error
    @(178.5000 mm, 152.0000 mm): Pad 14 [POWER_GND] of U13 on F.Cu
    @(178.5000 mm, 152.4000 mm): Pad 15 [M2_PCIE_TXP3] of U13 on F.Cu
[clearance]: Clearance violation ( clearance 0.2000 mm; actual 0.1500 mm)
    Local override; error
    @(178.5000 mm, 152.4000 mm): Pad 15 [M2_PCIE_TXP3] of U13 on F.Cu
    @(178.5000 mm, 152.8000 mm): Pad 16 [M2_PCIE_TXN3] of U13 on F.Cu
[clearance]: Clearance violation ( clearance 0.2000 mm; actual 0.1750 mm)
    Local override; error
    @(178.5000 mm, 152.4000 mm): Pad 15 [M2_PCIE_TXP3] of U13 on F.Cu
    @(180.0000 mm, 150.0000 mm): Pad 43 [POWER_GND] of U13 on F.Cu
[clearance]: Clearance violation ( clearance 0.2000 mm; actual 0.1500 mm)
    Local override; error
    @(178.5000 mm, 152.8000 mm): Pad 16 [M2_PCIE_TXN3] of U13 on F.Cu
    @(178.5000 mm, 153.2000 mm): Pad 17 [POWER_GND] of U13 on F.Cu
[clearance]: Clearance violation ( clearance 0.2000 mm; actual 0.1750 mm)
    Local override; error
    @(178.5000 mm, 152.8000 mm): Pad 16 [M2_PCIE_TXN3] of U13 on F.Cu
    @(180.0000 mm, 150.0000 mm): Pad 43 [POWER_GND] of U13 on F.Cu
[clearance]: Clearance violation ( clearance 0.2000 mm; actual 0.1500 mm)
    Local override; error
    @(180.6000 mm, 154.5000 mm): Pad 18 [NC_18] of U13 on F.Cu
    @(180.2000 mm, 154.5000 mm): Pad 19 [POWER_GND] of U13 on F.Cu
[clearance]: Clearance violation ( clearance 0.2000 mm; actual 0.1500 mm)
    Local override; error
    @(180.2000 mm, 154.5000 mm): Pad 19 [POWER_GND] of U13 on F.Cu
    @(179.8000 mm, 154.5000 mm): Pad 20 [STORAGE_3V3] of U13 on F.Cu
[clearance]: Clearance violation ( clearance 0.2000 mm; actual 0.1500 mm)
    Local override; error
    @(179.8000 mm, 154.5000 mm): Pad 20 [STORAGE_3V3] of U13 on F.Cu
    @(179.4000 mm, 154.5000 mm): Pad 21 [POWER_GND] of U13 on F.Cu
[clearance]: Clearance violation ( clearance 0.2000 mm; actual 0.1500 mm)
    Local override; error
    @(181.5000 mm, 153.2000 mm): Pad 22 [JMS_PCIE_RXN1] of U13 on F.Cu
    @(181.5000 mm, 152.8000 mm): Pad 23 [JMS_PCIE_RXP1] of U13 on F.Cu
[clearance]: Clearance violation ( clearance 0.2000 mm; actual 0.1750 mm)
    Local override; error
    @(181.5000 mm, 153.2000 mm): Pad 22 [JMS_PCIE_RXN1] of U13 on F.Cu
    @(180.0000 mm, 150.0000 mm): Pad 43 [POWER_GND] of U13 on F.Cu
[clearance]: Clearance violation ( clearance 0.2000 mm; actual 0.1500 mm)
    Local override; error
    @(181.5000 mm, 152.8000 mm): Pad 23 [JMS_PCIE_RXP1] of U13 on F.Cu
    @(181.5000 mm, 152.4000 mm): Pad 24 [JMS_PCIE_TXN1] of U13 on F.Cu
[clearance]: Clearance violation ( clearance 0.2000 mm; actual 0.1750 mm)
    Local override; error
    @(181.5000 mm, 152.8000 mm): Pad 23 [JMS_PCIE_RXP1] of U13 on F.Cu
    @(180.0000 mm, 150.0000 mm): Pad 43 [POWER_GND] of U13 on F.Cu
[clearance]: Clearance violation ( clearance 0.2000 mm; actual 0.1500 mm)
    Local override; error
    @(181.5000 mm, 152.4000 mm): Pad 24 [JMS_PCIE_TXN1] of U13 on F.Cu
    @(181.5000 mm, 152.0000 mm): Pad 25 [JMS_PCIE_TXP1] of U13 on F.Cu
[clearance]: Clearance violation ( clearance 0.2000 mm; actual 0.1750 mm)
    Local override; error
    @(181.5000 mm, 152.4000 mm): Pad 24 [JMS_PCIE_TXN1] of U13 on F.Cu
    @(180.0000 mm, 150.0000 mm): Pad 43 [POWER_GND] of U13 on F.Cu
[clearance]: Clearance violation ( clearance 0.2000 mm; actual 0.1500 mm)
    Local override; error
    @(181.5000 mm, 152.0000 mm): Pad 25 [JMS_PCIE_TXP1] of U13 on F.Cu
    @(181.5000 mm, 151.6000 mm): Pad 26 [NC_26] of U13 on F.Cu
[clearance]: Clearance violation ( clearance 0.2000 mm; actual 0.1750 mm)
    Local override; error
    @(181.5000 mm, 152.0000 mm): Pad 25 [JMS_PCIE_TXP1] of U13 on F.Cu
    @(180.0000 mm, 150.0000 mm): Pad 43 [POWER_GND] of U13 on F.Cu
[clearance]: Clearance violation ( clearance 0.2000 mm; actual 0.1500 mm)
    Local override; error
    @(181.5000 mm, 151.6000 mm): Pad 26 [NC_26] of U13 on F.Cu
    @(181.5000 mm, 151.2000 mm): Pad 27 [NC_27] of U13 on F.Cu
[clearance]: Clearance violation ( clearance 0.2000 mm; actual 0.1750 mm)
    Local override; error
    @(181.5000 mm, 151.6000 mm): Pad 26 [NC_26] of U13 on F.Cu
    @(180.0000 mm, 150.0000 mm): Pad 43 [POWER_GND] of U13 on F.Cu
[clearance]: Clearance violation ( clearance 0.2000 mm; actual 0.1500 mm)
    Local override; error
    @(181.5000 mm, 151.2000 mm): Pad 27 [NC_27] of U13 on F.Cu
    @(181.5000 mm, 150.8000 mm): Pad 28 [NC_28] of U13 on F.Cu
[clearance]: Clearance violation ( clearance 0.2000 mm; actual 0.1750 mm)
    Local override; error
    @(181.5000 mm, 151.2000 mm): Pad 27 [NC_27] of U13 on F.Cu
    @(180.0000 mm, 150.0000 mm): Pad 43 [POWER_GND] of U13 on F.Cu
[clearance]: Clearance violation ( clearance 0.2000 mm; actual 0.1500 mm)
    Local override; error
    @(181.5000 mm, 150.8000 mm): Pad 28 [NC_28] of U13 on F.Cu
    @(181.5000 mm, 150.4000 mm): Pad 29 [NC_29] of U13 on F.Cu
[clearance]: Clearance violation ( clearance 0.2000 mm; actual 0.1750 mm)
    Local override; error
    @(181.5000 mm, 150.8000 mm): Pad 28 [NC_28] of U13 on F.Cu
    @(180.0000 mm, 150.0000 mm): Pad 43 [POWER_GND] of U13 on F.Cu
[clearance]: Clearance violation ( clearance 0.2000 mm; actual 0.1500 mm)
    Local override; error
    @(181.5000 mm, 150.4000 mm): Pad 29 [NC_29] of U13 on F.Cu
    @(181.5000 mm, 150.0000 mm): Pad 30 [STORAGE_3V3] of U13 on F.Cu
[clearance]: Clearance violation ( clearance 0.2000 mm; actual 0.1750 mm)
    Local override; error
    @(181.5000 mm, 150.4000 mm): Pad 29 [NC_29] of U13 on F.Cu
    @(180.0000 mm, 150.0000 mm): Pad 43 [POWER_GND] of U13 on F.Cu
[clearance]: Clearance violation ( clearance 0.2000 mm; actual 0.1500 mm)
    Local override; error
    @(181.5000 mm, 150.0000 mm): Pad 30 [STORAGE_3V3] of U13 on F.Cu
    @(181.5000 mm, 149.6000 mm): Pad 31 [JMS_PCIE_RXN0] of U13 on F.Cu
[clearance]: Clearance violation ( clearance 0.2000 mm; actual 0.1750 mm)
    Local override; error
    @(181.5000 mm, 150.0000 mm): Pad 30 [STORAGE_3V3] of U13 on F.Cu
    @(180.0000 mm, 150.0000 mm): Pad 43 [POWER_GND] of U13 on F.Cu
[clearance]: Clearance violation ( clearance 0.2000 mm; actual 0.1500 mm)
    Local override; error
    @(181.5000 mm, 149.6000 mm): Pad 31 [JMS_PCIE_RXN0] of U13 on F.Cu
    @(181.5000 mm, 149.2000 mm): Pad 32 [JMS_PCIE_RXP0] of U13 on F.Cu
[clearance]: Clearance violation ( clearance 0.2000 mm; actual 0.1750 mm)
    Local override; error
    @(181.5000 mm, 149.6000 mm): Pad 31 [JMS_PCIE_RXN0] of U13 on F.Cu
    @(180.0000 mm, 150.0000 mm): Pad 43 [POWER_GND] of U13 on F.Cu
[clearance]: Clearance violation ( clearance 0.2000 mm; actual 0.1500 mm)
    Local override; error
    @(181.5000 mm, 149.2000 mm): Pad 32 [JMS_PCIE_RXP0] of U13 on F.Cu
    @(181.5000 mm, 148.8000 mm): Pad 33 [JMS_PCIE_TXN0] of U13 on F.Cu
[clearance]: Clearance violation ( clearance 0.2000 mm; actual 0.1750 mm)
    Local override; error
    @(181.5000 mm, 149.2000 mm): Pad 32 [JMS_PCIE_RXP0] of U13 on F.Cu
    @(180.0000 mm, 150.0000 mm): Pad 43 [POWER_GND] of U13 on F.Cu
[clearance]: Clearance violation ( clearance 0.2000 mm; actual 0.1500 mm)
    Local override; error
    @(181.5000 mm, 148.8000 mm): Pad 33 [JMS_PCIE_TXN0] of U13 on F.Cu
    @(181.5000 mm, 148.4000 mm): Pad 34 [JMS_PCIE_TXP0] of U13 on F.Cu
[clearance]: Clearance violation ( clearance 0.2000 mm; actual 0.1750 mm)
    Local override; error
    @(181.5000 mm, 148.8000 mm): Pad 33 [JMS_PCIE_TXN0] of U13 on F.Cu
    @(180.0000 mm, 150.0000 mm): Pad 43 [POWER_GND] of U13 on F.Cu
[clearance]: Clearance violation ( clearance 0.2000 mm; actual 0.1500 mm)
    Local override; error
    @(181.5000 mm, 148.4000 mm): Pad 34 [JMS_PCIE_TXP0] of U13 on F.Cu
    @(181.5000 mm, 148.0000 mm): Pad 35 [TUSB_SATA_RXN] of U13 on F.Cu
[clearance]: Clearance violation ( clearance 0.2000 mm; actual 0.1750 mm)
    Local override; error
    @(181.5000 mm, 148.4000 mm): Pad 34 [JMS_PCIE_TXP0] of U13 on F.Cu
    @(180.0000 mm, 150.0000 mm): Pad 43 [POWER_GND] of U13 on F.Cu
[clearance]: Clearance violation ( clearance 0.2000 mm; actual 0.1500 mm)
    Local override; error
    @(181.5000 mm, 148.0000 mm): Pad 35 [TUSB_SATA_RXN] of U13 on F.Cu
    @(181.5000 mm, 147.6000 mm): Pad 36 [TUSB_SATA_RXP] of U13 on F.Cu
[clearance]: Clearance violation ( clearance 0.2000 mm; actual 0.1750 mm)
    Local override; error
    @(181.5000 mm, 148.0000 mm): Pad 35 [TUSB_SATA_RXN] of U13 on F.Cu
    @(180.0000 mm, 150.0000 mm): Pad 43 [POWER_GND] of U13 on F.Cu
[clearance]: Clearance violation ( clearance 0.2000 mm; actual 0.1500 mm)
    Local override; error
    @(181.5000 mm, 147.6000 mm): Pad 36 [TUSB_SATA_RXP] of U13 on F.Cu
    @(181.5000 mm, 147.2000 mm): Pad 37 [TUSB_SATA_TXN] of U13 on F.Cu
[clearance]: Clearance violation ( clearance 0.2000 mm; actual 0.1750 mm)
    Local override; error
    @(181.5000 mm, 147.6000 mm): Pad 36 [TUSB_SATA_RXP] of U13 on F.Cu
    @(180.0000 mm, 150.0000 mm): Pad 43 [POWER_GND] of U13 on F.Cu
[clearance]: Clearance violation ( clearance 0.2000 mm; actual 0.1500 mm)
    Local override; error
    @(181.5000 mm, 147.2000 mm): Pad 37 [TUSB_SATA_TXN] of U13 on F.Cu
    @(181.5000 mm, 146.8000 mm): Pad 38 [TUSB_SATA_TXP] of U13 on F.Cu
[clearance]: Clearance violation ( clearance 0.2000 mm; actual 0.1750 mm)
    Local override; error
    @(181.5000 mm, 147.2000 mm): Pad 37 [TUSB_SATA_TXN] of U13 on F.Cu
    @(180.0000 mm, 150.0000 mm): Pad 43 [POWER_GND] of U13 on F.Cu
[clearance]: Clearance violation ( clearance 0.2000 mm; actual 0.1750 mm)
    Local override; error
    @(181.5000 mm, 146.8000 mm): Pad 38 [TUSB_SATA_TXP] of U13 on F.Cu
    @(180.0000 mm, 150.0000 mm): Pad 43 [POWER_GND] of U13 on F.Cu
[clearance]: Clearance violation ( clearance 0.2000 mm; actual 0.1500 mm)
    Local override; error
    @(179.4000 mm, 145.5000 mm): Pad 39 [NC_39] of U13 on F.Cu
    @(179.8000 mm, 145.5000 mm): Pad 40 [NC_40] of U13 on F.Cu
[clearance]: Clearance violation ( clearance 0.2000 mm; actual 0.1500 mm)
    Local override; error
    @(179.8000 mm, 145.5000 mm): Pad 40 [NC_40] of U13 on F.Cu
    @(180.2000 mm, 145.5000 mm): Pad 41 [NC_41] of U13 on F.Cu
[clearance]: Clearance violation ( clearance 0.2000 mm; actual 0.1500 mm)
    Local override; error
    @(180.2000 mm, 145.5000 mm): Pad 41 [NC_41] of U13 on F.Cu
    @(180.6000 mm, 145.5000 mm): Pad 42 [NC_42] of U13 on F.Cu
[solder_mask_bridge]: Front solder mask aperture bridges items with different nets
    Rule: board setup solder mask min width; error
    @(208.0000 mm, 160.0000 mm): Track [M2_SATA_B_N_PCIE_RXP0] on F.Cu, length 10.3078 mm
    @(209.6500 mm, 160.5000 mm): Pad S1 [<no net>] of J3 on F.Cu
[via_dangling]: Via is not connected or connected on only one layer
    Local override; warning
    @(220.0000 mm, 153.5000 mm): Via [M2_SATA_A_P_PCIE_TXP0] on F.Cu - B.Cu
[via_dangling]: Via is not connected or connected on only one layer
    Local override; warning
    @(173.5000 mm, 147.6000 mm): Via [M2_SATA_A_N_PCIE_TXN0] on F.Cu - B.Cu
[track_dangling]: Track has unconnected end
    Local override; warning
    @(173.5000 mm, 136.0000 mm): Track [M2_SATA_A_N_PCIE_TXN0] on B.Cu, length 18.5000 mm
[via_dangling]: Via is not connected or connected on only one layer
    Local override; warning
    @(214.0000 mm, 153.5000 mm): Via [M2_SATA_B_P_PCIE_RXN0] on F.Cu - B.Cu
[via_dangling]: Via is not connected or connected on only one layer
    Local override; warning
    @(216.0000 mm, 153.5000 mm): Via [M2_SATA_B_N_PCIE_RXP0] on F.Cu - B.Cu

** Found 33 unconnected pads **
[unconnected_items]: Missing connection between items
    Local override; error
    @(178.5000 mm, 146.8000 mm): Pad 1 [POWER_GND] of U13 on F.Cu
    @(178.5000 mm, 148.0000 mm): Pad 4 [POWER_GND] of U13 on F.Cu
[unconnected_items]: Missing connection between items
    Local override; error
    @(178.5000 mm, 148.0000 mm): Pad 4 [POWER_GND] of U13 on F.Cu
    @(178.5000 mm, 150.4000 mm): Pad 10 [POWER_GND] of U13 on F.Cu
[unconnected_items]: Missing connection between items
    Local override; error
    @(178.5000 mm, 150.4000 mm): Pad 10 [POWER_GND] of U13 on F.Cu
    @(180.0000 mm, 150.0000 mm): Pad 43 [POWER_GND] of U13 on F.Cu
[unconnected_items]: Missing connection between items
    Local override; error
    @(178.5000 mm, 150.4000 mm): Pad 10 [POWER_GND] of U13 on F.Cu
    @(178.5000 mm, 152.0000 mm): Pad 14 [POWER_GND] of U13 on F.Cu
[unconnected_items]: Missing connection between items
    Local override; error
    @(178.5000 mm, 152.0000 mm): Pad 14 [POWER_GND] of U13 on F.Cu
    @(178.5000 mm, 153.2000 mm): Pad 17 [POWER_GND] of U13 on F.Cu
[unconnected_items]: Missing connection between items
    Local override; error
    @(178.5000 mm, 153.2000 mm): Pad 17 [POWER_GND] of U13 on F.Cu
    @(179.4000 mm, 154.5000 mm): Pad 21 [POWER_GND] of U13 on F.Cu
[unconnected_items]: Missing connection between items
    Local override; error
    @(179.4000 mm, 154.5000 mm): Pad 21 [POWER_GND] of U13 on F.Cu
    @(180.2000 mm, 154.5000 mm): Pad 19 [POWER_GND] of U13 on F.Cu
[unconnected_items]: Missing connection between items
    Local override; error
    @(173.5000 mm, 136.0000 mm): Track [M2_SATA_A_N_PCIE_TXN0] on B.Cu, length 18.5000 mm
    @(178.5000 mm, 147.6000 mm): Track [M2_SATA_A_N_PCIE_TXN0] on F.Cu, length 5.0000 mm
[unconnected_items]: Missing connection between items
    Local override; error
    @(178.5000 mm, 148.4000 mm): Pad 5 [STORAGE_3V3] of U13 on F.Cu
    @(178.5000 mm, 151.6000 mm): Pad 13 [STORAGE_3V3] of U13 on F.Cu
[unconnected_items]: Missing connection between items
    Local override; error
    @(178.5000 mm, 151.6000 mm): Pad 13 [STORAGE_3V3] of U13 on F.Cu
    @(179.8000 mm, 154.5000 mm): Pad 20 [STORAGE_3V3] of U13 on F.Cu
[unconnected_items]: Missing connection between items
    Local override; error
    @(181.5000 mm, 150.0000 mm): Pad 30 [STORAGE_3V3] of U13 on F.Cu
    @(178.5000 mm, 151.6000 mm): Pad 13 [STORAGE_3V3] of U13 on F.Cu
[unconnected_items]: Missing connection between items
    Local override; error
    @(178.5000 mm, 150.8000 mm): Pad 11 [M2_PCIE_TXP2] of U13 on F.Cu
    @(216.7500 mm, 159.7250 mm): Pad 25 [M2_PCIE_TXP2] of J3 on F.Cu
[unconnected_items]: Missing connection between items
    Local override; error
    @(178.5000 mm, 151.2000 mm): Pad 12 [M2_PCIE_TXN2] of U13 on F.Cu
    @(216.2500 mm, 159.7250 mm): Pad 23 [M2_PCIE_TXN2] of J3 on F.Cu
[unconnected_items]: Missing connection between items
    Local override; error
    @(178.5000 mm, 152.4000 mm): Pad 15 [M2_PCIE_TXP3] of U13 on F.Cu
    @(213.7500 mm, 159.7250 mm): Pad 13 [M2_PCIE_TXP3] of J3 on F.Cu
[unconnected_items]: Missing connection between items
    Local override; error
    @(178.5000 mm, 152.8000 mm): Pad 16 [M2_PCIE_TXN3] of U13 on F.Cu
    @(213.2500 mm, 159.7250 mm): Pad 11 [M2_PCIE_TXN3] of J3 on F.Cu
[unconnected_items]: Missing connection between items
    Local override; error
    @(211.0000 mm, 167.2750 mm): Pad 2 [M2_3V3] of J3 on F.Cu
    @(211.5000 mm, 167.2750 mm): Pad 4 [M2_3V3] of J3 on F.Cu
[unconnected_items]: Missing connection between items
    Local override; error
    @(211.5000 mm, 167.2750 mm): Pad 4 [M2_3V3] of J3 on F.Cu
    @(213.5000 mm, 167.2750 mm): Pad 12 [M2_3V3] of J3 on F.Cu
[unconnected_items]: Missing connection between items
    Local override; error
    @(213.5000 mm, 167.2750 mm): Pad 12 [M2_3V3] of J3 on F.Cu
    @(214.0000 mm, 167.2750 mm): Pad 14 [M2_3V3] of J3 on F.Cu
[unconnected_items]: Missing connection between items
    Local override; error
    @(214.0000 mm, 167.2750 mm): Pad 14 [M2_3V3] of J3 on F.Cu
    @(214.5000 mm, 167.2750 mm): Pad 16 [M2_3V3] of J3 on F.Cu
[unconnected_items]: Missing connection between items
    Local override; error
    @(214.5000 mm, 167.2750 mm): Pad 16 [M2_3V3] of J3 on F.Cu
    @(215.0000 mm, 167.2750 mm): Pad 18 [M2_3V3] of J3 on F.Cu
[unconnected_items]: Missing connection between items
    Local override; error
    @(215.0000 mm, 167.2750 mm): Pad 18 [M2_3V3] of J3 on F.Cu
    @(228.0000 mm, 167.2750 mm): Pad 70 [M2_3V3] of J3 on F.Cu
[unconnected_items]: Missing connection between items
    Local override; error
    @(228.0000 mm, 167.2750 mm): Pad 70 [M2_3V3] of J3 on F.Cu
    @(228.5000 mm, 167.2750 mm): Pad 72 [M2_3V3] of J3 on F.Cu
[unconnected_items]: Missing connection between items
    Local override; error
    @(228.5000 mm, 167.2750 mm): Pad 72 [M2_3V3] of J3 on F.Cu
    @(229.0000 mm, 167.2750 mm): Pad 74 [M2_3V3] of J3 on F.Cu
[unconnected_items]: Missing connection between items
    Local override; error
    @(211.2500 mm, 159.7250 mm): Pad 3 [M2_GND] of J3 on F.Cu
    @(212.7500 mm, 159.7250 mm): Pad 9 [M2_GND] of J3 on F.Cu
[unconnected_items]: Missing connection between items
    Local override; error
    @(212.7500 mm, 159.7250 mm): Pad 9 [M2_GND] of J3 on F.Cu
    @(214.2500 mm, 159.7250 mm): Pad 15 [M2_GND] of J3 on F.Cu
[unconnected_items]: Missing connection between items
    Local override; error
    @(214.2500 mm, 159.7250 mm): Pad 15 [M2_GND] of J3 on F.Cu
    @(217.2500 mm, 159.7250 mm): Pad 27 [M2_GND] of J3 on F.Cu
[unconnected_items]: Missing connection between items
    Local override; error
    @(217.2500 mm, 159.7250 mm): Pad 27 [M2_GND] of J3 on F.Cu
    @(218.7500 mm, 159.7250 mm): Pad 33 [M2_GND] of J3 on F.Cu
[unconnected_items]: Missing connection between items
    Local override; error
    @(218.7500 mm, 159.7250 mm): Pad 33 [M2_GND] of J3 on F.Cu
    @(220.2500 mm, 159.7250 mm): Pad 39 [M2_GND] of J3 on F.Cu
[unconnected_items]: Missing connection between items
    Local override; error
    @(220.2500 mm, 159.7250 mm): Pad 39 [M2_GND] of J3 on F.Cu
    @(221.7500 mm, 159.7250 mm): Pad 45 [M2_GND] of J3 on F.Cu
[unconnected_items]: Missing connection between items
    Local override; error
    @(221.7500 mm, 159.7250 mm): Pad 45 [M2_GND] of J3 on F.Cu
    @(223.2500 mm, 159.7250 mm): Pad 51 [M2_GND] of J3 on F.Cu
[unconnected_items]: Missing connection between items
    Local override; error
    @(223.2500 mm, 159.7250 mm): Pad 51 [M2_GND] of J3 on F.Cu
    @(224.7500 mm, 159.7250 mm): Pad 57 [M2_GND] of J3 on F.Cu
[unconnected_items]: Missing connection between items
    Local override; error
    @(224.7500 mm, 159.7250 mm): Pad 57 [M2_GND] of J3 on F.Cu
    @(228.2500 mm, 159.7250 mm): Pad 71 [M2_GND] of J3 on F.Cu
[unconnected_items]: Missing connection between items
    Local override; error
    @(228.2500 mm, 159.7250 mm): Pad 71 [M2_GND] of J3 on F.Cu
    @(228.7500 mm, 159.7250 mm): Pad 73 [M2_GND] of J3 on F.Cu

** Found 0 Footprint errors **

** Ignored checks **
    - Footprint has no courtyard defined
    - Track endpoint not centered on via
    - Tuning profile track geometries
    - Footprint doesn't match symbol's footprint filters
    - Footprint component type doesn't match footprint pads

** End of Report **
