** Drc report for PHASE24_RTL9210B_FULL_LATERAL_SUPPORT_INTEGRATED_V2.kicad_pcb **
** Created on 2026-09-07T04:36:23 **
** Report includes: Errors, Warnings **

** Found 19 DRC violations **
[tracks_crossing]: Tracks crossing
    Local override; error
    @(85.0000 mm, 47.0000 mm): Track [RTL_5V] on F.Cu, length 41.4000 mm
    @(95.6000 mm, 46.0000 mm): Track [SPISI] on F.Cu, length 12.0000 mm
[clearance]: Clearance violation ( clearance 0.2000 mm; actual 0.1000 mm)
    Local override; error
    @(126.4000 mm, 51.0000 mm): Pad 1 [RTL_5V] of C5 on F.Cu
    @(125.8000 mm, 48.0000 mm): Track [SPICS] on F.Cu, length 10.0000 mm
[tracks_crossing]: Tracks crossing
    Local override; error
    @(123.4000 mm, 45.0000 mm): Track [RTL_1V1] on B.Cu, length 6.0000 mm
    @(88.0000 mm, 50.0000 mm): Track [SPISO3] on B.Cu, length 45.0000 mm
[tracks_crossing]: Tracks crossing
    Local override; error
    @(89.0000 mm, 52.0000 mm): Track [SPICLK] on B.Cu, length 42.8000 mm
    @(128.2000 mm, 43.0000 mm): Track [RTL_3V3] on B.Cu, length 12.0000 mm
[tracks_crossing]: Tracks crossing
    Local override; error
    @(95.6000 mm, 70.0000 mm): Track [SPISI] on F.Cu, length 24.0000 mm
    @(85.0000 mm, 47.0000 mm): Track [RTL_5V] on F.Cu, length 41.4000 mm
[tracks_crossing]: Tracks crossing
    Local override; error
    @(123.4000 mm, 45.0000 mm): Track [RTL_1V1] on B.Cu, length 6.0000 mm
    @(87.0000 mm, 49.0000 mm): Track [SPISO] on B.Cu, length 40.0000 mm
[clearance]: Clearance violation ( clearance 0.2000 mm; actual 0.1000 mm)
    Local override; error
    @(86.5000 mm, 57.5000 mm): Via [RTL_3V3] on F.Cu - B.Cu
    @(87.0000 mm, 62.0000 mm): Track [SPISO] on B.Cu, length 13.0000 mm
[clearance]: Clearance violation ( clearance 0.2000 mm; actual 0.1000 mm)
    Local override; error
    @(87.0000 mm, 62.0000 mm): Track [SPISO] on B.Cu, length 13.0000 mm
    @(86.5000 mm, 57.5000 mm): Via [RTL_3V3] on F.Cu - B.Cu
[clearance]: Clearance violation ( clearance 0.2000 mm; actual 0.1000 mm)
    Local override; error
    @(126.4000 mm, 51.0000 mm): Pad 1 [RTL_5V] of C5 on F.Cu
    @(127.0000 mm, 49.0000 mm): Track [SPISO] on F.Cu, length 9.0000 mm
[clearance]: Clearance violation ( clearance 0.2000 mm; actual 0.1000 mm)
    Local override; error
    @(86.5000 mm, 57.5000 mm): Via [RTL_3V3] on F.Cu - B.Cu
    @(86.0000 mm, 61.0000 mm): Track [SPICS] on B.Cu, length 13.0000 mm
[tracks_crossing]: Tracks crossing
    Local override; error
    @(86.0000 mm, 48.0000 mm): Track [SPICS] on B.Cu, length 4.8000 mm
    @(86.5000 mm, 57.5000 mm): Track [RTL_3V3] on B.Cu, length 14.5000 mm
[tracks_crossing]: Tracks crossing
    Local override; error
    @(86.0000 mm, 48.0000 mm): Track [SPICS] on B.Cu, length 39.8000 mm
    @(123.4000 mm, 45.0000 mm): Track [RTL_1V1] on B.Cu, length 6.0000 mm
[clearance]: Clearance violation ( clearance 0.2000 mm; actual 0.1000 mm)
    Local override; error
    @(86.0000 mm, 61.0000 mm): Track [SPICS] on B.Cu, length 13.0000 mm
    @(86.5000 mm, 57.5000 mm): Via [RTL_3V3] on F.Cu - B.Cu
[starved_thermal]: Thermal relief connection to zone incomplete (layer F.Cu; zone min spoke count 2; actual 1)
    Local override; error
    @(65.5000 mm, 40.5000 mm): Zone [GND] on F.Cu, priority 0
    @(127.6000 mm, 51.0000 mm): Pad 2 [GND] of C5 on F.Cu
[track_dangling]: Track has unconnected end
    Local override; warning
    @(90.8000 mm, 48.0000 mm): Track [SPICS] on F.Cu, length 10.0000 mm
[track_dangling]: Track has unconnected end
    Local override; warning
    @(92.0000 mm, 49.0000 mm): Track [SPISO] on F.Cu, length 9.0000 mm
[track_dangling]: Track has unconnected end
    Local override; warning
    @(95.6000 mm, 46.0000 mm): Track [SPISI] on F.Cu, length 12.0000 mm
[track_dangling]: Track has unconnected end
    Local override; warning
    @(96.8000 mm, 55.5000 mm): Track [SPICLK] on F.Cu, length 2.5000 mm
[track_dangling]: Track has unconnected end
    Local override; warning
    @(98.0000 mm, 50.0000 mm): Track [SPISO3] on F.Cu, length 8.0000 mm

** Found 34 unconnected pads **
[unconnected_items]: Missing connection between items
    Local override; error
    @(88.0000 mm, 78.0000 mm): Pad 1 [SPICS] of TP1 on F.Cu
    @(83.9500 mm, 62.8000 mm): Track [SPICS] on F.Cu, length 1.0500 mm
[unconnected_items]: Missing connection between items
    Local override; error
    @(100.0000 mm, 78.0000 mm): Pad 1 [SPISO] of TP4 on F.Cu
    @(85.5000 mm, 62.0000 mm): Track [SPISO] on F.Cu, length 1.5000 mm
[unconnected_items]: Missing connection between items
    Local override; error
    @(76.0500 mm, 60.0000 mm): Pad 55 [RTL_1V1] of U1 on F.Cu
    @(76.0500 mm, 62.0000 mm): Pad 60 [RTL_1V1] of U1 on F.Cu
[unconnected_items]: Missing connection between items
    Local override; error
    @(76.0500 mm, 62.0000 mm): Pad 60 [RTL_1V1] of U1 on F.Cu
    @(76.0500 mm, 63.2000 mm): Pad 63 [RTL_1V1] of U1 on F.Cu
[unconnected_items]: Missing connection between items
    Local override; error
    @(77.2000 mm, 58.0500 mm): Pad 50 [RTL_1V1] of U1 on F.Cu
    @(76.0500 mm, 60.0000 mm): Pad 55 [RTL_1V1] of U1 on F.Cu
[unconnected_items]: Missing connection between items
    Local override; error
    @(81.2000 mm, 58.0500 mm): Pad 40 [RTL_1V1] of U1 on F.Cu
    @(77.2000 mm, 58.0500 mm): Pad 50 [RTL_1V1] of U1 on F.Cu
[unconnected_items]: Missing connection between items
    Local override; error
    @(82.8000 mm, 58.0500 mm): Track [RTL_1V1] on F.Cu, length 1.2500 mm
    @(81.2000 mm, 58.0500 mm): Pad 40 [RTL_1V1] of U1 on F.Cu
[unconnected_items]: Missing connection between items
    Local override; error
    @(82.8000 mm, 58.0500 mm): Track [RTL_1V1] on F.Cu, length 1.2500 mm
    @(83.9500 mm, 62.4000 mm): Pad 25 [RTL_1V1] of U1 on F.Cu
[unconnected_items]: Missing connection between items
    Local override; error
    @(82.8000 mm, 65.9500 mm): Pad 16 [RTL_1V1] of U1 on F.Cu
    @(83.9500 mm, 62.4000 mm): Pad 25 [RTL_1V1] of U1 on F.Cu
[unconnected_items]: Missing connection between items
    Local override; error
    @(83.9500 mm, 59.2000 mm): Track [RTL_5V] on F.Cu, length 1.0500 mm
    @(83.2000 mm, 65.9500 mm): Pad 17 [RTL_5V] of U1 on F.Cu
[unconnected_items]: Missing connection between items
    Local override; error
    @(96.0000 mm, 78.0000 mm): Pad 1 [SPISI] of TP3 on F.Cu
    @(95.6000 mm, 70.0000 mm): Track [SPISI] on F.Cu, length 24.0000 mm
[unconnected_items]: Missing connection between items
    Local override; error
    @(92.0000 mm, 78.0000 mm): Pad 1 [SPICLK] of TP2 on F.Cu
    @(89.0000 mm, 64.8000 mm): Track [SPICLK] on B.Cu, length 12.8000 mm
[unconnected_items]: Missing connection between items
    Local override; error
    @(75.2000 mm, 48.0000 mm): Pad 2 [RTL_3V3] of R3 on F.Cu
    @(72.2000 mm, 48.0000 mm): Pad 2 [RTL_3V3] of R2 on F.Cu
[unconnected_items]: Missing connection between items
    Local override; error
    @(76.0500 mm, 58.8000 mm): Pad 52 [RTL_3V3] of U1 on F.Cu
    @(75.2000 mm, 48.0000 mm): Pad 2 [RTL_3V3] of R3 on F.Cu
[unconnected_items]: Missing connection between items
    Local override; error
    @(81.6000 mm, 58.0500 mm): Pad 39 [RTL_3V3] of U1 on F.Cu
    @(83.9500 mm, 57.5000 mm): Track [RTL_3V3] on F.Cu, length 2.5500 mm
[unconnected_items]: Missing connection between items
    Local override; error
    @(81.6000 mm, 58.0500 mm): Pad 39 [RTL_3V3] of U1 on F.Cu
    @(76.0500 mm, 58.8000 mm): Pad 52 [RTL_3V3] of U1 on F.Cu
[unconnected_items]: Missing connection between items
    Local override; error
    @(83.9500 mm, 58.8000 mm): Track [RTL_3V3] on F.Cu, length 1.3000 mm
    @(83.9500 mm, 64.4000 mm): Pad 20 [RTL_3V3] of U1 on F.Cu
[unconnected_items]: Missing connection between items
    Local override; error
    @(79.2000 mm, 58.0500 mm): Pad 45 [GND] of U1 on F.Cu
    @(80.0000 mm, 62.0000 mm): Pad 69 [GND] of U1 on F.Cu
[unconnected_items]: Missing connection between items
    Local override; error
    @(79.2000 mm, 58.0500 mm): Pad 45 [GND] of U1 on F.Cu
    @(65.5000 mm, 40.5000 mm): Zone [GND] on F.Cu, priority 0
[unconnected_items]: Missing connection between items
    Local override; error
    @(80.0000 mm, 62.0000 mm): Pad 69 [GND] of U1 on F.Cu
    @(76.0500 mm, 64.4000 mm): Pad 66 [GND] of U1 on F.Cu
[unconnected_items]: Missing connection between items
    Local override; error
    @(69.4000 mm, 51.0000 mm): Pad 1 [RSET] of R1 on F.Cu
    @(76.8000 mm, 58.0500 mm): Pad 51 [RSET] of U1 on F.Cu
[unconnected_items]: Missing connection between items
    Local override; error
    @(69.3000 mm, 55.0000 mm): Pad 1 [XTAL_IN] of Y1 on F.Cu
    @(66.4000 mm, 55.0000 mm): Pad 1 [XTAL_IN] of C1 on F.Cu
[unconnected_items]: Missing connection between items
    Local override; error
    @(76.0500 mm, 59.2000 mm): Pad 53 [XTAL_IN] of U1 on F.Cu
    @(69.3000 mm, 55.0000 mm): Pad 1 [XTAL_IN] of Y1 on F.Cu
[unconnected_items]: Missing connection between items
    Local override; error
    @(72.4000 mm, 55.0000 mm): Pad 1 [XTAL_OUT] of C2 on F.Cu
    @(70.7000 mm, 55.0000 mm): Pad 2 [XTAL_OUT] of Y1 on F.Cu
[unconnected_items]: Missing connection between items
    Local override; error
    @(76.0500 mm, 59.6000 mm): Pad 54 [XTAL_OUT] of U1 on F.Cu
    @(72.4000 mm, 55.0000 mm): Pad 1 [XTAL_OUT] of C2 on F.Cu
[unconnected_items]: Missing connection between items
    Local override; error
    @(76.0500 mm, 62.4000 mm): Pad 61 [REFCLK_P] of U1 on F.Cu
    @(137.2500 mm, 62.7250 mm): Pad 55 [REFCLK_P] of J1 on F.Cu
[unconnected_items]: Missing connection between items
    Local override; error
    @(76.0500 mm, 62.8000 mm): Pad 62 [REFCLK_N] of U1 on F.Cu
    @(136.7500 mm, 62.7250 mm): Pad 53 [REFCLK_N] of J1 on F.Cu
[unconnected_items]: Missing connection between items
    Local override; error
    @(76.0500 mm, 63.6000 mm): Pad 64 [LANE0_RXP] of U1 on F.Cu
    @(134.2500 mm, 62.7250 mm): Pad 43 [LANE0_RXP] of J1 on F.Cu
[unconnected_items]: Missing connection between items
    Local override; error
    @(76.0500 mm, 64.0000 mm): Pad 65 [LANE0_RXN] of U1 on F.Cu
    @(133.7500 mm, 62.7250 mm): Pad 41 [LANE0_RXN] of J1 on F.Cu
[unconnected_items]: Missing connection between items
    Local override; error
    @(76.0500 mm, 64.8000 mm): Pad 67 [LANE0_TXN] of U1 on F.Cu
    @(135.2500 mm, 62.7250 mm): Pad 47 [LANE0_TXN] of J1 on F.Cu
[unconnected_items]: Missing connection between items
    Local override; error
    @(76.0500 mm, 65.2000 mm): Pad 68 [LANE0_TXP] of U1 on F.Cu
    @(135.7500 mm, 62.7250 mm): Pad 49 [LANE0_TXP] of J1 on F.Cu
[unconnected_items]: Missing connection between items
    Local override; error
    @(114.7500 mm, 62.7250 mm): Pad 2 [SSD_3V3] of J1 on F.Cu
    @(115.2500 mm, 62.7250 mm): Pad 4 [SSD_3V3] of J1 on F.Cu
[unconnected_items]: Missing connection between items
    Local override; error
    @(115.2500 mm, 62.7250 mm): Pad 4 [SSD_3V3] of J1 on F.Cu
    @(115.7500 mm, 62.7250 mm): Pad 6 [SSD_3V3] of J1 on F.Cu
[unconnected_items]: Missing connection between items
    Local override; error
    @(115.7500 mm, 62.7250 mm): Pad 6 [SSD_3V3] of J1 on F.Cu
    @(116.2500 mm, 62.7250 mm): Pad 8 [SSD_3V3] of J1 on F.Cu

** Found 0 Footprint errors **

** Ignored checks **
    - Footprint has no courtyard defined
    - Track endpoint not centered on via
    - Tuning profile track geometries
    - Footprint doesn't match symbol's footprint filters
    - Footprint component type doesn't match footprint pads

** End of Report **
