** Drc report for PHASE24_RTL9210B_CRYSTAL_OUTER_SIDE_ESCAPE_V1557.kicad_pcb **
** Created on 2026-09-10T06:45:28 **
** Report includes: Errors, Warnings **

** Found 17 DRC violations **
[clearance]: Clearance violation ( clearance 0.2000 mm; actual 0.1423 mm)
    Local override; error
    @(94.0500 mm, 67.6000 mm): Track [XTAL_OUT] on F.Cu, length 2.0156 mm
    @(94.8000 mm, 66.0500 mm): Pad 51 [RSET] of U1 on F.Cu
[clearance]: Clearance violation ( clearance 0.2000 mm; actual 0.1500 mm)
    Local override; error
    @(95.5000 mm, 66.2000 mm): Via [XTAL_OUT] on F.Cu - B.Cu
    @(96.0000 mm, 66.0500 mm): Pad 48 [<no net>] of U1 on F.Cu
[clearance]: Clearance violation ( clearance 0.2000 mm; actual 0.0634 mm)
    Local override; error
    @(94.0500 mm, 67.2000 mm): Track [XTAL_IN] on F.Cu, length 1.5945 mm
    @(94.0500 mm, 67.6000 mm): Track [XTAL_OUT] on F.Cu, length 2.0156 mm
[tracks_crossing]: Tracks crossing
    Local override; error
    @(97.0000 mm, 66.2000 mm): Track [XTAL_OUT] on B.Cu, length 6.0000 mm
    @(96.5000 mm, 62.8000 mm): Track [RTL_3V3] on B.Cu, length 3.1000 mm
[clearance]: Clearance violation ( clearance 0.2000 mm; actual 0.0500 mm)
    Local override; error
    @(95.5000 mm, 66.2000 mm): Via [XTAL_OUT] on F.Cu - B.Cu
    @(94.0500 mm, 65.8000 mm): Track [RTL_3V3] on B.Cu, length 2.4500 mm
[tracks_crossing]: Tracks crossing
    Local override; error
    @(88.0000 mm, 70.0000 mm): Track [RTL_1V1] on B.Cu, length 12.0000 mm
    @(93.0000 mm, 68.4000 mm): Track [XTAL_IN] on B.Cu, length 6.2000 mm
[shorting_items]: Items shorting two nets (nets XTAL_IN and RTL_1V1)
    Local override; error
    @(94.0500 mm, 67.2000 mm): Track [XTAL_IN] on F.Cu, length 1.5945 mm
    @(92.8000 mm, 68.0000 mm): Track [RTL_1V1] on F.Cu, length 1.8000 mm
[tracks_crossing]: Tracks crossing
    Local override; error
    @(94.0500 mm, 67.2000 mm): Track [XTAL_IN] on F.Cu, length 1.5945 mm
    @(94.0500 mm, 68.0000 mm): Track [RTL_1V1] on F.Cu, length 1.2500 mm
[clearance]: Clearance violation ( clearance 0.2000 mm; actual 0.1163 mm)
    Local override; error
    @(95.2000 mm, 66.0500 mm): Track [RTL_1V1] on F.Cu, length 1.0500 mm
    @(94.0500 mm, 67.6000 mm): Track [XTAL_OUT] on F.Cu, length 2.0156 mm
[hole_clearance]: Hole clearance violation (board setup constraints hole clearance 0.2500 mm; actual 0.0000 mm)
    Rule: board setup constraints hole; error
    @(95.6000 mm, 66.0500 mm): Pad 49 [<no net>] of U1 on F.Cu
    @(95.5000 mm, 66.2000 mm): Via [XTAL_OUT] on F.Cu - B.Cu
[hole_clearance]: Hole clearance violation (board setup constraints hole clearance 0.2500 mm; actual 0.0500 mm)
    Rule: board setup constraints hole; error
    @(95.2000 mm, 66.0500 mm): Pad 50 [RTL_1V1] of U1 on F.Cu
    @(95.5000 mm, 66.2000 mm): Via [XTAL_OUT] on F.Cu - B.Cu
[solder_mask_bridge]: Front solder mask aperture bridges items with different nets
    Rule: board setup solder mask min width; error
    @(94.0500 mm, 67.2000 mm): Track [XTAL_IN] on F.Cu, length 1.5945 mm
    @(94.0500 mm, 67.6000 mm): Pad 54 [XTAL_OUT] of U1 on F.Cu
[solder_mask_bridge]: Front solder mask aperture bridges items with different nets
    Rule: board setup solder mask min width; error
    @(94.0500 mm, 67.6000 mm): Track [XTAL_OUT] on F.Cu, length 2.0156 mm
    @(95.6000 mm, 66.0500 mm): Pad 49 [<no net>] of U1 on F.Cu
[solder_mask_bridge]: Front solder mask aperture bridges items with different nets
    Rule: board setup solder mask min width; error
    @(94.0500 mm, 67.6000 mm): Track [XTAL_OUT] on F.Cu, length 2.0156 mm
    @(95.2000 mm, 66.0500 mm): Pad 50 [RTL_1V1] of U1 on F.Cu
[solder_mask_bridge]: Front solder mask aperture bridges items with different nets
    Rule: board setup solder mask min width; error
    @(94.0500 mm, 67.6000 mm): Track [XTAL_OUT] on F.Cu, length 2.0156 mm
    @(94.0500 mm, 67.2000 mm): Pad 53 [XTAL_IN] of U1 on F.Cu
[solder_mask_bridge]: Front solder mask aperture bridges items with different nets
    Rule: board setup solder mask min width; error
    @(95.5000 mm, 66.2000 mm): Via [XTAL_OUT] on F.Cu - B.Cu
    @(95.6000 mm, 66.0500 mm): Pad 49 [<no net>] of U1 on F.Cu
[solder_mask_bridge]: Front solder mask aperture bridges items with different nets
    Rule: board setup solder mask min width; error
    @(95.5000 mm, 66.2000 mm): Via [XTAL_OUT] on F.Cu - B.Cu
    @(95.2000 mm, 66.0500 mm): Pad 50 [RTL_1V1] of U1 on F.Cu

** Found 4 unconnected pads **
[unconnected_items]: Missing connection between items
    Local override; error
    @(86.8000 mm, 61.4000 mm): Track [XTAL_IN] on F.Cu, length 1.2000 mm
    @(88.0000 mm, 62.0000 mm): Pad 1 [XTAL_IN] of C1 on F.Cu
[unconnected_items]: Missing connection between items
    Local override; error
    @(91.0000 mm, 62.0000 mm): Pad 1 [XTAL_OUT] of C2 on F.Cu
    @(97.0000 mm, 60.2000 mm): Track [XTAL_OUT] on B.Cu, length 6.6000 mm
[unconnected_items]: Missing connection between items
    Local override; error
    @(94.0500 mm, 70.4000 mm): Pad 61 [REFCLK_P] of U1 on F.Cu
    @(137.2500 mm, 62.7250 mm): Pad 55 [REFCLK_P] of J1 on F.Cu
[unconnected_items]: Missing connection between items
    Local override; error
    @(94.0500 mm, 70.8000 mm): Pad 62 [REFCLK_N] of U1 on F.Cu
    @(136.7500 mm, 62.7250 mm): Pad 53 [REFCLK_N] of J1 on F.Cu

** Found 0 Footprint errors **

** Ignored checks **
    - Footprint has no courtyard defined
    - Track endpoint not centered on via
    - Tuning profile track geometries
    - Footprint doesn't match symbol's footprint filters
    - Footprint component type doesn't match footprint pads

** End of Report **
