** Drc report for PHASE24_RTL9210B_V1058_SUPPORT_V1258_LANE_MERGE_V1318.kicad_pcb **
** Created on 2026-09-09T19:21:13 **
** Report includes: Errors, Warnings **

** Found 31 DRC violations **
[tracks_crossing]: Tracks crossing
    Local override; error
    @(104.5000 mm, 76.8000 mm): Track [LANE0_TXP] on F.Cu, length 31.8000 mm
    @(104.0000 mm, 71.2000 mm): Track [SPISO] on F.Cu, length 1.5000 mm
[tracks_crossing]: Tracks crossing
    Local override; error
    @(104.5000 mm, 76.8000 mm): Track [LANE0_TXP] on F.Cu, length 31.8000 mm
    @(104.0000 mm, 70.8000 mm): Track [SPICS] on F.Cu, length 0.5000 mm
[tracks_crossing]: Tracks crossing
    Local override; error
    @(104.5000 mm, 69.8000 mm): Track [SPICS] on F.Cu, length 0.5000 mm
    @(104.5000 mm, 76.8000 mm): Track [LANE0_TXP] on F.Cu, length 31.8000 mm
[tracks_crossing]: Tracks crossing
    Local override; error
    @(104.5000 mm, 76.8000 mm): Track [LANE0_TXP] on F.Cu, length 31.8000 mm
    @(104.5000 mm, 70.8000 mm): Track [SPICS] on F.Cu, length 1.0000 mm
[tracks_crossing]: Tracks crossing
    Local override; error
    @(105.5000 mm, 70.4000 mm): Track [SPISO] on F.Cu, length 0.5000 mm
    @(106.0000 mm, 72.4000 mm): Track [LANE0_RXP] on F.Cu, length 30.4000 mm
[shorting_items]: Items shorting two nets (nets LANE0_RXN and SPISO3)
    Local override; error
    @(92.8000 mm, 70.8000 mm): Track [LANE0_RXN] on B.Cu, length 15.2000 mm
    @(107.0000 mm, 71.0000 mm): Track [SPISO3] on B.Cu, length 11.6000 mm
[tracks_crossing]: Tracks crossing
    Local override; error
    @(106.0000 mm, 72.4000 mm): Track [LANE0_RXP] on F.Cu, length 30.4000 mm
    @(104.0000 mm, 71.6000 mm): Track [SPISO3] on F.Cu, length 2.5000 mm
[shorting_items]: Items shorting two nets (nets LANE0_RXP and SPISO)
    Local override; error
    @(106.0000 mm, 72.4000 mm): Track [LANE0_RXP] on F.Cu, length 30.4000 mm
    @(106.0000 mm, 70.4000 mm): Via [SPISO] on F.Cu - B.Cu
[shorting_items]: Items shorting two nets (nets SPISO3 and LANE0_RXN)
    Local override; error
    @(107.0000 mm, 71.0000 mm): Via [SPISO3] on F.Cu - B.Cu
    @(92.8000 mm, 70.8000 mm): Track [LANE0_RXN] on B.Cu, length 15.2000 mm
[tracks_crossing]: Tracks crossing
    Local override; error
    @(106.0000 mm, 72.4000 mm): Track [LANE0_RXP] on F.Cu, length 30.4000 mm
    @(103.0000 mm, 64.0000 mm): Track [RTL_3V3] on F.Cu, length 5.0000 mm
[shorting_items]: Items shorting two nets (nets LANE0_RXN and SPISO)
    Local override; error
    @(92.8000 mm, 70.8000 mm): Track [LANE0_RXN] on B.Cu, length 15.2000 mm
    @(106.0000 mm, 70.4000 mm): Via [SPISO] on F.Cu - B.Cu
[shorting_items]: Items shorting two nets (nets LANE0_RXN and RTL_3V3)
    Local override; error
    @(108.0000 mm, 70.8000 mm): Track [LANE0_RXN] on F.Cu, length 27.8000 mm
    @(108.0000 mm, 64.0000 mm): Via [RTL_3V3] on F.Cu - B.Cu
[tracks_crossing]: Tracks crossing
    Local override; error
    @(104.5000 mm, 76.8000 mm): Track [LANE0_TXP] on F.Cu, length 31.8000 mm
    @(104.0000 mm, 72.8000 mm): Track [SPICLK] on F.Cu, length 0.5000 mm
[tracks_crossing]: Tracks crossing
    Local override; error
    @(104.5000 mm, 76.8000 mm): Track [LANE0_TXP] on F.Cu, length 31.8000 mm
    @(104.5000 mm, 72.8000 mm): Track [SPICLK] on F.Cu, length 0.8000 mm
[shorting_items]: Items shorting two nets (nets LANE0_RXP and SPICLK)
    Local override; error
    @(106.0000 mm, 72.4000 mm): Via [LANE0_RXP] on F.Cu - B.Cu
    @(104.5000 mm, 72.0000 mm): Track [SPICLK] on F.Cu, length 3.5000 mm
[tracks_crossing]: Tracks crossing
    Local override; error
    @(104.5000 mm, 76.8000 mm): Track [LANE0_TXP] on F.Cu, length 31.8000 mm
    @(104.0000 mm, 73.2000 mm): Track [SPISI] on F.Cu, length 0.5000 mm
[tracks_crossing]: Tracks crossing
    Local override; error
    @(104.5000 mm, 76.8000 mm): Track [LANE0_TXP] on F.Cu, length 31.8000 mm
    @(104.5000 mm, 75.2000 mm): Track [SPISI] on F.Cu, length 4.5000 mm
[tracks_crossing]: Tracks crossing
    Local override; error
    @(104.5000 mm, 73.2000 mm): Track [SPISI] on F.Cu, length 2.0000 mm
    @(104.5000 mm, 76.8000 mm): Track [LANE0_TXP] on F.Cu, length 31.8000 mm
[shorting_items]: Items shorting two nets (nets SPISO and LANE0_RXN)
    Local override; error
    @(106.0000 mm, 70.4000 mm): Track [SPISO] on B.Cu, length 6.6000 mm
    @(108.0000 mm, 70.8000 mm): Via [LANE0_RXN] on F.Cu - B.Cu
[clearance]: Clearance violation ( clearance 0.2000 mm; actual 0.1000 mm)
    Local override; error
    @(104.5000 mm, 76.8000 mm): Track [LANE0_TXP] on F.Cu, length 31.8000 mm
    @(105.0000 mm, 69.8000 mm): Via [SPICS] on F.Cu - B.Cu
[track_dangling]: Track has unconnected end
    Local override; warning
    @(102.0000 mm, 84.0000 mm): Track [PEDET] on B.Cu, length 17.0000 mm
[via_dangling]: Via is not connected or connected on only one layer
    Local override; warning
    @(136.5000 mm, 68.5000 mm): Via [CLKREQ_N] on F.Cu - B.Cu
[via_dangling]: Via is not connected or connected on only one layer
    Local override; warning
    @(133.0000 mm, 72.0000 mm): Via [CLKREQ_N] on F.Cu - B.Cu
[via_dangling]: Via is not connected or connected on only one layer
    Local override; warning
    @(100.0000 mm, 83.0000 mm): Via [PERST_N] on F.Cu - B.Cu
[via_dangling]: Via is not connected or connected on only one layer
    Local override; warning
    @(138.0000 mm, 68.5000 mm): Via [PERST_N] on F.Cu - B.Cu
[track_dangling]: Track has unconnected end
    Local override; warning
    @(100.0000 mm, 83.0000 mm): Track [PERST_N] on B.Cu, length 32.0000 mm
[track_dangling]: Track has unconnected end
    Local override; warning
    @(99.6000 mm, 62.8000 mm): Track [RTL_3V3] on B.Cu, length 1.3000 mm
[via_dangling]: Via is not connected or connected on only one layer
    Local override; warning
    @(72.0000 mm, 78.5000 mm): Via [REFCLK_P] on F.Cu - B.Cu
[via_dangling]: Via is not connected or connected on only one layer
    Local override; warning
    @(141.0000 mm, 60.5000 mm): Via [REFCLK_P] on F.Cu - B.Cu
[via_dangling]: Via is not connected or connected on only one layer
    Local override; warning
    @(139.8000 mm, 60.5000 mm): Via [REFCLK_N] on F.Cu - B.Cu
[via_dangling]: Via is not connected or connected on only one layer
    Local override; warning
    @(70.8000 mm, 79.2000 mm): Via [REFCLK_N] on F.Cu - B.Cu

** Found 34 unconnected pads **
[unconnected_items]: Missing connection between items
    Local override; error
    @(97.6000 mm, 73.9500 mm): Pad 8 [PEDET] of U1 on F.Cu
    @(102.0000 mm, 84.0000 mm): Track [PEDET] on B.Cu, length 17.0000 mm
[unconnected_items]: Missing connection between items
    Local override; error
    @(99.6000 mm, 73.9500 mm): Pad 13 [CLKREQ_N] of U1 on F.Cu
    @(120.0000 mm, 72.0000 mm): Track [CLKREQ_N] on F.Cu, length 3.0000 mm
[unconnected_items]: Missing connection between items
    Local override; error
    @(133.0000 mm, 72.0000 mm): Track [CLKREQ_N] on F.Cu, length 13.0000 mm
    @(136.5000 mm, 70.2750 mm): Pad 52 [CLKREQ_N] of J1 on F.Cu
[unconnected_items]: Missing connection between items
    Local override; error
    @(100.0000 mm, 73.9500 mm): Pad 14 [PERST_N] of U1 on F.Cu
    @(136.0000 mm, 71.5000 mm): Track [PERST_N] on F.Cu, length 1.2250 mm
[unconnected_items]: Missing connection between items
    Local override; error
    @(100.0000 mm, 83.0000 mm): Track [PERST_N] on B.Cu, length 32.0000 mm
    @(100.0000 mm, 73.9500 mm): Pad 14 [PERST_N] of U1 on F.Cu
[unconnected_items]: Missing connection between items
    Local override; error
    @(94.0500 mm, 68.0000 mm): Pad 55 [RTL_1V1] of U1 on F.Cu
    @(94.0500 mm, 70.0000 mm): Pad 60 [RTL_1V1] of U1 on F.Cu
[unconnected_items]: Missing connection between items
    Local override; error
    @(94.0500 mm, 70.0000 mm): Pad 60 [RTL_1V1] of U1 on F.Cu
    @(94.0500 mm, 71.2000 mm): Pad 63 [RTL_1V1] of U1 on F.Cu
[unconnected_items]: Missing connection between items
    Local override; error
    @(95.2000 mm, 66.0500 mm): Pad 50 [RTL_1V1] of U1 on F.Cu
    @(94.0500 mm, 68.0000 mm): Pad 55 [RTL_1V1] of U1 on F.Cu
[unconnected_items]: Missing connection between items
    Local override; error
    @(95.2000 mm, 66.0500 mm): Pad 50 [RTL_1V1] of U1 on F.Cu
    @(102.0000 mm, 64.8000 mm): Track [RTL_1V1] on In2.PWR, length 4.2000 mm
[unconnected_items]: Missing connection between items
    Local override; error
    @(100.8000 mm, 73.9500 mm): Pad 16 [RTL_1V1] of U1 on F.Cu
    @(101.9500 mm, 70.4000 mm): Pad 25 [RTL_1V1] of U1 on F.Cu
[unconnected_items]: Missing connection between items
    Local override; error
    @(101.9500 mm, 70.4000 mm): Pad 25 [RTL_1V1] of U1 on F.Cu
    @(100.8000 mm, 66.0500 mm): Pad 36 [RTL_1V1] of U1 on F.Cu
[unconnected_items]: Missing connection between items
    Local override; error
    @(101.9500 mm, 67.2000 mm): Pad 33 [RTL_5V] of U1 on F.Cu
    @(101.2000 mm, 73.9500 mm): Pad 17 [RTL_5V] of U1 on F.Cu
[unconnected_items]: Missing connection between items
    Local override; error
    @(126.4000 mm, 51.0000 mm): Pad 1 [RTL_5V] of C5 on F.Cu
    @(101.9500 mm, 67.2000 mm): Pad 33 [RTL_5V] of U1 on F.Cu
[unconnected_items]: Missing connection between items
    Local override; error
    @(99.6000 mm, 66.0500 mm): Track [RTL_3V3] on F.Cu, length 3.2500 mm
    @(94.0500 mm, 66.8000 mm): Pad 52 [RTL_3V3] of U1 on F.Cu
[unconnected_items]: Missing connection between items
    Local override; error
    @(101.9500 mm, 66.8000 mm): Track [RTL_3V3] on F.Cu, length 1.0500 mm
    @(101.9500 mm, 72.4000 mm): Pad 20 [RTL_3V3] of U1 on F.Cu
[unconnected_items]: Missing connection between items
    Local override; error
    @(113.8000 mm, 76.4000 mm): Pad 3 [RTL_3V3] of U2 on F.Cu
    @(101.9500 mm, 72.4000 mm): Pad 20 [RTL_3V3] of U1 on F.Cu
[unconnected_items]: Missing connection between items
    Local override; error
    @(119.8000 mm, 76.4000 mm): Pad 8 [RTL_3V3] of U2 on F.Cu
    @(113.8000 mm, 76.4000 mm): Pad 3 [RTL_3V3] of U2 on F.Cu
[unconnected_items]: Missing connection between items
    Local override; error
    @(121.2000 mm, 75.0000 mm): Pad 2 [RTL_3V3] of R3 on F.Cu
    @(119.8000 mm, 76.4000 mm): Pad 8 [RTL_3V3] of U2 on F.Cu
[unconnected_items]: Missing connection between items
    Local override; error
    @(121.2000 mm, 80.0000 mm): Pad 2 [RTL_3V3] of R2 on F.Cu
    @(119.8000 mm, 76.4000 mm): Pad 8 [RTL_3V3] of U2 on F.Cu
[unconnected_items]: Missing connection between items
    Local override; error
    @(89.2000 mm, 60.0000 mm): Track [GND] on B.Cu, length 5.2000 mm
    @(97.2000 mm, 66.0500 mm): Pad 45 [GND] of U1 on F.Cu
[unconnected_items]: Missing connection between items
    Local override; error
    @(94.0500 mm, 72.4000 mm): Pad 66 [GND] of U1 on F.Cu
    @(98.0000 mm, 70.0000 mm): Pad 69 [GND] of U1 on F.Cu
[unconnected_items]: Missing connection between items
    Local override; error
    @(97.2000 mm, 66.0500 mm): Pad 45 [GND] of U1 on F.Cu
    @(98.0000 mm, 70.0000 mm): Pad 69 [GND] of U1 on F.Cu
[unconnected_items]: Missing connection between items
    Local override; error
    @(88.0000 mm, 65.0000 mm): Pad 1 [RSET] of R1 on F.Cu
    @(94.8000 mm, 66.0500 mm): Pad 51 [RSET] of U1 on F.Cu
[unconnected_items]: Missing connection between items
    Local override; error
    @(88.0000 mm, 59.0000 mm): Pad 1 [XTAL_IN] of Y1 on F.Cu
    @(88.0000 mm, 62.0000 mm): Pad 1 [XTAL_IN] of C1 on F.Cu
[unconnected_items]: Missing connection between items
    Local override; error
    @(88.0000 mm, 62.0000 mm): Pad 1 [XTAL_IN] of C1 on F.Cu
    @(94.0500 mm, 67.2000 mm): Pad 53 [XTAL_IN] of U1 on F.Cu
[unconnected_items]: Missing connection between items
    Local override; error
    @(89.4000 mm, 59.0000 mm): Pad 2 [XTAL_OUT] of Y1 on F.Cu
    @(91.0000 mm, 62.0000 mm): Pad 1 [XTAL_OUT] of C2 on F.Cu
[unconnected_items]: Missing connection between items
    Local override; error
    @(91.0000 mm, 62.0000 mm): Pad 1 [XTAL_OUT] of C2 on F.Cu
    @(94.0500 mm, 67.6000 mm): Pad 54 [XTAL_OUT] of U1 on F.Cu
[unconnected_items]: Missing connection between items
    Local override; error
    @(94.0500 mm, 70.4000 mm): Pad 61 [REFCLK_P] of U1 on F.Cu
    @(72.0000 mm, 78.5000 mm): Via [REFCLK_P] on F.Cu - B.Cu
[unconnected_items]: Missing connection between items
    Local override; error
    @(94.0500 mm, 70.4000 mm): Pad 61 [REFCLK_P] of U1 on F.Cu
    @(137.2500 mm, 62.7250 mm): Pad 55 [REFCLK_P] of J1 on F.Cu
[unconnected_items]: Missing connection between items
    Local override; error
    @(94.0500 mm, 70.8000 mm): Pad 62 [REFCLK_N] of U1 on F.Cu
    @(70.8000 mm, 79.2000 mm): Via [REFCLK_N] on F.Cu - B.Cu
[unconnected_items]: Missing connection between items
    Local override; error
    @(94.0500 mm, 70.8000 mm): Pad 62 [REFCLK_N] of U1 on F.Cu
    @(136.7500 mm, 62.7250 mm): Pad 53 [REFCLK_N] of J1 on F.Cu
[unconnected_items]: Missing connection between items
    Local override; error
    @(114.7500 mm, 62.7250 mm): Pad 2 [SSD_3V3] of J1 on F.Cu
    @(115.2500 mm, 62.7250 mm): Pad 4 [SSD_3V3] of J1 on F.Cu
[unconnected_items]: Missing connection between items
    Local override; error
    @(115.2500 mm, 62.7250 mm): Pad 4 [SSD_3V3] of J1 on F.Cu
    @(115.7500 mm, 62.7250 mm): Pad 6 [SSD_3V3] of J1 on F.Cu
[unconnected_items]: Missing connection between items
    Local override; error
    @(115.7500 mm, 62.7250 mm): Pad 6 [SSD_3V3] of J1 on F.Cu
    @(116.2500 mm, 62.7250 mm): Pad 8 [SSD_3V3] of J1 on F.Cu

** Found 0 Footprint errors **

** Ignored checks **
    - Footprint has no courtyard defined
    - Track endpoint not centered on via
    - Tuning profile track geometries
    - Footprint doesn't match symbol's footprint filters
    - Footprint component type doesn't match footprint pads

** End of Report **
