** Drc report for PHASE24_RTL9210B_ENVELOPE_STRATEGY1_PAIR_CHANNELS.kicad_pcb **
** Created on 2026-09-10T10:22:17 **
** Report includes: Errors, Warnings **

** Found 86 DRC violations **
[tracks_crossing]: Tracks crossing
    Local override; error
    @(138.0000 mm, 68.5000 mm): Track [CLKREQ_N] on F.Cu, length 1.5000 mm
    @(138.0000 mm, 84.0000 mm): Track [REFCLK_P] on F.Cu, length 21.2882 mm
[tracks_crossing]: Tracks crossing
    Local override; error
    @(135.0000 mm, 79.0000 mm): Track [PEDET] on F.Cu, length 5.7500 mm
    @(135.0000 mm, 72.8000 mm): Track [LANE0_TXN] on F.Cu, length 8.2000 mm
[tracks_crossing]: Tracks crossing
    Local override; error
    @(135.0000 mm, 72.8000 mm): Track [LANE0_TXN] on F.Cu, length 8.2000 mm
    @(85.0000 mm, 73.2000 mm): Track [LANE0_TXP] on F.Cu, length 51.0000 mm
[tracks_crossing]: Tracks crossing
    Local override; error
    @(131.0000 mm, 80.0000 mm): Track [LANE0_RXN] on F.Cu, length 17.4925 mm
    @(85.0000 mm, 72.8000 mm): Track [LANE0_TXN] on F.Cu, length 50.0000 mm
[tracks_crossing]: Tracks crossing
    Local override; error
    @(130.0000 mm, 71.6000 mm): Track [LANE0_RXP] on B.Cu, length 7.4000 mm
    @(85.0000 mm, 72.0000 mm): Track [LANE0_RXN] on B.Cu, length 46.0000 mm
[tracks_crossing]: Tracks crossing
    Local override; error
    @(135.0000 mm, 81.0000 mm): Track [LANE0_TXN] on F.Cu, length 18.2767 mm
    @(85.0000 mm, 73.2000 mm): Track [LANE0_TXP] on F.Cu, length 51.0000 mm
[shorting_items]: Items shorting two nets (nets LANE0_TXN and LANE0_TXP)
    Local override; error
    @(85.0000 mm, 72.8000 mm): Pad 67 [LANE0_TXN] of JH1 on F.Cu
    @(85.0000 mm, 73.2000 mm): Via [LANE0_TXP] on F.Cu - B.Cu
[shorting_items]: Items shorting two nets (nets SPICLK and LANE0_TXN)
    Local override; error
    @(101.9500 mm, 72.8000 mm): Pad 19 [SPICLK] of U1 on F.Cu
    @(85.0000 mm, 72.8000 mm): Track [LANE0_TXN] on F.Cu, length 50.0000 mm
[shorting_items]: Items shorting two nets (nets LANE0_RXP and LANE0_RXN)
    Local override; error
    @(85.0000 mm, 71.6000 mm): Track [LANE0_RXP] on B.Cu, length 45.0000 mm
    @(85.0000 mm, 72.0000 mm): Via [LANE0_RXN] on F.Cu - B.Cu
[shorting_items]: Items shorting two nets (nets LANE0_RXN and LANE0_RXP)
    Local override; error
    @(85.0000 mm, 72.0000 mm): Via [LANE0_RXN] on F.Cu - B.Cu
    @(94.0500 mm, 71.6000 mm): Track [LANE0_RXP] on F.Cu, length 9.0500 mm
[shorting_items]: Items shorting two nets (nets SPISI and LANE0_TXP)
    Local override; error
    @(101.9500 mm, 73.2000 mm): Pad 18 [SPISI] of U1 on F.Cu
    @(85.0000 mm, 73.2000 mm): Track [LANE0_TXP] on F.Cu, length 51.0000 mm
[tracks_crossing]: Tracks crossing
    Local override; error
    @(85.0000 mm, 70.8000 mm): Track [REFCLK_N] on B.Cu, length 54.0000 mm
    @(138.0000 mm, 70.4000 mm): Track [REFCLK_P] on B.Cu, length 13.6000 mm
[shorting_items]: Items shorting two nets (nets LANE0_RXP and LANE0_RXN)
    Local override; error
    @(85.0000 mm, 71.6000 mm): Pad 64 [LANE0_RXP] of JH1 on F.Cu
    @(85.0000 mm, 72.0000 mm): Via [LANE0_RXN] on F.Cu - B.Cu
[shorting_items]: Items shorting two nets (nets REFCLK_N and REFCLK_P)
    Local override; error
    @(85.0000 mm, 70.8000 mm): Via [REFCLK_N] on F.Cu - B.Cu
    @(85.0000 mm, 70.4000 mm): Track [REFCLK_P] on B.Cu, length 53.0000 mm
[tracks_crossing]: Tracks crossing
    Local override; error
    @(139.0000 mm, 85.0000 mm): Track [REFCLK_N] on F.Cu, length 22.3883 mm
    @(138.0000 mm, 84.0000 mm): Track [REFCLK_P] on F.Cu, length 21.2882 mm
[shorting_items]: Items shorting two nets (nets REFCLK_N and REFCLK_P)
    Local override; error
    @(85.0000 mm, 70.8000 mm): Via [REFCLK_N] on F.Cu - B.Cu
    @(85.0000 mm, 70.4000 mm): Via [REFCLK_P] on F.Cu - B.Cu
[shorting_items]: Items shorting two nets (nets REFCLK_N and REFCLK_P)
    Local override; error
    @(85.0000 mm, 70.8000 mm): Track [REFCLK_N] on B.Cu, length 54.0000 mm
    @(85.0000 mm, 70.4000 mm): Via [REFCLK_P] on F.Cu - B.Cu
[shorting_items]: Items shorting two nets (nets REFCLK_N and REFCLK_P)
    Local override; error
    @(85.0000 mm, 70.8000 mm): Via [REFCLK_N] on F.Cu - B.Cu
    @(94.0500 mm, 70.4000 mm): Track [REFCLK_P] on F.Cu, length 9.0500 mm
[tracks_crossing]: Tracks crossing
    Local override; error
    @(111.4000 mm, 69.8000 mm): Track [SPICS] on F.Cu, length 6.6000 mm
    @(85.0000 mm, 72.8000 mm): Track [LANE0_TXN] on F.Cu, length 50.0000 mm
[tracks_crossing]: Tracks crossing
    Local override; error
    @(112.6000 mm, 70.4000 mm): Track [SPISO] on F.Cu, length 6.0000 mm
    @(85.0000 mm, 72.8000 mm): Track [LANE0_TXN] on F.Cu, length 50.0000 mm
[shorting_items]: Items shorting two nets (nets REFCLK_N and REFCLK_P)
    Local override; error
    @(85.0000 mm, 70.8000 mm): Via [REFCLK_N] on F.Cu - B.Cu
    @(85.0000 mm, 70.4000 mm): Via [REFCLK_P] on F.Cu - B.Cu
[shorting_items]: Items shorting two nets (nets REFCLK_N and SPISO3)
    Local override; error
    @(85.0000 mm, 70.8000 mm): Track [REFCLK_N] on B.Cu, length 54.0000 mm
    @(107.0000 mm, 71.0000 mm): Track [SPISO3] on B.Cu, length 11.6000 mm
[shorting_items]: Items shorting two nets (nets SPISO and REFCLK_P)
    Local override; error
    @(112.6000 mm, 70.4000 mm): Via [SPISO] on F.Cu - B.Cu
    @(85.0000 mm, 70.4000 mm): Track [REFCLK_P] on B.Cu, length 53.0000 mm
[shorting_items]: Items shorting two nets (nets REFCLK_N and REFCLK_P)
    Local override; error
    @(85.0000 mm, 70.8000 mm): Via [REFCLK_N] on F.Cu - B.Cu
    @(85.0000 mm, 70.4000 mm): Via [REFCLK_P] on F.Cu - B.Cu
[shorting_items]: Items shorting two nets (nets SPISO3 and REFCLK_N)
    Local override; error
    @(107.0000 mm, 71.0000 mm): Via [SPISO3] on F.Cu - B.Cu
    @(85.0000 mm, 70.8000 mm): Track [REFCLK_N] on B.Cu, length 54.0000 mm
[shorting_items]: Items shorting two nets (nets REFCLK_N and REFCLK_P)
    Local override; error
    @(85.0000 mm, 70.8000 mm): Via [REFCLK_N] on F.Cu - B.Cu
    @(85.0000 mm, 70.4000 mm): Via [REFCLK_P] on F.Cu - B.Cu
[shorting_items]: Items shorting two nets (nets REFCLK_N and REFCLK_P)
    Local override; error
    @(85.0000 mm, 70.8000 mm): Via [REFCLK_N] on F.Cu - B.Cu
    @(85.0000 mm, 70.4000 mm): Via [REFCLK_P] on F.Cu - B.Cu
[shorting_items]: Items shorting two nets (nets REFCLK_N and SPISO3)
    Local override; error
    @(85.0000 mm, 70.8000 mm): Track [REFCLK_N] on B.Cu, length 54.0000 mm
    @(118.6000 mm, 71.0000 mm): Via [SPISO3] on F.Cu - B.Cu
[tracks_crossing]: Tracks crossing
    Local override; error
    @(118.6000 mm, 71.0000 mm): Track [SPISO3] on F.Cu, length 5.4000 mm
    @(85.0000 mm, 72.8000 mm): Track [LANE0_TXN] on F.Cu, length 50.0000 mm
[tracks_crossing]: Tracks crossing
    Local override; error
    @(123.0000 mm, 77.2000 mm): Track [RTL_3V3] on B.Cu, length 14.4000 mm
    @(85.0000 mm, 70.4000 mm): Track [REFCLK_P] on B.Cu, length 53.0000 mm
[shorting_items]: Items shorting two nets (nets LANE0_TXN and LANE0_TXP)
    Local override; error
    @(85.0000 mm, 72.8000 mm): Via [LANE0_TXN] on F.Cu - B.Cu
    @(85.0000 mm, 73.2000 mm): Track [LANE0_TXP] on F.Cu, length 51.0000 mm
[tracks_crossing]: Tracks crossing
    Local override; error
    @(108.0000 mm, 72.0000 mm): Track [SPICLK] on B.Cu, length 9.4000 mm
    @(85.0000 mm, 72.0000 mm): Track [LANE0_RXN] on B.Cu, length 46.0000 mm
[tracks_crossing]: Tracks crossing
    Local override; error
    @(117.4000 mm, 72.0000 mm): Track [SPICLK] on F.Cu, length 4.4000 mm
    @(85.0000 mm, 72.8000 mm): Track [LANE0_TXN] on F.Cu, length 50.0000 mm
[shorting_items]: Items shorting two nets (nets LANE0_RXP and SPICLK)
    Local override; error
    @(85.0000 mm, 71.6000 mm): Track [LANE0_RXP] on B.Cu, length 45.0000 mm
    @(117.4000 mm, 72.0000 mm): Via [SPICLK] on F.Cu - B.Cu
[shorting_items]: Items shorting two nets (nets LANE0_TXN and LANE0_TXP)
    Local override; error
    @(85.0000 mm, 72.8000 mm): Via [LANE0_TXN] on F.Cu - B.Cu
    @(85.0000 mm, 73.2000 mm): Via [LANE0_TXP] on F.Cu - B.Cu
[shorting_items]: Items shorting two nets (nets LANE0_RXP and SPICLK)
    Local override; error
    @(85.0000 mm, 71.6000 mm): Track [LANE0_RXP] on B.Cu, length 45.0000 mm
    @(108.0000 mm, 72.0000 mm): Via [SPICLK] on F.Cu - B.Cu
[tracks_crossing]: Tracks crossing
    Local override; error
    @(110.0000 mm, 75.8000 mm): Track [RTL_5V] on F.Cu, length 8.6000 mm
    @(85.0000 mm, 72.8000 mm): Track [LANE0_TXN] on F.Cu, length 50.0000 mm
[shorting_items]: Items shorting two nets (nets LANE0_TXN and LANE0_TXP)
    Local override; error
    @(85.0000 mm, 72.8000 mm): Via [LANE0_TXN] on F.Cu - B.Cu
    @(85.0000 mm, 73.2000 mm): Via [LANE0_TXP] on F.Cu - B.Cu
[shorting_items]: Items shorting two nets (nets LANE0_TXN and LANE0_TXP)
    Local override; error
    @(85.0000 mm, 72.8000 mm): Via [LANE0_TXN] on F.Cu - B.Cu
    @(85.0000 mm, 73.2000 mm): Via [LANE0_TXP] on F.Cu - B.Cu
[shorting_items]: Items shorting two nets (nets LANE0_TXN and LANE0_TXP)
    Local override; error
    @(85.0000 mm, 72.8000 mm): Via [LANE0_TXN] on F.Cu - B.Cu
    @(85.0000 mm, 73.2000 mm): Via [LANE0_TXP] on F.Cu - B.Cu
[shorting_items]: Items shorting two nets (nets LANE0_TXN and LANE0_TXP)
    Local override; error
    @(85.0000 mm, 72.8000 mm): Via [LANE0_TXN] on F.Cu - B.Cu
    @(85.0000 mm, 73.2000 mm): Via [LANE0_TXP] on F.Cu - B.Cu
[tracks_crossing]: Tracks crossing
    Local override; error
    @(134.0000 mm, 81.0000 mm): Track [PERST_N] on F.Cu, length 10.7250 mm
    @(85.0000 mm, 72.8000 mm): Track [LANE0_TXN] on F.Cu, length 50.0000 mm
[tracks_crossing]: Tracks crossing
    Local override; error
    @(134.0000 mm, 70.2750 mm): Track [PERST_N] on F.Cu, length 2.0000 mm
    @(135.0000 mm, 81.0000 mm): Track [LANE0_TXN] on F.Cu, length 18.2767 mm
[tracks_crossing]: Tracks crossing
    Local override; error
    @(85.0000 mm, 70.4000 mm): Track [REFCLK_P] on B.Cu, length 53.0000 mm
    @(128.0000 mm, 72.0000 mm): Track [CLKREQ_N] on B.Cu, length 14.0000 mm
[tracks_crossing]: Tracks crossing
    Local override; error
    @(120.0000 mm, 75.0000 mm): Track [CLKREQ_N] on F.Cu, length 3.0000 mm
    @(85.0000 mm, 72.8000 mm): Track [LANE0_TXN] on F.Cu, length 50.0000 mm
[shorting_items]: Items shorting two nets (nets LANE0_RXP and CLKREQ_N)
    Local override; error
    @(85.0000 mm, 71.6000 mm): Track [LANE0_RXP] on B.Cu, length 45.0000 mm
    @(128.0000 mm, 72.0000 mm): Via [CLKREQ_N] on F.Cu - B.Cu
[shorting_items]: Items shorting two nets (nets LANE0_RXP and PEDET)
    Local override; error
    @(130.0000 mm, 79.0000 mm): Via [LANE0_RXP] on F.Cu - B.Cu
    @(125.0000 mm, 79.0000 mm): Track [PEDET] on B.Cu, length 10.0000 mm
[shorting_items]: Items shorting two nets (nets LANE0_TXP and PERST_N)
    Local override; error
    @(136.0000 mm, 82.0000 mm): Track [LANE0_TXP] on F.Cu, length 19.2766 mm
    @(136.0000 mm, 70.2750 mm): Pad 50 [PERST_N] of J1 on F.Cu
[shorting_items]: Items shorting two nets (nets REFCLK_N and REFCLK_P)
    Local override; error
    @(85.0000 mm, 70.8000 mm): Via [REFCLK_N] on F.Cu - B.Cu
    @(85.0000 mm, 70.4000 mm): Pad 61 [REFCLK_P] of JH1 on F.Cu
[shorting_items]: Items shorting two nets (nets LANE0_RXN and LANE0_RXP)
    Local override; error
    @(85.0000 mm, 72.0000 mm): Via [LANE0_RXN] on F.Cu - B.Cu
    @(85.0000 mm, 71.6000 mm): Via [LANE0_RXP] on F.Cu - B.Cu
[shorting_items]: Items shorting two nets (nets LANE0_RXN and LANE0_RXP)
    Local override; error
    @(85.0000 mm, 72.0000 mm): Track [LANE0_RXN] on B.Cu, length 46.0000 mm
    @(85.0000 mm, 71.6000 mm): Via [LANE0_RXP] on F.Cu - B.Cu
[shorting_items]: Items shorting two nets (nets LANE0_TXN and PEDET)
    Local override; error
    @(135.0000 mm, 72.8000 mm): Track [LANE0_TXN] on F.Cu, length 8.2000 mm
    @(135.0000 mm, 79.0000 mm): Via [PEDET] on F.Cu - B.Cu
[shorting_items]: Items shorting two nets (nets LANE0_RXN and LANE0_RXP)
    Local override; error
    @(85.0000 mm, 72.0000 mm): Via [LANE0_RXN] on F.Cu - B.Cu
    @(85.0000 mm, 71.6000 mm): Via [LANE0_RXP] on F.Cu - B.Cu
[shorting_items]: Items shorting two nets (nets LANE0_RXN and LANE0_RXP)
    Local override; error
    @(85.0000 mm, 72.0000 mm): Via [LANE0_RXN] on F.Cu - B.Cu
    @(85.0000 mm, 71.6000 mm): Via [LANE0_RXP] on F.Cu - B.Cu
[shorting_items]: Items shorting two nets (nets LANE0_RXN and LANE0_RXP)
    Local override; error
    @(85.0000 mm, 72.0000 mm): Via [LANE0_RXN] on F.Cu - B.Cu
    @(85.0000 mm, 71.6000 mm): Via [LANE0_RXP] on F.Cu - B.Cu
[shorting_items]: Items shorting two nets (nets LANE0_RXN and LANE0_RXP)
    Local override; error
    @(85.0000 mm, 72.0000 mm): Via [LANE0_RXN] on F.Cu - B.Cu
    @(85.0000 mm, 71.6000 mm): Via [LANE0_RXP] on F.Cu - B.Cu
[shorting_items]: Items shorting two nets (nets LANE0_TXN and LANE0_TXP)
    Local override; error
    @(94.0500 mm, 72.8000 mm): Track [LANE0_TXN] on F.Cu, length 9.0500 mm
    @(85.0000 mm, 73.2000 mm): Via [LANE0_TXP] on F.Cu - B.Cu
[clearance]: Clearance violation ( clearance 0.2000 mm; actual 0.0428 mm)
    Local override; error
    @(133.7500 mm, 62.7250 mm): Pad 41 [LANE0_RXN] of J1 on F.Cu
    @(130.0000 mm, 79.0000 mm): Track [LANE0_RXP] on F.Cu, length 16.8208 mm
[clearance]: Clearance violation ( clearance 0.2000 mm; actual 0.1703 mm)
    Local override; error
    @(139.0000 mm, 85.0000 mm): Track [REFCLK_N] on F.Cu, length 22.3883 mm
    @(137.2500 mm, 62.7250 mm): Pad 55 [REFCLK_P] of J1 on F.Cu
[hole_clearance]: Hole clearance violation (board setup constraints hole clearance 0.2500 mm; actual 0.1500 mm)
    Rule: board setup constraints hole; error
    @(85.0000 mm, 70.4000 mm): Pad 61 [REFCLK_P] of JH1 on F.Cu
    @(85.0000 mm, 70.8000 mm): Via [REFCLK_N] on F.Cu - B.Cu
[hole_clearance]: Hole clearance violation (board setup constraints hole clearance 0.2500 mm; actual 0.1500 mm)
    Rule: board setup constraints hole; error
    @(85.0000 mm, 70.8000 mm): Pad 62 [REFCLK_N] of JH1 on F.Cu
    @(85.0000 mm, 70.4000 mm): Via [REFCLK_P] on F.Cu - B.Cu
[hole_clearance]: Hole clearance violation (board setup constraints hole clearance 0.2500 mm; actual 0.1500 mm)
    Rule: board setup constraints hole; error
    @(85.0000 mm, 71.6000 mm): Pad 64 [LANE0_RXP] of JH1 on F.Cu
    @(85.0000 mm, 72.0000 mm): Via [LANE0_RXN] on F.Cu - B.Cu
[hole_clearance]: Hole clearance violation (board setup constraints hole clearance 0.2500 mm; actual 0.1500 mm)
    Rule: board setup constraints hole; error
    @(85.0000 mm, 72.0000 mm): Pad 65 [LANE0_RXN] of JH1 on F.Cu
    @(85.0000 mm, 71.6000 mm): Via [LANE0_RXP] on F.Cu - B.Cu
[hole_clearance]: Hole clearance violation (board setup constraints hole clearance 0.2500 mm; actual 0.1500 mm)
    Rule: board setup constraints hole; error
    @(85.0000 mm, 72.8000 mm): Pad 67 [LANE0_TXN] of JH1 on F.Cu
    @(85.0000 mm, 73.2000 mm): Via [LANE0_TXP] on F.Cu - B.Cu
[hole_clearance]: Hole clearance violation (board setup constraints hole clearance 0.2500 mm; actual 0.1500 mm)
    Rule: board setup constraints hole; error
    @(85.0000 mm, 73.2000 mm): Pad 68 [LANE0_TXP] of JH1 on F.Cu
    @(85.0000 mm, 72.8000 mm): Via [LANE0_TXN] on F.Cu - B.Cu
[solder_mask_bridge]: Front solder mask aperture bridges items with different nets
    Rule: board setup solder mask min width; error
    @(136.0000 mm, 82.0000 mm): Track [LANE0_TXP] on F.Cu, length 19.2766 mm
    @(136.0000 mm, 70.2750 mm): Pad 50 [PERST_N] of J1 on F.Cu
[solder_mask_bridge]: Front solder mask aperture bridges items with different nets
    Rule: board setup solder mask min width; error
    @(85.0000 mm, 73.2000 mm): Track [LANE0_TXP] on F.Cu, length 51.0000 mm
    @(101.9500 mm, 73.2000 mm): Pad 18 [SPISI] of U1 on F.Cu
[solder_mask_bridge]: Front solder mask aperture bridges items with different nets
    Rule: board setup solder mask min width; error
    @(85.0000 mm, 72.8000 mm): Track [LANE0_TXN] on F.Cu, length 50.0000 mm
    @(101.9500 mm, 72.8000 mm): Pad 19 [SPICLK] of U1 on F.Cu
[via_dangling]: Via is not connected or connected on only one layer
    Local override; warning
    @(119.0000 mm, 79.5000 mm): Via [PEDET] on F.Cu - B.Cu
[track_dangling]: Track has unconnected end
    Local override; warning
    @(107.0000 mm, 76.0000 mm): Track [CLKREQ_N] on B.Cu, length 2.0000 mm
[track_dangling]: Track has unconnected end
    Local override; warning
    @(100.0000 mm, 81.0000 mm): Track [PERST_N] on F.Cu, length 2.0000 mm
[track_dangling]: Track has unconnected end
    Local override; warning
    @(88.0000 mm, 58.0000 mm): Track [RTL_1V1] on B.Cu, length 11.0000 mm
[track_dangling]: Track has unconnected end
    Local override; warning
    @(110.0000 mm, 75.8000 mm): Track [RTL_5V] on F.Cu, length 8.6000 mm
[via_dangling]: Via is not connected or connected on only one layer
    Local override; warning
    @(109.0000 mm, 75.2000 mm): Via [SPISI] on F.Cu - B.Cu
[via_dangling]: Via is not connected or connected on only one layer
    Local override; warning
    @(108.0000 mm, 72.0000 mm): Via [SPICLK] on F.Cu - B.Cu
[via_dangling]: Via is not connected or connected on only one layer
    Local override; warning
    @(99.6000 mm, 62.8000 mm): Via [RTL_3V3] on F.Cu - B.Cu
[track_dangling]: Track has unconnected end
    Local override; warning
    @(106.5000 mm, 71.6000 mm): Track [SPISO3] on F.Cu, length 0.6000 mm
[via_dangling]: Via is not connected or connected on only one layer
    Local override; warning
    @(111.4000 mm, 69.8000 mm): Via [SPICS] on F.Cu - B.Cu
[via_dangling]: Via is not connected or connected on only one layer
    Local override; warning
    @(135.0000 mm, 81.0000 mm): Via [LANE0_TXN] on F.Cu - B.Cu
[via_dangling]: Via is not connected or connected on only one layer
    Local override; warning
    @(85.0000 mm, 72.8000 mm): Via [LANE0_TXN] on F.Cu - B.Cu
[via_dangling]: Via is not connected or connected on only one layer
    Local override; warning
    @(136.0000 mm, 82.0000 mm): Via [LANE0_TXP] on F.Cu - B.Cu
[via_dangling]: Via is not connected or connected on only one layer
    Local override; warning
    @(85.0000 mm, 73.2000 mm): Via [LANE0_TXP] on F.Cu - B.Cu
[hole_to_hole]: Drilled hole too close to other hole (board setup constraints min 0.2495 mm; actual 0.1000 mm)
    Rule: board setup constraints; warning
    @(85.0000 mm, 70.8000 mm): Via [REFCLK_N] on F.Cu - B.Cu
    @(85.0000 mm, 70.4000 mm): Via [REFCLK_P] on F.Cu - B.Cu
[hole_to_hole]: Drilled hole too close to other hole (board setup constraints min 0.2495 mm; actual 0.1000 mm)
    Rule: board setup constraints; warning
    @(85.0000 mm, 72.0000 mm): Via [LANE0_RXN] on F.Cu - B.Cu
    @(85.0000 mm, 71.6000 mm): Via [LANE0_RXP] on F.Cu - B.Cu
[hole_to_hole]: Drilled hole too close to other hole (board setup constraints min 0.2495 mm; actual 0.1000 mm)
    Rule: board setup constraints; warning
    @(85.0000 mm, 72.8000 mm): Via [LANE0_TXN] on F.Cu - B.Cu
    @(85.0000 mm, 73.2000 mm): Via [LANE0_TXP] on F.Cu - B.Cu
[copper_sliver]: Copper sliver (F.Cu)
    Local override; warning

** Found 30 unconnected pads **
[unconnected_items]: Missing connection between items
    Local override; error
    @(97.6000 mm, 73.9500 mm): Pad 8 [PEDET] of U1 on F.Cu
    @(119.0000 mm, 79.5000 mm): Track [PEDET] on F.Cu, length 1.1180 mm
[unconnected_items]: Missing connection between items
    Local override; error
    @(107.0000 mm, 74.0000 mm): Track [CLKREQ_N] on B.Cu, length 12.2000 mm
    @(99.6000 mm, 73.9500 mm): Pad 13 [CLKREQ_N] of U1 on F.Cu
[unconnected_items]: Missing connection between items
    Local override; error
    @(100.0000 mm, 73.9500 mm): Pad 14 [PERST_N] of U1 on F.Cu
    @(100.0000 mm, 81.0000 mm): Track [PERST_N] on F.Cu, length 2.0000 mm
[unconnected_items]: Missing connection between items
    Local override; error
    @(94.0500 mm, 68.0000 mm): Pad 55 [RTL_1V1] of U1 on F.Cu
    @(95.2000 mm, 66.0500 mm): Pad 50 [RTL_1V1] of U1 on F.Cu
[unconnected_items]: Missing connection between items
    Local override; error
    @(94.0500 mm, 70.0000 mm): Pad 60 [RTL_1V1] of U1 on F.Cu
    @(94.0500 mm, 68.0000 mm): Pad 55 [RTL_1V1] of U1 on F.Cu
[unconnected_items]: Missing connection between items
    Local override; error
    @(94.0500 mm, 71.2000 mm): Pad 63 [RTL_1V1] of U1 on F.Cu
    @(94.0500 mm, 70.0000 mm): Pad 60 [RTL_1V1] of U1 on F.Cu
[unconnected_items]: Missing connection between items
    Local override; error
    @(99.2000 mm, 66.0500 mm): Pad 40 [RTL_1V1] of U1 on F.Cu
    @(95.2000 mm, 66.0500 mm): Pad 50 [RTL_1V1] of U1 on F.Cu
[unconnected_items]: Missing connection between items
    Local override; error
    @(99.2000 mm, 66.0500 mm): Pad 40 [RTL_1V1] of U1 on F.Cu
    @(99.0000 mm, 60.5000 mm): Track [RTL_1V1] on F.Cu, length 13.0000 mm
[unconnected_items]: Missing connection between items
    Local override; error
    @(100.8000 mm, 66.0500 mm): Pad 36 [RTL_1V1] of U1 on F.Cu
    @(99.2000 mm, 66.0500 mm): Pad 40 [RTL_1V1] of U1 on F.Cu
[unconnected_items]: Missing connection between items
    Local override; error
    @(100.8000 mm, 73.9500 mm): Pad 16 [RTL_1V1] of U1 on F.Cu
    @(101.9500 mm, 70.4000 mm): Pad 25 [RTL_1V1] of U1 on F.Cu
[unconnected_items]: Missing connection between items
    Local override; error
    @(101.9500 mm, 70.4000 mm): Pad 25 [RTL_1V1] of U1 on F.Cu
    @(100.8000 mm, 66.0500 mm): Pad 36 [RTL_1V1] of U1 on F.Cu
[unconnected_items]: Missing connection between items
    Local override; error
    @(101.9500 mm, 67.2000 mm): Pad 33 [RTL_5V] of U1 on F.Cu
    @(101.2000 mm, 73.9500 mm): Pad 17 [RTL_5V] of U1 on F.Cu
[unconnected_items]: Missing connection between items
    Local override; error
    @(101.9500 mm, 67.2000 mm): Pad 33 [RTL_5V] of U1 on F.Cu
    @(110.0000 mm, 67.2000 mm): Track [RTL_5V] on F.Cu, length 11.0000 mm
[unconnected_items]: Missing connection between items
    Local override; error
    @(101.9500 mm, 73.2000 mm): Pad 18 [SPISI] of U1 on F.Cu
    @(109.0000 mm, 75.2000 mm): Via [SPISI] on F.Cu - B.Cu
[unconnected_items]: Missing connection between items
    Local override; error
    @(108.0000 mm, 72.0000 mm): Track [SPICLK] on B.Cu, length 9.4000 mm
    @(101.9500 mm, 72.8000 mm): Pad 19 [SPICLK] of U1 on F.Cu
[unconnected_items]: Missing connection between items
    Local override; error
    @(94.0500 mm, 66.8000 mm): Pad 52 [RTL_3V3] of U1 on F.Cu
    @(99.6000 mm, 66.0500 mm): Pad 39 [RTL_3V3] of U1 on F.Cu
[unconnected_items]: Missing connection between items
    Local override; error
    @(99.6000 mm, 66.0500 mm): Pad 39 [RTL_3V3] of U1 on F.Cu
    @(99.6000 mm, 62.8000 mm): Track [RTL_3V3] on B.Cu, length 8.4000 mm
[unconnected_items]: Missing connection between items
    Local override; error
    @(101.9500 mm, 66.8000 mm): Pad 34 [RTL_3V3] of U1 on F.Cu
    @(99.6000 mm, 66.0500 mm): Pad 39 [RTL_3V3] of U1 on F.Cu
[unconnected_items]: Missing connection between items
    Local override; error
    @(101.9500 mm, 66.8000 mm): Pad 34 [RTL_3V3] of U1 on F.Cu
    @(101.9500 mm, 72.4000 mm): Pad 20 [RTL_3V3] of U1 on F.Cu
[unconnected_items]: Missing connection between items
    Local override; error
    @(101.9500 mm, 71.6000 mm): Pad 22 [SPISO3] of U1 on F.Cu
    @(106.5000 mm, 71.6000 mm): Track [SPISO3] on F.Cu, length 0.6000 mm
[unconnected_items]: Missing connection between items
    Local override; error
    @(112.6000 mm, 70.4000 mm): Via [SPISO] on F.Cu - B.Cu
    @(101.9500 mm, 71.2000 mm): Pad 23 [SPISO] of U1 on F.Cu
[unconnected_items]: Missing connection between items
    Local override; error
    @(111.4000 mm, 69.8000 mm): Via [SPICS] on F.Cu - B.Cu
    @(101.9500 mm, 70.8000 mm): Pad 24 [SPICS] of U1 on F.Cu
[unconnected_items]: Missing connection between items
    Local override; error
    @(65.5000 mm, 40.5000 mm): Zone [GND] on F.Cu, priority 0
    @(94.0500 mm, 72.4000 mm): Pad 66 [GND] of U1 on F.Cu
[unconnected_items]: Missing connection between items
    Local override; error
    @(97.2000 mm, 66.0500 mm): Pad 45 [GND] of U1 on F.Cu
    @(65.5000 mm, 40.5000 mm): Zone [GND] on F.Cu, priority 0
[unconnected_items]: Missing connection between items
    Local override; error
    @(97.2000 mm, 66.0500 mm): Pad 45 [GND] of U1 on F.Cu
    @(65.5000 mm, 40.5000 mm): Zone [GND] on F.Cu, priority 0
[unconnected_items]: Missing connection between items
    Local override; error
    @(88.0000 mm, 65.0000 mm): Pad 1 [RSET] of R1 on F.Cu
    @(94.8000 mm, 66.0500 mm): Pad 51 [RSET] of U1 on F.Cu
[unconnected_items]: Missing connection between items
    Local override; error
    @(88.0000 mm, 59.0000 mm): Pad 1 [XTAL_IN] of Y1 on F.Cu
    @(88.0000 mm, 62.0000 mm): Pad 1 [XTAL_IN] of C1 on F.Cu
[unconnected_items]: Missing connection between items
    Local override; error
    @(88.0000 mm, 62.0000 mm): Pad 1 [XTAL_IN] of C1 on F.Cu
    @(94.0500 mm, 67.2000 mm): Pad 53 [XTAL_IN] of U1 on F.Cu
[unconnected_items]: Missing connection between items
    Local override; error
    @(89.4000 mm, 59.0000 mm): Pad 2 [XTAL_OUT] of Y1 on F.Cu
    @(91.0000 mm, 62.0000 mm): Pad 1 [XTAL_OUT] of C2 on F.Cu
[unconnected_items]: Missing connection between items
    Local override; error
    @(91.0000 mm, 62.0000 mm): Pad 1 [XTAL_OUT] of C2 on F.Cu
    @(94.0500 mm, 67.6000 mm): Pad 54 [XTAL_OUT] of U1 on F.Cu

** Found 0 Footprint errors **

** Ignored checks **
    - Footprint has no courtyard defined
    - Track endpoint not centered on via
    - Tuning profile track geometries
    - Footprint doesn't match symbol's footprint filters
    - Footprint component type doesn't match footprint pads

** End of Report **
