** Drc report for PHASE24_RTL9210B_SPI_U2_FAR_EAST_PROBE.kicad_pcb **
** Created on 2026-09-08T12:39:34 **
** Report includes: Errors, Warnings **

** Found 43 DRC violations **
[tracks_crossing]: Tracks crossing
    Local override; error
    @(101.9500 mm, 68.8000 mm): Track [RTL_1V1] on F.Cu, length 6.0500 mm
    @(105.5000 mm, 68.8000 mm): Track [SPISO] on F.Cu, length 12.6000 mm
[tracks_crossing]: Tracks crossing
    Local override; error
    @(105.5000 mm, 68.8000 mm): Track [SPISO] on F.Cu, length 12.6000 mm
    @(88.5000 mm, 63.5000 mm): Track [RTL_1V1] on F.Cu, length 18.5000 mm
[shorting_items]: Items shorting two nets (nets SPISO and GND)
    Local override; error
    @(94.0500 mm, 68.8000 mm): Track [SPISO] on F.Cu, length 11.4500 mm
    @(98.0000 mm, 70.0000 mm): Pad 69 [GND] of U1 on F.Cu
[shorting_items]: Items shorting two nets (nets RTL_3V3 and SPISO3)
    Local override; error
    @(123.2000 mm, 90.0000 mm): Pad 3 [RTL_3V3] of U2 on F.Cu
    @(123.2000 mm, 90.0000 mm): Track [SPISO3] on F.Cu, length 4.8000 mm
[shorting_items]: Items shorting two nets (nets RTL_3V3 and SPISO3)
    Local override; error
    @(123.2000 mm, 90.0000 mm): Pad 3 [RTL_3V3] of U2 on F.Cu
    @(123.2000 mm, 57.4000 mm): Track [SPISO3] on F.Cu, length 32.6000 mm
[shorting_items]: Items shorting two nets (nets SPICS and REFCLK_N)
    Local override; error
    @(94.0500 mm, 69.2000 mm): Track [SPICS] on F.Cu, length 9.9500 mm
    @(101.9500 mm, 69.2000 mm): Pad 62 [REFCLK_N] of U1 on F.Cu
[tracks_crossing]: Tracks crossing
    Local override; error
    @(105.5000 mm, 68.8000 mm): Track [SPISO] on F.Cu, length 12.6000 mm
    @(94.0500 mm, 67.2000 mm): Track [SPICLK] on F.Cu, length 14.4500 mm
[tracks_crossing]: Tracks crossing
    Local override; error
    @(123.2000 mm, 90.0000 mm): Track [SPISO3] on F.Cu, length 4.8000 mm
    @(124.4000 mm, 58.6000 mm): Track [SPICLK] on F.Cu, length 31.4000 mm
[tracks_crossing]: Tracks crossing
    Local override; error
    @(94.0500 mm, 66.8000 mm): Track [SPISI] on F.Cu, length 15.9500 mm
    @(108.5000 mm, 67.2000 mm): Track [SPICLK] on F.Cu, length 8.6000 mm
[tracks_crossing]: Tracks crossing
    Local override; error
    @(124.4000 mm, 90.0000 mm): Track [SPICLK] on F.Cu, length 2.4000 mm
    @(123.2000 mm, 90.0000 mm): Track [SPISO3] on F.Cu, length 4.8000 mm
[tracks_crossing]: Tracks crossing
    Local override; error
    @(123.2000 mm, 90.0000 mm): Track [SPISO3] on F.Cu, length 4.8000 mm
    @(125.6000 mm, 59.8000 mm): Track [SPISI] on F.Cu, length 30.2000 mm
[tracks_crossing]: Tracks crossing
    Local override; error
    @(105.5000 mm, 68.8000 mm): Track [SPISO] on F.Cu, length 12.6000 mm
    @(94.0500 mm, 66.8000 mm): Track [SPISI] on F.Cu, length 15.9500 mm
[tracks_crossing]: Tracks crossing
    Local override; error
    @(125.6000 mm, 90.0000 mm): Track [SPISI] on F.Cu, length 0.0000 mm
    @(123.2000 mm, 90.0000 mm): Track [SPISO3] on F.Cu, length 4.8000 mm
[tracks_crossing]: Tracks crossing
    Local override; error
    @(105.5000 mm, 68.8000 mm): Track [SPISO] on F.Cu, length 12.6000 mm
    @(95.2000 mm, 64.5000 mm): Track [RTL_1V1] on F.Cu, length 11.8000 mm
[tracks_crossing]: Tracks crossing
    Local override; error
    @(107.0000 mm, 63.5000 mm): Track [RTL_1V1] on F.Cu, length 1.0000 mm
    @(107.0000 mm, 68.4000 mm): Track [SPISO3] on F.Cu, length 11.0000 mm
[tracks_crossing]: Tracks crossing
    Local override; error
    @(105.5000 mm, 68.8000 mm): Track [SPISO] on F.Cu, length 12.6000 mm
    @(94.0500 mm, 68.4000 mm): Track [SPISO3] on F.Cu, length 12.9500 mm
[tracks_crossing]: Tracks crossing
    Local override; error
    @(107.0000 mm, 64.5000 mm): Track [RTL_1V1] on F.Cu, length 5.5000 mm
    @(94.0500 mm, 66.8000 mm): Track [SPISI] on F.Cu, length 15.9500 mm
[copper_edge_clearance]: Board edge clearance violation (board setup constraints edge clearance 0.5000 mm; actual 0.0000 mm)
    Rule: board setup constraints edge; error
    @(65.0000 mm, 40.0000 mm): Rectangle on Edge.Cuts
    @(125.6000 mm, 59.8000 mm): Track [SPISI] on F.Cu, length 30.2000 mm
[copper_edge_clearance]: Board edge clearance violation (board setup constraints edge clearance 0.5000 mm; actual 0.0000 mm)
    Rule: board setup constraints edge; error
    @(65.0000 mm, 40.0000 mm): Rectangle on Edge.Cuts
    @(124.4000 mm, 58.6000 mm): Track [SPICLK] on F.Cu, length 31.4000 mm
[copper_edge_clearance]: Board edge clearance violation (board setup constraints edge clearance 0.5000 mm; actual 0.0000 mm)
    Rule: board setup constraints edge; error
    @(65.0000 mm, 40.0000 mm): Rectangle on Edge.Cuts
    @(123.2000 mm, 57.4000 mm): Track [SPISO3] on F.Cu, length 32.6000 mm
[copper_edge_clearance]: Board edge clearance violation (board setup constraints edge clearance 0.5000 mm; actual 0.0000 mm)
    Rule: board setup constraints edge; error
    @(65.0000 mm, 40.0000 mm): Rectangle on Edge.Cuts
    @(122.0000 mm, 56.2000 mm): Track [SPISO] on F.Cu, length 33.8000 mm
[copper_edge_clearance]: Board edge clearance violation (board setup constraints edge clearance 0.5000 mm; actual 0.0000 mm)
    Rule: board setup constraints edge; error
    @(65.0000 mm, 40.0000 mm): Rectangle on Edge.Cuts
    @(120.8000 mm, 55.0000 mm): Track [SPICS] on F.Cu, length 35.0000 mm
[solder_mask_bridge]: Front solder mask aperture bridges items with different nets
    Rule: board setup solder mask min width; error
    @(94.0500 mm, 66.8000 mm): Track [SPISI] on F.Cu, length 15.9500 mm
    @(101.9500 mm, 66.8000 mm): Pad 68 [LANE0_TXP] of U1 on F.Cu
[solder_mask_bridge]: Front solder mask aperture bridges items with different nets
    Rule: board setup solder mask min width; error
    @(124.4000 mm, 90.0000 mm): Track [SPICLK] on F.Cu, length 2.4000 mm
    @(124.4000 mm, 90.0000 mm): Pad 4 [GND] of U2 on F.Cu
[solder_mask_bridge]: Front solder mask aperture bridges items with different nets
    Rule: board setup solder mask min width; error
    @(124.4000 mm, 90.0000 mm): Track [SPICLK] on F.Cu, length 2.4000 mm
    @(125.6000 mm, 90.0000 mm): Pad 5 [SPISI] of U2 on F.Cu
[solder_mask_bridge]: Front solder mask aperture bridges items with different nets
    Rule: board setup solder mask min width; error
    @(124.4000 mm, 58.6000 mm): Track [SPICLK] on F.Cu, length 31.4000 mm
    @(124.4000 mm, 90.0000 mm): Pad 4 [GND] of U2 on F.Cu
[solder_mask_bridge]: Front solder mask aperture bridges items with different nets
    Rule: board setup solder mask min width; error
    @(94.0500 mm, 67.2000 mm): Track [SPICLK] on F.Cu, length 14.4500 mm
    @(101.9500 mm, 67.2000 mm): Pad 67 [LANE0_TXN] of U1 on F.Cu
[solder_mask_bridge]: Front solder mask aperture bridges items with different nets
    Rule: board setup solder mask min width; error
    @(123.2000 mm, 90.0000 mm): Track [SPISO3] on F.Cu, length 4.8000 mm
    @(123.2000 mm, 90.0000 mm): Pad 3 [RTL_3V3] of U2 on F.Cu
[solder_mask_bridge]: Front solder mask aperture bridges items with different nets
    Rule: board setup solder mask min width; error
    @(123.2000 mm, 90.0000 mm): Track [SPISO3] on F.Cu, length 4.8000 mm
    @(124.4000 mm, 90.0000 mm): Pad 4 [GND] of U2 on F.Cu
[solder_mask_bridge]: Front solder mask aperture bridges items with different nets
    Rule: board setup solder mask min width; error
    @(123.2000 mm, 90.0000 mm): Track [SPISO3] on F.Cu, length 4.8000 mm
    @(125.6000 mm, 90.0000 mm): Pad 5 [SPISI] of U2 on F.Cu
[solder_mask_bridge]: Front solder mask aperture bridges items with different nets
    Rule: board setup solder mask min width; error
    @(123.2000 mm, 90.0000 mm): Track [SPISO3] on F.Cu, length 4.8000 mm
    @(126.8000 mm, 90.0000 mm): Pad 6 [SPICLK] of U2 on F.Cu
[solder_mask_bridge]: Front solder mask aperture bridges items with different nets
    Rule: board setup solder mask min width; error
    @(123.2000 mm, 57.4000 mm): Track [SPISO3] on F.Cu, length 32.6000 mm
    @(123.2000 mm, 90.0000 mm): Pad 3 [RTL_3V3] of U2 on F.Cu
[solder_mask_bridge]: Front solder mask aperture bridges items with different nets
    Rule: board setup solder mask min width; error
    @(94.0500 mm, 68.4000 mm): Track [SPISO3] on F.Cu, length 12.9500 mm
    @(98.0000 mm, 70.0000 mm): Pad 69 [GND] of U1 on F.Cu
[solder_mask_bridge]: Front solder mask aperture bridges items with different nets
    Rule: board setup solder mask min width; error
    @(94.0500 mm, 68.4000 mm): Track [SPISO3] on F.Cu, length 12.9500 mm
    @(101.9500 mm, 68.4000 mm): Pad 64 [LANE0_RXP] of U1 on F.Cu
[solder_mask_bridge]: Front solder mask aperture bridges items with different nets
    Rule: board setup solder mask min width; error
    @(94.0500 mm, 68.8000 mm): Track [SPISO] on F.Cu, length 11.4500 mm
    @(98.0000 mm, 70.0000 mm): Pad 69 [GND] of U1 on F.Cu
[solder_mask_bridge]: Front solder mask aperture bridges items with different nets
    Rule: board setup solder mask min width; error
    @(94.0500 mm, 68.8000 mm): Track [SPISO] on F.Cu, length 11.4500 mm
    @(101.9500 mm, 68.8000 mm): Pad 63 [RTL_1V1] of U1 on F.Cu
[solder_mask_bridge]: Front solder mask aperture bridges items with different nets
    Rule: board setup solder mask min width; error
    @(94.0500 mm, 69.2000 mm): Track [SPICS] on F.Cu, length 9.9500 mm
    @(98.0000 mm, 70.0000 mm): Pad 69 [GND] of U1 on F.Cu
[solder_mask_bridge]: Front solder mask aperture bridges items with different nets
    Rule: board setup solder mask min width; error
    @(94.0500 mm, 69.2000 mm): Track [SPICS] on F.Cu, length 9.9500 mm
    @(101.9500 mm, 69.2000 mm): Pad 62 [REFCLK_N] of U1 on F.Cu
[track_dangling]: Track has unconnected end
    Local override; warning
    @(80.2000 mm, 75.2000 mm): Track [RTL_3V3] on F.Cu, length 4.8000 mm
[track_dangling]: Track has unconnected end
    Local override; warning
    @(74.2000 mm, 73.2000 mm): Track [RTL_3V3] on F.Cu, length 6.8000 mm
[silk_overlap]: Silkscreen clearance
    Rule: board setup constraints silk; warning
    @(109.0000 mm, 79.5000 mm): Reference field of C1
    @(109.0000 mm, 79.5000 mm): Reference field of R1
[silk_over_copper]: Silkscreen clipped by solder mask
    Local override; warning
    @(105.0000 mm, 82.0000 mm): PCB text 'RTL9210B PATH-B BRING-UP — NON-PRODUCTION' on f.silkscreen
    @(104.0000 mm, 82.0000 mm): Pad 1 [RTL_1V1] of C4 on F.Cu
[silk_over_copper]: Silkscreen clipped by solder mask
    Local override; warning
    @(105.0000 mm, 82.0000 mm): PCB text 'RTL9210B PATH-B BRING-UP — NON-PRODUCTION' on f.silkscreen
    @(105.2000 mm, 82.0000 mm): Pad 2 [GND] of C4 on F.Cu

** Found 23 unconnected pads **
[unconnected_items]: Missing connection between items
    Local override; error
    @(89.0000 mm, 56.0000 mm): Pad 1 [PEDET] of R2 on F.Cu
    @(98.4000 mm, 66.0500 mm): Pad 8 [PEDET] of U1 on F.Cu
[unconnected_items]: Missing connection between items
    Local override; error
    @(98.4000 mm, 66.0500 mm): Pad 8 [PEDET] of U1 on F.Cu
    @(140.7500 mm, 62.7250 mm): Pad 69 [PEDET] of J1 on F.Cu
[unconnected_items]: Missing connection between items
    Local override; error
    @(92.0000 mm, 56.0000 mm): Pad 1 [CLKREQ_N] of R3 on F.Cu
    @(96.4000 mm, 66.0500 mm): Pad 13 [CLKREQ_N] of U1 on F.Cu
[unconnected_items]: Missing connection between items
    Local override; error
    @(96.4000 mm, 66.0500 mm): Pad 13 [CLKREQ_N] of U1 on F.Cu
    @(136.5000 mm, 70.2750 mm): Pad 52 [CLKREQ_N] of J1 on F.Cu
[unconnected_items]: Missing connection between items
    Local override; error
    @(96.0000 mm, 66.0500 mm): Pad 14 [PERST_N] of U1 on F.Cu
    @(136.0000 mm, 70.2750 mm): Pad 50 [PERST_N] of J1 on F.Cu
[unconnected_items]: Missing connection between items
    Local override; error
    @(110.4000 mm, 68.5000 mm): Track [RTL_3V3] on F.Cu, length 0.5000 mm
    @(123.2000 mm, 90.0000 mm): Pad 3 [RTL_3V3] of U2 on F.Cu
[unconnected_items]: Missing connection between items
    Local override; error
    @(123.2000 mm, 90.0000 mm): Pad 3 [RTL_3V3] of U2 on F.Cu
    @(129.2000 mm, 90.0000 mm): Pad 8 [RTL_3V3] of U2 on F.Cu
[unconnected_items]: Missing connection between items
    Local override; error
    @(101.0000 mm, 70.0000 mm): Via [GND] on F.Cu - B.Cu
    @(101.9500 mm, 67.6000 mm): Track [GND] on F.Cu, length 1.0500 mm
[unconnected_items]: Missing connection between items
    Local override; error
    @(124.4000 mm, 90.0000 mm): Pad 4 [GND] of U2 on F.Cu
    @(112.6000 mm, 78.0000 mm): Pad 2 [GND] of C2 on F.Cu
[unconnected_items]: Missing connection between items
    Local override; error
    @(101.2000 mm, 73.9500 mm): Pad 51 [RSET] of U1 on F.Cu
    @(108.4000 mm, 81.0000 mm): Pad 1 [RSET] of R1 on F.Cu
[unconnected_items]: Missing connection between items
    Local override; error
    @(108.3000 mm, 75.8000 mm): Pad 1 [XTAL_IN] of Y1 on F.Cu
    @(101.9500 mm, 72.8000 mm): Pad 53 [XTAL_IN] of U1 on F.Cu
[unconnected_items]: Missing connection between items
    Local override; error
    @(109.6000 mm, 78.0000 mm): Pad 1 [XTAL_IN] of C1 on F.Cu
    @(108.3000 mm, 75.8000 mm): Pad 1 [XTAL_IN] of Y1 on F.Cu
[unconnected_items]: Missing connection between items
    Local override; error
    @(109.7000 mm, 75.8000 mm): Pad 2 [XTAL_OUT] of Y1 on F.Cu
    @(101.9500 mm, 72.4000 mm): Pad 54 [XTAL_OUT] of U1 on F.Cu
[unconnected_items]: Missing connection between items
    Local override; error
    @(111.4000 mm, 78.0000 mm): Pad 1 [XTAL_OUT] of C2 on F.Cu
    @(109.7000 mm, 75.8000 mm): Pad 2 [XTAL_OUT] of Y1 on F.Cu
[unconnected_items]: Missing connection between items
    Local override; error
    @(101.9500 mm, 69.6000 mm): Pad 61 [REFCLK_P] of U1 on F.Cu
    @(137.2500 mm, 62.7250 mm): Pad 55 [REFCLK_P] of J1 on F.Cu
[unconnected_items]: Missing connection between items
    Local override; error
    @(101.9500 mm, 69.2000 mm): Pad 62 [REFCLK_N] of U1 on F.Cu
    @(136.7500 mm, 62.7250 mm): Pad 53 [REFCLK_N] of J1 on F.Cu
[unconnected_items]: Missing connection between items
    Local override; error
    @(101.9500 mm, 68.4000 mm): Pad 64 [LANE0_RXP] of U1 on F.Cu
    @(134.2500 mm, 62.7250 mm): Pad 43 [LANE0_RXP] of J1 on F.Cu
[unconnected_items]: Missing connection between items
    Local override; error
    @(101.9500 mm, 68.0000 mm): Pad 65 [LANE0_RXN] of U1 on F.Cu
    @(133.7500 mm, 62.7250 mm): Pad 41 [LANE0_RXN] of J1 on F.Cu
[unconnected_items]: Missing connection between items
    Local override; error
    @(101.9500 mm, 67.2000 mm): Pad 67 [LANE0_TXN] of U1 on F.Cu
    @(135.2500 mm, 62.7250 mm): Pad 47 [LANE0_TXN] of J1 on F.Cu
[unconnected_items]: Missing connection between items
    Local override; error
    @(101.9500 mm, 66.8000 mm): Pad 68 [LANE0_TXP] of U1 on F.Cu
    @(135.7500 mm, 62.7250 mm): Pad 49 [LANE0_TXP] of J1 on F.Cu
[unconnected_items]: Missing connection between items
    Local override; error
    @(114.7500 mm, 62.7250 mm): Pad 2 [SSD_3V3] of J1 on F.Cu
    @(115.2500 mm, 62.7250 mm): Pad 4 [SSD_3V3] of J1 on F.Cu
[unconnected_items]: Missing connection between items
    Local override; error
    @(115.2500 mm, 62.7250 mm): Pad 4 [SSD_3V3] of J1 on F.Cu
    @(115.7500 mm, 62.7250 mm): Pad 6 [SSD_3V3] of J1 on F.Cu
[unconnected_items]: Missing connection between items
    Local override; error
    @(115.7500 mm, 62.7250 mm): Pad 6 [SSD_3V3] of J1 on F.Cu
    @(116.2500 mm, 62.7250 mm): Pad 8 [SSD_3V3] of J1 on F.Cu

** Found 0 Footprint errors **

** Ignored checks **
    - Footprint has no courtyard defined
    - Track endpoint not centered on via
    - Tuning profile track geometries
    - Footprint doesn't match symbol's footprint filters
    - Footprint component type doesn't match footprint pads

** End of Report **
