** Drc report for PHASE24_RTL9210B_SPI_CHANNELIZED_NATIVE_V668.kicad_pcb **
** Created on 2026-09-09T02:13:20 **
** Report includes: Errors, Warnings **

** Found 49 DRC violations **
[shorting_items]: Items shorting two nets (nets RTL_5V and SPISO3)
    Local override; error
    @(101.2000 mm, 64.8000 mm): Track [RTL_5V] on B.Cu, length 6.7500 mm
    @(100.8000 mm, 62.0000 mm): Via [SPISO3] on F.Cu - B.Cu
[shorting_items]: Items shorting two nets (nets SPISI and RTL_5V)
    Local override; error
    @(102.0500 mm, 58.8000 mm): Track [SPISI] on F.Cu, length 1.6008 mm
    @(101.2000 mm, 58.0500 mm): Via [RTL_5V] on F.Cu - B.Cu
[shorting_items]: Items shorting two nets (nets SPICS and SPISO)
    Local override; error
    @(102.0500 mm, 61.2000 mm): Pad 24 [SPICS] of U1 on F.Cu
    @(102.0500 mm, 60.8000 mm): Track [SPISO] on F.Cu, length 3.1643 mm
[shorting_items]: Items shorting two nets (nets SPISO3 and RTL_1V1)
    Local override; error
    @(100.8000 mm, 62.0000 mm): Track [SPISO3] on B.Cu, length 6.8000 mm
    @(99.6000 mm, 61.6000 mm): Via [RTL_1V1] on F.Cu - B.Cu
[shorting_items]: Items shorting two nets (nets RTL_1V1 and SPICS)
    Local override; error
    @(102.0500 mm, 61.6000 mm): Pad 25 [RTL_1V1] of U1 on F.Cu
    @(102.0500 mm, 61.2000 mm): Track [SPICS] on F.Cu, length 4.2453 mm
[tracks_crossing]: Tracks crossing
    Local override; error
    @(99.8000 mm, 64.8000 mm): Track [SPICS] on B.Cu, length 7.8000 mm
    @(93.0000 mm, 63.5000 mm): Track [SPISO] on B.Cu, length 15.5000 mm
[tracks_crossing]: Tracks crossing
    Local override; error
    @(100.4000 mm, 63.5000 mm): Track [SPISO] on B.Cu, length 7.4000 mm
    @(94.0000 mm, 62.0000 mm): Track [SPISO3] on B.Cu, length 16.0000 mm
[shorting_items]: Items shorting two nets (nets SPISO and SPICS)
    Local override; error
    @(100.4000 mm, 63.5000 mm): Via [SPISO] on F.Cu - B.Cu
    @(102.0500 mm, 61.2000 mm): Track [SPICS] on F.Cu, length 4.2453 mm
[shorting_items]: Items shorting two nets (nets SPISO and SPISO3)
    Local override; error
    @(102.0500 mm, 60.8000 mm): Pad 23 [SPISO] of U1 on F.Cu
    @(102.0500 mm, 60.4000 mm): Track [SPISO3] on F.Cu, length 2.0304 mm
[shorting_items]: Items shorting two nets (nets SPISO3 and RTL_3V3)
    Local override; error
    @(94.0000 mm, 62.0000 mm): Track [SPISO3] on B.Cu, length 16.0000 mm
    @(93.7000 mm, 72.0000 mm): Via [RTL_3V3] on F.Cu - B.Cu
[tracks_crossing]: Tracks crossing
    Local override; error
    @(100.8000 mm, 62.0000 mm): Track [SPISO3] on B.Cu, length 6.8000 mm
    @(95.0000 mm, 56.6000 mm): Track [SPICLK] on B.Cu, length 20.4000 mm
[tracks_crossing]: Tracks crossing
    Local override; error
    @(94.0000 mm, 78.0000 mm): Track [SPISO3] on F.Cu, length 9.1788 mm
    @(95.0000 mm, 77.0000 mm): Track [SPICLK] on F.Cu, length 7.3682 mm
[shorting_items]: Items shorting two nets (nets SPISO3 and SPICLK)
    Local override; error
    @(94.0000 mm, 78.0000 mm): Track [SPISO3] on F.Cu, length 9.1788 mm
    @(95.0000 mm, 77.0000 mm): Via [SPICLK] on F.Cu - B.Cu
[tracks_crossing]: Tracks crossing
    Local override; error
    @(94.0000 mm, 78.0000 mm): Track [SPISO3] on F.Cu, length 9.1788 mm
    @(96.0000 mm, 76.0000 mm): Track [SPISI] on F.Cu, length 6.0008 mm
[tracks_crossing]: Tracks crossing
    Local override; error
    @(100.8000 mm, 62.0000 mm): Track [SPISO3] on B.Cu, length 6.8000 mm
    @(96.0000 mm, 57.8000 mm): Track [SPISI] on B.Cu, length 18.2000 mm
[clearance]: Clearance violation ( clearance 0.2000 mm; actual 0.0717 mm)
    Local override; error
    @(100.8000 mm, 57.8000 mm): Track [SPISI] on B.Cu, length 4.8000 mm
    @(101.2000 mm, 58.0500 mm): Via [RTL_5V] on F.Cu - B.Cu
[tracks_crossing]: Tracks crossing
    Local override; error
    @(100.0000 mm, 56.8000 mm): Track [RTL_1V1] on B.Cu, length 5.3000 mm
    @(100.4000 mm, 56.6000 mm): Track [SPICLK] on B.Cu, length 5.4000 mm
[shorting_items]: Items shorting two nets (nets RTL_3V3 and SPICLK)
    Local override; error
    @(100.5000 mm, 59.6000 mm): Track [RTL_3V3] on In2.PWR, length 8.6093 mm
    @(100.4000 mm, 56.6000 mm): Via [SPICLK] on F.Cu - B.Cu
[tracks_crossing]: Tracks crossing
    Local override; error
    @(97.5000 mm, 61.6000 mm): Track [RTL_1V1] on B.Cu, length 13.4000 mm
    @(100.8000 mm, 62.0000 mm): Track [SPISO3] on B.Cu, length 6.8000 mm
[clearance]: Clearance violation ( clearance 0.2000 mm; actual 0.0409 mm)
    Local override; error
    @(100.8000 mm, 62.0000 mm): Via [SPISO3] on F.Cu - B.Cu
    @(102.0500 mm, 60.8000 mm): Track [SPISO] on F.Cu, length 3.1643 mm
[shorting_items]: Items shorting two nets (nets SPICLK and SPISI)
    Local override; error
    @(102.0500 mm, 59.2000 mm): Track [SPICLK] on F.Cu, length 3.0794 mm
    @(100.8000 mm, 57.8000 mm): Via [SPISI] on F.Cu - B.Cu
[shorting_items]: Items shorting two nets (nets RTL_1V1 and SPICLK)
    Local override; error
    @(103.2000 mm, 56.8000 mm): Track [RTL_1V1] on B.Cu, length 3.2000 mm
    @(100.4000 mm, 56.6000 mm): Track [SPICLK] on B.Cu, length 5.4000 mm
[tracks_crossing]: Tracks crossing
    Local override; error
    @(102.0500 mm, 59.2000 mm): Track [SPICLK] on F.Cu, length 3.0794 mm
    @(102.0500 mm, 58.8000 mm): Track [SPISI] on F.Cu, length 1.6008 mm
[shorting_items]: Items shorting two nets (nets SPISI and RTL_5V)
    Local override; error
    @(100.8000 mm, 57.8000 mm): Via [SPISI] on F.Cu - B.Cu
    @(101.2000 mm, 58.0500 mm): Via [RTL_5V] on F.Cu - B.Cu
[shorting_items]: Items shorting two nets (nets SPISI and RTL_5V)
    Local override; error
    @(100.8000 mm, 57.8000 mm): Via [SPISI] on F.Cu - B.Cu
    @(101.2000 mm, 58.0500 mm): Via [RTL_5V] on F.Cu - B.Cu
[shorting_items]: Items shorting two nets (nets SPISI and RTL_3V3)
    Local override; error
    @(100.8000 mm, 57.8000 mm): Via [SPISI] on F.Cu - B.Cu
    @(100.5000 mm, 59.6000 mm): Track [RTL_3V3] on In2.PWR, length 8.6093 mm
[shorting_items]: Items shorting two nets (nets SPISI and RTL_5V)
    Local override; error
    @(100.8000 mm, 57.8000 mm): Via [SPISI] on F.Cu - B.Cu
    @(101.2000 mm, 58.0500 mm): Via [RTL_5V] on F.Cu - B.Cu
[shorting_items]: Items shorting two nets (nets SPICLK and SPISI)
    Local override; error
    @(102.0500 mm, 59.2000 mm): Track [SPICLK] on F.Cu, length 3.0794 mm
    @(102.0500 mm, 58.8000 mm): Pad 18 [SPISI] of U1 on F.Cu
[shorting_items]: Items shorting two nets (nets SPISI and RTL_5V)
    Local override; error
    @(100.8000 mm, 57.8000 mm): Via [SPISI] on F.Cu - B.Cu
    @(101.2000 mm, 58.0500 mm): Via [RTL_5V] on F.Cu - B.Cu
[tracks_crossing]: Tracks crossing
    Local override; error
    @(102.0500 mm, 61.6000 mm): Track [RTL_1V1] on F.Cu, length 2.4500 mm
    @(102.0500 mm, 60.4000 mm): Track [SPISO3] on F.Cu, length 2.0304 mm
[clearance]: Clearance violation ( clearance 0.2000 mm; actual 0.0717 mm)
    Local override; error
    @(100.8000 mm, 57.8000 mm): Via [SPISI] on F.Cu - B.Cu
    @(101.2000 mm, 58.0500 mm): Track [RTL_5V] on B.Cu, length 3.3000 mm
[shorting_items]: Items shorting two nets (nets RTL_5V and SPISI)
    Local override; error
    @(102.8000 mm, 58.0500 mm): Track [RTL_5V] on F.Cu, length 1.6000 mm
    @(102.0500 mm, 58.8000 mm): Track [SPISI] on F.Cu, length 1.6008 mm
[clearance]: Clearance violation ( clearance 0.2000 mm; actual 0.1000 mm)
    Local override; error
    @(106.0000 mm, 62.0000 mm): Pad 69 [GND] of U1 on F.Cu
    @(108.0000 mm, 64.8000 mm): Via [XTAL_IN] on F.Cu - B.Cu
[solder_mask_bridge]: Front solder mask aperture bridges items with different nets
    Rule: board setup solder mask min width; error
    @(102.0500 mm, 59.2000 mm): Track [SPICLK] on F.Cu, length 3.0794 mm
    @(102.0500 mm, 58.8000 mm): Pad 18 [SPISI] of U1 on F.Cu
[solder_mask_bridge]: Front solder mask aperture bridges items with different nets
    Rule: board setup solder mask min width; error
    @(102.0500 mm, 60.4000 mm): Track [SPISO3] on F.Cu, length 2.0304 mm
    @(102.0500 mm, 60.8000 mm): Pad 23 [SPISO] of U1 on F.Cu
[solder_mask_bridge]: Front solder mask aperture bridges items with different nets
    Rule: board setup solder mask min width; error
    @(102.0500 mm, 60.8000 mm): Track [SPISO] on F.Cu, length 3.1643 mm
    @(102.0500 mm, 61.2000 mm): Pad 24 [SPICS] of U1 on F.Cu
[solder_mask_bridge]: Front solder mask aperture bridges items with different nets
    Rule: board setup solder mask min width; error
    @(102.0500 mm, 60.8000 mm): Track [SPISO] on F.Cu, length 3.1643 mm
    @(102.0500 mm, 61.6000 mm): Pad 25 [RTL_1V1] of U1 on F.Cu
[solder_mask_bridge]: Front solder mask aperture bridges items with different nets
    Rule: board setup solder mask min width; error
    @(102.0500 mm, 61.2000 mm): Track [SPICS] on F.Cu, length 4.2453 mm
    @(102.0500 mm, 61.6000 mm): Pad 25 [RTL_1V1] of U1 on F.Cu
[solder_mask_bridge]: Front solder mask aperture bridges items with different nets
    Rule: board setup solder mask min width; error
    @(102.0500 mm, 61.2000 mm): Track [SPICS] on F.Cu, length 4.2453 mm
    @(102.0500 mm, 62.0000 mm): Pad 26 [DEVSLP] of U1 on F.Cu
[track_dangling]: Track has unconnected end
    Local override; warning
    @(97.5000 mm, 61.6000 mm): Track [RTL_1V1] on B.Cu, length 13.4000 mm
[track_dangling]: Track has unconnected end
    Local override; warning
    @(100.0000 mm, 56.8000 mm): Track [RTL_1V1] on B.Cu, length 5.3000 mm
[track_dangling]: Track has unconnected end
    Local override; warning
    @(115.5000 mm, 52.0000 mm): Track [RTL_1V1] on In2.PWR, length 23.0000 mm
[track_dangling]: Track has unconnected end
    Local override; warning
    @(97.5000 mm, 75.0000 mm): Track [RTL_1V1] on In2.PWR, length 17.3000 mm
[isolated_copper]: Isolated copper fill
    Local override; warning
    @(65.5000 mm, 40.5000 mm): Zone [GND] on B.Cu, priority 0
[isolated_copper]: Isolated copper fill
    Local override; warning
    @(65.5000 mm, 40.5000 mm): Zone [GND] on B.Cu, priority 0
[isolated_copper]: Isolated copper fill
    Local override; warning
    @(65.5000 mm, 40.5000 mm): Zone [GND] on B.Cu, priority 0
[isolated_copper]: Isolated copper fill
    Local override; warning
    @(65.5000 mm, 40.5000 mm): Zone [GND] on B.Cu, priority 0
[isolated_copper]: Isolated copper fill
    Local override; warning
    @(65.5000 mm, 40.5000 mm): Zone [GND] on B.Cu, priority 0
[hole_to_hole]: Drilled hole too close to other hole (board setup constraints min 0.2495 mm; actual 0.1717 mm)
    Rule: board setup constraints; warning
    @(100.8000 mm, 57.8000 mm): Via [SPISI] on F.Cu - B.Cu
    @(101.2000 mm, 58.0500 mm): Via [RTL_5V] on F.Cu - B.Cu

** Found 11 unconnected pads **
[unconnected_items]: Missing connection between items
    Local override; error
    @(106.0000 mm, 62.0000 mm): Pad 69 [GND] of U1 on F.Cu
    @(106.8000 mm, 65.9500 mm): Pad 45 [GND] of U1 on F.Cu
[unconnected_items]: Missing connection between items
    Local override; error
    @(106.8000 mm, 65.9500 mm): Pad 45 [GND] of U1 on F.Cu
    @(65.5000 mm, 40.5000 mm): Zone [GND] on F.Cu, priority 0
[unconnected_items]: Missing connection between items
    Local override; error
    @(109.9500 mm, 59.6000 mm): Pad 66 [GND] of U1 on F.Cu
    @(106.0000 mm, 62.0000 mm): Pad 69 [GND] of U1 on F.Cu
[unconnected_items]: Missing connection between items
    Local override; error
    @(104.4000 mm, 50.0000 mm): Track [CLKREQ_N] on F.Cu, length 8.0500 mm
    @(136.5000 mm, 70.2750 mm): Pad 52 [CLKREQ_N] of J1 on F.Cu
[unconnected_items]: Missing connection between items
    Local override; error
    @(104.0000 mm, 58.0500 mm): Pad 14 [PERST_N] of U1 on F.Cu
    @(136.0000 mm, 70.2750 mm): Pad 50 [PERST_N] of J1 on F.Cu
[unconnected_items]: Missing connection between items
    Local override; error
    @(109.9500 mm, 61.6000 mm): Pad 61 [REFCLK_P] of U1 on F.Cu
    @(137.2500 mm, 62.7250 mm): Pad 55 [REFCLK_P] of J1 on F.Cu
[unconnected_items]: Missing connection between items
    Local override; error
    @(109.9500 mm, 61.2000 mm): Pad 62 [REFCLK_N] of U1 on F.Cu
    @(136.7500 mm, 62.7250 mm): Pad 53 [REFCLK_N] of J1 on F.Cu
[unconnected_items]: Missing connection between items
    Local override; error
    @(109.9500 mm, 60.4000 mm): Pad 64 [LANE0_RXP] of U1 on F.Cu
    @(134.2500 mm, 62.7250 mm): Pad 43 [LANE0_RXP] of J1 on F.Cu
[unconnected_items]: Missing connection between items
    Local override; error
    @(109.9500 mm, 60.0000 mm): Pad 65 [LANE0_RXN] of U1 on F.Cu
    @(133.7500 mm, 62.7250 mm): Pad 41 [LANE0_RXN] of J1 on F.Cu
[unconnected_items]: Missing connection between items
    Local override; error
    @(109.9500 mm, 59.2000 mm): Pad 67 [LANE0_TXN] of U1 on F.Cu
    @(135.2500 mm, 62.7250 mm): Pad 47 [LANE0_TXN] of J1 on F.Cu
[unconnected_items]: Missing connection between items
    Local override; error
    @(109.9500 mm, 58.8000 mm): Pad 68 [LANE0_TXP] of U1 on F.Cu
    @(135.7500 mm, 62.7250 mm): Pad 49 [LANE0_TXP] of J1 on F.Cu

** Found 0 Footprint errors **

** Ignored checks **
    - Footprint has no courtyard defined
    - Track endpoint not centered on via
    - Tuning profile track geometries
    - Footprint doesn't match symbol's footprint filters
    - Footprint component type doesn't match footprint pads

** End of Report **
