** Drc report for PHASE24_RTL9210B_REFCLK_SOURCE_FIELD_CLEAR_V1240.kicad_pcb **
** Created on 2026-09-09T15:37:34 **
** Report includes: Errors, Warnings **

** Found 6 DRC violations **
[via_dangling]: Via is not connected or connected on only one layer
    Local override; warning
    @(109.5000 mm, 68.5000 mm): Via [RTL_1V1] on F.Cu - B.Cu
[via_dangling]: Via is not connected or connected on only one layer
    Local override; warning
    @(104.5000 mm, 77.0000 mm): Via [RTL_1V1] on F.Cu - B.Cu
[track_dangling]: Track has unconnected end
    Local override; warning
    @(130.0000 mm, 69.0000 mm): Track [RTL_1V1] on In2.PWR, length 21.0000 mm
[via_dangling]: Via is not connected or connected on only one layer
    Local override; warning
    @(99.6000 mm, 62.8000 mm): Via [RTL_3V3] on F.Cu - B.Cu
[track_dangling]: Track has unconnected end
    Local override; warning
    @(99.6000 mm, 62.8000 mm): Track [RTL_3V3] on B.Cu, length 1.3000 mm
[track_dangling]: Track has unconnected end
    Local override; warning
    @(91.8000 mm, 59.0000 mm): Track [RTL_3V3] on In2.PWR, length 16.2000 mm

** Found 17 unconnected pads **
[unconnected_items]: Missing connection between items
    Local override; error
    @(94.0500 mm, 68.0000 mm): Pad 55 [RTL_1V1] of U1 on F.Cu
    @(94.0500 mm, 70.0000 mm): Pad 60 [RTL_1V1] of U1 on F.Cu
[unconnected_items]: Missing connection between items
    Local override; error
    @(94.0500 mm, 70.0000 mm): Pad 60 [RTL_1V1] of U1 on F.Cu
    @(94.0500 mm, 71.2000 mm): Pad 63 [RTL_1V1] of U1 on F.Cu
[unconnected_items]: Missing connection between items
    Local override; error
    @(95.2000 mm, 66.0500 mm): Pad 50 [RTL_1V1] of U1 on F.Cu
    @(94.0500 mm, 68.0000 mm): Pad 55 [RTL_1V1] of U1 on F.Cu
[unconnected_items]: Missing connection between items
    Local override; error
    @(99.2000 mm, 66.0500 mm): Pad 40 [RTL_1V1] of U1 on F.Cu
    @(100.8000 mm, 66.0500 mm): Pad 36 [RTL_1V1] of U1 on F.Cu
[unconnected_items]: Missing connection between items
    Local override; error
    @(99.2000 mm, 66.0500 mm): Pad 40 [RTL_1V1] of U1 on F.Cu
    @(95.2000 mm, 66.0500 mm): Pad 50 [RTL_1V1] of U1 on F.Cu
[unconnected_items]: Missing connection between items
    Local override; error
    @(99.6000 mm, 66.0500 mm): Pad 39 [RTL_3V3] of U1 on F.Cu
    @(94.0500 mm, 66.8000 mm): Pad 52 [RTL_3V3] of U1 on F.Cu
[unconnected_items]: Missing connection between items
    Local override; error
    @(100.5000 mm, 64.0000 mm): Track [RTL_3V3] on B.Cu, length 1.5000 mm
    @(99.6000 mm, 66.0500 mm): Pad 39 [RTL_3V3] of U1 on F.Cu
[unconnected_items]: Missing connection between items
    Local override; error
    @(97.2000 mm, 66.0500 mm): Pad 45 [GND] of U1 on F.Cu
    @(98.0000 mm, 70.0000 mm): Pad 69 [GND] of U1 on F.Cu
[unconnected_items]: Missing connection between items
    Local override; error
    @(97.2000 mm, 66.0500 mm): Pad 45 [GND] of U1 on F.Cu
    @(94.0000 mm, 62.0000 mm): Track [GND] on B.Cu, length 6.9311 mm
[unconnected_items]: Missing connection between items
    Local override; error
    @(98.0000 mm, 70.0000 mm): Pad 69 [GND] of U1 on F.Cu
    @(94.0500 mm, 72.4000 mm): Pad 66 [GND] of U1 on F.Cu
[unconnected_items]: Missing connection between items
    Local override; error
    @(94.0500 mm, 71.6000 mm): Pad 64 [LANE0_RXP] of U1 on F.Cu
    @(134.2500 mm, 62.7250 mm): Pad 43 [LANE0_RXP] of J1 on F.Cu
[unconnected_items]: Missing connection between items
    Local override; error
    @(94.0500 mm, 72.0000 mm): Pad 65 [LANE0_RXN] of U1 on F.Cu
    @(133.7500 mm, 62.7250 mm): Pad 41 [LANE0_RXN] of J1 on F.Cu
[unconnected_items]: Missing connection between items
    Local override; error
    @(94.0500 mm, 72.8000 mm): Pad 67 [LANE0_TXN] of U1 on F.Cu
    @(135.2500 mm, 62.7250 mm): Pad 47 [LANE0_TXN] of J1 on F.Cu
[unconnected_items]: Missing connection between items
    Local override; error
    @(94.0500 mm, 73.2000 mm): Pad 68 [LANE0_TXP] of U1 on F.Cu
    @(135.7500 mm, 62.7250 mm): Pad 49 [LANE0_TXP] of J1 on F.Cu
[unconnected_items]: Missing connection between items
    Local override; error
    @(114.7500 mm, 62.7250 mm): Pad 2 [SSD_3V3] of J1 on F.Cu
    @(115.2500 mm, 62.7250 mm): Pad 4 [SSD_3V3] of J1 on F.Cu
[unconnected_items]: Missing connection between items
    Local override; error
    @(115.2500 mm, 62.7250 mm): Pad 4 [SSD_3V3] of J1 on F.Cu
    @(115.7500 mm, 62.7250 mm): Pad 6 [SSD_3V3] of J1 on F.Cu
[unconnected_items]: Missing connection between items
    Local override; error
    @(115.7500 mm, 62.7250 mm): Pad 6 [SSD_3V3] of J1 on F.Cu
    @(116.2500 mm, 62.7250 mm): Pad 8 [SSD_3V3] of J1 on F.Cu

** Found 0 Footprint errors **

** Ignored checks **
    - Footprint has no courtyard defined
    - Track endpoint not centered on via
    - Tuning profile track geometries
    - Footprint doesn't match symbol's footprint filters
    - Footprint component type doesn't match footprint pads

** End of Report **
