** Drc report for PHASE24_RTL9210B_XTALOUT_OFFSET_RETURN_V1138.kicad_pcb **
** Created on 2026-09-09T13:07:29 **
** Report includes: Errors, Warnings **

** Found 15 DRC violations **
[tracks_crossing]: Tracks crossing
    Local override; error
    @(85.5000 mm, 75.0000 mm): Track [XTAL_IN] on B.Cu, length 13.0000 mm
    @(85.5000 mm, 77.0000 mm): Track [XTAL_OUT] on B.Cu, length 17.5000 mm
[tracks_crossing]: Tracks crossing
    Local override; error
    @(91.5000 mm, 75.0000 mm): Track [XTAL_IN] on B.Cu, length 6.0000 mm
    @(91.5000 mm, 69.5000 mm): Track [XTAL_OUT] on B.Cu, length 7.5000 mm
[tracks_crossing]: Tracks crossing
    Local override; error
    @(88.0000 mm, 62.0000 mm): Track [XTAL_IN] on F.Cu, length 3.0000 mm
    @(85.5000 mm, 59.5000 mm): Track [XTAL_OUT] on F.Cu, length 3.9000 mm
[clearance]: Clearance violation ( clearance 0.2000 mm; actual 0.1000 mm)
    Local override; error
    @(85.5000 mm, 59.5000 mm): Track [XTAL_OUT] on F.Cu, length 3.9000 mm
    @(89.2000 mm, 60.0000 mm): Via [GND] on F.Cu - B.Cu
[clearance]: Clearance violation ( clearance 0.2000 mm; actual 0.1816 mm)
    Local override; error
    @(94.0500 mm, 68.0000 mm): Pad 55 [RTL_1V1] of U1 on F.Cu
    @(93.5000 mm, 67.6000 mm): Track [XTAL_OUT] on F.Cu, length 0.9434 mm
[clearance]: Clearance violation ( clearance 0.2000 mm; actual 0.1430 mm)
    Local override; error
    @(93.5000 mm, 67.2000 mm): Track [XTAL_IN] on F.Cu, length 0.5831 mm
    @(94.0500 mm, 67.6000 mm): Track [XTAL_OUT] on F.Cu, length 0.5500 mm
[clearance]: Clearance violation ( clearance 0.2000 mm; actual 0.0849 mm)
    Local override; error
    @(94.0500 mm, 68.0000 mm): Track [RTL_1V1] on F.Cu, length 1.2500 mm
    @(93.0000 mm, 67.5000 mm): Track [XTAL_IN] on F.Cu, length 1.8601 mm
[shorting_items]: Items shorting two nets (nets XTAL_IN and XTAL_OUT)
    Local override; error
    @(85.5000 mm, 62.0000 mm): Via [XTAL_IN] on F.Cu - B.Cu
    @(85.5000 mm, 77.0000 mm): Track [XTAL_OUT] on B.Cu, length 17.5000 mm
[shorting_items]: Items shorting two nets (nets XTAL_OUT and GND)
    Local override; error
    @(89.4000 mm, 60.0000 mm): Track [XTAL_OUT] on F.Cu, length 2.5612 mm
    @(89.2000 mm, 62.0000 mm): Track [GND] on F.Cu, length 2.0000 mm
[shorting_items]: Items shorting two nets (nets XTAL_OUT and XTAL_IN)
    Local override; error
    @(85.5000 mm, 59.5000 mm): Track [XTAL_OUT] on F.Cu, length 3.9000 mm
    @(88.0000 mm, 59.0000 mm): Pad 1 [XTAL_IN] of Y1 on F.Cu
[tracks_crossing]: Tracks crossing
    Local override; error
    @(95.0000 mm, 68.0000 mm): Track [RTL_1V1] on B.Cu, length 7.0000 mm
    @(93.0000 mm, 68.4000 mm): Track [RTL_3V3] on B.Cu, length 7.9000 mm
[shorting_items]: Items shorting two nets (nets RTL_1V1 and RTL_3V3)
    Local override; error
    @(95.0000 mm, 68.0000 mm): Via [RTL_1V1] on F.Cu - B.Cu
    @(93.0000 mm, 68.4000 mm): Track [RTL_3V3] on B.Cu, length 7.9000 mm
[clearance]: Clearance violation ( clearance 0.2000 mm; actual 0.0849 mm)
    Local override; error
    @(92.8000 mm, 68.0000 mm): Track [RTL_1V1] on F.Cu, length 1.3000 mm
    @(93.0000 mm, 67.5000 mm): Track [XTAL_IN] on F.Cu, length 1.8601 mm
[shorting_items]: Items shorting two nets (nets XTAL_OUT and XTAL_IN)
    Local override; error
    @(91.5000 mm, 69.5000 mm): Via [XTAL_OUT] on F.Cu - B.Cu
    @(91.5000 mm, 68.6000 mm): Track [XTAL_IN] on B.Cu, length 6.4000 mm
[track_dangling]: Track has unconnected end
    Local override; warning
    @(99.6000 mm, 62.8000 mm): Track [RTL_3V3] on B.Cu, length 1.3000 mm

** Found 15 unconnected pads **
[unconnected_items]: Missing connection between items
    Local override; error
    @(97.6000 mm, 73.9500 mm): Pad 8 [PEDET] of U1 on F.Cu
    @(120.0000 mm, 80.0000 mm): Pad 1 [PEDET] of R2 on F.Cu
[unconnected_items]: Missing connection between items
    Local override; error
    @(120.0000 mm, 80.0000 mm): Pad 1 [PEDET] of R2 on F.Cu
    @(140.7500 mm, 62.7250 mm): Pad 69 [PEDET] of J1 on F.Cu
[unconnected_items]: Missing connection between items
    Local override; error
    @(99.6000 mm, 73.9500 mm): Pad 13 [CLKREQ_N] of U1 on F.Cu
    @(120.0000 mm, 75.0000 mm): Pad 1 [CLKREQ_N] of R3 on F.Cu
[unconnected_items]: Missing connection between items
    Local override; error
    @(120.0000 mm, 75.0000 mm): Pad 1 [CLKREQ_N] of R3 on F.Cu
    @(136.5000 mm, 70.2750 mm): Pad 52 [CLKREQ_N] of J1 on F.Cu
[unconnected_items]: Missing connection between items
    Local override; error
    @(100.0000 mm, 73.9500 mm): Pad 14 [PERST_N] of U1 on F.Cu
    @(136.0000 mm, 70.2750 mm): Pad 50 [PERST_N] of J1 on F.Cu
[unconnected_items]: Missing connection between items
    Local override; error
    @(97.2000 mm, 66.0500 mm): Pad 45 [GND] of U1 on F.Cu
    @(94.0000 mm, 62.0000 mm): Via [GND] on F.Cu - B.Cu
[unconnected_items]: Missing connection between items
    Local override; error
    @(94.0500 mm, 70.4000 mm): Pad 61 [REFCLK_P] of U1 on F.Cu
    @(137.2500 mm, 62.7250 mm): Pad 55 [REFCLK_P] of J1 on F.Cu
[unconnected_items]: Missing connection between items
    Local override; error
    @(94.0500 mm, 70.8000 mm): Pad 62 [REFCLK_N] of U1 on F.Cu
    @(136.7500 mm, 62.7250 mm): Pad 53 [REFCLK_N] of J1 on F.Cu
[unconnected_items]: Missing connection between items
    Local override; error
    @(94.0500 mm, 71.6000 mm): Pad 64 [LANE0_RXP] of U1 on F.Cu
    @(134.2500 mm, 62.7250 mm): Pad 43 [LANE0_RXP] of J1 on F.Cu
[unconnected_items]: Missing connection between items
    Local override; error
    @(94.0500 mm, 72.0000 mm): Pad 65 [LANE0_RXN] of U1 on F.Cu
    @(133.7500 mm, 62.7250 mm): Pad 41 [LANE0_RXN] of J1 on F.Cu
[unconnected_items]: Missing connection between items
    Local override; error
    @(94.0500 mm, 72.8000 mm): Pad 67 [LANE0_TXN] of U1 on F.Cu
    @(135.2500 mm, 62.7250 mm): Pad 47 [LANE0_TXN] of J1 on F.Cu
[unconnected_items]: Missing connection between items
    Local override; error
    @(94.0500 mm, 73.2000 mm): Pad 68 [LANE0_TXP] of U1 on F.Cu
    @(135.7500 mm, 62.7250 mm): Pad 49 [LANE0_TXP] of J1 on F.Cu
[unconnected_items]: Missing connection between items
    Local override; error
    @(114.7500 mm, 62.7250 mm): Pad 2 [SSD_3V3] of J1 on F.Cu
    @(115.2500 mm, 62.7250 mm): Pad 4 [SSD_3V3] of J1 on F.Cu
[unconnected_items]: Missing connection between items
    Local override; error
    @(115.2500 mm, 62.7250 mm): Pad 4 [SSD_3V3] of J1 on F.Cu
    @(115.7500 mm, 62.7250 mm): Pad 6 [SSD_3V3] of J1 on F.Cu
[unconnected_items]: Missing connection between items
    Local override; error
    @(115.7500 mm, 62.7250 mm): Pad 6 [SSD_3V3] of J1 on F.Cu
    @(116.2500 mm, 62.7250 mm): Pad 8 [SSD_3V3] of J1 on F.Cu

** Found 0 Footprint errors **

** Ignored checks **
    - Footprint has no courtyard defined
    - Track endpoint not centered on via
    - Tuning profile track geometries
    - Footprint doesn't match symbol's footprint filters
    - Footprint component type doesn't match footprint pads

** End of Report **
