** Drc report for PHASE24_RTL9210B_REFCLK_FROZEN_BASELINE_V1581.kicad_pcb **
** Created on 2026-09-10T08:34:15 **
** Report includes: Errors, Warnings **

** Found 6 DRC violations **
[tracks_crossing]: Tracks crossing
    Local override; error
    @(94.0500 mm, 70.4000 mm): Track [REFCLK_P] on F.Cu, length 4.0500 mm
    @(90.0000 mm, 70.8000 mm): Track [REFCLK_N] on F.Cu, length 13.8000 mm
[tracks_crossing]: Tracks crossing
    Local override; error
    @(121.0000 mm, 67.2000 mm): Track [RTL_5V] on F.Cu, length 14.2000 mm
    @(106.0000 mm, 56.0000 mm): Track [REFCLK_P] on F.Cu, length 31.2500 mm
[tracks_crossing]: Tracks crossing
    Local override; error
    @(90.0000 mm, 70.4000 mm): Track [REFCLK_P] on F.Cu, length 14.4000 mm
    @(94.0500 mm, 70.0000 mm): Track [RTL_1V1] on F.Cu, length 6.0500 mm
[tracks_crossing]: Tracks crossing
    Local override; error
    @(94.0500 mm, 70.4000 mm): Track [REFCLK_P] on F.Cu, length 4.0500 mm
    @(92.8000 mm, 71.2000 mm): Track [RTL_1V1] on F.Cu, length 1.4000 mm
[shorting_items]: Items shorting two nets (nets REFCLK_N and XTAL_OUT)
    Local override; error
    @(90.0000 mm, 70.8000 mm): Track [REFCLK_N] on F.Cu, length 13.8000 mm
    @(89.4000 mm, 59.0000 mm): Pad 2 [XTAL_OUT] of Y1 on F.Cu
[shorting_items]: Items shorting two nets (nets REFCLK_P and REFCLK_N)
    Local override; error
    @(90.0000 mm, 70.4000 mm): Track [REFCLK_P] on F.Cu, length 14.4000 mm
    @(90.0000 mm, 57.0000 mm): Via [REFCLK_N] on F.Cu - B.Cu

** Found 4 unconnected pads **
[unconnected_items]: Missing connection between items
    Local override; error
    @(88.0000 mm, 59.0000 mm): Pad 1 [XTAL_IN] of Y1 on F.Cu
    @(88.0000 mm, 62.0000 mm): Pad 1 [XTAL_IN] of C1 on F.Cu
[unconnected_items]: Missing connection between items
    Local override; error
    @(88.0000 mm, 62.0000 mm): Pad 1 [XTAL_IN] of C1 on F.Cu
    @(94.0500 mm, 67.2000 mm): Pad 53 [XTAL_IN] of U1 on F.Cu
[unconnected_items]: Missing connection between items
    Local override; error
    @(89.4000 mm, 59.0000 mm): Pad 2 [XTAL_OUT] of Y1 on F.Cu
    @(91.0000 mm, 62.0000 mm): Pad 1 [XTAL_OUT] of C2 on F.Cu
[unconnected_items]: Missing connection between items
    Local override; error
    @(91.0000 mm, 62.0000 mm): Pad 1 [XTAL_OUT] of C2 on F.Cu
    @(94.0500 mm, 67.6000 mm): Pad 54 [XTAL_OUT] of U1 on F.Cu

** Found 0 Footprint errors **

** Ignored checks **
    - Footprint has no courtyard defined
    - Track endpoint not centered on via
    - Tuning profile track geometries
    - Footprint doesn't match symbol's footprint filters
    - Footprint component type doesn't match footprint pads

** End of Report **
