** Drc report for PHASE24_RTL9210B_LANE0_PAIR_REGEN_V376.kicad_pcb **
** Created on 2026-09-07T22:47:01 **
** Report includes: Errors, Warnings **

** Found 98 DRC violations **
[shorting_items]: Items shorting two nets (nets LANE0_RXP and RTL_1V1)
    Local override; error
    @(110.6000 mm, 60.4000 mm): Via [LANE0_RXP] on F.Cu - B.Cu
    @(109.9500 mm, 60.8000 mm): Track [RTL_1V1] on F.Cu, length 2.0500 mm
[shorting_items]: Items shorting two nets (nets LANE0_RXN and RTL_1V1)
    Local override; error
    @(109.3000 mm, 69.0000 mm): Via [LANE0_RXN] on F.Cu - B.Cu
    @(108.8000 mm, 69.0000 mm): Via [RTL_1V1] on F.Cu - B.Cu
[clearance]: Clearance violation ( clearance 0.2000 mm; actual 0.1000 mm)
    Local override; error
    @(115.5000 mm, 52.0000 mm): Via [RTL_1V1] on F.Cu - B.Cu
    @(100.0000 mm, 51.5000 mm): Track [RTL_3V3] on In2.PWR, length 15.5000 mm
[shorting_items]: Items shorting two nets (nets LANE0_RXN and RTL_1V1)
    Local override; error
    @(109.3000 mm, 69.0000 mm): Via [LANE0_RXN] on F.Cu - B.Cu
    @(108.8000 mm, 69.0000 mm): Via [RTL_1V1] on F.Cu - B.Cu
[shorting_items]: Items shorting two nets (nets LANE0_RXN and RTL_1V1)
    Local override; error
    @(109.3000 mm, 69.0000 mm): Via [LANE0_RXN] on F.Cu - B.Cu
    @(108.8000 mm, 69.0000 mm): Via [RTL_1V1] on F.Cu - B.Cu
[shorting_items]: Items shorting two nets (nets LANE0_RXN and RTL_1V1)
    Local override; error
    @(109.3000 mm, 69.0000 mm): Via [LANE0_RXN] on F.Cu - B.Cu
    @(108.8000 mm, 69.0000 mm): Via [RTL_1V1] on F.Cu - B.Cu
[shorting_items]: Items shorting two nets (nets LANE0_RXN and RTL_1V1)
    Local override; error
    @(109.3000 mm, 69.0000 mm): Via [LANE0_RXN] on F.Cu - B.Cu
    @(108.8000 mm, 69.0000 mm): Via [RTL_1V1] on F.Cu - B.Cu
[shorting_items]: Items shorting two nets (nets LANE0_RXN and RTL_1V1)
    Local override; error
    @(109.3000 mm, 69.0000 mm): Via [LANE0_RXN] on F.Cu - B.Cu
    @(108.8000 mm, 69.0000 mm): Via [RTL_1V1] on F.Cu - B.Cu
[shorting_items]: Items shorting two nets (nets RTL_1V1 and LANE0_TXN)
    Local override; error
    @(112.0000 mm, 59.5000 mm): Via [RTL_1V1] on F.Cu - B.Cu
    @(109.9500 mm, 59.2000 mm): Track [LANE0_TXN] on F.Cu, length 25.3000 mm
[clearance]: Clearance violation (zone clearance 0.5000 mm; actual 0.0000 mm)
    Local override; error
    @(109.9500 mm, 59.2000 mm): Track [LANE0_TXN] on F.Cu, length 25.3000 mm
    @(65.5000 mm, 40.5000 mm): Zone [GND] on F.Cu, priority 0
[clearance]: Clearance violation (zone clearance 0.5000 mm; actual 0.0000 mm)
    Local override; error
    @(135.7500 mm, 58.8000 mm): Track [LANE0_TXP] on F.Cu, length 3.9250 mm
    @(65.5000 mm, 40.5000 mm): Zone [GND] on F.Cu, priority 0
[clearance]: Clearance violation (zone clearance 0.5000 mm; actual 0.0000 mm)
    Local override; error
    @(135.0000 mm, 69.0000 mm): Track [LANE0_RXN] on B.Cu, length 4.5000 mm
    @(65.5000 mm, 40.5000 mm): Zone [GND] on B.Cu, priority 0
[clearance]: Clearance violation (zone clearance 0.5000 mm; actual 0.0000 mm)
    Local override; error
    @(109.3000 mm, 60.0000 mm): Track [LANE0_RXN] on B.Cu, length 5.5000 mm
    @(65.5000 mm, 40.5000 mm): Zone [GND] on B.Cu, priority 0
[clearance]: Clearance violation (zone clearance 0.5000 mm; actual 0.0000 mm)
    Local override; error
    @(135.0000 mm, 64.5000 mm): Via [LANE0_RXN] on F.Cu - B.Cu
    @(65.5000 mm, 40.5000 mm): Zone [GND] on F.Cu, priority 0
[clearance]: Clearance violation ( clearance 0.2000 mm; actual 0.0243 mm)
    Local override; error
    @(109.3000 mm, 65.5000 mm): Via [LANE0_RXN] on F.Cu - B.Cu
    @(109.9500 mm, 65.2000 mm): Pad 52 [RTL_3V3] of U1 on F.Cu
[hole_clearance]: Hole clearance violation (board setup constraints hole clearance 0.2500 mm; actual 0.0000 mm)
    Rule: board setup constraints hole; error
    @(135.0000 mm, 64.5000 mm): Via [LANE0_RXN] on F.Cu - B.Cu
    @(65.5000 mm, 40.5000 mm): Zone [GND] on F.Cu, priority 0
[clearance]: Clearance violation (zone clearance 0.5000 mm; actual 0.0000 mm)
    Local override; error
    @(135.0000 mm, 64.5000 mm): Via [LANE0_RXN] on F.Cu - B.Cu
    @(65.5000 mm, 40.5000 mm): Zone [GND] on B.Cu, priority 0
[hole_clearance]: Hole clearance violation (board setup constraints hole clearance 0.2500 mm; actual 0.0000 mm)
    Rule: board setup constraints hole; error
    @(135.0000 mm, 64.5000 mm): Via [LANE0_RXN] on F.Cu - B.Cu
    @(65.5000 mm, 40.5000 mm): Zone [GND] on B.Cu, priority 0
[clearance]: Clearance violation (zone clearance 0.5000 mm; actual 0.0000 mm)
    Local override; error
    @(109.9500 mm, 58.8000 mm): Track [LANE0_TXP] on F.Cu, length 25.8000 mm
    @(65.5000 mm, 40.5000 mm): Zone [GND] on F.Cu, priority 0
[clearance]: Clearance violation (zone clearance 0.5000 mm; actual 0.0000 mm)
    Local override; error
    @(109.3000 mm, 65.5000 mm): Via [LANE0_RXN] on F.Cu - B.Cu
    @(65.5000 mm, 40.5000 mm): Zone [GND] on B.Cu, priority 0
[clearance]: Clearance violation (zone clearance 0.5000 mm; actual 0.0000 mm)
    Local override; error
    @(135.0000 mm, 64.5000 mm): Track [LANE0_RXN] on F.Cu, length 1.2500 mm
    @(65.5000 mm, 40.5000 mm): Zone [GND] on F.Cu, priority 0
[clearance]: Clearance violation ( clearance 0.2000 mm; actual 0.1000 mm)
    Local override; error
    @(109.9500 mm, 60.4000 mm): Pad 64 [LANE0_RXP] of U1 on F.Cu
    @(109.3000 mm, 60.0000 mm): Via [LANE0_RXN] on F.Cu - B.Cu
[hole_clearance]: Hole clearance violation (board setup constraints hole clearance 0.2500 mm; actual 0.0000 mm)
    Rule: board setup constraints hole; error
    @(109.3000 mm, 65.5000 mm): Via [LANE0_RXN] on F.Cu - B.Cu
    @(65.5000 mm, 40.5000 mm): Zone [GND] on B.Cu, priority 0
[shorting_items]: Items shorting two nets (nets LANE0_RXN and RSET)
    Local override; error
    @(109.3000 mm, 65.5000 mm): Track [LANE0_RXN] on F.Cu, length 3.5000 mm
    @(109.2000 mm, 65.9500 mm): Pad 51 [RSET] of U1 on F.Cu
[clearance]: Clearance violation (zone clearance 0.2500 mm; actual 0.0000 mm)
    Local override; error
    @(109.3000 mm, 65.5000 mm): Via [LANE0_RXN] on F.Cu - B.Cu
    @(97.0000 mm, 50.0000 mm): Zone [RTL_1V1] on In2.PWR, priority 0
[clearance]: Clearance violation (zone clearance 0.5000 mm; actual 0.0000 mm)
    Local override; error
    @(110.6000 mm, 60.4000 mm): Track [LANE0_RXP] on B.Cu, length 6.1000 mm
    @(65.5000 mm, 40.5000 mm): Zone [GND] on B.Cu, priority 0
[clearance]: Clearance violation (zone clearance 0.5000 mm; actual 0.0000 mm)
    Local override; error
    @(109.3000 mm, 60.0000 mm): Via [LANE0_RXN] on F.Cu - B.Cu
    @(65.5000 mm, 40.5000 mm): Zone [GND] on B.Cu, priority 0
[hole_clearance]: Hole clearance violation (board setup constraints hole clearance 0.2500 mm; actual 0.0000 mm)
    Rule: board setup constraints hole; error
    @(109.3000 mm, 65.5000 mm): Via [LANE0_RXN] on F.Cu - B.Cu
    @(97.0000 mm, 50.0000 mm): Zone [RTL_1V1] on In2.PWR, priority 0
[hole_clearance]: Hole clearance violation (board setup constraints hole clearance 0.2500 mm; actual 0.0000 mm)
    Rule: board setup constraints hole; error
    @(109.3000 mm, 60.0000 mm): Via [LANE0_RXN] on F.Cu - B.Cu
    @(65.5000 mm, 40.5000 mm): Zone [GND] on B.Cu, priority 0
[clearance]: Clearance violation (zone clearance 0.5000 mm; actual 0.0000 mm)
    Local override; error
    @(110.6000 mm, 66.5000 mm): Track [LANE0_RXP] on B.Cu, length 21.4000 mm
    @(65.5000 mm, 40.5000 mm): Zone [GND] on B.Cu, priority 0
[clearance]: Clearance violation (zone clearance 0.2500 mm; actual 0.0000 mm)
    Local override; error
    @(109.3000 mm, 60.0000 mm): Via [LANE0_RXN] on F.Cu - B.Cu
    @(97.0000 mm, 50.0000 mm): Zone [RTL_1V1] on In2.PWR, priority 0
[clearance]: Clearance violation (zone clearance 0.5000 mm; actual 0.0000 mm)
    Local override; error
    @(132.0000 mm, 66.5000 mm): Via [LANE0_RXP] on F.Cu - B.Cu
    @(65.5000 mm, 40.5000 mm): Zone [GND] on F.Cu, priority 0
[hole_clearance]: Hole clearance violation (board setup constraints hole clearance 0.2500 mm; actual 0.0000 mm)
    Rule: board setup constraints hole; error
    @(109.3000 mm, 60.0000 mm): Via [LANE0_RXN] on F.Cu - B.Cu
    @(97.0000 mm, 50.0000 mm): Zone [RTL_1V1] on In2.PWR, priority 0
[hole_clearance]: Hole clearance violation (board setup constraints hole clearance 0.2500 mm; actual 0.0000 mm)
    Rule: board setup constraints hole; error
    @(132.0000 mm, 66.5000 mm): Via [LANE0_RXP] on F.Cu - B.Cu
    @(65.5000 mm, 40.5000 mm): Zone [GND] on F.Cu, priority 0
[shorting_items]: Items shorting two nets (nets LANE0_RXN and LANE0_RXP)
    Local override; error
    @(133.7500 mm, 62.7250 mm): Pad 41 [LANE0_RXN] of J1 on F.Cu
    @(132.0000 mm, 62.7250 mm): Track [LANE0_RXP] on F.Cu, length 2.2500 mm
[clearance]: Clearance violation (zone clearance 0.5000 mm; actual 0.0000 mm)
    Local override; error
    @(132.0000 mm, 66.5000 mm): Via [LANE0_RXP] on F.Cu - B.Cu
    @(65.5000 mm, 40.5000 mm): Zone [GND] on B.Cu, priority 0
[hole_clearance]: Hole clearance violation (board setup constraints hole clearance 0.2500 mm; actual 0.0000 mm)
    Rule: board setup constraints hole; error
    @(132.0000 mm, 66.5000 mm): Via [LANE0_RXP] on F.Cu - B.Cu
    @(65.5000 mm, 40.5000 mm): Zone [GND] on B.Cu, priority 0
[clearance]: Clearance violation (zone clearance 0.5000 mm; actual 0.0000 mm)
    Local override; error
    @(132.0000 mm, 62.7250 mm): Track [LANE0_RXP] on F.Cu, length 2.2500 mm
    @(65.5000 mm, 40.5000 mm): Zone [GND] on F.Cu, priority 0
[clearance]: Clearance violation ( clearance 0.2000 mm; actual 0.1000 mm)
    Local override; error
    @(110.6000 mm, 60.4000 mm): Via [LANE0_RXP] on F.Cu - B.Cu
    @(109.9500 mm, 60.8000 mm): Pad 63 [RTL_1V1] of U1 on F.Cu
[clearance]: Clearance violation (zone clearance 0.5000 mm; actual 0.0000 mm)
    Local override; error
    @(132.0000 mm, 66.5000 mm): Track [LANE0_RXP] on F.Cu, length 3.7750 mm
    @(65.5000 mm, 40.5000 mm): Zone [GND] on F.Cu, priority 0
[clearance]: Clearance violation (zone clearance 0.5000 mm; actual 0.0005 mm)
    Local override; error
    @(109.3000 mm, 69.0000 mm): Via [LANE0_RXN] on F.Cu - B.Cu
    @(65.5000 mm, 40.5000 mm): Zone [GND] on F.Cu, priority 0
[clearance]: Clearance violation (zone clearance 0.5000 mm; actual 0.0005 mm)
    Local override; error
    @(109.3000 mm, 65.5000 mm): Track [LANE0_RXN] on F.Cu, length 3.5000 mm
    @(65.5000 mm, 40.5000 mm): Zone [GND] on F.Cu, priority 0
[clearance]: Clearance violation (zone clearance 0.5000 mm; actual 0.0000 mm)
    Local override; error
    @(109.3000 mm, 69.0000 mm): Track [LANE0_RXN] on B.Cu, length 25.7000 mm
    @(65.5000 mm, 40.5000 mm): Zone [GND] on B.Cu, priority 0
[clearance]: Clearance violation (zone clearance 0.5000 mm; actual 0.0005 mm)
    Local override; error
    @(117.5000 mm, 50.0000 mm): Track [XTAL_OUT] on B.Cu, length 1.0000 mm
    @(65.5000 mm, 40.5000 mm): Zone [GND] on B.Cu, priority 0
[clearance]: Clearance violation (zone clearance 0.5000 mm; actual 0.0000 mm)
    Local override; error
    @(117.5000 mm, 64.4000 mm): Track [XTAL_OUT] on B.Cu, length 15.4000 mm
    @(65.5000 mm, 40.5000 mm): Zone [GND] on B.Cu, priority 0
[hole_clearance]: Hole clearance violation (board setup constraints hole clearance 0.2500 mm; actual 0.1505 mm)
    Rule: board setup constraints hole; error
    @(109.3000 mm, 69.0000 mm): Via [LANE0_RXN] on F.Cu - B.Cu
    @(65.5000 mm, 40.5000 mm): Zone [GND] on F.Cu, priority 0
[clearance]: Clearance violation (zone clearance 0.5000 mm; actual 0.0005 mm)
    Local override; error
    @(120.4000 mm, 50.0000 mm): Track [XTAL_OUT] on B.Cu, length 2.9000 mm
    @(65.5000 mm, 40.5000 mm): Zone [GND] on B.Cu, priority 0
[clearance]: Clearance violation (zone clearance 0.5000 mm; actual 0.0000 mm)
    Local override; error
    @(117.5000 mm, 64.4000 mm): Via [XTAL_OUT] on F.Cu - B.Cu
    @(65.5000 mm, 40.5000 mm): Zone [GND] on F.Cu, priority 0
[hole_clearance]: Hole clearance violation (board setup constraints hole clearance 0.2500 mm; actual 0.0000 mm)
    Rule: board setup constraints hole; error
    @(117.5000 mm, 64.4000 mm): Via [XTAL_OUT] on F.Cu - B.Cu
    @(65.5000 mm, 40.5000 mm): Zone [GND] on F.Cu, priority 0
[clearance]: Clearance violation (zone clearance 0.5000 mm; actual 0.1143 mm)
    Local override; error
    @(110.6000 mm, 60.4000 mm): Via [LANE0_RXP] on F.Cu - B.Cu
    @(65.5000 mm, 40.5000 mm): Zone [GND] on F.Cu, priority 0
[clearance]: Clearance violation (zone clearance 0.5000 mm; actual 0.0000 mm)
    Local override; error
    @(117.5000 mm, 64.4000 mm): Via [XTAL_OUT] on F.Cu - B.Cu
    @(65.5000 mm, 40.5000 mm): Zone [GND] on B.Cu, priority 0
[hole_clearance]: Hole clearance violation (board setup constraints hole clearance 0.2500 mm; actual 0.0000 mm)
    Rule: board setup constraints hole; error
    @(117.5000 mm, 64.4000 mm): Via [XTAL_OUT] on F.Cu - B.Cu
    @(65.5000 mm, 40.5000 mm): Zone [GND] on B.Cu, priority 0
[clearance]: Clearance violation (zone clearance 0.5000 mm; actual 0.0000 mm)
    Local override; error
    @(110.6000 mm, 60.4000 mm): Via [LANE0_RXP] on F.Cu - B.Cu
    @(65.5000 mm, 40.5000 mm): Zone [GND] on B.Cu, priority 0
[hole_clearance]: Hole clearance violation (board setup constraints hole clearance 0.2500 mm; actual 0.0000 mm)
    Rule: board setup constraints hole; error
    @(110.6000 mm, 60.4000 mm): Via [LANE0_RXP] on F.Cu - B.Cu
    @(65.5000 mm, 40.5000 mm): Zone [GND] on B.Cu, priority 0
[clearance]: Clearance violation (zone clearance 0.5000 mm; actual 0.3143 mm)
    Local override; error
    @(109.9500 mm, 60.4000 mm): Track [LANE0_RXP] on F.Cu, length 0.6500 mm
    @(65.5000 mm, 40.5000 mm): Zone [GND] on F.Cu, priority 0
[clearance]: Clearance violation (zone clearance 0.2500 mm; actual 0.0000 mm)
    Local override; error
    @(110.6000 mm, 60.4000 mm): Via [LANE0_RXP] on F.Cu - B.Cu
    @(97.0000 mm, 50.0000 mm): Zone [RTL_1V1] on In2.PWR, priority 0
[clearance]: Clearance violation (zone clearance 0.5000 mm; actual 0.0005 mm)
    Local override; error
    @(109.3000 mm, 69.0000 mm): Via [LANE0_RXN] on F.Cu - B.Cu
    @(65.5000 mm, 40.5000 mm): Zone [GND] on B.Cu, priority 0
[hole_clearance]: Hole clearance violation (board setup constraints hole clearance 0.2500 mm; actual 0.0000 mm)
    Rule: board setup constraints hole; error
    @(110.6000 mm, 60.4000 mm): Via [LANE0_RXP] on F.Cu - B.Cu
    @(97.0000 mm, 50.0000 mm): Zone [RTL_1V1] on In2.PWR, priority 0
[clearance]: Clearance violation ( clearance 0.2000 mm; actual 0.1000 mm)
    Local override; error
    @(106.0000 mm, 62.0000 mm): Pad 69 [GND] of U1 on F.Cu
    @(108.0000 mm, 64.8000 mm): Via [XTAL_IN] on F.Cu - B.Cu
[hole_clearance]: Hole clearance violation (board setup constraints hole clearance 0.2500 mm; actual 0.1505 mm)
    Rule: board setup constraints hole; error
    @(109.3000 mm, 69.0000 mm): Via [LANE0_RXN] on F.Cu - B.Cu
    @(65.5000 mm, 40.5000 mm): Zone [GND] on B.Cu, priority 0
[clearance]: Clearance violation ( clearance 0.2000 mm; actual 0.1000 mm)
    Local override; error
    @(108.0000 mm, 64.8000 mm): Via [XTAL_IN] on F.Cu - B.Cu
    @(106.0000 mm, 62.0000 mm): Pad 69 [GND] of U1 on F.Cu
[clearance]: Clearance violation (zone clearance 0.2500 mm; actual 0.0000 mm)
    Local override; error
    @(109.3000 mm, 69.0000 mm): Via [LANE0_RXN] on F.Cu - B.Cu
    @(97.0000 mm, 50.0000 mm): Zone [RTL_1V1] on In2.PWR, priority 0
[hole_clearance]: Hole clearance violation (board setup constraints hole clearance 0.2500 mm; actual 0.0000 mm)
    Rule: board setup constraints hole; error
    @(109.3000 mm, 69.0000 mm): Via [LANE0_RXN] on F.Cu - B.Cu
    @(97.0000 mm, 50.0000 mm): Zone [RTL_1V1] on In2.PWR, priority 0
[clearance]: Clearance violation (zone clearance 0.5000 mm; actual 0.4386 mm)
    Local override; error
    @(117.5000 mm, 49.0000 mm): Via [XTAL_OUT] on F.Cu - B.Cu
    @(65.5000 mm, 40.5000 mm): Zone [GND] on F.Cu, priority 0
[tracks_crossing]: Tracks crossing
    Local override; error
    @(109.3000 mm, 65.5000 mm): Track [LANE0_RXN] on F.Cu, length 3.5000 mm
    @(109.2000 mm, 65.9500 mm): Track [RSET] on F.Cu, length 2.0230 mm
[tracks_crossing]: Tracks crossing
    Local override; error
    @(109.2000 mm, 65.9500 mm): Track [RSET] on F.Cu, length 2.0230 mm
    @(109.3000 mm, 65.5000 mm): Track [LANE0_RXN] on F.Cu, length 3.5000 mm
[clearance]: Clearance violation (zone clearance 0.2500 mm; actual 0.0000 mm)
    Local override; error
    @(100.0000 mm, 51.5000 mm): Track [RTL_3V3] on In2.PWR, length 15.5000 mm
    @(97.0000 mm, 50.0000 mm): Zone [RTL_1V1] on In2.PWR, priority 0
[clearance]: Clearance violation ( clearance 0.2000 mm; actual 0.0791 mm)
    Local override; error
    @(100.5000 mm, 66.5000 mm): Track [RTL_3V3] on In2.PWR, length 4.3829 mm
    @(101.4000 mm, 67.5000 mm): Via [RSET] on F.Cu - B.Cu
[clearance]: Clearance violation (zone clearance 0.5000 mm; actual 0.0005 mm)
    Local override; error
    @(117.5000 mm, 49.0000 mm): Via [XTAL_OUT] on F.Cu - B.Cu
    @(65.5000 mm, 40.5000 mm): Zone [GND] on B.Cu, priority 0
[clearance]: Clearance violation (zone clearance 0.5000 mm; actual 0.0000 mm)
    Local override; error
    @(109.9500 mm, 64.4000 mm): Track [XTAL_OUT] on F.Cu, length 7.5500 mm
    @(65.5000 mm, 40.5000 mm): Zone [GND] on F.Cu, priority 0
[clearance]: Clearance violation ( clearance 0.2000 mm; actual 0.1099 mm)
    Local override; error
    @(100.0000 mm, 56.8000 mm): Track [RTL_1V1] on B.Cu, length 5.3000 mm
    @(100.1000 mm, 51.0000 mm): Via [RTL_3V3] on F.Cu - B.Cu
[clearance]: Clearance violation ( clearance 0.2000 mm; actual 0.1000 mm)
    Local override; error
    @(109.3000 mm, 69.0000 mm): Via [LANE0_RXN] on F.Cu - B.Cu
    @(108.8000 mm, 69.0000 mm): Track [RTL_1V1] on In2.PWR, length 6.0000 mm
[hole_clearance]: Hole clearance violation (board setup constraints hole clearance 0.2500 mm; actual 0.1505 mm)
    Rule: board setup constraints hole; error
    @(117.5000 mm, 49.0000 mm): Via [XTAL_OUT] on F.Cu - B.Cu
    @(65.5000 mm, 40.5000 mm): Zone [GND] on B.Cu, priority 0
[clearance]: Clearance violation (zone clearance 0.5000 mm; actual 0.0000 mm)
    Local override; error
    @(135.2500 mm, 59.2000 mm): Track [LANE0_TXN] on F.Cu, length 3.5250 mm
    @(65.5000 mm, 40.5000 mm): Zone [GND] on F.Cu, priority 0
[clearance]: Clearance violation ( clearance 0.2000 mm; actual 0.1000 mm)
    Local override; error
    @(109.3000 mm, 69.0000 mm): Via [LANE0_RXN] on F.Cu - B.Cu
    @(108.8000 mm, 65.9500 mm): Track [RTL_1V1] on F.Cu, length 3.0500 mm
[clearance]: Clearance violation ( clearance 0.2000 mm; actual 0.1350 mm)
    Local override; error
    @(112.0000 mm, 60.8000 mm): Track [RTL_1V1] on F.Cu, length 1.3000 mm
    @(109.9500 mm, 59.2000 mm): Track [LANE0_TXN] on F.Cu, length 25.3000 mm
[hole_clearance]: Hole clearance violation (board setup constraints hole clearance 0.2500 mm; actual 0.0000 mm)
    Rule: board setup constraints hole; error
    @(109.2000 mm, 65.9500 mm): Pad 51 [RSET] of U1 on F.Cu
    @(109.3000 mm, 65.5000 mm): Via [LANE0_RXN] on F.Cu - B.Cu
[hole_clearance]: Hole clearance violation (board setup constraints hole clearance 0.2500 mm; actual 0.1743 mm)
    Rule: board setup constraints hole; error
    @(109.9500 mm, 65.2000 mm): Pad 52 [RTL_3V3] of U1 on F.Cu
    @(109.3000 mm, 65.5000 mm): Via [LANE0_RXN] on F.Cu - B.Cu
[track_width]: Track width (board setup constraints min width 0.2000 mm; actual 0.1300 mm)
    Rule: netclass 'Default' (diff pair); error
    @(135.2500 mm, 59.2000 mm): Track [LANE0_TXN] on F.Cu, length 3.5250 mm
[track_width]: Track width (board setup constraints min width 0.2000 mm; actual 0.1300 mm)
    Rule: netclass 'Default' (diff pair); error
    @(109.9500 mm, 59.2000 mm): Track [LANE0_TXN] on F.Cu, length 25.3000 mm
[track_width]: Track width (board setup constraints min width 0.2000 mm; actual 0.1300 mm)
    Rule: netclass 'Default' (diff pair); error
    @(135.7500 mm, 58.8000 mm): Track [LANE0_TXP] on F.Cu, length 3.9250 mm
[track_width]: Track width (board setup constraints min width 0.2000 mm; actual 0.1300 mm)
    Rule: netclass 'Default' (diff pair); error
    @(109.9500 mm, 58.8000 mm): Track [LANE0_TXP] on F.Cu, length 25.8000 mm
[solder_mask_bridge]: Front solder mask aperture bridges items with different nets
    Rule: board setup solder mask min width; error
    @(132.0000 mm, 62.7250 mm): Track [LANE0_RXP] on F.Cu, length 2.2500 mm
    @(133.7500 mm, 62.7250 mm): Pad 41 [LANE0_RXN] of J1 on F.Cu
[solder_mask_bridge]: Front solder mask aperture bridges items with different nets
    Rule: board setup solder mask min width; error
    @(109.3000 mm, 65.5000 mm): Track [LANE0_RXN] on F.Cu, length 3.5000 mm
    @(109.2000 mm, 65.9500 mm): Pad 51 [RSET] of U1 on F.Cu
[solder_mask_bridge]: Front solder mask aperture bridges items with different nets
    Rule: board setup solder mask min width; error
    @(109.3000 mm, 65.5000 mm): Via [LANE0_RXN] on F.Cu - B.Cu
    @(109.2000 mm, 65.9500 mm): Pad 51 [RSET] of U1 on F.Cu
[track_dangling]: Track has unconnected end
    Local override; warning
    @(100.0000 mm, 56.8000 mm): Track [RTL_1V1] on B.Cu, length 5.3000 mm
[track_dangling]: Track has unconnected end
    Local override; warning
    @(97.5000 mm, 61.6000 mm): Track [RTL_1V1] on B.Cu, length 13.4000 mm
[track_dangling]: Track has unconnected end
    Local override; warning
    @(115.5000 mm, 52.0000 mm): Track [RTL_1V1] on In2.PWR, length 23.0000 mm
[track_dangling]: Track has unconnected end
    Local override; warning
    @(97.5000 mm, 75.0000 mm): Track [RTL_1V1] on In2.PWR, length 17.3000 mm
[isolated_copper]: Isolated copper fill
    Local override; warning
    @(65.5000 mm, 40.5000 mm): Zone [GND] on B.Cu, priority 0
[isolated_copper]: Isolated copper fill
    Local override; warning
    @(65.5000 mm, 40.5000 mm): Zone [GND] on B.Cu, priority 0
[hole_to_hole]: Drilled hole too close to other hole (board setup constraints min 0.2495 mm; actual 0.2000 mm)
    Rule: board setup constraints; warning
    @(109.3000 mm, 69.0000 mm): Via [LANE0_RXN] on F.Cu - B.Cu
    @(108.8000 mm, 69.0000 mm): Via [RTL_1V1] on F.Cu - B.Cu
[holes_co_located]: Drilled holes co-located
    Local override; warning
    @(110.5000 mm, 67.5000 mm): Via [RSET] on F.Cu - B.Cu
    @(110.5000 mm, 67.5000 mm): Via [RSET] on F.Cu - B.Cu
[holes_co_located]: Drilled holes co-located
    Local override; warning
    @(101.4000 mm, 67.5000 mm): Via [RSET] on F.Cu - B.Cu
    @(101.4000 mm, 67.5000 mm): Via [RSET] on F.Cu - B.Cu
[holes_co_located]: Drilled holes co-located
    Local override; warning
    @(108.0000 mm, 64.8000 mm): Via [XTAL_IN] on F.Cu - B.Cu
    @(108.0000 mm, 64.8000 mm): Via [XTAL_IN] on F.Cu - B.Cu
[holes_co_located]: Drilled holes co-located
    Local override; warning
    @(120.1000 mm, 48.0000 mm): Via [XTAL_IN] on F.Cu - B.Cu
    @(120.1000 mm, 48.0000 mm): Via [XTAL_IN] on F.Cu - B.Cu
[holes_co_located]: Drilled holes co-located
    Local override; warning
    @(115.3000 mm, 44.0000 mm): Via [XTAL_IN] on F.Cu - B.Cu
    @(115.3000 mm, 44.0000 mm): Via [XTAL_IN] on F.Cu - B.Cu
[holes_co_located]: Drilled holes co-located
    Local override; warning
    @(114.3000 mm, 49.0000 mm): Via [XTAL_IN] on F.Cu - B.Cu
    @(114.3000 mm, 49.0000 mm): Via [XTAL_IN] on F.Cu - B.Cu

** Found 18 unconnected pads **
[unconnected_items]: Missing connection between items
    Local override; error
    @(102.8000 mm, 58.0500 mm): Pad 17 [RTL_5V] of U1 on F.Cu
    @(102.0500 mm, 64.8000 mm): Pad 33 [RTL_5V] of U1 on F.Cu
[unconnected_items]: Missing connection between items
    Local override; error
    @(124.4000 mm, 61.0000 mm): Pad 1 [RTL_5V] of C5 on F.Cu
    @(102.8000 mm, 58.0500 mm): Pad 17 [RTL_5V] of U1 on F.Cu
[unconnected_items]: Missing connection between items
    Local override; error
    @(106.0000 mm, 62.0000 mm): Pad 69 [GND] of U1 on F.Cu
    @(106.8000 mm, 65.9500 mm): Pad 45 [GND] of U1 on F.Cu
[unconnected_items]: Missing connection between items
    Local override; error
    @(106.8000 mm, 65.9500 mm): Pad 45 [GND] of U1 on F.Cu
    @(65.5000 mm, 40.5000 mm): Zone [GND] on F.Cu, priority 0
[unconnected_items]: Missing connection between items
    Local override; error
    @(109.9500 mm, 59.6000 mm): Pad 66 [GND] of U1 on F.Cu
    @(106.0000 mm, 62.0000 mm): Pad 69 [GND] of U1 on F.Cu
[unconnected_items]: Missing connection between items
    Local override; error
    @(98.9000 mm, 53.0000 mm): Pad 1 [PEDET] of R2 on F.Cu
    @(106.4000 mm, 58.0500 mm): Pad 8 [PEDET] of U1 on F.Cu
[unconnected_items]: Missing connection between items
    Local override; error
    @(106.4000 mm, 58.0500 mm): Pad 8 [PEDET] of U1 on F.Cu
    @(140.7500 mm, 62.7250 mm): Pad 69 [PEDET] of J1 on F.Cu
[unconnected_items]: Missing connection between items
    Local override; error
    @(101.4000 mm, 53.0000 mm): Pad 1 [CLKREQ_N] of R3 on F.Cu
    @(104.4000 mm, 58.0500 mm): Pad 13 [CLKREQ_N] of U1 on F.Cu
[unconnected_items]: Missing connection between items
    Local override; error
    @(104.4000 mm, 58.0500 mm): Pad 13 [CLKREQ_N] of U1 on F.Cu
    @(136.5000 mm, 70.2750 mm): Pad 52 [CLKREQ_N] of J1 on F.Cu
[unconnected_items]: Missing connection between items
    Local override; error
    @(104.0000 mm, 58.0500 mm): Pad 14 [PERST_N] of U1 on F.Cu
    @(136.0000 mm, 70.2750 mm): Pad 50 [PERST_N] of J1 on F.Cu
[unconnected_items]: Missing connection between items
    Local override; error
    @(96.1000 mm, 70.0000 mm): Pad 5 [SPISI] of U2 on F.Cu
    @(102.0500 mm, 58.8000 mm): Pad 18 [SPISI] of U1 on F.Cu
[unconnected_items]: Missing connection between items
    Local override; error
    @(97.3000 mm, 70.0000 mm): Pad 6 [SPICLK] of U2 on F.Cu
    @(102.0500 mm, 59.2000 mm): Pad 19 [SPICLK] of U1 on F.Cu
[unconnected_items]: Missing connection between items
    Local override; error
    @(98.5000 mm, 70.0000 mm): Pad 7 [SPISO3] of U2 on F.Cu
    @(102.0500 mm, 60.4000 mm): Pad 22 [SPISO3] of U1 on F.Cu
[unconnected_items]: Missing connection between items
    Local override; error
    @(92.5000 mm, 70.0000 mm): Pad 2 [SPISO] of U2 on F.Cu
    @(102.0500 mm, 60.8000 mm): Pad 23 [SPISO] of U1 on F.Cu
[unconnected_items]: Missing connection between items
    Local override; error
    @(91.3000 mm, 70.0000 mm): Pad 1 [SPICS] of U2 on F.Cu
    @(102.0500 mm, 61.2000 mm): Pad 24 [SPICS] of U1 on F.Cu
[unconnected_items]: Missing connection between items
    Local override; error
    @(109.9500 mm, 61.6000 mm): Pad 61 [REFCLK_P] of U1 on F.Cu
    @(137.2500 mm, 62.7250 mm): Pad 55 [REFCLK_P] of J1 on F.Cu
[unconnected_items]: Missing connection between items
    Local override; error
    @(109.9500 mm, 61.2000 mm): Pad 62 [REFCLK_N] of U1 on F.Cu
    @(136.7500 mm, 62.7250 mm): Pad 53 [REFCLK_N] of J1 on F.Cu
[unconnected_items]: Missing connection between items
    Local override; error
    @(135.0000 mm, 64.5000 mm): Track [LANE0_RXN] on F.Cu, length 1.2500 mm
    @(133.7500 mm, 62.7250 mm): Pad 41 [LANE0_RXN] of J1 on F.Cu

** Found 0 Footprint errors **

** Ignored checks **
    - Footprint has no courtyard defined
    - Track endpoint not centered on via
    - Tuning profile track geometries
    - Footprint doesn't match symbol's footprint filters
    - Footprint component type doesn't match footprint pads

** End of Report **
