** Drc report for PHASE24_RTL9210B_SUPPORT_BRANCH_RELOCATED_SPI_V2.kicad_pcb **
** Created on 2026-09-07T03:58:26 **
** Report includes: Errors, Warnings **

** Found 31 DRC violations **
[clearance]: Clearance violation ( clearance 0.2000 mm; actual 0.1000 mm)
    Local override; error
    @(85.5000 mm, 62.0000 mm): Via [SPISO] on F.Cu - B.Cu
    @(86.0000 mm, 61.0000 mm): Track [SPICS] on B.Cu, length 14.0000 mm
[tracks_crossing]: Tracks crossing
    Local override; error
    @(94.0000 mm, 70.0000 mm): Track [SPISI] on B.Cu, length 9.0000 mm
    @(89.0000 mm, 70.0000 mm): Track [SPICLK] on B.Cu, length 7.8000 mm
[clearance]: Clearance violation ( clearance 0.2000 mm; actual 0.0856 mm)
    Local override; error
    @(83.9500 mm, 63.6000 mm): Track [SPISO3] on F.Cu, length 2.1360 mm
    @(83.9500 mm, 63.2000 mm): Pad 23 [SPISO] of U1 on F.Cu
[clearance]: Clearance violation ( clearance 0.2000 mm; actual 0.1000 mm)
    Local override; error
    @(96.8000 mm, 70.0000 mm): Track [SPICLK] on F.Cu, length 10.0000 mm
    @(96.0000 mm, 78.0000 mm): Pad 1 [SPISI] of TP3 on F.Cu
[shorting_items]: Items shorting two nets (nets SPICLK and SPISI)
    Local override; error
    @(89.0000 mm, 70.0000 mm): Track [SPICLK] on B.Cu, length 7.8000 mm
    @(94.0000 mm, 70.0000 mm): Via [SPISI] on F.Cu - B.Cu
[clearance]: Clearance violation ( clearance 0.2000 mm; actual 0.0881 mm)
    Local override; error
    @(94.0000 mm, 79.0000 mm): Track [SPISI] on F.Cu, length 1.8868 mm
    @(94.4000 mm, 80.0000 mm): Pad 4 [GND] of U2 on F.Cu
[tracks_crossing]: Tracks crossing
    Local override; error
    @(83.5000 mm, 71.0000 mm): Track [PERST_N] on B.Cu, length 51.5000 mm
    @(88.0000 mm, 63.0000 mm): Track [SPISO3] on B.Cu, length 14.0000 mm
[tracks_crossing]: Tracks crossing
    Local override; error
    @(80.5000 mm, 68.5000 mm): Track [RTL_1V1] on B.Cu, length 2.3000 mm
    @(81.6000 mm, 69.5000 mm): Track [CLKREQ_N] on B.Cu, length 23.5000 mm
[tracks_crossing]: Tracks crossing
    Local override; error
    @(87.0000 mm, 62.0000 mm): Track [SPISO] on B.Cu, length 13.0000 mm
    @(86.0000 mm, 63.0000 mm): Track [SPISO3] on B.Cu, length 2.0000 mm
[tracks_crossing]: Tracks crossing
    Local override; error
    @(87.0000 mm, 75.0000 mm): Track [SPISO] on B.Cu, length 5.0000 mm
    @(88.0000 mm, 63.0000 mm): Track [SPISO3] on B.Cu, length 14.0000 mm
[clearance]: Clearance violation ( clearance 0.2000 mm; actual 0.1000 mm)
    Local override; error
    @(68.0000 mm, 42.5000 mm): Track [PEDET] on F.Cu, length 76.0000 mm
    @(82.0000 mm, 42.0000 mm): Via [RTL_3V3] on F.Cu - B.Cu
[tracks_crossing]: Tracks crossing
    Local override; error
    @(86.0000 mm, 75.0000 mm): Track [SPICS] on B.Cu, length 4.8000 mm
    @(87.0000 mm, 62.0000 mm): Track [SPISO] on B.Cu, length 13.0000 mm
[shorting_items]: Items shorting two nets (nets SPICS and DEVSLP)
    Local override; error
    @(83.9500 mm, 62.8000 mm): Track [SPICS] on F.Cu, length 2.0839 mm
    @(83.9500 mm, 62.0000 mm): Pad 26 [DEVSLP] of U1 on F.Cu
[shorting_items]: Items shorting two nets (nets SPISO and SPICLK)
    Local override; error
    @(92.0000 mm, 75.0000 mm): Track [SPISO] on F.Cu, length 5.0000 mm
    @(92.0000 mm, 78.0000 mm): Pad 1 [SPICLK] of TP2 on F.Cu
[shorting_items]: Items shorting two nets (nets SPISO and SPICS)
    Local override; error
    @(87.0000 mm, 75.0000 mm): Track [SPISO] on B.Cu, length 5.0000 mm
    @(90.8000 mm, 75.0000 mm): Via [SPICS] on F.Cu - B.Cu
[shorting_items]: Items shorting two nets (nets SPICS and SPISO)
    Local override; error
    @(83.9500 mm, 62.8000 mm): Pad 24 [SPICS] of U1 on F.Cu
    @(83.9500 mm, 63.2000 mm): Track [SPISO] on F.Cu, length 1.9602 mm
[tracks_crossing]: Tracks crossing
    Local override; error
    @(81.6000 mm, 74.0000 mm): Track [CLKREQ_N] on B.Cu, length 55.9000 mm
    @(88.0000 mm, 63.0000 mm): Track [SPISO3] on B.Cu, length 14.0000 mm
[starved_thermal]: Thermal relief connection to zone incomplete (layer F.Cu; zone min spoke count 2; actual 1)
    Local override; error
    @(65.5000 mm, 40.5000 mm): Zone [GND] on F.Cu, priority 0
    @(94.4000 mm, 80.0000 mm): Pad 4 [GND] of U2 on F.Cu
[starved_thermal]: Thermal relief connection to zone incomplete (layer F.Cu; zone min spoke count 2; actual 1)
    Local override; error
    @(65.5000 mm, 40.5000 mm): Zone [GND] on F.Cu, priority 0
    @(67.6000 mm, 55.0000 mm): Pad 2 [GND] of C1 on F.Cu
[solder_mask_bridge]: Front solder mask aperture bridges items with different nets
    Rule: board setup solder mask min width; error
    @(83.9500 mm, 62.8000 mm): Track [SPICS] on F.Cu, length 2.0839 mm
    @(83.9500 mm, 62.4000 mm): Pad 25 [RTL_1V1] of U1 on F.Cu
[solder_mask_bridge]: Front solder mask aperture bridges items with different nets
    Rule: board setup solder mask min width; error
    @(83.9500 mm, 62.8000 mm): Track [SPICS] on F.Cu, length 2.0839 mm
    @(83.9500 mm, 62.0000 mm): Pad 26 [DEVSLP] of U1 on F.Cu
[solder_mask_bridge]: Front solder mask aperture bridges items with different nets
    Rule: board setup solder mask min width; error
    @(92.0000 mm, 75.0000 mm): Track [SPISO] on F.Cu, length 5.0000 mm
    @(92.0000 mm, 78.0000 mm): Pad 1 [SPICLK] of TP2 on F.Cu
[solder_mask_bridge]: Front solder mask aperture bridges items with different nets
    Rule: board setup solder mask min width; error
    @(83.9500 mm, 63.2000 mm): Track [SPISO] on F.Cu, length 1.9602 mm
    @(83.9500 mm, 62.8000 mm): Pad 24 [SPICS] of U1 on F.Cu
[via_dangling]: Via is not connected or connected on only one layer
    Local override; warning
    @(68.0000 mm, 48.0000 mm): Via [PEDET] on F.Cu - B.Cu
[track_dangling]: Track has unconnected end
    Local override; warning
    @(81.6000 mm, 69.5000 mm): Track [CLKREQ_N] on B.Cu, length 23.5000 mm
[track_dangling]: Track has unconnected end
    Local override; warning
    @(83.5000 mm, 56.8000 mm): Track [RTL_1V1] on B.Cu, length 12.8000 mm
[via_dangling]: Via is not connected or connected on only one layer
    Local override; warning
    @(83.6000 mm, 67.0000 mm): Via [RTL_5V] on F.Cu - B.Cu
[track_dangling]: Track has unconnected end
    Local override; warning
    @(72.2000 mm, 42.0000 mm): Track [RTL_3V3] on F.Cu, length 9.8000 mm
[via_dangling]: Via is not connected or connected on only one layer
    Local override; warning
    @(82.0000 mm, 42.0000 mm): Via [RTL_3V3] on F.Cu - B.Cu
[silk_over_copper]: Silkscreen clipped by solder mask
    Local override; warning
    @(95.0000 mm, 78.5000 mm): Reference field of U2
    @(96.0000 mm, 78.0000 mm): Pad 1 [SPISI] of TP3 on F.Cu
[copper_sliver]: Copper sliver (B.Cu)
    Local override; warning

** Found 32 unconnected pads **
[unconnected_items]: Missing connection between items
    Local override; error
    @(88.0000 mm, 78.0000 mm): Pad 1 [SPICS] of TP1 on F.Cu
    @(90.8000 mm, 75.0000 mm): Track [SPICS] on F.Cu, length 5.0000 mm
[unconnected_items]: Missing connection between items
    Local override; error
    @(92.0000 mm, 75.0000 mm): Track [SPISO] on F.Cu, length 5.0000 mm
    @(100.0000 mm, 78.0000 mm): Pad 1 [SPISO] of TP4 on F.Cu
[unconnected_items]: Missing connection between items
    Local override; error
    @(79.6000 mm, 68.5000 mm): Track [PEDET] on B.Cu, length 11.6000 mm
    @(71.0000 mm, 70.0000 mm): Pad 1 [PEDET] of R2 on F.Cu
[unconnected_items]: Missing connection between items
    Local override; error
    @(74.0000 mm, 70.0000 mm): Pad 1 [CLKREQ_N] of R3 on F.Cu
    @(81.6000 mm, 69.5000 mm): Track [CLKREQ_N] on B.Cu, length 4.5000 mm
[unconnected_items]: Missing connection between items
    Local override; error
    @(83.9500 mm, 62.4000 mm): Pad 25 [RTL_1V1] of U1 on F.Cu
    @(82.8000 mm, 65.9500 mm): Track [RTL_1V1] on F.Cu, length 1.5500 mm
[unconnected_items]: Missing connection between items
    Local override; error
    @(103.4000 mm, 73.0000 mm): Pad 1 [RTL_1V1] of C4 on F.Cu
    @(80.5000 mm, 68.5000 mm): Track [RTL_1V1] on B.Cu, length 2.3000 mm
[unconnected_items]: Missing connection between items
    Local override; error
    @(83.6000 mm, 65.9500 mm): Track [RTL_5V] on F.Cu, length 1.0500 mm
    @(106.4000 mm, 73.0000 mm): Pad 1 [RTL_5V] of C5 on F.Cu
[unconnected_items]: Missing connection between items
    Local override; error
    @(83.9500 mm, 59.2000 mm): Pad 33 [RTL_5V] of U1 on F.Cu
    @(83.2000 mm, 65.9500 mm): Track [RTL_5V] on F.Cu, length 0.4000 mm
[unconnected_items]: Missing connection between items
    Local override; error
    @(94.0000 mm, 79.0000 mm): Track [SPISI] on F.Cu, length 1.8868 mm
    @(96.0000 mm, 78.0000 mm): Pad 1 [SPISI] of TP3 on F.Cu
[unconnected_items]: Missing connection between items
    Local override; error
    @(92.0000 mm, 78.0000 mm): Pad 1 [SPICLK] of TP2 on F.Cu
    @(96.8000 mm, 70.0000 mm): Track [SPICLK] on F.Cu, length 10.0000 mm
[unconnected_items]: Missing connection between items
    Local override; error
    @(75.2000 mm, 70.0000 mm): Pad 2 [RTL_3V3] of R3 on F.Cu
    @(72.2000 mm, 70.0000 mm): Pad 2 [RTL_3V3] of R2 on F.Cu
[unconnected_items]: Missing connection between items
    Local override; error
    @(75.2000 mm, 70.0000 mm): Pad 2 [RTL_3V3] of R3 on F.Cu
    @(83.9500 mm, 64.4000 mm): Pad 20 [RTL_3V3] of U1 on F.Cu
[unconnected_items]: Missing connection between items
    Local override; error
    @(76.0500 mm, 58.8000 mm): Pad 52 [RTL_3V3] of U1 on F.Cu
    @(81.6000 mm, 58.0500 mm): Pad 39 [RTL_3V3] of U1 on F.Cu
[unconnected_items]: Missing connection between items
    Local override; error
    @(81.6000 mm, 58.0500 mm): Pad 39 [RTL_3V3] of U1 on F.Cu
    @(72.2000 mm, 42.0000 mm): Track [RTL_3V3] on F.Cu, length 9.8000 mm
[unconnected_items]: Missing connection between items
    Local override; error
    @(83.9500 mm, 58.8000 mm): Pad 34 [RTL_3V3] of U1 on F.Cu
    @(81.6000 mm, 58.0500 mm): Pad 39 [RTL_3V3] of U1 on F.Cu
[unconnected_items]: Missing connection between items
    Local override; error
    @(83.9500 mm, 58.8000 mm): Pad 34 [RTL_3V3] of U1 on F.Cu
    @(83.9500 mm, 64.4000 mm): Pad 20 [RTL_3V3] of U1 on F.Cu
[unconnected_items]: Missing connection between items
    Local override; error
    @(93.2000 mm, 80.0000 mm): Pad 3 [RTL_3V3] of U2 on F.Cu
    @(99.2000 mm, 80.0000 mm): Pad 8 [RTL_3V3] of U2 on F.Cu
[unconnected_items]: Missing connection between items
    Local override; error
    @(93.2000 mm, 80.0000 mm): Pad 3 [RTL_3V3] of U2 on F.Cu
    @(83.9500 mm, 64.4000 mm): Pad 20 [RTL_3V3] of U1 on F.Cu
[unconnected_items]: Missing connection between items
    Local override; error
    @(99.2000 mm, 80.0000 mm): Pad 8 [RTL_3V3] of U2 on F.Cu
    @(100.4000 mm, 73.0000 mm): Pad 1 [RTL_3V3] of C3 on F.Cu
[unconnected_items]: Missing connection between items
    Local override; error
    @(76.0500 mm, 64.4000 mm): Pad 66 [GND] of U1 on F.Cu
    @(80.0000 mm, 62.0000 mm): Pad 69 [GND] of U1 on F.Cu
[unconnected_items]: Missing connection between items
    Local override; error
    @(65.5000 mm, 40.5000 mm): Zone [GND] on F.Cu, priority 0
    @(79.2000 mm, 58.0500 mm): Pad 45 [GND] of U1 on F.Cu
[unconnected_items]: Missing connection between items
    Local override; error
    @(80.0000 mm, 62.0000 mm): Pad 69 [GND] of U1 on F.Cu
    @(79.2000 mm, 58.0500 mm): Pad 45 [GND] of U1 on F.Cu
[unconnected_items]: Missing connection between items
    Local override; error
    @(69.4000 mm, 51.0000 mm): Pad 1 [RSET] of R1 on F.Cu
    @(76.8000 mm, 58.0500 mm): Pad 51 [RSET] of U1 on F.Cu
[unconnected_items]: Missing connection between items
    Local override; error
    @(76.0500 mm, 62.4000 mm): Pad 61 [REFCLK_P] of U1 on F.Cu
    @(137.2500 mm, 62.7250 mm): Pad 55 [REFCLK_P] of J1 on F.Cu
[unconnected_items]: Missing connection between items
    Local override; error
    @(76.0500 mm, 62.8000 mm): Pad 62 [REFCLK_N] of U1 on F.Cu
    @(136.7500 mm, 62.7250 mm): Pad 53 [REFCLK_N] of J1 on F.Cu
[unconnected_items]: Missing connection between items
    Local override; error
    @(76.0500 mm, 63.6000 mm): Pad 64 [LANE0_RXP] of U1 on F.Cu
    @(134.2500 mm, 62.7250 mm): Pad 43 [LANE0_RXP] of J1 on F.Cu
[unconnected_items]: Missing connection between items
    Local override; error
    @(76.0500 mm, 64.0000 mm): Pad 65 [LANE0_RXN] of U1 on F.Cu
    @(133.7500 mm, 62.7250 mm): Pad 41 [LANE0_RXN] of J1 on F.Cu
[unconnected_items]: Missing connection between items
    Local override; error
    @(76.0500 mm, 64.8000 mm): Pad 67 [LANE0_TXN] of U1 on F.Cu
    @(135.2500 mm, 62.7250 mm): Pad 47 [LANE0_TXN] of J1 on F.Cu
[unconnected_items]: Missing connection between items
    Local override; error
    @(76.0500 mm, 65.2000 mm): Pad 68 [LANE0_TXP] of U1 on F.Cu
    @(135.7500 mm, 62.7250 mm): Pad 49 [LANE0_TXP] of J1 on F.Cu
[unconnected_items]: Missing connection between items
    Local override; error
    @(114.7500 mm, 62.7250 mm): Pad 2 [SSD_3V3] of J1 on F.Cu
    @(115.2500 mm, 62.7250 mm): Pad 4 [SSD_3V3] of J1 on F.Cu
[unconnected_items]: Missing connection between items
    Local override; error
    @(115.2500 mm, 62.7250 mm): Pad 4 [SSD_3V3] of J1 on F.Cu
    @(115.7500 mm, 62.7250 mm): Pad 6 [SSD_3V3] of J1 on F.Cu
[unconnected_items]: Missing connection between items
    Local override; error
    @(115.7500 mm, 62.7250 mm): Pad 6 [SSD_3V3] of J1 on F.Cu
    @(116.2500 mm, 62.7250 mm): Pad 8 [SSD_3V3] of J1 on F.Cu

** Found 0 Footprint errors **

** Ignored checks **
    - Footprint has no courtyard defined
    - Track endpoint not centered on via
    - Tuning profile track geometries
    - Footprint doesn't match symbol's footprint filters
    - Footprint component type doesn't match footprint pads

** End of Report **
