** Drc report for PHASE24_RTL9210B_SUPPORT_CLUSTER_MOVE_V35_U2_LEFT_RTL3V3_LOWER.kicad_pcb **
** Created on 2026-09-08T09:46:38 **
** Report includes: Errors, Warnings **

** Found 9 DRC violations **
[shorting_items]: Items shorting two nets (nets RSET and RTL_3V3)
    Local override; error
    @(94.0500 mm, 73.2000 mm): Track [RSET] on F.Cu, length 5.6870 mm
    @(93.2000 mm, 74.5000 mm): Via [RTL_3V3] on F.Cu - B.Cu
[tracks_crossing]: Tracks crossing
    Local override; error
    @(94.8000 mm, 73.9500 mm): Track [RTL_3V3] on F.Cu, length 1.6919 mm
    @(94.0500 mm, 73.2000 mm): Track [RSET] on F.Cu, length 5.6870 mm
[clearance]: Clearance violation ( clearance 0.2000 mm; actual 0.0092 mm)
    Local override; error
    @(94.0500 mm, 68.4000 mm): Track [RTL_3V3] on F.Cu, length 1.3865 mm
    @(94.0500 mm, 68.0000 mm): Pad 38 [USB_DM] of U1 on F.Cu
[isolated_copper]: Isolated copper fill
    Local override; warning
    @(65.5000 mm, 40.5000 mm): Zone [GND] on B.Cu, priority 0
[isolated_copper]: Isolated copper fill
    Local override; warning
    @(65.5000 mm, 40.5000 mm): Zone [GND] on B.Cu, priority 0
[isolated_copper]: Isolated copper fill
    Local override; warning
    @(65.5000 mm, 40.5000 mm): Zone [GND] on B.Cu, priority 0
[silk_overlap]: Silkscreen clearance
    Rule: board setup constraints silk; warning
    @(109.0000 mm, 79.5000 mm): Reference field of C1
    @(109.0000 mm, 79.5000 mm): Reference field of R1
[silk_over_copper]: Silkscreen clipped by solder mask
    Local override; warning
    @(105.0000 mm, 82.0000 mm): PCB text 'RTL9210B PATH-B BRING-UP — NON-PRODUCTION' on f.silkscreen
    @(104.0000 mm, 82.0000 mm): Pad 1 [RTL_1V1] of C4 on F.Cu
[silk_over_copper]: Silkscreen clipped by solder mask
    Local override; warning
    @(105.0000 mm, 82.0000 mm): PCB text 'RTL9210B PATH-B BRING-UP — NON-PRODUCTION' on f.silkscreen
    @(105.2000 mm, 82.0000 mm): Pad 2 [GND] of C4 on F.Cu

** Found 21 unconnected pads **
[unconnected_items]: Missing connection between items
    Local override; error
    @(89.0000 mm, 56.0000 mm): Pad 1 [PEDET] of R2 on F.Cu
    @(101.9500 mm, 70.4000 mm): Pad 8 [PEDET] of U1 on F.Cu
[unconnected_items]: Missing connection between items
    Local override; error
    @(101.9500 mm, 70.4000 mm): Pad 8 [PEDET] of U1 on F.Cu
    @(140.7500 mm, 62.7250 mm): Pad 69 [PEDET] of J1 on F.Cu
[unconnected_items]: Missing connection between items
    Local override; error
    @(92.0000 mm, 56.0000 mm): Pad 1 [CLKREQ_N] of R3 on F.Cu
    @(101.9500 mm, 68.4000 mm): Pad 13 [CLKREQ_N] of U1 on F.Cu
[unconnected_items]: Missing connection between items
    Local override; error
    @(101.9500 mm, 68.4000 mm): Pad 13 [CLKREQ_N] of U1 on F.Cu
    @(136.5000 mm, 70.2750 mm): Pad 52 [CLKREQ_N] of J1 on F.Cu
[unconnected_items]: Missing connection between items
    Local override; error
    @(101.9500 mm, 68.0000 mm): Pad 14 [PERST_N] of U1 on F.Cu
    @(136.0000 mm, 70.2750 mm): Pad 50 [PERST_N] of J1 on F.Cu
[unconnected_items]: Missing connection between items
    Local override; error
    @(94.0500 mm, 67.2000 mm): Track [RTL_1V1] on F.Cu, length 7.0500 mm
    @(98.4000 mm, 66.0500 mm): Pad 25 [RTL_1V1] of U1 on F.Cu
[unconnected_items]: Missing connection between items
    Local override; error
    @(101.9500 mm, 67.2000 mm): Pad 16 [RTL_1V1] of U1 on F.Cu
    @(98.4000 mm, 66.0500 mm): Pad 25 [RTL_1V1] of U1 on F.Cu
[unconnected_items]: Missing connection between items
    Local override; error
    @(94.0500 mm, 68.4000 mm): Track [RTL_3V3] on F.Cu, length 1.3865 mm
    @(94.8000 mm, 66.0500 mm): Track [RTL_3V3] on F.Cu, length 2.7281 mm
[unconnected_items]: Missing connection between items
    Local override; error
    @(94.0500 mm, 68.4000 mm): Track [RTL_3V3] on F.Cu, length 1.3865 mm
    @(94.8000 mm, 73.9500 mm): Track [RTL_3V3] on F.Cu, length 1.6919 mm
[unconnected_items]: Missing connection between items
    Local override; error
    @(98.0000 mm, 70.0000 mm): Pad 69 [GND] of U1 on F.Cu
    @(94.0500 mm, 70.8000 mm): Pad 45 [GND] of U1 on F.Cu
[unconnected_items]: Missing connection between items
    Local override; error
    @(100.4000 mm, 73.9500 mm): Pad 66 [GND] of U1 on F.Cu
    @(98.0000 mm, 70.0000 mm): Pad 69 [GND] of U1 on F.Cu
[unconnected_items]: Missing connection between items
    Local override; error
    @(100.4000 mm, 73.9500 mm): Pad 66 [GND] of U1 on F.Cu
    @(65.5000 mm, 40.5000 mm): Zone [GND] on F.Cu, priority 0
[unconnected_items]: Missing connection between items
    Local override; error
    @(98.4000 mm, 73.9500 mm): Pad 61 [REFCLK_P] of U1 on F.Cu
    @(137.2500 mm, 62.7250 mm): Pad 55 [REFCLK_P] of J1 on F.Cu
[unconnected_items]: Missing connection between items
    Local override; error
    @(98.8000 mm, 73.9500 mm): Pad 62 [REFCLK_N] of U1 on F.Cu
    @(136.7500 mm, 62.7250 mm): Pad 53 [REFCLK_N] of J1 on F.Cu
[unconnected_items]: Missing connection between items
    Local override; error
    @(99.6000 mm, 73.9500 mm): Pad 64 [LANE0_RXP] of U1 on F.Cu
    @(134.2500 mm, 62.7250 mm): Pad 43 [LANE0_RXP] of J1 on F.Cu
[unconnected_items]: Missing connection between items
    Local override; error
    @(100.0000 mm, 73.9500 mm): Pad 65 [LANE0_RXN] of U1 on F.Cu
    @(133.7500 mm, 62.7250 mm): Pad 41 [LANE0_RXN] of J1 on F.Cu
[unconnected_items]: Missing connection between items
    Local override; error
    @(100.8000 mm, 73.9500 mm): Pad 67 [LANE0_TXN] of U1 on F.Cu
    @(135.2500 mm, 62.7250 mm): Pad 47 [LANE0_TXN] of J1 on F.Cu
[unconnected_items]: Missing connection between items
    Local override; error
    @(101.2000 mm, 73.9500 mm): Pad 68 [LANE0_TXP] of U1 on F.Cu
    @(135.7500 mm, 62.7250 mm): Pad 49 [LANE0_TXP] of J1 on F.Cu
[unconnected_items]: Missing connection between items
    Local override; error
    @(114.7500 mm, 62.7250 mm): Pad 2 [SSD_3V3] of J1 on F.Cu
    @(115.2500 mm, 62.7250 mm): Pad 4 [SSD_3V3] of J1 on F.Cu
[unconnected_items]: Missing connection between items
    Local override; error
    @(115.2500 mm, 62.7250 mm): Pad 4 [SSD_3V3] of J1 on F.Cu
    @(115.7500 mm, 62.7250 mm): Pad 6 [SSD_3V3] of J1 on F.Cu
[unconnected_items]: Missing connection between items
    Local override; error
    @(115.7500 mm, 62.7250 mm): Pad 6 [SSD_3V3] of J1 on F.Cu
    @(116.2500 mm, 62.7250 mm): Pad 8 [SSD_3V3] of J1 on F.Cu

** Found 0 Footprint errors **

** Ignored checks **
    - Footprint has no courtyard defined
    - Track endpoint not centered on via
    - Tuning profile track geometries
    - Footprint doesn't match symbol's footprint filters
    - Footprint component type doesn't match footprint pads

** End of Report **
