** Drc report for PHASE24_RTL9210B_REFCLK_CONTROL_COAUTHOR_V1232.kicad_pcb **
** Created on 2026-09-09T15:30:06 **
** Report includes: Errors, Warnings **

** Found 9 DRC violations **
[tracks_crossing]: Tracks crossing
    Local override; error
    @(67.8000 mm, 42.2000 mm): Track [REFCLK_N] on B.Cu, length 72.0000 mm
    @(68.5000 mm, 77.8000 mm): Track [REFCLK_P] on B.Cu, length 36.3000 mm
[shorting_items]: Items shorting two nets (nets RTL_1V1 and REFCLK_N)
    Local override; error
    @(92.5000 mm, 71.2000 mm): Via [RTL_1V1] on F.Cu - B.Cu
    @(94.0500 mm, 70.8000 mm): Track [REFCLK_N] on F.Cu, length 1.8500 mm
[clearance]: Clearance violation ( clearance 0.2000 mm; actual 0.1000 mm)
    Local override; error
    @(94.0500 mm, 71.2000 mm): Track [RTL_1V1] on F.Cu, length 1.5500 mm
    @(92.2000 mm, 70.8000 mm): Track [REFCLK_N] on F.Cu, length 7.7000 mm
[tracks_crossing]: Tracks crossing
    Local override; error
    @(93.2000 mm, 77.8000 mm): Track [REFCLK_P] on B.Cu, length 24.7000 mm
    @(70.0000 mm, 83.0000 mm): Track [PERST_N] on B.Cu, length 40.0000 mm
[tracks_crossing]: Tracks crossing
    Local override; error
    @(70.0000 mm, 83.0000 mm): Track [PERST_N] on B.Cu, length 40.0000 mm
    @(70.0000 mm, 45.0000 mm): Track [CLKREQ_N] on B.Cu, length 63.0000 mm
[tracks_crossing]: Tracks crossing
    Local override; error
    @(70.0000 mm, 83.0000 mm): Track [PERST_N] on B.Cu, length 40.0000 mm
    @(98.8000 mm, 76.0000 mm): Track [CLKREQ_N] on B.Cu, length 28.8000 mm
[tracks_crossing]: Tracks crossing
    Local override; error
    @(94.0500 mm, 70.8000 mm): Track [REFCLK_N] on F.Cu, length 1.8500 mm
    @(93.2000 mm, 70.4000 mm): Track [REFCLK_P] on F.Cu, length 7.4000 mm
[tracks_crossing]: Tracks crossing
    Local override; error
    @(70.0000 mm, 83.0000 mm): Track [PERST_N] on B.Cu, length 40.0000 mm
    @(70.0000 mm, 76.0000 mm): Track [CLKREQ_N] on B.Cu, length 31.0000 mm
[track_dangling]: Track has unconnected end
    Local override; warning
    @(99.6000 mm, 62.8000 mm): Track [RTL_3V3] on B.Cu, length 1.3000 mm

** Found 8 unconnected pads **
[unconnected_items]: Missing connection between items
    Local override; error
    @(94.0000 mm, 62.0000 mm): Track [GND] on B.Cu, length 6.9311 mm
    @(97.2000 mm, 66.0500 mm): Track [GND] on F.Cu, length 1.5500 mm
[unconnected_items]: Missing connection between items
    Local override; error
    @(94.0500 mm, 71.6000 mm): Pad 64 [LANE0_RXP] of U1 on F.Cu
    @(134.2500 mm, 62.7250 mm): Pad 43 [LANE0_RXP] of J1 on F.Cu
[unconnected_items]: Missing connection between items
    Local override; error
    @(94.0500 mm, 72.0000 mm): Pad 65 [LANE0_RXN] of U1 on F.Cu
    @(133.7500 mm, 62.7250 mm): Pad 41 [LANE0_RXN] of J1 on F.Cu
[unconnected_items]: Missing connection between items
    Local override; error
    @(94.0500 mm, 72.8000 mm): Pad 67 [LANE0_TXN] of U1 on F.Cu
    @(135.2500 mm, 62.7250 mm): Pad 47 [LANE0_TXN] of J1 on F.Cu
[unconnected_items]: Missing connection between items
    Local override; error
    @(94.0500 mm, 73.2000 mm): Pad 68 [LANE0_TXP] of U1 on F.Cu
    @(135.7500 mm, 62.7250 mm): Pad 49 [LANE0_TXP] of J1 on F.Cu
[unconnected_items]: Missing connection between items
    Local override; error
    @(114.7500 mm, 62.7250 mm): Pad 2 [SSD_3V3] of J1 on F.Cu
    @(115.2500 mm, 62.7250 mm): Pad 4 [SSD_3V3] of J1 on F.Cu
[unconnected_items]: Missing connection between items
    Local override; error
    @(115.2500 mm, 62.7250 mm): Pad 4 [SSD_3V3] of J1 on F.Cu
    @(115.7500 mm, 62.7250 mm): Pad 6 [SSD_3V3] of J1 on F.Cu
[unconnected_items]: Missing connection between items
    Local override; error
    @(115.7500 mm, 62.7250 mm): Pad 6 [SSD_3V3] of J1 on F.Cu
    @(116.2500 mm, 62.7250 mm): Pad 8 [SSD_3V3] of J1 on F.Cu

** Found 0 Footprint errors **

** Ignored checks **
    - Footprint has no courtyard defined
    - Track endpoint not centered on via
    - Tuning profile track geometries
    - Footprint doesn't match symbol's footprint filters
    - Footprint component type doesn't match footprint pads

** End of Report **
