** Drc report for PHASE24_RTL9210B_REFCLK_OUTER_CORRIDOR_V1583.kicad_pcb **
** Created on 2026-09-10T08:45:40 **
** Report includes: Errors, Warnings **

** Found 27 DRC violations **
[clearance]: Clearance violation ( clearance 0.2000 mm; actual 0.1000 mm)
    Local override; error
    @(92.5000 mm, 70.8000 mm): Track [REFCLK_N] on F.Cu, length 8.4000 mm
    @(94.0500 mm, 71.2000 mm): Track [RTL_1V1] on F.Cu, length 1.2500 mm
[tracks_crossing]: Tracks crossing
    Local override; error
    @(92.5000 mm, 79.2000 mm): Track [REFCLK_N] on B.Cu, length 21.7000 mm
    @(88.8000 mm, 70.8000 mm): Track [LANE0_RXN] on B.Cu, length 13.2000 mm
[shorting_items]: Items shorting two nets (nets LANE0_TXN and REFCLK_N)
    Local override; error
    @(92.2000 mm, 72.6000 mm): Track [LANE0_TXN] on B.Cu, length 13.4000 mm
    @(92.5000 mm, 79.2000 mm): Via [REFCLK_N] on F.Cu - B.Cu
[clearance]: Clearance violation ( clearance 0.2000 mm; actual 0.1000 mm)
    Local override; error
    @(135.7500 mm, 60.5000 mm): Via [REFCLK_N] on F.Cu - B.Cu
    @(135.7500 mm, 61.0000 mm): Track [LANE0_TXP] on F.Cu, length 1.7250 mm
[clearance]: Clearance violation ( clearance 0.2000 mm; actual 0.1590 mm)
    Local override; error
    @(135.7500 mm, 60.5000 mm): Via [REFCLK_N] on F.Cu - B.Cu
    @(136.0000 mm, 88.0000 mm): Track [LANE0_TXP] on B.Cu, length 27.0000 mm
[shorting_items]: Items shorting two nets (nets REFCLK_N and LANE0_TXP)
    Local override; error
    @(135.7500 mm, 60.5000 mm): Via [REFCLK_N] on F.Cu - B.Cu
    @(135.7500 mm, 61.0000 mm): Via [LANE0_TXP] on F.Cu - B.Cu
[shorting_items]: Items shorting two nets (nets REFCLK_N and LANE0_TXP)
    Local override; error
    @(135.7500 mm, 60.5000 mm): Via [REFCLK_N] on F.Cu - B.Cu
    @(135.7500 mm, 61.0000 mm): Via [LANE0_TXP] on F.Cu - B.Cu
[shorting_items]: Items shorting two nets (nets REFCLK_N and LANE0_TXP)
    Local override; error
    @(135.7500 mm, 60.5000 mm): Via [REFCLK_N] on F.Cu - B.Cu
    @(135.7500 mm, 61.0000 mm): Via [LANE0_TXP] on F.Cu - B.Cu
[tracks_crossing]: Tracks crossing
    Local override; error
    @(94.0500 mm, 72.0000 mm): Track [LANE0_RXN] on F.Cu, length 5.2500 mm
    @(92.5000 mm, 70.8000 mm): Track [REFCLK_N] on F.Cu, length 8.4000 mm
[shorting_items]: Items shorting two nets (nets REFCLK_N and LANE0_TXP)
    Local override; error
    @(135.7500 mm, 60.5000 mm): Via [REFCLK_N] on F.Cu - B.Cu
    @(135.7500 mm, 61.0000 mm): Via [LANE0_TXP] on F.Cu - B.Cu
[tracks_crossing]: Tracks crossing
    Local override; error
    @(91.5000 mm, 78.5000 mm): Track [REFCLK_P] on B.Cu, length 19.5000 mm
    @(88.8000 mm, 70.8000 mm): Track [LANE0_RXN] on B.Cu, length 13.2000 mm
[clearance]: Clearance violation ( clearance 0.2000 mm; actual 0.0050 mm)
    Local override; error
    @(135.7500 mm, 60.5000 mm): Track [REFCLK_N] on F.Cu, length 2.4394 mm
    @(135.7500 mm, 61.0000 mm): Track [LANE0_TXP] on F.Cu, length 1.7250 mm
[clearance]: Clearance violation ( clearance 0.2000 mm; actual 0.0561 mm)
    Local override; error
    @(135.7500 mm, 60.5000 mm): Track [REFCLK_N] on F.Cu, length 2.4394 mm
    @(136.2500 mm, 60.5000 mm): Via [REFCLK_P] on F.Cu - B.Cu
[clearance]: Clearance violation ( clearance 0.2000 mm; actual 0.1590 mm)
    Local override; error
    @(136.2500 mm, 60.5000 mm): Via [REFCLK_P] on F.Cu - B.Cu
    @(136.0000 mm, 88.0000 mm): Track [LANE0_TXP] on B.Cu, length 27.0000 mm
[shorting_items]: Items shorting two nets (nets REFCLK_P and REFCLK_N)
    Local override; error
    @(136.2500 mm, 60.5000 mm): Via [REFCLK_P] on F.Cu - B.Cu
    @(135.7500 mm, 60.5000 mm): Via [REFCLK_N] on F.Cu - B.Cu
[shorting_items]: Items shorting two nets (nets REFCLK_P and REFCLK_N)
    Local override; error
    @(136.2500 mm, 60.5000 mm): Via [REFCLK_P] on F.Cu - B.Cu
    @(135.7500 mm, 60.5000 mm): Via [REFCLK_N] on F.Cu - B.Cu
[shorting_items]: Items shorting two nets (nets REFCLK_P and REFCLK_N)
    Local override; error
    @(136.2500 mm, 60.5000 mm): Via [REFCLK_P] on F.Cu - B.Cu
    @(135.7500 mm, 60.5000 mm): Via [REFCLK_N] on F.Cu - B.Cu
[tracks_crossing]: Tracks crossing
    Local override; error
    @(94.0500 mm, 72.0000 mm): Track [LANE0_RXN] on F.Cu, length 5.2500 mm
    @(91.5000 mm, 70.4000 mm): Track [REFCLK_P] on F.Cu, length 8.1000 mm
[shorting_items]: Items shorting two nets (nets REFCLK_P and REFCLK_N)
    Local override; error
    @(136.2500 mm, 60.5000 mm): Via [REFCLK_P] on F.Cu - B.Cu
    @(135.7500 mm, 60.5000 mm): Via [REFCLK_N] on F.Cu - B.Cu
[clearance]: Clearance violation ( clearance 0.2000 mm; actual 0.1000 mm)
    Local override; error
    @(135.7500 mm, 60.5000 mm): Via [REFCLK_N] on F.Cu - B.Cu
    @(136.2500 mm, 60.5000 mm): Track [REFCLK_P] on F.Cu, length 2.4394 mm
[clearance]: Clearance violation ( clearance 0.2000 mm; actual 0.1000 mm)
    Local override; error
    @(135.7500 mm, 60.5000 mm): Via [REFCLK_N] on F.Cu - B.Cu
    @(136.2500 mm, 41.5000 mm): Track [REFCLK_P] on B.Cu, length 19.0000 mm
[clearance]: Clearance violation ( clearance 0.2000 mm; actual 0.1000 mm)
    Local override; error
    @(135.7500 mm, 42.2000 mm): Track [REFCLK_N] on B.Cu, length 18.3000 mm
    @(135.7500 mm, 61.0000 mm): Via [LANE0_TXP] on F.Cu - B.Cu
[tracks_crossing]: Tracks crossing
    Local override; error
    @(128.0000 mm, 58.0000 mm): Track [CLKREQ_N] on B.Cu, length 10.0000 mm
    @(136.2500 mm, 41.5000 mm): Track [REFCLK_P] on B.Cu, length 19.0000 mm
[clearance]: Clearance violation ( clearance 0.2000 mm; actual 0.1000 mm)
    Local override; error
    @(92.5000 mm, 70.8000 mm): Track [REFCLK_N] on F.Cu, length 8.4000 mm
    @(92.8000 mm, 71.2000 mm): Track [RTL_1V1] on F.Cu, length 1.4000 mm
[solder_mask_bridge]: Front solder mask aperture bridges items with different nets
    Rule: board setup solder mask min width; error
    @(136.2500 mm, 60.5000 mm): Track [REFCLK_P] on F.Cu, length 2.4394 mm
    @(136.7500 mm, 62.7250 mm): Pad 53 [REFCLK_N] of J1 on F.Cu
[hole_to_hole]: Drilled hole too close to other hole (board setup constraints min 0.2495 mm; actual 0.2000 mm)
    Rule: board setup constraints; warning
    @(136.2500 mm, 60.5000 mm): Via [REFCLK_P] on F.Cu - B.Cu
    @(135.7500 mm, 60.5000 mm): Via [REFCLK_N] on F.Cu - B.Cu
[hole_to_hole]: Drilled hole too close to other hole (board setup constraints min 0.2495 mm; actual 0.2000 mm)
    Rule: board setup constraints; warning
    @(135.7500 mm, 60.5000 mm): Via [REFCLK_N] on F.Cu - B.Cu
    @(135.7500 mm, 61.0000 mm): Via [LANE0_TXP] on F.Cu - B.Cu

** Found 4 unconnected pads **
[unconnected_items]: Missing connection between items
    Local override; error
    @(88.0000 mm, 59.0000 mm): Pad 1 [XTAL_IN] of Y1 on F.Cu
    @(88.0000 mm, 62.0000 mm): Pad 1 [XTAL_IN] of C1 on F.Cu
[unconnected_items]: Missing connection between items
    Local override; error
    @(88.0000 mm, 62.0000 mm): Pad 1 [XTAL_IN] of C1 on F.Cu
    @(94.0500 mm, 67.2000 mm): Pad 53 [XTAL_IN] of U1 on F.Cu
[unconnected_items]: Missing connection between items
    Local override; error
    @(89.4000 mm, 59.0000 mm): Pad 2 [XTAL_OUT] of Y1 on F.Cu
    @(91.0000 mm, 62.0000 mm): Pad 1 [XTAL_OUT] of C2 on F.Cu
[unconnected_items]: Missing connection between items
    Local override; error
    @(91.0000 mm, 62.0000 mm): Pad 1 [XTAL_OUT] of C2 on F.Cu
    @(94.0500 mm, 67.6000 mm): Pad 54 [XTAL_OUT] of U1 on F.Cu

** Found 0 Footprint errors **

** Ignored checks **
    - Footprint has no courtyard defined
    - Track endpoint not centered on via
    - Tuning profile track geometries
    - Footprint doesn't match symbol's footprint filters
    - Footprint component type doesn't match footprint pads

** End of Report **
