** Drc report for PHASE24_RTL9210B_QFN_39_40_DFM_DISCRIMINATOR_V665.kicad_pcb **
** Created on 2026-09-09T01:51:46 **
** Report includes: Errors, Warnings **

** Found 37 DRC violations **
[tracks_crossing]: Tracks crossing
    Local override; error
    @(92.6000 mm, 68.4000 mm): Track [RTL_3V3] on F.Cu, length 1.6125 mm
    @(94.0500 mm, 67.2000 mm): Track [RTL_1V1] on F.Cu, length 7.0500 mm
[tracks_crossing]: Tracks crossing
    Local override; error
    @(102.0000 mm, 64.0000 mm): Track [SPICLK] on B.Cu, length 24.2000 mm
    @(91.8000 mm, 67.0000 mm): Track [RTL_3V3] on B.Cu, length 12.0000 mm
[tracks_crossing]: Tracks crossing
    Local override; error
    @(91.8000 mm, 67.0000 mm): Track [RTL_3V3] on B.Cu, length 12.0000 mm
    @(102.2000 mm, 64.8000 mm): Track [SPISI] on B.Cu, length 25.6000 mm
[shorting_items]: Items shorting two nets (nets  and RTL_3V3)
    Local override; error
    @(94.0500 mm, 66.8000 mm): Pad 35 [<no net>] of U1 on F.Cu
    @(93.8000 mm, 55.0000 mm): Track [RTL_3V3] on F.Cu, length 20.2000 mm
[tracks_crossing]: Tracks crossing
    Local override; error
    @(94.0500 mm, 72.8000 mm): Track [RTL_1V1] on F.Cu, length 5.0500 mm
    @(93.8000 mm, 55.0000 mm): Track [RTL_3V3] on F.Cu, length 20.2000 mm
[shorting_items]: Items shorting two nets (nets RTL_3V3 and RTL_1V1)
    Local override; error
    @(91.8000 mm, 67.0000 mm): Via [RTL_3V3] on F.Cu - B.Cu
    @(94.0500 mm, 67.2000 mm): Track [RTL_1V1] on F.Cu, length 7.0500 mm
[tracks_crossing]: Tracks crossing
    Local override; error
    @(91.8000 mm, 67.0000 mm): Track [RTL_3V3] on B.Cu, length 12.0000 mm
    @(100.2000 mm, 60.0000 mm): Track [SPISO3] on B.Cu, length 21.2000 mm
[solder_mask_bridge]: Front solder mask aperture bridges items with different nets
    Rule: board setup solder mask min width; error
    @(93.8000 mm, 55.0000 mm): Track [RTL_3V3] on F.Cu, length 20.2000 mm
    @(94.0500 mm, 66.8000 mm): Pad 35 [<no net>] of U1 on F.Cu
[solder_mask_bridge]: Front solder mask aperture bridges items with different nets
    Rule: board setup solder mask min width; error
    @(93.8000 mm, 55.0000 mm): Track [RTL_3V3] on F.Cu, length 20.2000 mm
    @(94.0500 mm, 67.2000 mm): Pad 36 [RTL_1V1] of U1 on F.Cu
[solder_mask_bridge]: Front solder mask aperture bridges items with different nets
    Rule: board setup solder mask min width; error
    @(93.8000 mm, 55.0000 mm): Track [RTL_3V3] on F.Cu, length 20.2000 mm
    @(94.0500 mm, 67.6000 mm): Pad 37 [USB_DP] of U1 on F.Cu
[solder_mask_bridge]: Front solder mask aperture bridges items with different nets
    Rule: board setup solder mask min width; error
    @(93.8000 mm, 55.0000 mm): Track [RTL_3V3] on F.Cu, length 20.2000 mm
    @(94.0500 mm, 68.0000 mm): Pad 38 [USB_DM] of U1 on F.Cu
[solder_mask_bridge]: Front solder mask aperture bridges items with different nets
    Rule: board setup solder mask min width; error
    @(93.8000 mm, 55.0000 mm): Track [RTL_3V3] on F.Cu, length 20.2000 mm
    @(94.0500 mm, 68.8000 mm): Pad 40 [RTL_1V1] of U1 on F.Cu
[solder_mask_bridge]: Front solder mask aperture bridges items with different nets
    Rule: board setup solder mask min width; error
    @(93.8000 mm, 55.0000 mm): Track [RTL_3V3] on F.Cu, length 20.2000 mm
    @(94.0500 mm, 69.2000 mm): Pad 41 [USB_TXP0] of U1 on F.Cu
[solder_mask_bridge]: Front solder mask aperture bridges items with different nets
    Rule: board setup solder mask min width; error
    @(93.8000 mm, 55.0000 mm): Track [RTL_3V3] on F.Cu, length 20.2000 mm
    @(94.0500 mm, 69.6000 mm): Pad 42 [USB_TXN0] of U1 on F.Cu
[solder_mask_bridge]: Front solder mask aperture bridges items with different nets
    Rule: board setup solder mask min width; error
    @(93.8000 mm, 55.0000 mm): Track [RTL_3V3] on F.Cu, length 20.2000 mm
    @(94.0500 mm, 70.0000 mm): Pad 43 [<no net>] of U1 on F.Cu
[solder_mask_bridge]: Front solder mask aperture bridges items with different nets
    Rule: board setup solder mask min width; error
    @(93.8000 mm, 55.0000 mm): Track [RTL_3V3] on F.Cu, length 20.2000 mm
    @(94.0500 mm, 70.4000 mm): Pad 44 [<no net>] of U1 on F.Cu
[solder_mask_bridge]: Front solder mask aperture bridges items with different nets
    Rule: board setup solder mask min width; error
    @(93.8000 mm, 55.0000 mm): Track [RTL_3V3] on F.Cu, length 20.2000 mm
    @(94.0500 mm, 70.8000 mm): Pad 45 [GND] of U1 on F.Cu
[solder_mask_bridge]: Front solder mask aperture bridges items with different nets
    Rule: board setup solder mask min width; error
    @(93.8000 mm, 55.0000 mm): Track [RTL_3V3] on F.Cu, length 20.2000 mm
    @(94.0500 mm, 71.2000 mm): Pad 46 [USB_RXP0] of U1 on F.Cu
[solder_mask_bridge]: Front solder mask aperture bridges items with different nets
    Rule: board setup solder mask min width; error
    @(93.8000 mm, 55.0000 mm): Track [RTL_3V3] on F.Cu, length 20.2000 mm
    @(94.0500 mm, 71.6000 mm): Pad 47 [USB_RXN0] of U1 on F.Cu
[solder_mask_bridge]: Front solder mask aperture bridges items with different nets
    Rule: board setup solder mask min width; error
    @(93.8000 mm, 55.0000 mm): Track [RTL_3V3] on F.Cu, length 20.2000 mm
    @(94.0500 mm, 72.0000 mm): Pad 48 [<no net>] of U1 on F.Cu
[solder_mask_bridge]: Front solder mask aperture bridges items with different nets
    Rule: board setup solder mask min width; error
    @(93.8000 mm, 55.0000 mm): Track [RTL_3V3] on F.Cu, length 20.2000 mm
    @(94.0500 mm, 72.4000 mm): Pad 49 [<no net>] of U1 on F.Cu
[solder_mask_bridge]: Front solder mask aperture bridges items with different nets
    Rule: board setup solder mask min width; error
    @(93.8000 mm, 55.0000 mm): Track [RTL_3V3] on F.Cu, length 20.2000 mm
    @(94.0500 mm, 72.8000 mm): Pad 50 [RTL_1V1] of U1 on F.Cu
[solder_mask_bridge]: Front solder mask aperture bridges items with different nets
    Rule: board setup solder mask min width; error
    @(93.8000 mm, 55.0000 mm): Track [RTL_3V3] on F.Cu, length 20.2000 mm
    @(94.0500 mm, 73.2000 mm): Pad 51 [RSET] of U1 on F.Cu
[track_dangling]: Track has unconnected end
    Local override; warning
    @(93.8000 mm, 55.0000 mm): Track [RTL_3V3] on F.Cu, length 20.2000 mm
[track_dangling]: Track has unconnected end
    Local override; warning
    @(91.8000 mm, 55.0000 mm): Track [RTL_3V3] on B.Cu, length 2.0000 mm
[track_dangling]: Track has unconnected end
    Local override; warning
    @(90.5000 mm, 51.5000 mm): Track [RTL_3V3] on In2.PWR, length 3.5355 mm
[isolated_copper]: Isolated copper fill
    Local override; warning
    @(65.5000 mm, 40.5000 mm): Zone [GND] on B.Cu, priority 0
[isolated_copper]: Isolated copper fill
    Local override; warning
    @(65.5000 mm, 40.5000 mm): Zone [GND] on B.Cu, priority 0
[isolated_copper]: Isolated copper fill
    Local override; warning
    @(65.5000 mm, 40.5000 mm): Zone [GND] on B.Cu, priority 0
[isolated_copper]: Isolated copper fill
    Local override; warning
    @(65.5000 mm, 40.5000 mm): Zone [GND] on B.Cu, priority 0
[isolated_copper]: Isolated copper fill
    Local override; warning
    @(65.5000 mm, 40.5000 mm): Zone [GND] on B.Cu, priority 0
[holes_co_located]: Drilled holes co-located
    Local override; warning
    @(103.5000 mm, 55.0000 mm): Via [RTL_5V] on F.Cu - B.Cu
    @(103.5000 mm, 55.0000 mm): Via [RTL_5V] on F.Cu - B.Cu
[holes_co_located]: Drilled holes co-located
    Local override; warning
    @(116.4000 mm, 69.0000 mm): Via [RTL_5V] on F.Cu - B.Cu
    @(116.4000 mm, 69.0000 mm): Via [RTL_5V] on F.Cu - B.Cu
[holes_co_located]: Drilled holes co-located
    Local override; warning
    @(95.2000 mm, 55.0000 mm): Via [RTL_5V] on F.Cu - B.Cu
    @(95.2000 mm, 55.0000 mm): Via [RTL_5V] on F.Cu - B.Cu
[silk_overlap]: Silkscreen clearance
    Rule: board setup constraints silk; warning
    @(109.0000 mm, 79.5000 mm): Reference field of C1
    @(109.0000 mm, 79.5000 mm): Reference field of R1
[silk_over_copper]: Silkscreen clipped by solder mask
    Local override; warning
    @(105.0000 mm, 82.0000 mm): PCB text 'RTL9210B PATH-B BRING-UP — NON-PRODUCTION' on f.silkscreen
    @(104.0000 mm, 82.0000 mm): Pad 1 [RTL_1V1] of C4 on F.Cu
[silk_over_copper]: Silkscreen clipped by solder mask
    Local override; warning
    @(105.0000 mm, 82.0000 mm): PCB text 'RTL9210B PATH-B BRING-UP — NON-PRODUCTION' on f.silkscreen
    @(105.2000 mm, 82.0000 mm): Pad 2 [GND] of C4 on F.Cu

** Found 21 unconnected pads **
[unconnected_items]: Missing connection between items
    Local override; error
    @(89.0000 mm, 56.0000 mm): Pad 1 [PEDET] of R2 on F.Cu
    @(101.9500 mm, 70.4000 mm): Pad 8 [PEDET] of U1 on F.Cu
[unconnected_items]: Missing connection between items
    Local override; error
    @(101.9500 mm, 70.4000 mm): Pad 8 [PEDET] of U1 on F.Cu
    @(140.7500 mm, 62.7250 mm): Pad 69 [PEDET] of J1 on F.Cu
[unconnected_items]: Missing connection between items
    Local override; error
    @(92.0000 mm, 56.0000 mm): Pad 1 [CLKREQ_N] of R3 on F.Cu
    @(101.9500 mm, 68.4000 mm): Pad 13 [CLKREQ_N] of U1 on F.Cu
[unconnected_items]: Missing connection between items
    Local override; error
    @(101.9500 mm, 68.4000 mm): Pad 13 [CLKREQ_N] of U1 on F.Cu
    @(136.5000 mm, 70.2750 mm): Pad 52 [CLKREQ_N] of J1 on F.Cu
[unconnected_items]: Missing connection between items
    Local override; error
    @(101.9500 mm, 68.0000 mm): Pad 14 [PERST_N] of U1 on F.Cu
    @(136.0000 mm, 70.2750 mm): Pad 50 [PERST_N] of J1 on F.Cu
[unconnected_items]: Missing connection between items
    Local override; error
    @(94.0500 mm, 67.2000 mm): Track [RTL_1V1] on F.Cu, length 7.0500 mm
    @(98.4000 mm, 66.0500 mm): Pad 25 [RTL_1V1] of U1 on F.Cu
[unconnected_items]: Missing connection between items
    Local override; error
    @(101.9500 mm, 67.2000 mm): Pad 16 [RTL_1V1] of U1 on F.Cu
    @(98.4000 mm, 66.0500 mm): Pad 25 [RTL_1V1] of U1 on F.Cu
[unconnected_items]: Missing connection between items
    Local override; error
    @(74.2000 mm, 80.0000 mm): Pad 3 [RTL_3V3] of U2 on F.Cu
    @(80.2000 mm, 80.0000 mm): Pad 8 [RTL_3V3] of U2 on F.Cu
[unconnected_items]: Missing connection between items
    Local override; error
    @(80.2000 mm, 80.0000 mm): Pad 8 [RTL_3V3] of U2 on F.Cu
    @(93.8000 mm, 55.0000 mm): Track [RTL_3V3] on F.Cu, length 20.2000 mm
[unconnected_items]: Missing connection between items
    Local override; error
    @(98.0000 mm, 70.0000 mm): Pad 69 [GND] of U1 on F.Cu
    @(94.0500 mm, 70.8000 mm): Pad 45 [GND] of U1 on F.Cu
[unconnected_items]: Missing connection between items
    Local override; error
    @(100.4000 mm, 73.9500 mm): Pad 66 [GND] of U1 on F.Cu
    @(98.0000 mm, 70.0000 mm): Pad 69 [GND] of U1 on F.Cu
[unconnected_items]: Missing connection between items
    Local override; error
    @(100.4000 mm, 73.9500 mm): Pad 66 [GND] of U1 on F.Cu
    @(65.5000 mm, 40.5000 mm): Zone [GND] on F.Cu, priority 0
[unconnected_items]: Missing connection between items
    Local override; error
    @(98.4000 mm, 73.9500 mm): Pad 61 [REFCLK_P] of U1 on F.Cu
    @(137.2500 mm, 62.7250 mm): Pad 55 [REFCLK_P] of J1 on F.Cu
[unconnected_items]: Missing connection between items
    Local override; error
    @(98.8000 mm, 73.9500 mm): Pad 62 [REFCLK_N] of U1 on F.Cu
    @(136.7500 mm, 62.7250 mm): Pad 53 [REFCLK_N] of J1 on F.Cu
[unconnected_items]: Missing connection between items
    Local override; error
    @(99.6000 mm, 73.9500 mm): Pad 64 [LANE0_RXP] of U1 on F.Cu
    @(134.2500 mm, 62.7250 mm): Pad 43 [LANE0_RXP] of J1 on F.Cu
[unconnected_items]: Missing connection between items
    Local override; error
    @(100.0000 mm, 73.9500 mm): Pad 65 [LANE0_RXN] of U1 on F.Cu
    @(133.7500 mm, 62.7250 mm): Pad 41 [LANE0_RXN] of J1 on F.Cu
[unconnected_items]: Missing connection between items
    Local override; error
    @(100.8000 mm, 73.9500 mm): Pad 67 [LANE0_TXN] of U1 on F.Cu
    @(135.2500 mm, 62.7250 mm): Pad 47 [LANE0_TXN] of J1 on F.Cu
[unconnected_items]: Missing connection between items
    Local override; error
    @(101.2000 mm, 73.9500 mm): Pad 68 [LANE0_TXP] of U1 on F.Cu
    @(135.7500 mm, 62.7250 mm): Pad 49 [LANE0_TXP] of J1 on F.Cu
[unconnected_items]: Missing connection between items
    Local override; error
    @(114.7500 mm, 62.7250 mm): Pad 2 [SSD_3V3] of J1 on F.Cu
    @(115.2500 mm, 62.7250 mm): Pad 4 [SSD_3V3] of J1 on F.Cu
[unconnected_items]: Missing connection between items
    Local override; error
    @(115.2500 mm, 62.7250 mm): Pad 4 [SSD_3V3] of J1 on F.Cu
    @(115.7500 mm, 62.7250 mm): Pad 6 [SSD_3V3] of J1 on F.Cu
[unconnected_items]: Missing connection between items
    Local override; error
    @(115.7500 mm, 62.7250 mm): Pad 6 [SSD_3V3] of J1 on F.Cu
    @(116.2500 mm, 62.7250 mm): Pad 8 [SSD_3V3] of J1 on F.Cu

** Found 0 Footprint errors **

** Ignored checks **
    - Footprint has no courtyard defined
    - Track endpoint not centered on via
    - Tuning profile track geometries
    - Footprint doesn't match symbol's footprint filters
    - Footprint component type doesn't match footprint pads

** End of Report **
