** Drc report for PHASE24_RTL9210B_V772_PERST_LEFT_SOURCE_V855.kicad_pcb **
** Created on 2026-09-09T06:20:17 **
** Report includes: Errors, Warnings **

** Found 5 DRC violations **
[tracks_crossing]: Tracks crossing
    Local override; error
    @(100.5000 mm, 64.0000 mm): Track [PERST_N] on B.Cu, length 20.0000 mm
    @(99.0000 mm, 78.8000 mm): Track [SPISO] on B.Cu, length 4.5000 mm
[clearance]: Clearance violation ( clearance 0.2000 mm; actual 0.1000 mm)
    Local override; error
    @(100.8000 mm, 66.0500 mm): Track [SPICLK] on F.Cu, length 1.5500 mm
    @(100.5000 mm, 68.0000 mm): Track [PERST_N] on F.Cu, length 4.0000 mm
[shorting_items]: Items shorting two nets (nets PERST_N and GND)
    Local override; error
    @(101.9500 mm, 68.0000 mm): Track [PERST_N] on F.Cu, length 1.4500 mm
    @(98.0000 mm, 70.0000 mm): Pad 69 [GND] of U1 on F.Cu
[clearance]: Clearance violation ( clearance 0.2000 mm; actual 0.1831 mm)
    Local override; error
    @(100.8000 mm, 66.0500 mm): Track [SPICLK] on F.Cu, length 1.5500 mm
    @(100.5000 mm, 64.0000 mm): Via [PERST_N] on F.Cu - B.Cu
[solder_mask_bridge]: Front solder mask aperture bridges items with different nets
    Rule: board setup solder mask min width; error
    @(100.5000 mm, 68.0000 mm): Track [PERST_N] on F.Cu, length 4.0000 mm
    @(100.4000 mm, 66.0500 mm): Pad 20 [RTL_3V3] of U1 on F.Cu

** Found 32 unconnected pads **
[unconnected_items]: Missing connection between items
    Local override; error
    @(108.0000 mm, 80.0000 mm): Track [PEDET] on F.Cu, length 12.0000 mm
    @(140.7500 mm, 62.7250 mm): Pad 69 [PEDET] of J1 on F.Cu
[unconnected_items]: Missing connection between items
    Local override; error
    @(110.0000 mm, 75.0000 mm): Track [CLKREQ_N] on F.Cu, length 10.0000 mm
    @(136.5000 mm, 70.2750 mm): Pad 52 [CLKREQ_N] of J1 on F.Cu
[unconnected_items]: Missing connection between items
    Local override; error
    @(94.0500 mm, 67.2000 mm): Pad 36 [RTL_1V1] of U1 on F.Cu
    @(94.0500 mm, 68.8000 mm): Pad 40 [RTL_1V1] of U1 on F.Cu
[unconnected_items]: Missing connection between items
    Local override; error
    @(94.0500 mm, 67.2000 mm): Pad 36 [RTL_1V1] of U1 on F.Cu
    @(98.4000 mm, 66.0500 mm): Pad 25 [RTL_1V1] of U1 on F.Cu
[unconnected_items]: Missing connection between items
    Local override; error
    @(94.0500 mm, 68.8000 mm): Pad 40 [RTL_1V1] of U1 on F.Cu
    @(94.0500 mm, 72.8000 mm): Pad 50 [RTL_1V1] of U1 on F.Cu
[unconnected_items]: Missing connection between items
    Local override; error
    @(94.0500 mm, 72.8000 mm): Pad 50 [RTL_1V1] of U1 on F.Cu
    @(96.0000 mm, 73.9500 mm): Pad 55 [RTL_1V1] of U1 on F.Cu
[unconnected_items]: Missing connection between items
    Local override; error
    @(96.0000 mm, 73.9500 mm): Pad 55 [RTL_1V1] of U1 on F.Cu
    @(98.0000 mm, 73.9500 mm): Pad 60 [RTL_1V1] of U1 on F.Cu
[unconnected_items]: Missing connection between items
    Local override; error
    @(98.0000 mm, 73.9500 mm): Pad 60 [RTL_1V1] of U1 on F.Cu
    @(99.2000 mm, 73.9500 mm): Pad 63 [RTL_1V1] of U1 on F.Cu
[unconnected_items]: Missing connection between items
    Local override; error
    @(101.9500 mm, 67.2000 mm): Pad 16 [RTL_1V1] of U1 on F.Cu
    @(98.4000 mm, 66.0500 mm): Pad 25 [RTL_1V1] of U1 on F.Cu
[unconnected_items]: Missing connection between items
    Local override; error
    @(101.9500 mm, 67.2000 mm): Pad 16 [RTL_1V1] of U1 on F.Cu
    @(123.4000 mm, 51.0000 mm): Pad 1 [RTL_1V1] of C4 on F.Cu
[unconnected_items]: Missing connection between items
    Local override; error
    @(95.2000 mm, 66.0500 mm): Pad 33 [RTL_5V] of U1 on F.Cu
    @(101.9500 mm, 66.8000 mm): Pad 17 [RTL_5V] of U1 on F.Cu
[unconnected_items]: Missing connection between items
    Local override; error
    @(101.9500 mm, 66.8000 mm): Pad 17 [RTL_5V] of U1 on F.Cu
    @(126.4000 mm, 51.0000 mm): Pad 1 [RTL_5V] of C5 on F.Cu
[unconnected_items]: Missing connection between items
    Local override; error
    @(94.0500 mm, 68.4000 mm): Pad 39 [RTL_3V3] of U1 on F.Cu
    @(94.8000 mm, 73.9500 mm): Pad 52 [RTL_3V3] of U1 on F.Cu
[unconnected_items]: Missing connection between items
    Local override; error
    @(94.8000 mm, 66.0500 mm): Pad 34 [RTL_3V3] of U1 on F.Cu
    @(94.0500 mm, 68.4000 mm): Pad 39 [RTL_3V3] of U1 on F.Cu
[unconnected_items]: Missing connection between items
    Local override; error
    @(94.8000 mm, 66.0500 mm): Pad 34 [RTL_3V3] of U1 on F.Cu
    @(100.4000 mm, 66.0500 mm): Pad 20 [RTL_3V3] of U1 on F.Cu
[unconnected_items]: Missing connection between items
    Local override; error
    @(105.0000 mm, 71.6000 mm): Pad 8 [RTL_3V3] of U2 on F.Cu
    @(105.0000 mm, 77.6000 mm): Pad 3 [RTL_3V3] of U2 on F.Cu
[unconnected_items]: Missing connection between items
    Local override; error
    @(105.0000 mm, 71.6000 mm): Pad 8 [RTL_3V3] of U2 on F.Cu
    @(100.4000 mm, 66.0500 mm): Pad 20 [RTL_3V3] of U1 on F.Cu
[unconnected_items]: Missing connection between items
    Local override; error
    @(105.0000 mm, 77.6000 mm): Pad 3 [RTL_3V3] of U2 on F.Cu
    @(121.2000 mm, 80.0000 mm): Pad 2 [RTL_3V3] of R2 on F.Cu
[unconnected_items]: Missing connection between items
    Local override; error
    @(121.2000 mm, 75.0000 mm): Pad 2 [RTL_3V3] of R3 on F.Cu
    @(120.4000 mm, 51.0000 mm): Pad 1 [RTL_3V3] of C3 on F.Cu
[unconnected_items]: Missing connection between items
    Local override; error
    @(121.2000 mm, 80.0000 mm): Pad 2 [RTL_3V3] of R2 on F.Cu
    @(121.2000 mm, 75.0000 mm): Pad 2 [RTL_3V3] of R3 on F.Cu
[unconnected_items]: Missing connection between items
    Local override; error
    @(98.0000 mm, 70.0000 mm): Pad 69 [GND] of U1 on F.Cu
    @(94.0500 mm, 70.8000 mm): Pad 45 [GND] of U1 on F.Cu
[unconnected_items]: Missing connection between items
    Local override; error
    @(98.0000 mm, 70.0000 mm): Pad 69 [GND] of U1 on F.Cu
    @(100.4000 mm, 73.9500 mm): Pad 66 [GND] of U1 on F.Cu
[unconnected_items]: Missing connection between items
    Local override; error
    @(65.5000 mm, 40.5000 mm): Zone [GND] on F.Cu, priority 0
    @(100.4000 mm, 73.9500 mm): Pad 66 [GND] of U1 on F.Cu
[unconnected_items]: Missing connection between items
    Local override; error
    @(98.4000 mm, 73.9500 mm): Pad 61 [REFCLK_P] of U1 on F.Cu
    @(137.2500 mm, 62.7250 mm): Pad 55 [REFCLK_P] of J1 on F.Cu
[unconnected_items]: Missing connection between items
    Local override; error
    @(98.8000 mm, 73.9500 mm): Pad 62 [REFCLK_N] of U1 on F.Cu
    @(136.7500 mm, 62.7250 mm): Pad 53 [REFCLK_N] of J1 on F.Cu
[unconnected_items]: Missing connection between items
    Local override; error
    @(99.6000 mm, 73.9500 mm): Pad 64 [LANE0_RXP] of U1 on F.Cu
    @(134.2500 mm, 62.7250 mm): Pad 43 [LANE0_RXP] of J1 on F.Cu
[unconnected_items]: Missing connection between items
    Local override; error
    @(100.0000 mm, 73.9500 mm): Pad 65 [LANE0_RXN] of U1 on F.Cu
    @(133.7500 mm, 62.7250 mm): Pad 41 [LANE0_RXN] of J1 on F.Cu
[unconnected_items]: Missing connection between items
    Local override; error
    @(100.8000 mm, 73.9500 mm): Pad 67 [LANE0_TXN] of U1 on F.Cu
    @(135.2500 mm, 62.7250 mm): Pad 47 [LANE0_TXN] of J1 on F.Cu
[unconnected_items]: Missing connection between items
    Local override; error
    @(101.2000 mm, 73.9500 mm): Pad 68 [LANE0_TXP] of U1 on F.Cu
    @(135.7500 mm, 62.7250 mm): Pad 49 [LANE0_TXP] of J1 on F.Cu
[unconnected_items]: Missing connection between items
    Local override; error
    @(114.7500 mm, 62.7250 mm): Pad 2 [SSD_3V3] of J1 on F.Cu
    @(115.2500 mm, 62.7250 mm): Pad 4 [SSD_3V3] of J1 on F.Cu
[unconnected_items]: Missing connection between items
    Local override; error
    @(115.2500 mm, 62.7250 mm): Pad 4 [SSD_3V3] of J1 on F.Cu
    @(115.7500 mm, 62.7250 mm): Pad 6 [SSD_3V3] of J1 on F.Cu
[unconnected_items]: Missing connection between items
    Local override; error
    @(115.7500 mm, 62.7250 mm): Pad 6 [SSD_3V3] of J1 on F.Cu
    @(116.2500 mm, 62.7250 mm): Pad 8 [SSD_3V3] of J1 on F.Cu

** Found 0 Footprint errors **

** Ignored checks **
    - Footprint has no courtyard defined
    - Track endpoint not centered on via
    - Tuning profile track geometries
    - Footprint doesn't match symbol's footprint filters
    - Footprint component type doesn't match footprint pads

** End of Report **
