** Drc report for PHASE24_RTL9210B_FULL_LANE_BCU_ROWS_V1252.kicad_pcb **
** Created on 2026-09-09T16:16:47 **
** Report includes: Errors, Warnings **

** Found 42 DRC violations **
[tracks_crossing]: Tracks crossing
    Local override; error
    @(125.0000 mm, 80.0000 mm): Track [PEDET] on F.Cu, length 15.7500 mm
    @(135.2500 mm, 80.8000 mm): Track [LANE0_TXN] on F.Cu, length 18.0750 mm
[shorting_items]: Items shorting two nets (nets LANE0_TXP and PERST_N)
    Local override; error
    @(135.7500 mm, 81.2000 mm): Track [LANE0_TXP] on F.Cu, length 18.4750 mm
    @(136.0000 mm, 70.2750 mm): Pad 50 [PERST_N] of J1 on F.Cu
[shorting_items]: Items shorting two nets (nets LANE0_TXP and LANE0_TXN)
    Local override; error
    @(133.5000 mm, 81.2000 mm): Via [LANE0_TXP] on F.Cu - B.Cu
    @(133.0000 mm, 80.8000 mm): Track [LANE0_TXN] on F.Cu, length 2.2500 mm
[tracks_crossing]: Tracks crossing
    Local override; error
    @(133.7500 mm, 79.2000 mm): Track [LANE0_RXN] on F.Cu, length 16.4750 mm
    @(132.0000 mm, 78.8000 mm): Track [LANE0_RXP] on F.Cu, length 2.2500 mm
[clearance]: Clearance violation ( clearance 0.2000 mm; actual 0.0403 mm)
    Local override; error
    @(132.5000 mm, 79.2000 mm): Via [LANE0_RXN] on F.Cu - B.Cu
    @(132.0000 mm, 78.8000 mm): Via [LANE0_RXP] on F.Cu - B.Cu
[clearance]: Clearance violation ( clearance 0.2000 mm; actual 0.0403 mm)
    Local override; error
    @(133.5000 mm, 81.2000 mm): Via [LANE0_TXP] on F.Cu - B.Cu
    @(133.0000 mm, 80.8000 mm): Via [LANE0_TXN] on F.Cu - B.Cu
[shorting_items]: Items shorting two nets (nets LANE0_RXP and LANE0_RXN)
    Local override; error
    @(132.0000 mm, 78.8000 mm): Via [LANE0_RXP] on F.Cu - B.Cu
    @(93.2000 mm, 79.2000 mm): Track [LANE0_RXN] on B.Cu, length 39.3000 mm
[clearance]: Clearance violation ( clearance 0.2000 mm; actual 0.0403 mm)
    Local override; error
    @(132.5000 mm, 79.2000 mm): Via [LANE0_RXN] on F.Cu - B.Cu
    @(132.0000 mm, 78.8000 mm): Via [LANE0_RXP] on F.Cu - B.Cu
[clearance]: Clearance violation ( clearance 0.2000 mm; actual 0.0403 mm)
    Local override; error
    @(132.5000 mm, 79.2000 mm): Via [LANE0_RXN] on F.Cu - B.Cu
    @(132.0000 mm, 78.8000 mm): Via [LANE0_RXP] on F.Cu - B.Cu
[clearance]: Clearance violation ( clearance 0.2000 mm; actual 0.0403 mm)
    Local override; error
    @(132.5000 mm, 79.2000 mm): Via [LANE0_RXN] on F.Cu - B.Cu
    @(132.0000 mm, 78.8000 mm): Via [LANE0_RXP] on F.Cu - B.Cu
[shorting_items]: Items shorting two nets (nets LANE0_TXP and LANE0_TXN)
    Local override; error
    @(90.8000 mm, 81.2000 mm): Track [LANE0_TXP] on B.Cu, length 42.7000 mm
    @(133.0000 mm, 80.8000 mm): Via [LANE0_TXN] on F.Cu - B.Cu
[clearance]: Clearance violation ( clearance 0.2000 mm; actual 0.0403 mm)
    Local override; error
    @(132.5000 mm, 79.2000 mm): Via [LANE0_RXN] on F.Cu - B.Cu
    @(132.0000 mm, 78.8000 mm): Via [LANE0_RXP] on F.Cu - B.Cu
[clearance]: Clearance violation ( clearance 0.2000 mm; actual 0.0403 mm)
    Local override; error
    @(133.5000 mm, 81.2000 mm): Via [LANE0_TXP] on F.Cu - B.Cu
    @(133.0000 mm, 80.8000 mm): Via [LANE0_TXN] on F.Cu - B.Cu
[clearance]: Clearance violation ( clearance 0.2000 mm; actual 0.0403 mm)
    Local override; error
    @(133.5000 mm, 81.2000 mm): Via [LANE0_TXP] on F.Cu - B.Cu
    @(133.0000 mm, 80.8000 mm): Via [LANE0_TXN] on F.Cu - B.Cu
[clearance]: Clearance violation ( clearance 0.2000 mm; actual 0.0403 mm)
    Local override; error
    @(133.5000 mm, 81.2000 mm): Via [LANE0_TXP] on F.Cu - B.Cu
    @(133.0000 mm, 80.8000 mm): Via [LANE0_TXN] on F.Cu - B.Cu
[clearance]: Clearance violation ( clearance 0.2000 mm; actual 0.0403 mm)
    Local override; error
    @(133.5000 mm, 81.2000 mm): Via [LANE0_TXP] on F.Cu - B.Cu
    @(133.0000 mm, 80.8000 mm): Via [LANE0_TXN] on F.Cu - B.Cu
[tracks_crossing]: Tracks crossing
    Local override; error
    @(126.4000 mm, 82.0000 mm): Track [RTL_5V] on B.Cu, length 31.0000 mm
    @(93.2000 mm, 79.2000 mm): Track [LANE0_RXN] on B.Cu, length 39.3000 mm
[clearance]: Clearance violation ( clearance 0.2000 mm; actual 0.0500 mm)
    Local override; error
    @(136.0000 mm, 71.5000 mm): Track [PERST_N] on F.Cu, length 1.2250 mm
    @(135.7500 mm, 81.2000 mm): Track [LANE0_TXP] on F.Cu, length 18.4750 mm
[clearance]: Clearance violation ( clearance 0.2000 mm; actual 0.0500 mm)
    Local override; error
    @(135.7500 mm, 81.2000 mm): Track [LANE0_TXP] on F.Cu, length 18.4750 mm
    @(138.0000 mm, 71.5000 mm): Track [PERST_N] on F.Cu, length 2.0000 mm
[track_dangling]: Track has unconnected end
    Local override; warning
    @(102.0000 mm, 84.0000 mm): Track [PEDET] on B.Cu, length 17.0000 mm
[track_dangling]: Track has unconnected end
    Local override; warning
    @(70.0000 mm, 76.0000 mm): Track [CLKREQ_N] on B.Cu, length 31.0000 mm
[via_dangling]: Via is not connected or connected on only one layer
    Local override; warning
    @(100.0000 mm, 83.0000 mm): Via [PERST_N] on F.Cu - B.Cu
[track_dangling]: Track has unconnected end
    Local override; warning
    @(105.5000 mm, 69.0000 mm): Track [RTL_1V1] on F.Cu, length 0.4000 mm
[via_dangling]: Via is not connected or connected on only one layer
    Local override; warning
    @(109.5000 mm, 68.5000 mm): Via [RTL_1V1] on F.Cu - B.Cu
[via_dangling]: Via is not connected or connected on only one layer
    Local override; warning
    @(104.5000 mm, 77.0000 mm): Via [RTL_1V1] on F.Cu - B.Cu
[track_dangling]: Track has unconnected end
    Local override; warning
    @(105.5000 mm, 68.6000 mm): Track [RTL_1V1] on B.Cu, length 3.8000 mm
[track_dangling]: Track has unconnected end
    Local override; warning
    @(112.0000 mm, 64.8000 mm): Track [RTL_1V1] on B.Cu, length 12.8000 mm
[track_dangling]: Track has unconnected end
    Local override; warning
    @(130.0000 mm, 69.0000 mm): Track [RTL_1V1] on In2.PWR, length 21.0000 mm
[track_dangling]: Track has unconnected end
    Local override; warning
    @(103.5000 mm, 82.0000 mm): Track [RTL_5V] on B.Cu, length 22.9000 mm
[track_dangling]: Track has unconnected end
    Local override; warning
    @(104.5000 mm, 73.2000 mm): Track [SPISI] on F.Cu, length 2.0000 mm
[track_dangling]: Track has unconnected end
    Local override; warning
    @(104.5000 mm, 72.8000 mm): Track [SPICLK] on F.Cu, length 0.8000 mm
[via_dangling]: Via is not connected or connected on only one layer
    Local override; warning
    @(99.6000 mm, 62.8000 mm): Via [RTL_3V3] on F.Cu - B.Cu
[track_dangling]: Track has unconnected end
    Local override; warning
    @(99.6000 mm, 62.8000 mm): Track [RTL_3V3] on B.Cu, length 1.3000 mm
[track_dangling]: Track has unconnected end
    Local override; warning
    @(91.8000 mm, 59.0000 mm): Track [RTL_3V3] on In2.PWR, length 16.2000 mm
[track_dangling]: Track has unconnected end
    Local override; warning
    @(106.5000 mm, 71.6000 mm): Track [SPISO3] on F.Cu, length 0.6000 mm
[track_dangling]: Track has unconnected end
    Local override; warning
    @(105.5000 mm, 71.2000 mm): Track [SPISO] on F.Cu, length 0.8000 mm
[track_dangling]: Track has unconnected end
    Local override; warning
    @(104.5000 mm, 70.8000 mm): Track [SPICS] on F.Cu, length 1.0000 mm
[track_dangling]: Track has unconnected end
    Local override; warning
    @(88.0000 mm, 64.0000 mm): Track [RSET] on F.Cu, length 1.0000 mm
[track_dangling]: Track has unconnected end
    Local override; warning
    @(74.5000 mm, 75.0000 mm): Track [XTAL_IN] on B.Cu, length 13.0000 mm
[via_dangling]: Via is not connected or connected on only one layer
    Local override; warning
    @(88.5000 mm, 67.6000 mm): Via [XTAL_OUT] on F.Cu - B.Cu
[via_dangling]: Via is not connected or connected on only one layer
    Local override; warning
    @(72.0000 mm, 78.5000 mm): Via [REFCLK_P] on F.Cu - B.Cu
[via_dangling]: Via is not connected or connected on only one layer
    Local override; warning
    @(70.8000 mm, 79.2000 mm): Via [REFCLK_N] on F.Cu - B.Cu

** Found 36 unconnected pads **
[unconnected_items]: Missing connection between items
    Local override; error
    @(97.6000 mm, 73.9500 mm): Pad 8 [PEDET] of U1 on F.Cu
    @(102.0000 mm, 84.0000 mm): Track [PEDET] on B.Cu, length 17.0000 mm
[unconnected_items]: Missing connection between items
    Local override; error
    @(120.0000 mm, 72.0000 mm): Track [CLKREQ_N] on F.Cu, length 3.0000 mm
    @(99.6000 mm, 73.9500 mm): Pad 13 [CLKREQ_N] of U1 on F.Cu
[unconnected_items]: Missing connection between items
    Local override; error
    @(100.0000 mm, 73.9500 mm): Pad 14 [PERST_N] of U1 on F.Cu
    @(100.0000 mm, 83.0000 mm): Track [PERST_N] on B.Cu, length 32.0000 mm
[unconnected_items]: Missing connection between items
    Local override; error
    @(94.0500 mm, 68.0000 mm): Pad 55 [RTL_1V1] of U1 on F.Cu
    @(94.0500 mm, 70.0000 mm): Pad 60 [RTL_1V1] of U1 on F.Cu
[unconnected_items]: Missing connection between items
    Local override; error
    @(94.0500 mm, 70.0000 mm): Pad 60 [RTL_1V1] of U1 on F.Cu
    @(94.0500 mm, 71.2000 mm): Pad 63 [RTL_1V1] of U1 on F.Cu
[unconnected_items]: Missing connection between items
    Local override; error
    @(95.2000 mm, 66.0500 mm): Pad 50 [RTL_1V1] of U1 on F.Cu
    @(94.0500 mm, 68.0000 mm): Pad 55 [RTL_1V1] of U1 on F.Cu
[unconnected_items]: Missing connection between items
    Local override; error
    @(95.2000 mm, 66.0500 mm): Pad 50 [RTL_1V1] of U1 on F.Cu
    @(99.2000 mm, 66.0500 mm): Pad 40 [RTL_1V1] of U1 on F.Cu
[unconnected_items]: Missing connection between items
    Local override; error
    @(99.2000 mm, 66.0500 mm): Pad 40 [RTL_1V1] of U1 on F.Cu
    @(100.8000 mm, 66.0500 mm): Pad 36 [RTL_1V1] of U1 on F.Cu
[unconnected_items]: Missing connection between items
    Local override; error
    @(101.9500 mm, 70.4000 mm): Pad 25 [RTL_1V1] of U1 on F.Cu
    @(100.8000 mm, 73.9500 mm): Pad 16 [RTL_1V1] of U1 on F.Cu
[unconnected_items]: Missing connection between items
    Local override; error
    @(101.9500 mm, 70.4000 mm): Pad 25 [RTL_1V1] of U1 on F.Cu
    @(100.8000 mm, 66.0500 mm): Pad 36 [RTL_1V1] of U1 on F.Cu
[unconnected_items]: Missing connection between items
    Local override; error
    @(104.5000 mm, 77.0000 mm): Via [RTL_1V1] on F.Cu - B.Cu
    @(100.8000 mm, 73.9500 mm): Pad 16 [RTL_1V1] of U1 on F.Cu
[unconnected_items]: Missing connection between items
    Local override; error
    @(105.5000 mm, 69.0000 mm): Track [RTL_1V1] on F.Cu, length 0.4000 mm
    @(101.9500 mm, 70.4000 mm): Pad 25 [RTL_1V1] of U1 on F.Cu
[unconnected_items]: Missing connection between items
    Local override; error
    @(109.5000 mm, 68.5000 mm): Via [RTL_1V1] on F.Cu - B.Cu
    @(105.5000 mm, 68.6000 mm): Track [RTL_1V1] on B.Cu, length 3.8000 mm
[unconnected_items]: Missing connection between items
    Local override; error
    @(109.5000 mm, 68.5000 mm): Via [RTL_1V1] on F.Cu - B.Cu
    @(112.0000 mm, 64.8000 mm): Track [RTL_1V1] on B.Cu, length 12.8000 mm
[unconnected_items]: Missing connection between items
    Local override; error
    @(101.2000 mm, 73.9500 mm): Pad 17 [RTL_5V] of U1 on F.Cu
    @(103.5000 mm, 82.0000 mm): Track [RTL_5V] on B.Cu, length 22.9000 mm
[unconnected_items]: Missing connection between items
    Local override; error
    @(101.9500 mm, 67.2000 mm): Pad 33 [RTL_5V] of U1 on F.Cu
    @(101.2000 mm, 73.9500 mm): Pad 17 [RTL_5V] of U1 on F.Cu
[unconnected_items]: Missing connection between items
    Local override; error
    @(104.5000 mm, 73.2000 mm): Track [SPISI] on F.Cu, length 2.0000 mm
    @(101.9500 mm, 73.2000 mm): Pad 18 [SPISI] of U1 on F.Cu
[unconnected_items]: Missing connection between items
    Local override; error
    @(101.9500 mm, 72.8000 mm): Pad 19 [SPICLK] of U1 on F.Cu
    @(104.5000 mm, 72.8000 mm): Track [SPICLK] on F.Cu, length 0.8000 mm
[unconnected_items]: Missing connection between items
    Local override; error
    @(99.6000 mm, 62.8000 mm): Track [RTL_3V3] on B.Cu, length 8.4000 mm
    @(99.6000 mm, 66.0500 mm): Pad 39 [RTL_3V3] of U1 on F.Cu
[unconnected_items]: Missing connection between items
    Local override; error
    @(99.6000 mm, 66.0500 mm): Pad 39 [RTL_3V3] of U1 on F.Cu
    @(94.0500 mm, 66.8000 mm): Pad 52 [RTL_3V3] of U1 on F.Cu
[unconnected_items]: Missing connection between items
    Local override; error
    @(101.9500 mm, 66.8000 mm): Pad 34 [RTL_3V3] of U1 on F.Cu
    @(99.6000 mm, 66.0500 mm): Pad 39 [RTL_3V3] of U1 on F.Cu
[unconnected_items]: Missing connection between items
    Local override; error
    @(101.9500 mm, 72.4000 mm): Pad 20 [RTL_3V3] of U1 on F.Cu
    @(101.9500 mm, 66.8000 mm): Pad 34 [RTL_3V3] of U1 on F.Cu
[unconnected_items]: Missing connection between items
    Local override; error
    @(101.9500 mm, 71.6000 mm): Pad 22 [SPISO3] of U1 on F.Cu
    @(106.5000 mm, 71.6000 mm): Track [SPISO3] on F.Cu, length 0.6000 mm
[unconnected_items]: Missing connection between items
    Local override; error
    @(101.9500 mm, 71.2000 mm): Pad 23 [SPISO] of U1 on F.Cu
    @(105.5000 mm, 71.2000 mm): Track [SPISO] on F.Cu, length 0.8000 mm
[unconnected_items]: Missing connection between items
    Local override; error
    @(101.9500 mm, 70.8000 mm): Pad 24 [SPICS] of U1 on F.Cu
    @(104.5000 mm, 70.8000 mm): Track [SPICS] on F.Cu, length 1.0000 mm
[unconnected_items]: Missing connection between items
    Local override; error
    @(97.2000 mm, 66.0500 mm): Pad 45 [GND] of U1 on F.Cu
    @(98.0000 mm, 70.0000 mm): Pad 69 [GND] of U1 on F.Cu
[unconnected_items]: Missing connection between items
    Local override; error
    @(97.2000 mm, 66.0500 mm): Pad 45 [GND] of U1 on F.Cu
    @(65.5000 mm, 40.5000 mm): Zone [GND] on F.Cu, priority 0
[unconnected_items]: Missing connection between items
    Local override; error
    @(98.0000 mm, 70.0000 mm): Pad 69 [GND] of U1 on F.Cu
    @(94.0500 mm, 72.4000 mm): Pad 66 [GND] of U1 on F.Cu
[unconnected_items]: Missing connection between items
    Local override; error
    @(88.0000 mm, 64.0000 mm): Track [RSET] on F.Cu, length 1.0000 mm
    @(94.8000 mm, 66.0500 mm): Pad 51 [RSET] of U1 on F.Cu
[unconnected_items]: Missing connection between items
    Local override; error
    @(94.0500 mm, 67.2000 mm): Pad 53 [XTAL_IN] of U1 on F.Cu
    @(74.5000 mm, 62.0000 mm): Track [XTAL_IN] on F.Cu, length 3.5000 mm
[unconnected_items]: Missing connection between items
    Local override; error
    @(88.5000 mm, 67.6000 mm): Via [XTAL_OUT] on F.Cu - B.Cu
    @(94.0500 mm, 67.6000 mm): Pad 54 [XTAL_OUT] of U1 on F.Cu
[unconnected_items]: Missing connection between items
    Local override; error
    @(94.0500 mm, 70.4000 mm): Pad 61 [REFCLK_P] of U1 on F.Cu
    @(72.0000 mm, 78.5000 mm): Track [REFCLK_P] on F.Cu, length 37.0000 mm
[unconnected_items]: Missing connection between items
    Local override; error
    @(94.0500 mm, 70.8000 mm): Pad 62 [REFCLK_N] of U1 on F.Cu
    @(70.8000 mm, 79.2000 mm): Track [REFCLK_N] on F.Cu, length 37.0000 mm
[unconnected_items]: Missing connection between items
    Local override; error
    @(114.7500 mm, 62.7250 mm): Pad 2 [SSD_3V3] of J1 on F.Cu
    @(115.2500 mm, 62.7250 mm): Pad 4 [SSD_3V3] of J1 on F.Cu
[unconnected_items]: Missing connection between items
    Local override; error
    @(115.2500 mm, 62.7250 mm): Pad 4 [SSD_3V3] of J1 on F.Cu
    @(115.7500 mm, 62.7250 mm): Pad 6 [SSD_3V3] of J1 on F.Cu
[unconnected_items]: Missing connection between items
    Local override; error
    @(115.7500 mm, 62.7250 mm): Pad 6 [SSD_3V3] of J1 on F.Cu
    @(116.2500 mm, 62.7250 mm): Pad 8 [SSD_3V3] of J1 on F.Cu

** Found 0 Footprint errors **

** Ignored checks **
    - Footprint has no courtyard defined
    - Track endpoint not centered on via
    - Tuning profile track geometries
    - Footprint doesn't match symbol's footprint filters
    - Footprint component type doesn't match footprint pads

** End of Report **
