** Drc report for PHASE24_RTL9210B_BRINGUP_SUPPORT_ROUTED.kicad_pcb **
** Created on 2026-09-06T23:18:15 **
** Report includes: Errors, Warnings **

** Found 58 DRC violations **
[tracks_crossing]: Tracks crossing
    Local override; error
    @(73.0000 mm, 55.5000 mm): Track [XTAL_OUT] on F.Cu, length 15.6000 mm
    @(86.0000 mm, 62.8000 mm): Track [SPICS] on F.Cu, length 20.8000 mm
[tracks_crossing]: Tracks crossing
    Local override; error
    @(74.0000 mm, 54.0000 mm): Track [XTAL_IN] on F.Cu, length 13.4000 mm
    @(86.0000 mm, 62.8000 mm): Track [SPICS] on F.Cu, length 20.8000 mm
[tracks_crossing]: Tracks crossing
    Local override; error
    @(76.8000 mm, 58.0500 mm): Track [RSET] on F.Cu, length 4.8000 mm
    @(73.0000 mm, 59.6000 mm): Track [XTAL_OUT] on F.Cu, length 4.1000 mm
[tracks_crossing]: Tracks crossing
    Local override; error
    @(72.0000 mm, 52.0000 mm): Track [RSET] on F.Cu, length 24.4000 mm
    @(90.4000 mm, 54.0000 mm): Track [XTAL_IN] on F.Cu, length 6.0000 mm
[tracks_crossing]: Tracks crossing
    Local override; error
    @(90.0000 mm, 46.0000 mm): Track [SPISO3] on F.Cu, length 17.0000 mm
    @(105.8000 mm, 45.0000 mm): Track [SPICLK] on F.Cu, length 3.0000 mm
[tracks_crossing]: Tracks crossing
    Local override; error
    @(89.0000 mm, 64.8000 mm): Track [SPICLK] on F.Cu, length 19.8000 mm
    @(83.9500 mm, 63.6000 mm): Track [SPISO3] on F.Cu, length 6.0500 mm
[tracks_crossing]: Tracks crossing
    Local override; error
    @(104.6000 mm, 44.0000 mm): Track [SPISI] on F.Cu, length 4.0000 mm
    @(89.0000 mm, 45.0000 mm): Track [SPICLK] on F.Cu, length 16.8000 mm
[tracks_crossing]: Tracks crossing
    Local override; error
    @(88.0000 mm, 65.2000 mm): Track [SPISI] on F.Cu, length 21.2000 mm
    @(83.9500 mm, 64.8000 mm): Track [SPICLK] on F.Cu, length 5.0500 mm
[tracks_crossing]: Tracks crossing
    Local override; error
    @(88.0000 mm, 44.0000 mm): Track [SPISI] on F.Cu, length 16.6000 mm
    @(101.0000 mm, 43.0000 mm): Track [SPISO] on F.Cu, length 5.0000 mm
[tracks_crossing]: Tracks crossing
    Local override; error
    @(87.0000 mm, 43.0000 mm): Track [SPISO] on F.Cu, length 14.0000 mm
    @(99.8000 mm, 42.0000 mm): Track [SPICS] on F.Cu, length 6.0000 mm
[tracks_crossing]: Tracks crossing
    Local override; error
    @(72.0000 mm, 52.0000 mm): Track [RSET] on F.Cu, length 24.4000 mm
    @(90.0000 mm, 63.6000 mm): Track [SPISO3] on F.Cu, length 17.6000 mm
[tracks_crossing]: Tracks crossing
    Local override; error
    @(72.0000 mm, 52.0000 mm): Track [RSET] on F.Cu, length 24.4000 mm
    @(93.4000 mm, 55.5000 mm): Track [XTAL_OUT] on F.Cu, length 7.5000 mm
[tracks_crossing]: Tracks crossing
    Local override; error
    @(90.0000 mm, 63.6000 mm): Track [SPISO3] on F.Cu, length 17.6000 mm
    @(88.6000 mm, 55.5000 mm): Track [XTAL_OUT] on F.Cu, length 4.8000 mm
[tracks_crossing]: Tracks crossing
    Local override; error
    @(72.0000 mm, 52.0000 mm): Track [RSET] on F.Cu, length 24.4000 mm
    @(87.4000 mm, 54.0000 mm): Track [XTAL_IN] on F.Cu, length 6.0000 mm
[tracks_crossing]: Tracks crossing
    Local override; error
    @(88.6000 mm, 55.5000 mm): Track [XTAL_OUT] on F.Cu, length 7.5000 mm
    @(87.4000 mm, 54.0000 mm): Track [XTAL_IN] on F.Cu, length 3.0000 mm
[shorting_items]: Items shorting two nets (nets SPISO and XTAL_IN)
    Local override; error
    @(87.0000 mm, 63.2000 mm): Track [SPISO] on F.Cu, length 20.2000 mm
    @(87.3000 mm, 48.0000 mm): Pad 1 [XTAL_IN] of Y1 on F.Cu
[shorting_items]: Items shorting two nets (nets SPISO3 and XTAL_IN)
    Local override; error
    @(90.0000 mm, 63.6000 mm): Track [SPISO3] on F.Cu, length 17.6000 mm
    @(90.4000 mm, 48.0000 mm): Pad 1 [XTAL_IN] of C1 on F.Cu
[tracks_crossing]: Tracks crossing
    Local override; error
    @(72.0000 mm, 52.0000 mm): Track [RSET] on F.Cu, length 24.4000 mm
    @(88.6000 mm, 55.5000 mm): Track [XTAL_OUT] on F.Cu, length 7.5000 mm
[tracks_crossing]: Tracks crossing
    Local override; error
    @(74.0000 mm, 59.2000 mm): Track [XTAL_IN] on F.Cu, length 5.2000 mm
    @(76.8000 mm, 58.0500 mm): Track [RSET] on F.Cu, length 4.8000 mm
[track_width]: Track width (board setup constraints min width 0.2000 mm; actual 0.1500 mm)
    Rule: netclass 'Default'; error
    @(76.0500 mm, 59.2000 mm): Track [XTAL_IN] on F.Cu, length 2.0500 mm
[track_width]: Track width (board setup constraints min width 0.2000 mm; actual 0.1500 mm)
    Rule: netclass 'Default'; error
    @(74.0000 mm, 59.2000 mm): Track [XTAL_IN] on F.Cu, length 5.2000 mm
[track_width]: Track width (board setup constraints min width 0.2000 mm; actual 0.1500 mm)
    Rule: netclass 'Default'; error
    @(74.0000 mm, 54.0000 mm): Track [XTAL_IN] on F.Cu, length 13.4000 mm
[track_width]: Track width (board setup constraints min width 0.2000 mm; actual 0.1500 mm)
    Rule: netclass 'Default'; error
    @(87.4000 mm, 54.0000 mm): Track [XTAL_IN] on F.Cu, length 6.0000 mm
[track_width]: Track width (board setup constraints min width 0.2000 mm; actual 0.1500 mm)
    Rule: netclass 'Default'; error
    @(87.4000 mm, 54.0000 mm): Track [XTAL_IN] on F.Cu, length 3.0000 mm
[track_width]: Track width (board setup constraints min width 0.2000 mm; actual 0.1500 mm)
    Rule: netclass 'Default'; error
    @(90.4000 mm, 54.0000 mm): Track [XTAL_IN] on F.Cu, length 6.0000 mm
[track_width]: Track width (board setup constraints min width 0.2000 mm; actual 0.1500 mm)
    Rule: netclass 'Default'; error
    @(76.0500 mm, 59.6000 mm): Track [XTAL_OUT] on F.Cu, length 3.0500 mm
[track_width]: Track width (board setup constraints min width 0.2000 mm; actual 0.1500 mm)
    Rule: netclass 'Default'; error
    @(73.0000 mm, 59.6000 mm): Track [XTAL_OUT] on F.Cu, length 4.1000 mm
[track_width]: Track width (board setup constraints min width 0.2000 mm; actual 0.1500 mm)
    Rule: netclass 'Default'; error
    @(73.0000 mm, 55.5000 mm): Track [XTAL_OUT] on F.Cu, length 15.6000 mm
[track_width]: Track width (board setup constraints min width 0.2000 mm; actual 0.1500 mm)
    Rule: netclass 'Default'; error
    @(88.6000 mm, 55.5000 mm): Track [XTAL_OUT] on F.Cu, length 7.5000 mm
[track_width]: Track width (board setup constraints min width 0.2000 mm; actual 0.1500 mm)
    Rule: netclass 'Default'; error
    @(88.6000 mm, 55.5000 mm): Track [XTAL_OUT] on F.Cu, length 4.8000 mm
[track_width]: Track width (board setup constraints min width 0.2000 mm; actual 0.1500 mm)
    Rule: netclass 'Default'; error
    @(93.4000 mm, 55.5000 mm): Track [XTAL_OUT] on F.Cu, length 7.5000 mm
[track_width]: Track width (board setup constraints min width 0.2000 mm; actual 0.1500 mm)
    Rule: netclass 'Default'; error
    @(76.8000 mm, 58.0500 mm): Track [RSET] on F.Cu, length 4.8000 mm
[track_width]: Track width (board setup constraints min width 0.2000 mm; actual 0.1500 mm)
    Rule: netclass 'Default'; error
    @(72.0000 mm, 58.0500 mm): Track [RSET] on F.Cu, length 6.0500 mm
[track_width]: Track width (board setup constraints min width 0.2000 mm; actual 0.1500 mm)
    Rule: netclass 'Default'; error
    @(72.0000 mm, 52.0000 mm): Track [RSET] on F.Cu, length 24.4000 mm
[track_width]: Track width (board setup constraints min width 0.2000 mm; actual 0.1500 mm)
    Rule: netclass 'Default'; error
    @(96.4000 mm, 52.0000 mm): Track [RSET] on F.Cu, length 4.0000 mm
[track_width]: Track width (board setup constraints min width 0.2000 mm; actual 0.1500 mm)
    Rule: netclass 'Default'; error
    @(83.9500 mm, 62.8000 mm): Track [SPICS] on F.Cu, length 2.0500 mm
[track_width]: Track width (board setup constraints min width 0.2000 mm; actual 0.1500 mm)
    Rule: netclass 'Default'; error
    @(86.0000 mm, 62.8000 mm): Track [SPICS] on F.Cu, length 20.8000 mm
[track_width]: Track width (board setup constraints min width 0.2000 mm; actual 0.1500 mm)
    Rule: netclass 'Default'; error
    @(86.0000 mm, 42.0000 mm): Track [SPICS] on F.Cu, length 13.8000 mm
[track_width]: Track width (board setup constraints min width 0.2000 mm; actual 0.1500 mm)
    Rule: netclass 'Default'; error
    @(99.8000 mm, 42.0000 mm): Track [SPICS] on F.Cu, length 6.0000 mm
[track_width]: Track width (board setup constraints min width 0.2000 mm; actual 0.1500 mm)
    Rule: netclass 'Default'; error
    @(83.9500 mm, 63.2000 mm): Track [SPISO] on F.Cu, length 3.0500 mm
[track_width]: Track width (board setup constraints min width 0.2000 mm; actual 0.1500 mm)
    Rule: netclass 'Default'; error
    @(87.0000 mm, 63.2000 mm): Track [SPISO] on F.Cu, length 20.2000 mm
[track_width]: Track width (board setup constraints min width 0.2000 mm; actual 0.1500 mm)
    Rule: netclass 'Default'; error
    @(87.0000 mm, 43.0000 mm): Track [SPISO] on F.Cu, length 14.0000 mm
[track_width]: Track width (board setup constraints min width 0.2000 mm; actual 0.1500 mm)
    Rule: netclass 'Default'; error
    @(101.0000 mm, 43.0000 mm): Track [SPISO] on F.Cu, length 5.0000 mm
[track_width]: Track width (board setup constraints min width 0.2000 mm; actual 0.1500 mm)
    Rule: netclass 'Default'; error
    @(83.9500 mm, 65.2000 mm): Track [SPISI] on F.Cu, length 4.0500 mm
[track_width]: Track width (board setup constraints min width 0.2000 mm; actual 0.1500 mm)
    Rule: netclass 'Default'; error
    @(88.0000 mm, 65.2000 mm): Track [SPISI] on F.Cu, length 21.2000 mm
[track_width]: Track width (board setup constraints min width 0.2000 mm; actual 0.1500 mm)
    Rule: netclass 'Default'; error
    @(88.0000 mm, 44.0000 mm): Track [SPISI] on F.Cu, length 16.6000 mm
[track_width]: Track width (board setup constraints min width 0.2000 mm; actual 0.1500 mm)
    Rule: netclass 'Default'; error
    @(104.6000 mm, 44.0000 mm): Track [SPISI] on F.Cu, length 4.0000 mm
[track_width]: Track width (board setup constraints min width 0.2000 mm; actual 0.1500 mm)
    Rule: netclass 'Default'; error
    @(83.9500 mm, 64.8000 mm): Track [SPICLK] on F.Cu, length 5.0500 mm
[track_width]: Track width (board setup constraints min width 0.2000 mm; actual 0.1500 mm)
    Rule: netclass 'Default'; error
    @(89.0000 mm, 64.8000 mm): Track [SPICLK] on F.Cu, length 19.8000 mm
[track_width]: Track width (board setup constraints min width 0.2000 mm; actual 0.1500 mm)
    Rule: netclass 'Default'; error
    @(89.0000 mm, 45.0000 mm): Track [SPICLK] on F.Cu, length 16.8000 mm
[track_width]: Track width (board setup constraints min width 0.2000 mm; actual 0.1500 mm)
    Rule: netclass 'Default'; error
    @(105.8000 mm, 45.0000 mm): Track [SPICLK] on F.Cu, length 3.0000 mm
[track_width]: Track width (board setup constraints min width 0.2000 mm; actual 0.1500 mm)
    Rule: netclass 'Default'; error
    @(83.9500 mm, 63.6000 mm): Track [SPISO3] on F.Cu, length 6.0500 mm
[track_width]: Track width (board setup constraints min width 0.2000 mm; actual 0.1500 mm)
    Rule: netclass 'Default'; error
    @(90.0000 mm, 63.6000 mm): Track [SPISO3] on F.Cu, length 17.6000 mm
[track_width]: Track width (board setup constraints min width 0.2000 mm; actual 0.1500 mm)
    Rule: netclass 'Default'; error
    @(90.0000 mm, 46.0000 mm): Track [SPISO3] on F.Cu, length 17.0000 mm
[track_width]: Track width (board setup constraints min width 0.2000 mm; actual 0.1500 mm)
    Rule: netclass 'Default'; error
    @(107.0000 mm, 46.0000 mm): Track [SPISO3] on F.Cu, length 2.0000 mm
[solder_mask_bridge]: Front solder mask aperture bridges items with different nets
    Rule: board setup solder mask min width; error
    @(87.0000 mm, 63.2000 mm): Track [SPISO] on F.Cu, length 20.2000 mm
    @(87.3000 mm, 48.0000 mm): Pad 1 [XTAL_IN] of Y1 on F.Cu
[solder_mask_bridge]: Front solder mask aperture bridges items with different nets
    Rule: board setup solder mask min width; error
    @(89.0000 mm, 64.8000 mm): Track [SPICLK] on F.Cu, length 19.8000 mm
    @(88.7000 mm, 48.0000 mm): Pad 2 [XTAL_OUT] of Y1 on F.Cu
[solder_mask_bridge]: Front solder mask aperture bridges items with different nets
    Rule: board setup solder mask min width; error
    @(90.0000 mm, 63.6000 mm): Track [SPISO3] on F.Cu, length 17.6000 mm
    @(90.4000 mm, 48.0000 mm): Pad 1 [XTAL_IN] of C1 on F.Cu

** Found 46 unconnected pads **
[unconnected_items]: Missing connection between items
    Local override; error
    @(76.0500 mm, 64.4000 mm): Pad 66 [GND] of U1 on F.Cu
    @(80.0000 mm, 62.0000 mm): Pad 69 [GND] of U1 on F.Cu
[unconnected_items]: Missing connection between items
    Local override; error
    @(79.2000 mm, 58.0500 mm): Pad 45 [GND] of U1 on F.Cu
    @(80.0000 mm, 62.0000 mm): Pad 69 [GND] of U1 on F.Cu
[unconnected_items]: Missing connection between items
    Local override; error
    @(91.6000 mm, 48.0000 mm): Pad 2 [GND] of C1 on F.Cu
    @(79.2000 mm, 58.0500 mm): Pad 45 [GND] of U1 on F.Cu
[unconnected_items]: Missing connection between items
    Local override; error
    @(94.6000 mm, 48.0000 mm): Pad 2 [GND] of C2 on F.Cu
    @(91.6000 mm, 48.0000 mm): Pad 2 [GND] of C1 on F.Cu
[unconnected_items]: Missing connection between items
    Local override; error
    @(97.6000 mm, 48.0000 mm): Pad 2 [GND] of R1 on F.Cu
    @(94.6000 mm, 48.0000 mm): Pad 2 [GND] of C2 on F.Cu
[unconnected_items]: Missing connection between items
    Local override; error
    @(103.4000 mm, 48.0000 mm): Pad 4 [GND] of U2 on F.Cu
    @(97.6000 mm, 48.0000 mm): Pad 2 [GND] of R1 on F.Cu
[unconnected_items]: Missing connection between items
    Local override; error
    @(104.0000 mm, 78.0000 mm): Pad 1 [GND] of TP5 on F.Cu
    @(80.0000 mm, 62.0000 mm): Pad 69 [GND] of U1 on F.Cu
[unconnected_items]: Missing connection between items
    Local override; error
    @(109.6000 mm, 48.0000 mm): Pad 2 [GND] of C3 on F.Cu
    @(103.4000 mm, 48.0000 mm): Pad 4 [GND] of U2 on F.Cu
[unconnected_items]: Missing connection between items
    Local override; error
    @(112.6000 mm, 48.0000 mm): Pad 2 [GND] of C4 on F.Cu
    @(109.6000 mm, 48.0000 mm): Pad 2 [GND] of C3 on F.Cu
[unconnected_items]: Missing connection between items
    Local override; error
    @(115.6000 mm, 48.0000 mm): Pad 2 [GND] of C5 on F.Cu
    @(112.6000 mm, 48.0000 mm): Pad 2 [GND] of C4 on F.Cu
[unconnected_items]: Missing connection between items
    Local override; error
    @(77.6000 mm, 65.9500 mm): Pad 3 [RESET_N] of U1 on F.Cu
    @(108.0000 mm, 78.0000 mm): Pad 1 [RESET_N] of TP6 on F.Cu
[unconnected_items]: Missing connection between items
    Local override; error
    @(83.9500 mm, 59.2000 mm): Pad 33 [RTL_5V] of U1 on F.Cu
    @(83.2000 mm, 65.9500 mm): Pad 17 [RTL_5V] of U1 on F.Cu
[unconnected_items]: Missing connection between items
    Local override; error
    @(114.4000 mm, 48.0000 mm): Pad 1 [RTL_5V] of C5 on F.Cu
    @(83.9500 mm, 59.2000 mm): Pad 33 [RTL_5V] of U1 on F.Cu
[unconnected_items]: Missing connection between items
    Local override; error
    @(76.0500 mm, 58.8000 mm): Pad 52 [RTL_3V3] of U1 on F.Cu
    @(81.6000 mm, 58.0500 mm): Pad 39 [RTL_3V3] of U1 on F.Cu
[unconnected_items]: Missing connection between items
    Local override; error
    @(83.9500 mm, 58.8000 mm): Pad 34 [RTL_3V3] of U1 on F.Cu
    @(81.6000 mm, 58.0500 mm): Pad 39 [RTL_3V3] of U1 on F.Cu
[unconnected_items]: Missing connection between items
    Local override; error
    @(83.9500 mm, 58.8000 mm): Pad 34 [RTL_3V3] of U1 on F.Cu
    @(83.9500 mm, 64.4000 mm): Pad 20 [RTL_3V3] of U1 on F.Cu
[unconnected_items]: Missing connection between items
    Local override; error
    @(83.9500 mm, 58.8000 mm): Pad 34 [RTL_3V3] of U1 on F.Cu
    @(102.2000 mm, 48.0000 mm): Pad 3 [RTL_3V3] of U2 on F.Cu
[unconnected_items]: Missing connection between items
    Local override; error
    @(108.2000 mm, 48.0000 mm): Pad 8 [RTL_3V3] of U2 on F.Cu
    @(102.2000 mm, 48.0000 mm): Pad 3 [RTL_3V3] of U2 on F.Cu
[unconnected_items]: Missing connection between items
    Local override; error
    @(118.6000 mm, 48.0000 mm): Pad 2 [RTL_3V3] of R2 on F.Cu
    @(108.4000 mm, 48.0000 mm): Pad 1 [RTL_3V3] of C3 on F.Cu
[unconnected_items]: Missing connection between items
    Local override; error
    @(121.6000 mm, 48.0000 mm): Pad 2 [RTL_3V3] of R3 on F.Cu
    @(118.6000 mm, 48.0000 mm): Pad 2 [RTL_3V3] of R2 on F.Cu
[unconnected_items]: Missing connection between items
    Local override; error
    @(76.0500 mm, 60.0000 mm): Pad 55 [RTL_1V1] of U1 on F.Cu
    @(76.0500 mm, 62.0000 mm): Pad 60 [RTL_1V1] of U1 on F.Cu
[unconnected_items]: Missing connection between items
    Local override; error
    @(76.0500 mm, 62.0000 mm): Pad 60 [RTL_1V1] of U1 on F.Cu
    @(76.0500 mm, 63.2000 mm): Pad 63 [RTL_1V1] of U1 on F.Cu
[unconnected_items]: Missing connection between items
    Local override; error
    @(77.2000 mm, 58.0500 mm): Pad 50 [RTL_1V1] of U1 on F.Cu
    @(76.0500 mm, 60.0000 mm): Pad 55 [RTL_1V1] of U1 on F.Cu
[unconnected_items]: Missing connection between items
    Local override; error
    @(81.2000 mm, 58.0500 mm): Pad 40 [RTL_1V1] of U1 on F.Cu
    @(77.2000 mm, 58.0500 mm): Pad 50 [RTL_1V1] of U1 on F.Cu
[unconnected_items]: Missing connection between items
    Local override; error
    @(82.8000 mm, 58.0500 mm): Pad 36 [RTL_1V1] of U1 on F.Cu
    @(81.2000 mm, 58.0500 mm): Pad 40 [RTL_1V1] of U1 on F.Cu
[unconnected_items]: Missing connection between items
    Local override; error
    @(83.9500 mm, 62.4000 mm): Pad 25 [RTL_1V1] of U1 on F.Cu
    @(82.8000 mm, 65.9500 mm): Pad 16 [RTL_1V1] of U1 on F.Cu
[unconnected_items]: Missing connection between items
    Local override; error
    @(83.9500 mm, 62.4000 mm): Pad 25 [RTL_1V1] of U1 on F.Cu
    @(82.8000 mm, 58.0500 mm): Pad 36 [RTL_1V1] of U1 on F.Cu
[unconnected_items]: Missing connection between items
    Local override; error
    @(111.4000 mm, 48.0000 mm): Pad 1 [RTL_1V1] of C4 on F.Cu
    @(82.8000 mm, 58.0500 mm): Pad 36 [RTL_1V1] of U1 on F.Cu
[unconnected_items]: Missing connection between items
    Local override; error
    @(114.7500 mm, 62.7250 mm): Pad 2 [SSD_3V3] of J1 on F.Cu
    @(115.2500 mm, 62.7250 mm): Pad 4 [SSD_3V3] of J1 on F.Cu
[unconnected_items]: Missing connection between items
    Local override; error
    @(115.2500 mm, 62.7250 mm): Pad 4 [SSD_3V3] of J1 on F.Cu
    @(115.7500 mm, 62.7250 mm): Pad 6 [SSD_3V3] of J1 on F.Cu
[unconnected_items]: Missing connection between items
    Local override; error
    @(115.7500 mm, 62.7250 mm): Pad 6 [SSD_3V3] of J1 on F.Cu
    @(116.2500 mm, 62.7250 mm): Pad 8 [SSD_3V3] of J1 on F.Cu
[unconnected_items]: Missing connection between items
    Local override; error
    @(117.4000 mm, 48.0000 mm): Pad 1 [PEDET] of R2 on F.Cu
    @(79.6000 mm, 65.9500 mm): Pad 8 [PEDET] of U1 on F.Cu
[unconnected_items]: Missing connection between items
    Local override; error
    @(140.7500 mm, 62.7250 mm): Pad 69 [PEDET] of J1 on F.Cu
    @(117.4000 mm, 48.0000 mm): Pad 1 [PEDET] of R2 on F.Cu
[unconnected_items]: Missing connection between items
    Local override; error
    @(76.0500 mm, 65.2000 mm): Pad 68 [LANE0_TXP] of U1 on F.Cu
    @(135.7500 mm, 62.7250 mm): Pad 49 [LANE0_TXP] of J1 on F.Cu
[unconnected_items]: Missing connection between items
    Local override; error
    @(76.0500 mm, 64.8000 mm): Pad 67 [LANE0_TXN] of U1 on F.Cu
    @(135.2500 mm, 62.7250 mm): Pad 47 [LANE0_TXN] of J1 on F.Cu
[unconnected_items]: Missing connection between items
    Local override; error
    @(76.0500 mm, 63.6000 mm): Pad 64 [LANE0_RXP] of U1 on F.Cu
    @(134.2500 mm, 62.7250 mm): Pad 43 [LANE0_RXP] of J1 on F.Cu
[unconnected_items]: Missing connection between items
    Local override; error
    @(76.0500 mm, 64.0000 mm): Pad 65 [LANE0_RXN] of U1 on F.Cu
    @(133.7500 mm, 62.7250 mm): Pad 41 [LANE0_RXN] of J1 on F.Cu
[unconnected_items]: Missing connection between items
    Local override; error
    @(76.0500 mm, 62.4000 mm): Pad 61 [REFCLK_P] of U1 on F.Cu
    @(137.2500 mm, 62.7250 mm): Pad 55 [REFCLK_P] of J1 on F.Cu
[unconnected_items]: Missing connection between items
    Local override; error
    @(76.0500 mm, 62.8000 mm): Pad 62 [REFCLK_N] of U1 on F.Cu
    @(136.7500 mm, 62.7250 mm): Pad 53 [REFCLK_N] of J1 on F.Cu
[unconnected_items]: Missing connection between items
    Local override; error
    @(82.0000 mm, 65.9500 mm): Pad 14 [PERST_N] of U1 on F.Cu
    @(136.0000 mm, 70.2750 mm): Pad 50 [PERST_N] of J1 on F.Cu
[unconnected_items]: Missing connection between items
    Local override; error
    @(120.4000 mm, 48.0000 mm): Pad 1 [CLKREQ_N] of R3 on F.Cu
    @(81.6000 mm, 65.9500 mm): Pad 13 [CLKREQ_N] of U1 on F.Cu
[unconnected_items]: Missing connection between items
    Local override; error
    @(136.5000 mm, 70.2750 mm): Pad 52 [CLKREQ_N] of J1 on F.Cu
    @(120.4000 mm, 48.0000 mm): Pad 1 [CLKREQ_N] of R3 on F.Cu
[unconnected_items]: Missing connection between items
    Local override; error
    @(88.0000 mm, 78.0000 mm): Pad 1 [SPICS] of TP1 on F.Cu
    @(86.0000 mm, 62.8000 mm): Track [SPICS] on F.Cu, length 20.8000 mm
[unconnected_items]: Missing connection between items
    Local override; error
    @(92.0000 mm, 78.0000 mm): Pad 1 [SPICLK] of TP2 on F.Cu
    @(89.0000 mm, 64.8000 mm): Track [SPICLK] on F.Cu, length 19.8000 mm
[unconnected_items]: Missing connection between items
    Local override; error
    @(88.0000 mm, 65.2000 mm): Track [SPISI] on F.Cu, length 21.2000 mm
    @(96.0000 mm, 78.0000 mm): Pad 1 [SPISI] of TP3 on F.Cu
[unconnected_items]: Missing connection between items
    Local override; error
    @(87.0000 mm, 63.2000 mm): Track [SPISO] on F.Cu, length 20.2000 mm
    @(100.0000 mm, 78.0000 mm): Pad 1 [SPISO] of TP4 on F.Cu

** Found 0 Footprint errors **

** Ignored checks **
    - Footprint has no courtyard defined
    - Track endpoint not centered on via
    - Tuning profile track geometries
    - Footprint doesn't match symbol's footprint filters
    - Footprint component type doesn't match footprint pads

** End of Report **
