** Drc report for PHASE24_RTL9210B_U2_CORRECTED_FOOTPRINT_V1.kicad_pcb **
** Created on 2026-09-07T06:45:52 **
** Report includes: Errors, Warnings **

** Found 53 DRC violations **
[tracks_crossing]: Tracks crossing
    Local override; error
    @(93.8000 mm, 75.0000 mm): Track [SPISI] on B.Cu, length 3.2000 mm
    @(93.0000 mm, 71.2000 mm): Track [SPICLK] on B.Cu, length 3.8000 mm
[shorting_items]: Items shorting two nets (nets SPICS and SPISI)
    Local override; error
    @(94.0500 mm, 69.2000 mm): Track [SPICS] on F.Cu, length 6.5774 mm
    @(93.8000 mm, 70.0000 mm): Via [SPISI] on F.Cu - B.Cu
[shorting_items]: Items shorting two nets (nets SPICS and SPISI)
    Local override; error
    @(90.6000 mm, 74.8000 mm): Via [SPICS] on F.Cu - B.Cu
    @(90.6000 mm, 75.0000 mm): Track [SPISI] on F.Cu, length 1.0000 mm
[shorting_items]: Items shorting two nets (nets SPISI and SPICS)
    Local override; error
    @(90.6000 mm, 75.0000 mm): Via [SPISI] on F.Cu - B.Cu
    @(90.6000 mm, 74.8000 mm): Via [SPICS] on F.Cu - B.Cu
[shorting_items]: Items shorting two nets (nets SPICS and SPISI)
    Local override; error
    @(90.6000 mm, 74.8000 mm): Track [SPICS] on B.Cu, length 0.2000 mm
    @(90.6000 mm, 75.0000 mm): Via [SPISI] on F.Cu - B.Cu
[shorting_items]: Items shorting two nets (nets SPISI and SPICS)
    Local override; error
    @(90.6000 mm, 75.0000 mm): Via [SPISI] on F.Cu - B.Cu
    @(90.6000 mm, 74.8000 mm): Via [SPICS] on F.Cu - B.Cu
[shorting_items]: Items shorting two nets (nets SPISI and SPICS)
    Local override; error
    @(90.6000 mm, 75.0000 mm): Via [SPISI] on F.Cu - B.Cu
    @(90.6000 mm, 74.8000 mm): Via [SPICS] on F.Cu - B.Cu
[shorting_items]: Items shorting two nets (nets SPISI and SPICS)
    Local override; error
    @(90.6000 mm, 75.0000 mm): Via [SPISI] on F.Cu - B.Cu
    @(90.6000 mm, 74.8000 mm): Via [SPICS] on F.Cu - B.Cu
[shorting_items]: Items shorting two nets (nets SPISI and SPICS)
    Local override; error
    @(90.6000 mm, 75.0000 mm): Via [SPISI] on F.Cu - B.Cu
    @(90.6000 mm, 74.8000 mm): Via [SPICS] on F.Cu - B.Cu
[tracks_crossing]: Tracks crossing
    Local override; error
    @(94.0500 mm, 69.2000 mm): Track [SPICS] on F.Cu, length 6.5774 mm
    @(94.0500 mm, 67.2000 mm): Track [SPICLK] on F.Cu, length 4.1355 mm
[tracks_crossing]: Tracks crossing
    Local override; error
    @(94.0500 mm, 69.2000 mm): Track [SPICS] on F.Cu, length 6.5774 mm
    @(94.0500 mm, 66.8000 mm): Track [SPISI] on F.Cu, length 3.2098 mm
[shorting_items]: Items shorting two nets (nets SPISO3 and SPICLK)
    Local override; error
    @(93.0000 mm, 75.0000 mm): Via [SPISO3] on F.Cu - B.Cu
    @(93.0000 mm, 71.2000 mm): Track [SPICLK] on B.Cu, length 3.8000 mm
[shorting_items]: Items shorting two nets (nets SPISO and SPICS)
    Local override; error
    @(87.0000 mm, 75.0000 mm): Via [SPISO] on F.Cu - B.Cu
    @(90.6000 mm, 75.0000 mm): Track [SPICS] on B.Cu, length 4.8000 mm
[tracks_crossing]: Tracks crossing
    Local override; error
    @(90.6000 mm, 74.8000 mm): Track [SPICS] on B.Cu, length 0.2000 mm
    @(91.4000 mm, 75.0000 mm): Track [SPISO] on B.Cu, length 4.4000 mm
[tracks_crossing]: Tracks crossing
    Local override; error
    @(94.0500 mm, 69.2000 mm): Track [SPICS] on F.Cu, length 6.5774 mm
    @(94.0500 mm, 68.8000 mm): Track [SPISO] on F.Cu, length 5.4829 mm
[tracks_crossing]: Tracks crossing
    Local override; error
    @(92.2000 mm, 72.4000 mm): Track [SPISO3] on B.Cu, length 2.6000 mm
    @(93.0000 mm, 75.0000 mm): Track [SPICLK] on B.Cu, length 1.2000 mm
[shorting_items]: Items shorting two nets (nets SPICS and SPISO3)
    Local override; error
    @(94.0500 mm, 69.2000 mm): Track [SPICS] on F.Cu, length 6.5774 mm
    @(92.2000 mm, 72.4000 mm): Via [SPISO3] on F.Cu - B.Cu
[tracks_crossing]: Tracks crossing
    Local override; error
    @(94.0500 mm, 68.4000 mm): Track [SPISO3] on F.Cu, length 4.4071 mm
    @(94.0500 mm, 69.2000 mm): Track [SPICS] on F.Cu, length 6.5774 mm
[shorting_items]: Items shorting two nets (nets SPISO and SPICS)
    Local override; error
    @(91.4000 mm, 73.6000 mm): Via [SPISO] on F.Cu - B.Cu
    @(94.0500 mm, 69.2000 mm): Track [SPICS] on F.Cu, length 6.5774 mm
[shorting_items]: Items shorting two nets (nets SPICLK and SPICS)
    Local override; error
    @(93.0000 mm, 71.2000 mm): Via [SPICLK] on F.Cu - B.Cu
    @(94.0500 mm, 69.2000 mm): Track [SPICS] on F.Cu, length 6.5774 mm
[clearance]: Clearance violation ( clearance 0.2000 mm; actual 0.1314 mm)
    Local override; error
    @(94.0500 mm, 70.4000 mm): Pad 27 [<no net>] of U1 on F.Cu
    @(94.0500 mm, 69.2000 mm): Track [SPICS] on F.Cu, length 6.5774 mm
[shorting_items]: Items shorting two nets (nets SPISO3 and SPICLK)
    Local override; error
    @(92.2000 mm, 72.4000 mm): Track [SPISO3] on B.Cu, length 2.6000 mm
    @(91.8000 mm, 75.0000 mm): Via [SPICLK] on F.Cu - B.Cu
[hole_clearance]: Hole clearance violation (board setup constraints hole clearance 0.2500 mm; actual 0.1500 mm)
    Rule: board setup constraints hole; error
    @(94.0500 mm, 69.6000 mm): Pad 25 [RTL_1V1] of U1 on F.Cu
    @(93.8000 mm, 70.0000 mm): Via [SPISI] on F.Cu - B.Cu
[hole_clearance]: Hole clearance violation (board setup constraints hole clearance 0.2500 mm; actual 0.0000 mm)
    Rule: board setup constraints hole; error
    @(94.0500 mm, 70.0000 mm): Pad 26 [DEVSLP] of U1 on F.Cu
    @(93.8000 mm, 70.0000 mm): Via [SPISI] on F.Cu - B.Cu
[hole_clearance]: Hole clearance violation (board setup constraints hole clearance 0.2500 mm; actual 0.1500 mm)
    Rule: board setup constraints hole; error
    @(94.0500 mm, 70.4000 mm): Pad 27 [<no net>] of U1 on F.Cu
    @(93.8000 mm, 70.0000 mm): Via [SPISI] on F.Cu - B.Cu
[starved_thermal]: Thermal relief connection to zone incomplete (layer F.Cu; zone min spoke count 2; actual 1)
    Local override; error
    @(65.5000 mm, 40.5000 mm): Zone [GND] on F.Cu, priority 0
    @(85.6000 mm, 63.0000 mm): Pad 2 [GND] of C1 on F.Cu
[solder_mask_bridge]: Front solder mask aperture bridges items with different nets
    Rule: board setup solder mask min width; error
    @(94.0500 mm, 66.8000 mm): Track [SPISI] on F.Cu, length 3.2098 mm
    @(94.0500 mm, 67.2000 mm): Pad 19 [SPICLK] of U1 on F.Cu
[solder_mask_bridge]: Front solder mask aperture bridges items with different nets
    Rule: board setup solder mask min width; error
    @(94.0500 mm, 66.8000 mm): Track [SPISI] on F.Cu, length 3.2098 mm
    @(94.0500 mm, 67.6000 mm): Pad 20 [RTL_3V3] of U1 on F.Cu
[solder_mask_bridge]: Front solder mask aperture bridges items with different nets
    Rule: board setup solder mask min width; error
    @(94.0500 mm, 66.8000 mm): Track [SPISI] on F.Cu, length 3.2098 mm
    @(94.0500 mm, 68.0000 mm): Pad 21 [SPISO2] of U1 on F.Cu
[solder_mask_bridge]: Front solder mask aperture bridges items with different nets
    Rule: board setup solder mask min width; error
    @(94.0500 mm, 66.8000 mm): Track [SPISI] on F.Cu, length 3.2098 mm
    @(94.0500 mm, 68.4000 mm): Pad 22 [SPISO3] of U1 on F.Cu
[solder_mask_bridge]: Front solder mask aperture bridges items with different nets
    Rule: board setup solder mask min width; error
    @(94.0500 mm, 66.8000 mm): Track [SPISI] on F.Cu, length 3.2098 mm
    @(94.0500 mm, 68.8000 mm): Pad 23 [SPISO] of U1 on F.Cu
[solder_mask_bridge]: Front solder mask aperture bridges items with different nets
    Rule: board setup solder mask min width; error
    @(94.0500 mm, 66.8000 mm): Track [SPISI] on F.Cu, length 3.2098 mm
    @(94.0500 mm, 69.2000 mm): Pad 24 [SPICS] of U1 on F.Cu
[solder_mask_bridge]: Front solder mask aperture bridges items with different nets
    Rule: board setup solder mask min width; error
    @(94.0500 mm, 66.8000 mm): Track [SPISI] on F.Cu, length 3.2098 mm
    @(94.0500 mm, 69.6000 mm): Pad 25 [RTL_1V1] of U1 on F.Cu
[solder_mask_bridge]: Front solder mask aperture bridges items with different nets
    Rule: board setup solder mask min width; error
    @(94.0500 mm, 66.8000 mm): Track [SPISI] on F.Cu, length 3.2098 mm
    @(94.0500 mm, 70.0000 mm): Pad 26 [DEVSLP] of U1 on F.Cu
[solder_mask_bridge]: Front solder mask aperture bridges items with different nets
    Rule: board setup solder mask min width; error
    @(93.8000 mm, 70.0000 mm): Via [SPISI] on F.Cu - B.Cu
    @(94.0500 mm, 70.0000 mm): Pad 26 [DEVSLP] of U1 on F.Cu
[solder_mask_bridge]: Front solder mask aperture bridges items with different nets
    Rule: board setup solder mask min width; error
    @(94.0500 mm, 67.2000 mm): Track [SPICLK] on F.Cu, length 4.1355 mm
    @(94.0500 mm, 67.6000 mm): Pad 20 [RTL_3V3] of U1 on F.Cu
[solder_mask_bridge]: Front solder mask aperture bridges items with different nets
    Rule: board setup solder mask min width; error
    @(94.0500 mm, 67.2000 mm): Track [SPICLK] on F.Cu, length 4.1355 mm
    @(94.0500 mm, 68.0000 mm): Pad 21 [SPISO2] of U1 on F.Cu
[solder_mask_bridge]: Front solder mask aperture bridges items with different nets
    Rule: board setup solder mask min width; error
    @(94.0500 mm, 67.2000 mm): Track [SPICLK] on F.Cu, length 4.1355 mm
    @(94.0500 mm, 68.4000 mm): Pad 22 [SPISO3] of U1 on F.Cu
[solder_mask_bridge]: Front solder mask aperture bridges items with different nets
    Rule: board setup solder mask min width; error
    @(94.0500 mm, 67.2000 mm): Track [SPICLK] on F.Cu, length 4.1355 mm
    @(94.0500 mm, 68.8000 mm): Pad 23 [SPISO] of U1 on F.Cu
[solder_mask_bridge]: Front solder mask aperture bridges items with different nets
    Rule: board setup solder mask min width; error
    @(94.0500 mm, 67.2000 mm): Track [SPICLK] on F.Cu, length 4.1355 mm
    @(94.0500 mm, 69.2000 mm): Pad 24 [SPICS] of U1 on F.Cu
[solder_mask_bridge]: Front solder mask aperture bridges items with different nets
    Rule: board setup solder mask min width; error
    @(94.0500 mm, 68.4000 mm): Track [SPISO3] on F.Cu, length 4.4071 mm
    @(94.0500 mm, 68.8000 mm): Pad 23 [SPISO] of U1 on F.Cu
[solder_mask_bridge]: Front solder mask aperture bridges items with different nets
    Rule: board setup solder mask min width; error
    @(94.0500 mm, 68.4000 mm): Track [SPISO3] on F.Cu, length 4.4071 mm
    @(94.0500 mm, 69.2000 mm): Pad 24 [SPICS] of U1 on F.Cu
[solder_mask_bridge]: Front solder mask aperture bridges items with different nets
    Rule: board setup solder mask min width; error
    @(94.0500 mm, 68.4000 mm): Track [SPISO3] on F.Cu, length 4.4071 mm
    @(94.0500 mm, 69.6000 mm): Pad 25 [RTL_1V1] of U1 on F.Cu
[solder_mask_bridge]: Front solder mask aperture bridges items with different nets
    Rule: board setup solder mask min width; error
    @(94.0500 mm, 68.8000 mm): Track [SPISO] on F.Cu, length 5.4829 mm
    @(94.0500 mm, 69.2000 mm): Pad 24 [SPICS] of U1 on F.Cu
[solder_mask_bridge]: Front solder mask aperture bridges items with different nets
    Rule: board setup solder mask min width; error
    @(94.0500 mm, 68.8000 mm): Track [SPISO] on F.Cu, length 5.4829 mm
    @(94.0500 mm, 69.6000 mm): Pad 25 [RTL_1V1] of U1 on F.Cu
[solder_mask_bridge]: Front solder mask aperture bridges items with different nets
    Rule: board setup solder mask min width; error
    @(94.0500 mm, 69.2000 mm): Track [SPICS] on F.Cu, length 6.5774 mm
    @(94.0500 mm, 69.6000 mm): Pad 25 [RTL_1V1] of U1 on F.Cu
[solder_mask_bridge]: Front solder mask aperture bridges items with different nets
    Rule: board setup solder mask min width; error
    @(94.0500 mm, 69.2000 mm): Track [SPICS] on F.Cu, length 6.5774 mm
    @(94.0500 mm, 70.0000 mm): Pad 26 [DEVSLP] of U1 on F.Cu
[track_dangling]: Track has unconnected end
    Local override; warning
    @(98.0000 mm, 57.0000 mm): Track [RSET] on B.Cu, length 10.6000 mm
[track_dangling]: Track has unconnected end
    Local override; warning
    @(87.3000 mm, 64.0000 mm): Track [XTAL_IN] on B.Cu, length 1.0000 mm
[track_dangling]: Track has unconnected end
    Local override; warning
    @(88.7000 mm, 62.2000 mm): Track [XTAL_OUT] on F.Cu, length 0.8000 mm
[track_dangling]: Track has unconnected end
    Local override; warning
    @(88.7000 mm, 65.8000 mm): Track [XTAL_OUT] on B.Cu, length 3.2000 mm
[isolated_copper]: Isolated copper fill
    Local override; warning
    @(65.5000 mm, 40.5000 mm): Zone [GND] on B.Cu, priority 0
[hole_to_hole]: Drilled hole too close to other hole (board setup constraints min 0.2495 mm; actual 0.0000 mm)
    Rule: board setup constraints; warning
    @(90.6000 mm, 75.0000 mm): Via [SPISI] on F.Cu - B.Cu
    @(90.6000 mm, 74.8000 mm): Via [SPICS] on F.Cu - B.Cu

** Found 39 unconnected pads **
[unconnected_items]: Missing connection between items
    Local override; error
    @(89.0000 mm, 56.0000 mm): Pad 1 [PEDET] of R2 on F.Cu
    @(98.4000 mm, 66.0500 mm): Pad 8 [PEDET] of U1 on F.Cu
[unconnected_items]: Missing connection between items
    Local override; error
    @(98.4000 mm, 66.0500 mm): Pad 8 [PEDET] of U1 on F.Cu
    @(140.7500 mm, 62.7250 mm): Pad 69 [PEDET] of J1 on F.Cu
[unconnected_items]: Missing connection between items
    Local override; error
    @(92.0000 mm, 56.0000 mm): Pad 1 [CLKREQ_N] of R3 on F.Cu
    @(96.4000 mm, 66.0500 mm): Pad 13 [CLKREQ_N] of U1 on F.Cu
[unconnected_items]: Missing connection between items
    Local override; error
    @(96.4000 mm, 66.0500 mm): Pad 13 [CLKREQ_N] of U1 on F.Cu
    @(136.5000 mm, 70.2750 mm): Pad 52 [CLKREQ_N] of J1 on F.Cu
[unconnected_items]: Missing connection between items
    Local override; error
    @(96.0000 mm, 66.0500 mm): Pad 14 [PERST_N] of U1 on F.Cu
    @(136.0000 mm, 70.2750 mm): Pad 50 [PERST_N] of J1 on F.Cu
[unconnected_items]: Missing connection between items
    Local override; error
    @(94.0500 mm, 69.6000 mm): Pad 25 [RTL_1V1] of U1 on F.Cu
    @(95.2000 mm, 73.9500 mm): Pad 36 [RTL_1V1] of U1 on F.Cu
[unconnected_items]: Missing connection between items
    Local override; error
    @(95.2000 mm, 66.0500 mm): Pad 16 [RTL_1V1] of U1 on F.Cu
    @(94.0500 mm, 69.6000 mm): Pad 25 [RTL_1V1] of U1 on F.Cu
[unconnected_items]: Missing connection between items
    Local override; error
    @(95.2000 mm, 73.9500 mm): Pad 36 [RTL_1V1] of U1 on F.Cu
    @(96.8000 mm, 73.9500 mm): Pad 40 [RTL_1V1] of U1 on F.Cu
[unconnected_items]: Missing connection between items
    Local override; error
    @(96.8000 mm, 73.9500 mm): Pad 40 [RTL_1V1] of U1 on F.Cu
    @(100.8000 mm, 73.9500 mm): Pad 50 [RTL_1V1] of U1 on F.Cu
[unconnected_items]: Missing connection between items
    Local override; error
    @(100.8000 mm, 73.9500 mm): Pad 50 [RTL_1V1] of U1 on F.Cu
    @(101.9500 mm, 72.0000 mm): Pad 55 [RTL_1V1] of U1 on F.Cu
[unconnected_items]: Missing connection between items
    Local override; error
    @(101.9500 mm, 68.8000 mm): Pad 63 [RTL_1V1] of U1 on F.Cu
    @(113.4000 mm, 69.0000 mm): Pad 1 [RTL_1V1] of C4 on F.Cu
[unconnected_items]: Missing connection between items
    Local override; error
    @(101.9500 mm, 70.0000 mm): Pad 60 [RTL_1V1] of U1 on F.Cu
    @(101.9500 mm, 68.8000 mm): Pad 63 [RTL_1V1] of U1 on F.Cu
[unconnected_items]: Missing connection between items
    Local override; error
    @(101.9500 mm, 70.0000 mm): Pad 60 [RTL_1V1] of U1 on F.Cu
    @(101.9500 mm, 72.0000 mm): Pad 55 [RTL_1V1] of U1 on F.Cu
[unconnected_items]: Missing connection between items
    Local override; error
    @(94.8000 mm, 66.0500 mm): Pad 17 [RTL_5V] of U1 on F.Cu
    @(94.0500 mm, 72.8000 mm): Pad 33 [RTL_5V] of U1 on F.Cu
[unconnected_items]: Missing connection between items
    Local override; error
    @(116.4000 mm, 69.0000 mm): Pad 1 [RTL_5V] of C5 on F.Cu
    @(94.8000 mm, 66.0500 mm): Pad 17 [RTL_5V] of U1 on F.Cu
[unconnected_items]: Missing connection between items
    Local override; error
    @(88.2000 mm, 76.0000 mm): Pad 3 [RTL_3V3] of U2 on F.Cu
    @(94.2000 mm, 76.0000 mm): Pad 8 [RTL_3V3] of U2 on F.Cu
[unconnected_items]: Missing connection between items
    Local override; error
    @(93.2000 mm, 56.0000 mm): Pad 2 [RTL_3V3] of R3 on F.Cu
    @(90.2000 mm, 56.0000 mm): Pad 2 [RTL_3V3] of R2 on F.Cu
[unconnected_items]: Missing connection between items
    Local override; error
    @(94.0500 mm, 67.6000 mm): Pad 20 [RTL_3V3] of U1 on F.Cu
    @(94.0500 mm, 73.2000 mm): Pad 34 [RTL_3V3] of U1 on F.Cu
[unconnected_items]: Missing connection between items
    Local override; error
    @(94.0500 mm, 67.6000 mm): Pad 20 [RTL_3V3] of U1 on F.Cu
    @(93.2000 mm, 56.0000 mm): Pad 2 [RTL_3V3] of R3 on F.Cu
[unconnected_items]: Missing connection between items
    Local override; error
    @(94.0500 mm, 73.2000 mm): Pad 34 [RTL_3V3] of U1 on F.Cu
    @(96.4000 mm, 73.9500 mm): Pad 39 [RTL_3V3] of U1 on F.Cu
[unconnected_items]: Missing connection between items
    Local override; error
    @(94.2000 mm, 76.0000 mm): Pad 8 [RTL_3V3] of U2 on F.Cu
    @(94.0500 mm, 73.2000 mm): Pad 34 [RTL_3V3] of U1 on F.Cu
[unconnected_items]: Missing connection between items
    Local override; error
    @(96.4000 mm, 73.9500 mm): Pad 39 [RTL_3V3] of U1 on F.Cu
    @(101.9500 mm, 73.2000 mm): Pad 52 [RTL_3V3] of U1 on F.Cu
[unconnected_items]: Missing connection between items
    Local override; error
    @(101.9500 mm, 73.2000 mm): Pad 52 [RTL_3V3] of U1 on F.Cu
    @(110.4000 mm, 69.0000 mm): Pad 1 [RTL_3V3] of C3 on F.Cu
[unconnected_items]: Missing connection between items
    Local override; error
    @(98.0000 mm, 70.0000 mm): Pad 69 [GND] of U1 on F.Cu
    @(65.5000 mm, 40.5000 mm): Zone [GND] on F.Cu, priority 0
[unconnected_items]: Missing connection between items
    Local override; error
    @(98.8000 mm, 73.9500 mm): Pad 45 [GND] of U1 on F.Cu
    @(98.0000 mm, 70.0000 mm): Pad 69 [GND] of U1 on F.Cu
[unconnected_items]: Missing connection between items
    Local override; error
    @(101.9500 mm, 67.6000 mm): Pad 66 [GND] of U1 on F.Cu
    @(98.0000 mm, 70.0000 mm): Pad 69 [GND] of U1 on F.Cu
[unconnected_items]: Missing connection between items
    Local override; error
    @(101.2000 mm, 73.9500 mm): Pad 51 [RSET] of U1 on F.Cu
    @(98.0000 mm, 57.0000 mm): Track [RSET] on B.Cu, length 10.6000 mm
[unconnected_items]: Missing connection between items
    Local override; error
    @(87.3000 mm, 64.0000 mm): Track [XTAL_IN] on B.Cu, length 1.0000 mm
    @(101.9500 mm, 72.8000 mm): Pad 53 [XTAL_IN] of U1 on F.Cu
[unconnected_items]: Missing connection between items
    Local override; error
    @(88.7000 mm, 63.0000 mm): Track [XTAL_OUT] on F.Cu, length 2.8000 mm
    @(90.4000 mm, 63.0000 mm): Pad 1 [XTAL_OUT] of C2 on F.Cu
[unconnected_items]: Missing connection between items
    Local override; error
    @(88.7000 mm, 65.8000 mm): Track [XTAL_OUT] on B.Cu, length 3.2000 mm
    @(101.9500 mm, 72.4000 mm): Pad 54 [XTAL_OUT] of U1 on F.Cu
[unconnected_items]: Missing connection between items
    Local override; error
    @(101.9500 mm, 69.6000 mm): Pad 61 [REFCLK_P] of U1 on F.Cu
    @(137.2500 mm, 62.7250 mm): Pad 55 [REFCLK_P] of J1 on F.Cu
[unconnected_items]: Missing connection between items
    Local override; error
    @(101.9500 mm, 69.2000 mm): Pad 62 [REFCLK_N] of U1 on F.Cu
    @(136.7500 mm, 62.7250 mm): Pad 53 [REFCLK_N] of J1 on F.Cu
[unconnected_items]: Missing connection between items
    Local override; error
    @(101.9500 mm, 68.4000 mm): Pad 64 [LANE0_RXP] of U1 on F.Cu
    @(134.2500 mm, 62.7250 mm): Pad 43 [LANE0_RXP] of J1 on F.Cu
[unconnected_items]: Missing connection between items
    Local override; error
    @(101.9500 mm, 68.0000 mm): Pad 65 [LANE0_RXN] of U1 on F.Cu
    @(133.7500 mm, 62.7250 mm): Pad 41 [LANE0_RXN] of J1 on F.Cu
[unconnected_items]: Missing connection between items
    Local override; error
    @(101.9500 mm, 67.2000 mm): Pad 67 [LANE0_TXN] of U1 on F.Cu
    @(135.2500 mm, 62.7250 mm): Pad 47 [LANE0_TXN] of J1 on F.Cu
[unconnected_items]: Missing connection between items
    Local override; error
    @(101.9500 mm, 66.8000 mm): Pad 68 [LANE0_TXP] of U1 on F.Cu
    @(135.7500 mm, 62.7250 mm): Pad 49 [LANE0_TXP] of J1 on F.Cu
[unconnected_items]: Missing connection between items
    Local override; error
    @(114.7500 mm, 62.7250 mm): Pad 2 [SSD_3V3] of J1 on F.Cu
    @(115.2500 mm, 62.7250 mm): Pad 4 [SSD_3V3] of J1 on F.Cu
[unconnected_items]: Missing connection between items
    Local override; error
    @(115.2500 mm, 62.7250 mm): Pad 4 [SSD_3V3] of J1 on F.Cu
    @(115.7500 mm, 62.7250 mm): Pad 6 [SSD_3V3] of J1 on F.Cu
[unconnected_items]: Missing connection between items
    Local override; error
    @(115.7500 mm, 62.7250 mm): Pad 6 [SSD_3V3] of J1 on F.Cu
    @(116.2500 mm, 62.7250 mm): Pad 8 [SSD_3V3] of J1 on F.Cu

** Found 0 Footprint errors **

** Ignored checks **
    - Footprint has no courtyard defined
    - Track endpoint not centered on via
    - Tuning profile track geometries
    - Footprint doesn't match symbol's footprint filters
    - Footprint component type doesn't match footprint pads

** End of Report **
