ERC report (2026-09-12T14:16:25, Encoding UTF8)
Report includes: Errors

***** Sheet /

***** Sheet /V100_PCIE/

***** Sheet /V100_POWER/

***** Sheet /POWER_INPUT/

***** Sheet /REGULATORS/
[pin_not_connected]: Pin not connected
    ; error
    @(20.32 mm, 20.32 mm): Symbol X5 Pin 5 [BRIDGE_3V3, Passive, Line]
[pin_not_connected]: Pin not connected
    ; error
    @(20.32 mm, 22.86 mm): Symbol X7 Pin 6 [BRIDGE_3V3, Passive, Line]

***** Sheet /ETHERNET/

***** Sheet /STORAGE/
[pin_not_connected]: Pin not connected
    ; error
    @(20.32 mm, 22.86 mm): Symbol X7 Pin 6 [BRIDGE_3V3, Passive, Line]
[pin_not_connected]: Pin not connected
    ; error
    @(20.32 mm, 25.40 mm): Symbol X7 Pin 7 [BRIDGE_1V1, Passive, Line]

***** Sheet /SERVICE/

***** Sheet /COOLING/

***** Sheet /DEBUG/

***** Sheet /CORE_CM5/

 ** ERC messages: 4  Errors 4  Warnings 0

 ** Ignored checks:
    - Global label only appears once in the schematic
    - Four connection points are joined together
    - SPICE model issue
    - Assigned footprint doesn't match footprint filters
