** Drc report for PHASE24_RTL9210B_RTL1V1_LEFT_BUS_V1371.kicad_pcb **
** Created on 2026-09-09T20:30:56 **
** Report includes: Errors, Warnings **

** Found 16 DRC violations **
[tracks_crossing]: Tracks crossing
    Local override; error
    @(100.5000 mm, 72.4000 mm): Track [RTL_3V3] on B.Cu, length 8.4000 mm
    @(96.6000 mm, 64.8000 mm): Track [RTL_1V1] on B.Cu, length 5.4000 mm
[tracks_crossing]: Tracks crossing
    Local override; error
    @(92.8000 mm, 72.0000 mm): Track [LANE0_RXN] on F.Cu, length 1.2000 mm
    @(94.0500 mm, 71.2000 mm): Track [RTL_1V1] on F.Cu, length 1.5500 mm
[shorting_items]: Items shorting two nets (nets USB_RXP0 and RTL_1V1)
    Local override; error
    @(96.8000 mm, 66.0500 mm): Pad 46 [USB_RXP0] of U1 on F.Cu
    @(96.6000 mm, 66.0500 mm): Track [RTL_1V1] on F.Cu, length 1.2500 mm
[shorting_items]: Items shorting two nets (nets LANE0_RXN and RTL_1V1)
    Local override; error
    @(92.8000 mm, 72.0000 mm): Track [LANE0_RXN] on F.Cu, length 1.2000 mm
    @(92.5000 mm, 71.2000 mm): Via [RTL_1V1] on F.Cu - B.Cu
[shorting_items]: Items shorting two nets (nets  and RTL_1V1)
    Local override; error
    @(96.0000 mm, 66.0500 mm): Pad 48 [<no net>] of U1 on F.Cu
    @(95.2000 mm, 66.0500 mm): Track [RTL_1V1] on F.Cu, length 1.4000 mm
[shorting_items]: Items shorting two nets (nets LANE0_RXN and RTL_1V1)
    Local override; error
    @(92.8000 mm, 70.8000 mm): Track [LANE0_RXN] on B.Cu, length 13.2000 mm
    @(92.5000 mm, 71.2000 mm): Via [RTL_1V1] on F.Cu - B.Cu
[shorting_items]: Items shorting two nets (nets LANE0_RXN and RTL_1V1)
    Local override; error
    @(92.8000 mm, 70.8000 mm): Via [LANE0_RXN] on F.Cu - B.Cu
    @(92.5000 mm, 71.2000 mm): Via [RTL_1V1] on F.Cu - B.Cu
[shorting_items]: Items shorting two nets (nets LANE0_RXN and RTL_1V1)
    Local override; error
    @(92.8000 mm, 70.8000 mm): Via [LANE0_RXN] on F.Cu - B.Cu
    @(92.5000 mm, 71.2000 mm): Via [RTL_1V1] on F.Cu - B.Cu
[shorting_items]: Items shorting two nets (nets LANE0_RXN and RTL_1V1)
    Local override; error
    @(92.8000 mm, 70.8000 mm): Via [LANE0_RXN] on F.Cu - B.Cu
    @(92.5000 mm, 71.2000 mm): Via [RTL_1V1] on F.Cu - B.Cu
[shorting_items]: Items shorting two nets (nets LANE0_RXN and RTL_1V1)
    Local override; error
    @(92.8000 mm, 70.8000 mm): Via [LANE0_RXN] on F.Cu - B.Cu
    @(92.5000 mm, 71.2000 mm): Via [RTL_1V1] on F.Cu - B.Cu
[tracks_crossing]: Tracks crossing
    Local override; error
    @(100.5000 mm, 72.4000 mm): Track [RTL_3V3] on B.Cu, length 8.4000 mm
    @(92.5000 mm, 71.2000 mm): Track [RTL_1V1] on B.Cu, length 9.5000 mm
[clearance]: Clearance violation ( clearance 0.2000 mm; actual 0.1000 mm)
    Local override; error
    @(92.5000 mm, 68.0000 mm): Track [RTL_1V1] on F.Cu, length 3.2000 mm
    @(92.8000 mm, 72.0000 mm): Track [LANE0_RXN] on F.Cu, length 1.2000 mm
[solder_mask_bridge]: Front solder mask aperture bridges items with different nets
    Rule: board setup solder mask min width; error
    @(95.2000 mm, 66.0500 mm): Track [RTL_1V1] on F.Cu, length 1.4000 mm
    @(96.4000 mm, 66.0500 mm): Pad 47 [USB_RXN0] of U1 on F.Cu
[solder_mask_bridge]: Front solder mask aperture bridges items with different nets
    Rule: board setup solder mask min width; error
    @(95.2000 mm, 66.0500 mm): Track [RTL_1V1] on F.Cu, length 1.4000 mm
    @(96.0000 mm, 66.0500 mm): Pad 48 [<no net>] of U1 on F.Cu
[solder_mask_bridge]: Front solder mask aperture bridges items with different nets
    Rule: board setup solder mask min width; error
    @(95.2000 mm, 66.0500 mm): Track [RTL_1V1] on F.Cu, length 1.4000 mm
    @(95.6000 mm, 66.0500 mm): Pad 49 [<no net>] of U1 on F.Cu
[hole_to_hole]: Drilled hole too close to other hole (board setup constraints min 0.2495 mm; actual 0.2000 mm)
    Rule: board setup constraints; warning
    @(92.8000 mm, 70.8000 mm): Via [LANE0_RXN] on F.Cu - B.Cu
    @(92.5000 mm, 71.2000 mm): Via [RTL_1V1] on F.Cu - B.Cu

** Found 18 unconnected pads **
[unconnected_items]: Missing connection between items
    Local override; error
    @(102.0000 mm, 71.2000 mm): Track [RTL_1V1] on B.Cu, length 6.4000 mm
    @(101.9500 mm, 70.4000 mm): Pad 25 [RTL_1V1] of U1 on F.Cu
[unconnected_items]: Missing connection between items
    Local override; error
    @(102.0000 mm, 71.2000 mm): Track [RTL_1V1] on B.Cu, length 6.4000 mm
    @(100.8000 mm, 73.9500 mm): Pad 16 [RTL_1V1] of U1 on F.Cu
[unconnected_items]: Missing connection between items
    Local override; error
    @(101.9500 mm, 67.2000 mm): Pad 33 [RTL_5V] of U1 on F.Cu
    @(101.2000 mm, 73.9500 mm): Pad 17 [RTL_5V] of U1 on F.Cu
[unconnected_items]: Missing connection between items
    Local override; error
    @(126.4000 mm, 51.0000 mm): Pad 1 [RTL_5V] of C5 on F.Cu
    @(101.9500 mm, 67.2000 mm): Pad 33 [RTL_5V] of U1 on F.Cu
[unconnected_items]: Missing connection between items
    Local override; error
    @(113.8000 mm, 76.4000 mm): Track [RTL_3V3] on F.Cu, length 0.8000 mm
    @(101.9500 mm, 72.4000 mm): Pad 20 [RTL_3V3] of U1 on F.Cu
[unconnected_items]: Missing connection between items
    Local override; error
    @(89.2000 mm, 60.0000 mm): Track [GND] on B.Cu, length 5.2000 mm
    @(97.2000 mm, 66.0500 mm): Pad 45 [GND] of U1 on F.Cu
[unconnected_items]: Missing connection between items
    Local override; error
    @(94.0500 mm, 72.4000 mm): Pad 66 [GND] of U1 on F.Cu
    @(98.0000 mm, 70.0000 mm): Pad 69 [GND] of U1 on F.Cu
[unconnected_items]: Missing connection between items
    Local override; error
    @(97.2000 mm, 66.0500 mm): Pad 45 [GND] of U1 on F.Cu
    @(98.0000 mm, 70.0000 mm): Pad 69 [GND] of U1 on F.Cu
[unconnected_items]: Missing connection between items
    Local override; error
    @(88.0000 mm, 65.0000 mm): Pad 1 [RSET] of R1 on F.Cu
    @(94.8000 mm, 66.0500 mm): Pad 51 [RSET] of U1 on F.Cu
[unconnected_items]: Missing connection between items
    Local override; error
    @(88.0000 mm, 59.0000 mm): Pad 1 [XTAL_IN] of Y1 on F.Cu
    @(88.0000 mm, 62.0000 mm): Pad 1 [XTAL_IN] of C1 on F.Cu
[unconnected_items]: Missing connection between items
    Local override; error
    @(88.0000 mm, 62.0000 mm): Pad 1 [XTAL_IN] of C1 on F.Cu
    @(94.0500 mm, 67.2000 mm): Pad 53 [XTAL_IN] of U1 on F.Cu
[unconnected_items]: Missing connection between items
    Local override; error
    @(89.4000 mm, 59.0000 mm): Pad 2 [XTAL_OUT] of Y1 on F.Cu
    @(91.0000 mm, 62.0000 mm): Pad 1 [XTAL_OUT] of C2 on F.Cu
[unconnected_items]: Missing connection between items
    Local override; error
    @(91.0000 mm, 62.0000 mm): Pad 1 [XTAL_OUT] of C2 on F.Cu
    @(94.0500 mm, 67.6000 mm): Pad 54 [XTAL_OUT] of U1 on F.Cu
[unconnected_items]: Missing connection between items
    Local override; error
    @(94.0500 mm, 70.4000 mm): Pad 61 [REFCLK_P] of U1 on F.Cu
    @(137.2500 mm, 62.7250 mm): Pad 55 [REFCLK_P] of J1 on F.Cu
[unconnected_items]: Missing connection between items
    Local override; error
    @(94.0500 mm, 70.8000 mm): Pad 62 [REFCLK_N] of U1 on F.Cu
    @(136.7500 mm, 62.7250 mm): Pad 53 [REFCLK_N] of J1 on F.Cu
[unconnected_items]: Missing connection between items
    Local override; error
    @(114.7500 mm, 62.7250 mm): Pad 2 [SSD_3V3] of J1 on F.Cu
    @(115.2500 mm, 62.7250 mm): Pad 4 [SSD_3V3] of J1 on F.Cu
[unconnected_items]: Missing connection between items
    Local override; error
    @(115.2500 mm, 62.7250 mm): Pad 4 [SSD_3V3] of J1 on F.Cu
    @(115.7500 mm, 62.7250 mm): Pad 6 [SSD_3V3] of J1 on F.Cu
[unconnected_items]: Missing connection between items
    Local override; error
    @(115.7500 mm, 62.7250 mm): Pad 6 [SSD_3V3] of J1 on F.Cu
    @(116.2500 mm, 62.7250 mm): Pad 8 [SSD_3V3] of J1 on F.Cu

** Found 0 Footprint errors **

** Ignored checks **
    - Footprint has no courtyard defined
    - Track endpoint not centered on via
    - Tuning profile track geometries
    - Footprint doesn't match symbol's footprint filters
    - Footprint component type doesn't match footprint pads

** End of Report **
