** Drc report for PHASE24_RTL9210B_LOCAL_OSCILLATOR.kicad_pcb **
** Created on 2026-09-06T23:25:52 **
** Report includes: Errors, Warnings **

** Found 6 DRC violations **
[shorting_items]: Items shorting two nets (nets XTAL_IN and GND)
    Local override; error
    @(69.4000 mm, 54.5000 mm): Track [XTAL_IN] on F.Cu, length 3.0000 mm
    @(67.6000 mm, 55.0000 mm): Pad 2 [GND] of C1 on F.Cu
[shorting_items]: Items shorting two nets (nets GND and XTAL_OUT)
    Local override; error
    @(73.6000 mm, 55.0000 mm): Pad 2 [GND] of C2 on F.Cu
    @(74.0000 mm, 59.6000 mm): Track [XTAL_OUT] on F.Cu, length 6.1000 mm
[shorting_items]: Items shorting two nets (nets RTL_1V1 and RSET)
    Local override; error
    @(77.2000 mm, 58.0500 mm): Pad 50 [RTL_1V1] of U1 on F.Cu
    @(76.8000 mm, 58.0500 mm): Track [RSET] on F.Cu, length 0.2000 mm
[tracks_crossing]: Tracks crossing
    Local override; error
    @(70.6000 mm, 53.5000 mm): Track [XTAL_OUT] on F.Cu, length 1.5000 mm
    @(75.0000 mm, 54.5000 mm): Track [XTAL_IN] on F.Cu, length 5.6000 mm
[shorting_items]: Items shorting two nets (nets RSET and RTL_1V1)
    Local override; error
    @(77.0000 mm, 58.0500 mm): Track [RSET] on F.Cu, length 8.0500 mm
    @(77.2000 mm, 58.0500 mm): Pad 50 [RTL_1V1] of U1 on F.Cu
[solder_mask_bridge]: Front solder mask aperture bridges items with different nets
    Rule: board setup solder mask min width; error
    @(74.0000 mm, 59.6000 mm): Track [XTAL_OUT] on F.Cu, length 6.1000 mm
    @(73.6000 mm, 55.0000 mm): Pad 2 [GND] of C2 on F.Cu

** Found 52 unconnected pads **
[unconnected_items]: Missing connection between items
    Local override; error
    @(70.6000 mm, 51.0000 mm): Pad 2 [GND] of R1 on F.Cu
    @(67.6000 mm, 55.0000 mm): Pad 2 [GND] of C1 on F.Cu
[unconnected_items]: Missing connection between items
    Local override; error
    @(73.6000 mm, 55.0000 mm): Pad 2 [GND] of C2 on F.Cu
    @(70.6000 mm, 51.0000 mm): Pad 2 [GND] of R1 on F.Cu
[unconnected_items]: Missing connection between items
    Local override; error
    @(73.6000 mm, 55.0000 mm): Pad 2 [GND] of C2 on F.Cu
    @(79.2000 mm, 58.0500 mm): Pad 45 [GND] of U1 on F.Cu
[unconnected_items]: Missing connection between items
    Local override; error
    @(76.0500 mm, 64.4000 mm): Pad 66 [GND] of U1 on F.Cu
    @(80.0000 mm, 62.0000 mm): Pad 69 [GND] of U1 on F.Cu
[unconnected_items]: Missing connection between items
    Local override; error
    @(79.2000 mm, 58.0500 mm): Pad 45 [GND] of U1 on F.Cu
    @(80.0000 mm, 62.0000 mm): Pad 69 [GND] of U1 on F.Cu
[unconnected_items]: Missing connection between items
    Local override; error
    @(80.0000 mm, 62.0000 mm): Pad 69 [GND] of U1 on F.Cu
    @(94.4000 mm, 58.0000 mm): Pad 4 [GND] of U2 on F.Cu
[unconnected_items]: Missing connection between items
    Local override; error
    @(94.4000 mm, 58.0000 mm): Pad 4 [GND] of U2 on F.Cu
    @(101.6000 mm, 51.0000 mm): Pad 2 [GND] of C3 on F.Cu
[unconnected_items]: Missing connection between items
    Local override; error
    @(94.4000 mm, 58.0000 mm): Pad 4 [GND] of U2 on F.Cu
    @(104.0000 mm, 78.0000 mm): Pad 1 [GND] of TP5 on F.Cu
[unconnected_items]: Missing connection between items
    Local override; error
    @(104.6000 mm, 51.0000 mm): Pad 2 [GND] of C4 on F.Cu
    @(101.6000 mm, 51.0000 mm): Pad 2 [GND] of C3 on F.Cu
[unconnected_items]: Missing connection between items
    Local override; error
    @(107.6000 mm, 51.0000 mm): Pad 2 [GND] of C5 on F.Cu
    @(104.6000 mm, 51.0000 mm): Pad 2 [GND] of C4 on F.Cu
[unconnected_items]: Missing connection between items
    Local override; error
    @(77.6000 mm, 65.9500 mm): Pad 3 [RESET_N] of U1 on F.Cu
    @(108.0000 mm, 78.0000 mm): Pad 1 [RESET_N] of TP6 on F.Cu
[unconnected_items]: Missing connection between items
    Local override; error
    @(83.9500 mm, 59.2000 mm): Pad 33 [RTL_5V] of U1 on F.Cu
    @(83.2000 mm, 65.9500 mm): Pad 17 [RTL_5V] of U1 on F.Cu
[unconnected_items]: Missing connection between items
    Local override; error
    @(106.4000 mm, 51.0000 mm): Pad 1 [RTL_5V] of C5 on F.Cu
    @(83.9500 mm, 59.2000 mm): Pad 33 [RTL_5V] of U1 on F.Cu
[unconnected_items]: Missing connection between items
    Local override; error
    @(81.6000 mm, 58.0500 mm): Pad 39 [RTL_3V3] of U1 on F.Cu
    @(76.0500 mm, 58.8000 mm): Pad 52 [RTL_3V3] of U1 on F.Cu
[unconnected_items]: Missing connection between items
    Local override; error
    @(83.9500 mm, 58.8000 mm): Pad 34 [RTL_3V3] of U1 on F.Cu
    @(81.6000 mm, 58.0500 mm): Pad 39 [RTL_3V3] of U1 on F.Cu
[unconnected_items]: Missing connection between items
    Local override; error
    @(83.9500 mm, 58.8000 mm): Pad 34 [RTL_3V3] of U1 on F.Cu
    @(83.9500 mm, 64.4000 mm): Pad 20 [RTL_3V3] of U1 on F.Cu
[unconnected_items]: Missing connection between items
    Local override; error
    @(93.2000 mm, 58.0000 mm): Pad 3 [RTL_3V3] of U2 on F.Cu
    @(83.9500 mm, 58.8000 mm): Pad 34 [RTL_3V3] of U1 on F.Cu
[unconnected_items]: Missing connection between items
    Local override; error
    @(99.2000 mm, 58.0000 mm): Pad 8 [RTL_3V3] of U2 on F.Cu
    @(93.2000 mm, 58.0000 mm): Pad 3 [RTL_3V3] of U2 on F.Cu
[unconnected_items]: Missing connection between items
    Local override; error
    @(99.2000 mm, 58.0000 mm): Pad 8 [RTL_3V3] of U2 on F.Cu
    @(100.4000 mm, 51.0000 mm): Pad 1 [RTL_3V3] of C3 on F.Cu
[unconnected_items]: Missing connection between items
    Local override; error
    @(110.6000 mm, 51.0000 mm): Pad 2 [RTL_3V3] of R2 on F.Cu
    @(100.4000 mm, 51.0000 mm): Pad 1 [RTL_3V3] of C3 on F.Cu
[unconnected_items]: Missing connection between items
    Local override; error
    @(113.6000 mm, 51.0000 mm): Pad 2 [RTL_3V3] of R3 on F.Cu
    @(110.6000 mm, 51.0000 mm): Pad 2 [RTL_3V3] of R2 on F.Cu
[unconnected_items]: Missing connection between items
    Local override; error
    @(76.0500 mm, 60.0000 mm): Pad 55 [RTL_1V1] of U1 on F.Cu
    @(76.0500 mm, 62.0000 mm): Pad 60 [RTL_1V1] of U1 on F.Cu
[unconnected_items]: Missing connection between items
    Local override; error
    @(76.0500 mm, 62.0000 mm): Pad 60 [RTL_1V1] of U1 on F.Cu
    @(76.0500 mm, 63.2000 mm): Pad 63 [RTL_1V1] of U1 on F.Cu
[unconnected_items]: Missing connection between items
    Local override; error
    @(77.2000 mm, 58.0500 mm): Pad 50 [RTL_1V1] of U1 on F.Cu
    @(76.0500 mm, 60.0000 mm): Pad 55 [RTL_1V1] of U1 on F.Cu
[unconnected_items]: Missing connection between items
    Local override; error
    @(81.2000 mm, 58.0500 mm): Pad 40 [RTL_1V1] of U1 on F.Cu
    @(77.2000 mm, 58.0500 mm): Pad 50 [RTL_1V1] of U1 on F.Cu
[unconnected_items]: Missing connection between items
    Local override; error
    @(82.8000 mm, 58.0500 mm): Pad 36 [RTL_1V1] of U1 on F.Cu
    @(81.2000 mm, 58.0500 mm): Pad 40 [RTL_1V1] of U1 on F.Cu
[unconnected_items]: Missing connection between items
    Local override; error
    @(83.9500 mm, 62.4000 mm): Pad 25 [RTL_1V1] of U1 on F.Cu
    @(82.8000 mm, 65.9500 mm): Pad 16 [RTL_1V1] of U1 on F.Cu
[unconnected_items]: Missing connection between items
    Local override; error
    @(83.9500 mm, 62.4000 mm): Pad 25 [RTL_1V1] of U1 on F.Cu
    @(82.8000 mm, 58.0500 mm): Pad 36 [RTL_1V1] of U1 on F.Cu
[unconnected_items]: Missing connection between items
    Local override; error
    @(103.4000 mm, 51.0000 mm): Pad 1 [RTL_1V1] of C4 on F.Cu
    @(82.8000 mm, 58.0500 mm): Pad 36 [RTL_1V1] of U1 on F.Cu
[unconnected_items]: Missing connection between items
    Local override; error
    @(114.7500 mm, 62.7250 mm): Pad 2 [SSD_3V3] of J1 on F.Cu
    @(115.2500 mm, 62.7250 mm): Pad 4 [SSD_3V3] of J1 on F.Cu
[unconnected_items]: Missing connection between items
    Local override; error
    @(115.2500 mm, 62.7250 mm): Pad 4 [SSD_3V3] of J1 on F.Cu
    @(115.7500 mm, 62.7250 mm): Pad 6 [SSD_3V3] of J1 on F.Cu
[unconnected_items]: Missing connection between items
    Local override; error
    @(115.7500 mm, 62.7250 mm): Pad 6 [SSD_3V3] of J1 on F.Cu
    @(116.2500 mm, 62.7250 mm): Pad 8 [SSD_3V3] of J1 on F.Cu
[unconnected_items]: Missing connection between items
    Local override; error
    @(109.4000 mm, 51.0000 mm): Pad 1 [PEDET] of R2 on F.Cu
    @(79.6000 mm, 65.9500 mm): Pad 8 [PEDET] of U1 on F.Cu
[unconnected_items]: Missing connection between items
    Local override; error
    @(140.7500 mm, 62.7250 mm): Pad 69 [PEDET] of J1 on F.Cu
    @(109.4000 mm, 51.0000 mm): Pad 1 [PEDET] of R2 on F.Cu
[unconnected_items]: Missing connection between items
    Local override; error
    @(76.0500 mm, 65.2000 mm): Pad 68 [LANE0_TXP] of U1 on F.Cu
    @(135.7500 mm, 62.7250 mm): Pad 49 [LANE0_TXP] of J1 on F.Cu
[unconnected_items]: Missing connection between items
    Local override; error
    @(76.0500 mm, 64.8000 mm): Pad 67 [LANE0_TXN] of U1 on F.Cu
    @(135.2500 mm, 62.7250 mm): Pad 47 [LANE0_TXN] of J1 on F.Cu
[unconnected_items]: Missing connection between items
    Local override; error
    @(76.0500 mm, 63.6000 mm): Pad 64 [LANE0_RXP] of U1 on F.Cu
    @(134.2500 mm, 62.7250 mm): Pad 43 [LANE0_RXP] of J1 on F.Cu
[unconnected_items]: Missing connection between items
    Local override; error
    @(76.0500 mm, 64.0000 mm): Pad 65 [LANE0_RXN] of U1 on F.Cu
    @(133.7500 mm, 62.7250 mm): Pad 41 [LANE0_RXN] of J1 on F.Cu
[unconnected_items]: Missing connection between items
    Local override; error
    @(76.0500 mm, 62.4000 mm): Pad 61 [REFCLK_P] of U1 on F.Cu
    @(137.2500 mm, 62.7250 mm): Pad 55 [REFCLK_P] of J1 on F.Cu
[unconnected_items]: Missing connection between items
    Local override; error
    @(76.0500 mm, 62.8000 mm): Pad 62 [REFCLK_N] of U1 on F.Cu
    @(136.7500 mm, 62.7250 mm): Pad 53 [REFCLK_N] of J1 on F.Cu
[unconnected_items]: Missing connection between items
    Local override; error
    @(82.0000 mm, 65.9500 mm): Pad 14 [PERST_N] of U1 on F.Cu
    @(136.0000 mm, 70.2750 mm): Pad 50 [PERST_N] of J1 on F.Cu
[unconnected_items]: Missing connection between items
    Local override; error
    @(112.4000 mm, 51.0000 mm): Pad 1 [CLKREQ_N] of R3 on F.Cu
    @(81.6000 mm, 65.9500 mm): Pad 13 [CLKREQ_N] of U1 on F.Cu
[unconnected_items]: Missing connection between items
    Local override; error
    @(136.5000 mm, 70.2750 mm): Pad 52 [CLKREQ_N] of J1 on F.Cu
    @(112.4000 mm, 51.0000 mm): Pad 1 [CLKREQ_N] of R3 on F.Cu
[unconnected_items]: Missing connection between items
    Local override; error
    @(83.9500 mm, 62.8000 mm): Pad 24 [SPICS] of U1 on F.Cu
    @(88.0000 mm, 78.0000 mm): Pad 1 [SPICS] of TP1 on F.Cu
[unconnected_items]: Missing connection between items
    Local override; error
    @(90.8000 mm, 58.0000 mm): Pad 1 [SPICS] of U2 on F.Cu
    @(83.9500 mm, 62.8000 mm): Pad 24 [SPICS] of U1 on F.Cu
[unconnected_items]: Missing connection between items
    Local override; error
    @(83.9500 mm, 64.8000 mm): Pad 19 [SPICLK] of U1 on F.Cu
    @(92.0000 mm, 78.0000 mm): Pad 1 [SPICLK] of TP2 on F.Cu
[unconnected_items]: Missing connection between items
    Local override; error
    @(96.8000 mm, 58.0000 mm): Pad 6 [SPICLK] of U2 on F.Cu
    @(83.9500 mm, 64.8000 mm): Pad 19 [SPICLK] of U1 on F.Cu
[unconnected_items]: Missing connection between items
    Local override; error
    @(83.9500 mm, 65.2000 mm): Pad 18 [SPISI] of U1 on F.Cu
    @(96.0000 mm, 78.0000 mm): Pad 1 [SPISI] of TP3 on F.Cu
[unconnected_items]: Missing connection between items
    Local override; error
    @(95.6000 mm, 58.0000 mm): Pad 5 [SPISI] of U2 on F.Cu
    @(83.9500 mm, 65.2000 mm): Pad 18 [SPISI] of U1 on F.Cu
[unconnected_items]: Missing connection between items
    Local override; error
    @(92.0000 mm, 58.0000 mm): Pad 2 [SPISO] of U2 on F.Cu
    @(83.9500 mm, 63.2000 mm): Pad 23 [SPISO] of U1 on F.Cu
[unconnected_items]: Missing connection between items
    Local override; error
    @(100.0000 mm, 78.0000 mm): Pad 1 [SPISO] of TP4 on F.Cu
    @(92.0000 mm, 58.0000 mm): Pad 2 [SPISO] of U2 on F.Cu
[unconnected_items]: Missing connection between items
    Local override; error
    @(83.9500 mm, 63.6000 mm): Pad 22 [SPISO3] of U1 on F.Cu
    @(98.0000 mm, 58.0000 mm): Pad 7 [SPISO3] of U2 on F.Cu

** Found 0 Footprint errors **

** Ignored checks **
    - Footprint has no courtyard defined
    - Track endpoint not centered on via
    - Tuning profile track geometries
    - Footprint doesn't match symbol's footprint filters
    - Footprint component type doesn't match footprint pads

** End of Report **
