** Drc report for PHASE24_RTL9210B_XTALOUT_NORTHWEST_V1427.kicad_pcb **
** Created on 2026-09-09T21:33:50 **
** Report includes: Errors, Warnings **

** Found 17 DRC violations **
[shorting_items]: Items shorting two nets (nets XTAL_OUT and RTL_3V3)
    Local override; error
    @(93.4000 mm, 66.8000 mm): Via [XTAL_OUT] on F.Cu - B.Cu
    @(94.0500 mm, 66.8000 mm): Pad 52 [RTL_3V3] of U1 on F.Cu
[clearance]: Clearance violation ( clearance 0.2000 mm; actual 0.0328 mm)
    Local override; error
    @(94.0500 mm, 67.6000 mm): Track [XTAL_OUT] on F.Cu, length 1.0308 mm
    @(94.0500 mm, 66.8000 mm): Pad 52 [RTL_3V3] of U1 on F.Cu
[tracks_crossing]: Tracks crossing
    Local override; error
    @(93.0000 mm, 66.8000 mm): Track [RTL_3V3] on B.Cu, length 6.6000 mm
    @(93.4000 mm, 66.8000 mm): Track [XTAL_OUT] on B.Cu, length 3.4000 mm
[shorting_items]: Items shorting two nets (nets XTAL_OUT and RTL_3V3)
    Local override; error
    @(94.0500 mm, 67.6000 mm): Track [XTAL_OUT] on F.Cu, length 1.0308 mm
    @(93.0000 mm, 66.8000 mm): Via [RTL_3V3] on F.Cu - B.Cu
[tracks_crossing]: Tracks crossing
    Local override; error
    @(94.0500 mm, 67.6000 mm): Track [XTAL_OUT] on F.Cu, length 1.0308 mm
    @(94.0500 mm, 66.8000 mm): Track [RTL_3V3] on F.Cu, length 1.0500 mm
[shorting_items]: Items shorting two nets (nets XTAL_OUT and RTL_3V3)
    Local override; error
    @(93.4000 mm, 66.8000 mm): Track [XTAL_OUT] on B.Cu, length 3.4000 mm
    @(93.0000 mm, 66.8000 mm): Via [RTL_3V3] on F.Cu - B.Cu
[shorting_items]: Items shorting two nets (nets XTAL_OUT and RTL_3V3)
    Local override; error
    @(93.4000 mm, 66.8000 mm): Via [XTAL_OUT] on F.Cu - B.Cu
    @(93.0000 mm, 66.8000 mm): Via [RTL_3V3] on F.Cu - B.Cu
[shorting_items]: Items shorting two nets (nets XTAL_OUT and RTL_3V3)
    Local override; error
    @(93.4000 mm, 66.8000 mm): Via [XTAL_OUT] on F.Cu - B.Cu
    @(93.0000 mm, 66.8000 mm): Via [RTL_3V3] on F.Cu - B.Cu
[shorting_items]: Items shorting two nets (nets XTAL_OUT and RTL_3V3)
    Local override; error
    @(93.4000 mm, 66.8000 mm): Via [XTAL_OUT] on F.Cu - B.Cu
    @(93.0000 mm, 66.8000 mm): Via [RTL_3V3] on F.Cu - B.Cu
[shorting_items]: Items shorting two nets (nets XTAL_OUT and RTL_3V3)
    Local override; error
    @(93.4000 mm, 66.8000 mm): Via [XTAL_OUT] on F.Cu - B.Cu
    @(93.0000 mm, 66.8000 mm): Via [RTL_3V3] on F.Cu - B.Cu
[tracks_crossing]: Tracks crossing
    Local override; error
    @(88.0000 mm, 70.0000 mm): Track [RTL_1V1] on B.Cu, length 12.0000 mm
    @(90.0000 mm, 66.8000 mm): Track [XTAL_OUT] on B.Cu, length 4.0000 mm
[tracks_crossing]: Tracks crossing
    Local override; error
    @(94.0000 mm, 62.0000 mm): Track [GND] on B.Cu, length 6.9311 mm
    @(90.0000 mm, 66.8000 mm): Track [XTAL_OUT] on B.Cu, length 4.0000 mm
[shorting_items]: Items shorting two nets (nets XTAL_OUT and GND)
    Local override; error
    @(90.0000 mm, 66.8000 mm): Track [XTAL_OUT] on B.Cu, length 4.0000 mm
    @(89.2000 mm, 67.0000 mm): Via [GND] on F.Cu - B.Cu
[hole_clearance]: Hole clearance violation (board setup constraints hole clearance 0.2500 mm; actual 0.0500 mm)
    Rule: board setup constraints hole; error
    @(94.0500 mm, 66.8000 mm): Pad 52 [RTL_3V3] of U1 on F.Cu
    @(93.4000 mm, 66.8000 mm): Via [XTAL_OUT] on F.Cu - B.Cu
[solder_mask_bridge]: Front solder mask aperture bridges items with different nets
    Rule: board setup solder mask min width; error
    @(94.0500 mm, 67.6000 mm): Track [XTAL_OUT] on F.Cu, length 1.0308 mm
    @(94.0500 mm, 67.2000 mm): Pad 53 [XTAL_IN] of U1 on F.Cu
[solder_mask_bridge]: Front solder mask aperture bridges items with different nets
    Rule: board setup solder mask min width; error
    @(93.4000 mm, 66.8000 mm): Via [XTAL_OUT] on F.Cu - B.Cu
    @(94.0500 mm, 66.8000 mm): Pad 52 [RTL_3V3] of U1 on F.Cu
[hole_to_hole]: Drilled hole too close to other hole (board setup constraints min 0.2495 mm; actual 0.1000 mm)
    Rule: board setup constraints; warning
    @(93.4000 mm, 66.8000 mm): Via [XTAL_OUT] on F.Cu - B.Cu
    @(93.0000 mm, 66.8000 mm): Via [RTL_3V3] on F.Cu - B.Cu

** Found 12 unconnected pads **
[unconnected_items]: Missing connection between items
    Local override; error
    @(94.0500 mm, 70.0000 mm): Track [RTL_1V1] on F.Cu, length 6.0500 mm
    @(94.0500 mm, 71.2000 mm): Pad 63 [RTL_1V1] of U1 on F.Cu
[unconnected_items]: Missing connection between items
    Local override; error
    @(94.0000 mm, 62.0000 mm): Track [GND] on B.Cu, length 6.9311 mm
    @(97.2000 mm, 66.0500 mm): Pad 45 [GND] of U1 on F.Cu
[unconnected_items]: Missing connection between items
    Local override; error
    @(94.0500 mm, 72.4000 mm): Pad 66 [GND] of U1 on F.Cu
    @(98.0000 mm, 70.0000 mm): Pad 69 [GND] of U1 on F.Cu
[unconnected_items]: Missing connection between items
    Local override; error
    @(97.2000 mm, 66.0500 mm): Pad 45 [GND] of U1 on F.Cu
    @(98.0000 mm, 70.0000 mm): Pad 69 [GND] of U1 on F.Cu
[unconnected_items]: Missing connection between items
    Local override; error
    @(88.0000 mm, 65.0000 mm): Pad 1 [RSET] of R1 on F.Cu
    @(94.8000 mm, 66.0500 mm): Pad 51 [RSET] of U1 on F.Cu
[unconnected_items]: Missing connection between items
    Local override; error
    @(88.0000 mm, 59.0000 mm): Pad 1 [XTAL_IN] of Y1 on F.Cu
    @(88.0000 mm, 62.0000 mm): Pad 1 [XTAL_IN] of C1 on F.Cu
[unconnected_items]: Missing connection between items
    Local override; error
    @(88.0000 mm, 62.0000 mm): Pad 1 [XTAL_IN] of C1 on F.Cu
    @(94.0500 mm, 67.2000 mm): Pad 53 [XTAL_IN] of U1 on F.Cu
[unconnected_items]: Missing connection between items
    Local override; error
    @(94.0500 mm, 70.4000 mm): Pad 61 [REFCLK_P] of U1 on F.Cu
    @(137.2500 mm, 62.7250 mm): Pad 55 [REFCLK_P] of J1 on F.Cu
[unconnected_items]: Missing connection between items
    Local override; error
    @(94.0500 mm, 70.8000 mm): Pad 62 [REFCLK_N] of U1 on F.Cu
    @(136.7500 mm, 62.7250 mm): Pad 53 [REFCLK_N] of J1 on F.Cu
[unconnected_items]: Missing connection between items
    Local override; error
    @(114.7500 mm, 62.7250 mm): Pad 2 [SSD_3V3] of J1 on F.Cu
    @(115.2500 mm, 62.7250 mm): Pad 4 [SSD_3V3] of J1 on F.Cu
[unconnected_items]: Missing connection between items
    Local override; error
    @(115.2500 mm, 62.7250 mm): Pad 4 [SSD_3V3] of J1 on F.Cu
    @(115.7500 mm, 62.7250 mm): Pad 6 [SSD_3V3] of J1 on F.Cu
[unconnected_items]: Missing connection between items
    Local override; error
    @(115.7500 mm, 62.7250 mm): Pad 6 [SSD_3V3] of J1 on F.Cu
    @(116.2500 mm, 62.7250 mm): Pad 8 [SSD_3V3] of J1 on F.Cu

** Found 0 Footprint errors **

** Ignored checks **
    - Footprint has no courtyard defined
    - Track endpoint not centered on via
    - Tuning profile track geometries
    - Footprint doesn't match symbol's footprint filters
    - Footprint component type doesn't match footprint pads

** End of Report **
