** Drc report for PHASE24_RTL9210B_SUPPORT_BRANCH_OUTBOARD_V2.kicad_pcb **
** Created on 2026-09-07T03:59:50 **
** Report includes: Errors, Warnings **

** Found 11 DRC violations **
[clearance]: Clearance violation ( clearance 0.2000 mm; actual 0.1000 mm)
    Local override; error
    @(143.0000 mm, 42.0000 mm): Via [GND] on F.Cu - B.Cu
    @(68.0000 mm, 42.5000 mm): Track [PEDET] on F.Cu, length 76.0000 mm
[shorting_items]: Items shorting two nets (nets RTL_1V1 and CLKREQ_N)
    Local override; error
    @(81.2000 mm, 56.5000 mm): Via [RTL_1V1] on F.Cu - B.Cu
    @(81.6000 mm, 69.5000 mm): Track [CLKREQ_N] on B.Cu, length 23.5000 mm
[starved_thermal]: Thermal relief connection to zone incomplete (layer F.Cu; zone min spoke count 2; actual 1)
    Local override; error
    @(65.5000 mm, 40.5000 mm): Zone [GND] on F.Cu, priority 0
    @(67.6000 mm, 55.0000 mm): Pad 2 [GND] of C1 on F.Cu
[via_dangling]: Via is not connected or connected on only one layer
    Local override; warning
    @(68.0000 mm, 48.0000 mm): Via [PEDET] on F.Cu - B.Cu
[track_dangling]: Track has unconnected end
    Local override; warning
    @(81.6000 mm, 69.5000 mm): Track [CLKREQ_N] on B.Cu, length 23.5000 mm
[track_dangling]: Track has unconnected end
    Local override; warning
    @(83.5000 mm, 56.8000 mm): Track [RTL_1V1] on B.Cu, length 12.8000 mm
[via_dangling]: Via is not connected or connected on only one layer
    Local override; warning
    @(83.6000 mm, 67.0000 mm): Via [RTL_5V] on F.Cu - B.Cu
[track_dangling]: Track has unconnected end
    Local override; warning
    @(72.2000 mm, 42.0000 mm): Track [RTL_3V3] on F.Cu, length 9.8000 mm
[via_dangling]: Via is not connected or connected on only one layer
    Local override; warning
    @(82.0000 mm, 42.0000 mm): Via [RTL_3V3] on F.Cu - B.Cu
[silk_over_copper]: Silkscreen clipped by solder mask
    Local override; warning
    @(115.0000 mm, 78.5000 mm): Reference field of U2
    @(116.0000 mm, 78.0000 mm): Pad 1 [UART_RX] of TP8 on F.Cu
[copper_sliver]: Copper sliver (B.Cu)
    Local override; warning

** Found 37 unconnected pads **
[unconnected_items]: Missing connection between items
    Local override; error
    @(83.9500 mm, 62.8000 mm): Pad 24 [SPICS] of U1 on F.Cu
    @(88.0000 mm, 78.0000 mm): Pad 1 [SPICS] of TP1 on F.Cu
[unconnected_items]: Missing connection between items
    Local override; error
    @(88.0000 mm, 78.0000 mm): Pad 1 [SPICS] of TP1 on F.Cu
    @(110.8000 mm, 80.0000 mm): Pad 1 [SPICS] of U2 on F.Cu
[unconnected_items]: Missing connection between items
    Local override; error
    @(83.9500 mm, 63.2000 mm): Pad 23 [SPISO] of U1 on F.Cu
    @(100.0000 mm, 78.0000 mm): Pad 1 [SPISO] of TP4 on F.Cu
[unconnected_items]: Missing connection between items
    Local override; error
    @(100.0000 mm, 78.0000 mm): Pad 1 [SPISO] of TP4 on F.Cu
    @(112.0000 mm, 80.0000 mm): Pad 2 [SPISO] of U2 on F.Cu
[unconnected_items]: Missing connection between items
    Local override; error
    @(79.6000 mm, 68.5000 mm): Via [PEDET] on F.Cu - B.Cu
    @(91.0000 mm, 70.0000 mm): Pad 1 [PEDET] of R2 on F.Cu
[unconnected_items]: Missing connection between items
    Local override; error
    @(94.0000 mm, 70.0000 mm): Pad 1 [CLKREQ_N] of R3 on F.Cu
    @(81.6000 mm, 69.5000 mm): Track [CLKREQ_N] on B.Cu, length 4.5000 mm
[unconnected_items]: Missing connection between items
    Local override; error
    @(82.8000 mm, 65.9500 mm): Track [RTL_1V1] on F.Cu, length 1.5500 mm
    @(83.9500 mm, 62.4000 mm): Pad 25 [RTL_1V1] of U1 on F.Cu
[unconnected_items]: Missing connection between items
    Local override; error
    @(123.4000 mm, 73.0000 mm): Pad 1 [RTL_1V1] of C4 on F.Cu
    @(80.5000 mm, 68.5000 mm): Track [RTL_1V1] on B.Cu, length 2.3000 mm
[unconnected_items]: Missing connection between items
    Local override; error
    @(83.6000 mm, 67.0000 mm): Via [RTL_5V] on F.Cu - B.Cu
    @(126.4000 mm, 73.0000 mm): Pad 1 [RTL_5V] of C5 on F.Cu
[unconnected_items]: Missing connection between items
    Local override; error
    @(83.9500 mm, 59.2000 mm): Pad 33 [RTL_5V] of U1 on F.Cu
    @(83.6000 mm, 65.9500 mm): Track [RTL_5V] on F.Cu, length 1.0500 mm
[unconnected_items]: Missing connection between items
    Local override; error
    @(83.9500 mm, 65.2000 mm): Pad 18 [SPISI] of U1 on F.Cu
    @(96.0000 mm, 78.0000 mm): Pad 1 [SPISI] of TP3 on F.Cu
[unconnected_items]: Missing connection between items
    Local override; error
    @(96.0000 mm, 78.0000 mm): Pad 1 [SPISI] of TP3 on F.Cu
    @(115.6000 mm, 80.0000 mm): Pad 5 [SPISI] of U2 on F.Cu
[unconnected_items]: Missing connection between items
    Local override; error
    @(83.9500 mm, 64.8000 mm): Pad 19 [SPICLK] of U1 on F.Cu
    @(92.0000 mm, 78.0000 mm): Pad 1 [SPICLK] of TP2 on F.Cu
[unconnected_items]: Missing connection between items
    Local override; error
    @(92.0000 mm, 78.0000 mm): Pad 1 [SPICLK] of TP2 on F.Cu
    @(116.8000 mm, 80.0000 mm): Pad 6 [SPICLK] of U2 on F.Cu
[unconnected_items]: Missing connection between items
    Local override; error
    @(81.6000 mm, 58.0500 mm): Pad 39 [RTL_3V3] of U1 on F.Cu
    @(76.0500 mm, 58.8000 mm): Pad 52 [RTL_3V3] of U1 on F.Cu
[unconnected_items]: Missing connection between items
    Local override; error
    @(81.6000 mm, 58.0500 mm): Pad 39 [RTL_3V3] of U1 on F.Cu
    @(72.2000 mm, 42.0000 mm): Track [RTL_3V3] on F.Cu, length 9.8000 mm
[unconnected_items]: Missing connection between items
    Local override; error
    @(83.9500 mm, 58.8000 mm): Pad 34 [RTL_3V3] of U1 on F.Cu
    @(81.6000 mm, 58.0500 mm): Pad 39 [RTL_3V3] of U1 on F.Cu
[unconnected_items]: Missing connection between items
    Local override; error
    @(83.9500 mm, 64.4000 mm): Pad 20 [RTL_3V3] of U1 on F.Cu
    @(83.9500 mm, 58.8000 mm): Pad 34 [RTL_3V3] of U1 on F.Cu
[unconnected_items]: Missing connection between items
    Local override; error
    @(83.9500 mm, 64.4000 mm): Pad 20 [RTL_3V3] of U1 on F.Cu
    @(92.2000 mm, 70.0000 mm): Pad 2 [RTL_3V3] of R2 on F.Cu
[unconnected_items]: Missing connection between items
    Local override; error
    @(95.2000 mm, 70.0000 mm): Pad 2 [RTL_3V3] of R3 on F.Cu
    @(92.2000 mm, 70.0000 mm): Pad 2 [RTL_3V3] of R2 on F.Cu
[unconnected_items]: Missing connection between items
    Local override; error
    @(113.2000 mm, 80.0000 mm): Pad 3 [RTL_3V3] of U2 on F.Cu
    @(119.2000 mm, 80.0000 mm): Pad 8 [RTL_3V3] of U2 on F.Cu
[unconnected_items]: Missing connection between items
    Local override; error
    @(113.2000 mm, 80.0000 mm): Pad 3 [RTL_3V3] of U2 on F.Cu
    @(95.2000 mm, 70.0000 mm): Pad 2 [RTL_3V3] of R3 on F.Cu
[unconnected_items]: Missing connection between items
    Local override; error
    @(119.2000 mm, 80.0000 mm): Pad 8 [RTL_3V3] of U2 on F.Cu
    @(120.4000 mm, 73.0000 mm): Pad 1 [RTL_3V3] of C3 on F.Cu
[unconnected_items]: Missing connection between items
    Local override; error
    @(83.9500 mm, 63.6000 mm): Pad 22 [SPISO3] of U1 on F.Cu
    @(118.0000 mm, 80.0000 mm): Pad 7 [SPISO3] of U2 on F.Cu
[unconnected_items]: Missing connection between items
    Local override; error
    @(76.0500 mm, 64.4000 mm): Pad 66 [GND] of U1 on F.Cu
    @(80.0000 mm, 62.0000 mm): Pad 69 [GND] of U1 on F.Cu
[unconnected_items]: Missing connection between items
    Local override; error
    @(65.5000 mm, 40.5000 mm): Zone [GND] on F.Cu, priority 0
    @(79.2000 mm, 58.0500 mm): Pad 45 [GND] of U1 on F.Cu
[unconnected_items]: Missing connection between items
    Local override; error
    @(80.0000 mm, 62.0000 mm): Pad 69 [GND] of U1 on F.Cu
    @(79.2000 mm, 58.0500 mm): Pad 45 [GND] of U1 on F.Cu
[unconnected_items]: Missing connection between items
    Local override; error
    @(69.4000 mm, 51.0000 mm): Pad 1 [RSET] of R1 on F.Cu
    @(76.8000 mm, 58.0500 mm): Pad 51 [RSET] of U1 on F.Cu
[unconnected_items]: Missing connection between items
    Local override; error
    @(76.0500 mm, 62.4000 mm): Pad 61 [REFCLK_P] of U1 on F.Cu
    @(137.2500 mm, 62.7250 mm): Pad 55 [REFCLK_P] of J1 on F.Cu
[unconnected_items]: Missing connection between items
    Local override; error
    @(76.0500 mm, 62.8000 mm): Pad 62 [REFCLK_N] of U1 on F.Cu
    @(136.7500 mm, 62.7250 mm): Pad 53 [REFCLK_N] of J1 on F.Cu
[unconnected_items]: Missing connection between items
    Local override; error
    @(76.0500 mm, 63.6000 mm): Pad 64 [LANE0_RXP] of U1 on F.Cu
    @(134.2500 mm, 62.7250 mm): Pad 43 [LANE0_RXP] of J1 on F.Cu
[unconnected_items]: Missing connection between items
    Local override; error
    @(76.0500 mm, 64.0000 mm): Pad 65 [LANE0_RXN] of U1 on F.Cu
    @(133.7500 mm, 62.7250 mm): Pad 41 [LANE0_RXN] of J1 on F.Cu
[unconnected_items]: Missing connection between items
    Local override; error
    @(76.0500 mm, 64.8000 mm): Pad 67 [LANE0_TXN] of U1 on F.Cu
    @(135.2500 mm, 62.7250 mm): Pad 47 [LANE0_TXN] of J1 on F.Cu
[unconnected_items]: Missing connection between items
    Local override; error
    @(76.0500 mm, 65.2000 mm): Pad 68 [LANE0_TXP] of U1 on F.Cu
    @(135.7500 mm, 62.7250 mm): Pad 49 [LANE0_TXP] of J1 on F.Cu
[unconnected_items]: Missing connection between items
    Local override; error
    @(114.7500 mm, 62.7250 mm): Pad 2 [SSD_3V3] of J1 on F.Cu
    @(115.2500 mm, 62.7250 mm): Pad 4 [SSD_3V3] of J1 on F.Cu
[unconnected_items]: Missing connection between items
    Local override; error
    @(115.2500 mm, 62.7250 mm): Pad 4 [SSD_3V3] of J1 on F.Cu
    @(115.7500 mm, 62.7250 mm): Pad 6 [SSD_3V3] of J1 on F.Cu
[unconnected_items]: Missing connection between items
    Local override; error
    @(115.7500 mm, 62.7250 mm): Pad 6 [SSD_3V3] of J1 on F.Cu
    @(116.2500 mm, 62.7250 mm): Pad 8 [SSD_3V3] of J1 on F.Cu

** Found 0 Footprint errors **

** Ignored checks **
    - Footprint has no courtyard defined
    - Track endpoint not centered on via
    - Tuning profile track geometries
    - Footprint doesn't match symbol's footprint filters
    - Footprint component type doesn't match footprint pads

** End of Report **
