** Drc report for PHASE24_RTL9210B_MANUAL_J1_MONOTONIC_V1595.kicad_pcb **
** Created on 2026-09-10T09:38:55 **
** Report includes: Errors, Warnings **

** Found 34 DRC violations **
[tracks_crossing]: Tracks crossing
    Local override; error
    @(85.0000 mm, 72.8000 mm): Track [LANE0_TXN] on F.Cu, length 7.9649 mm
    @(94.0500 mm, 72.0000 mm): Track [LANE0_RXN] on F.Cu, length 9.0500 mm
[tracks_crossing]: Tracks crossing
    Local override; error
    @(85.0000 mm, 72.0000 mm): Track [LANE0_RXN] on F.Cu, length 6.8877 mm
    @(94.0500 mm, 71.6000 mm): Track [LANE0_RXP] on F.Cu, length 9.0500 mm
[tracks_crossing]: Tracks crossing
    Local override; error
    @(85.0000 mm, 73.2000 mm): Track [LANE0_TXP] on F.Cu, length 8.7201 mm
    @(94.0500 mm, 72.8000 mm): Track [LANE0_TXN] on F.Cu, length 9.0500 mm
[tracks_crossing]: Tracks crossing
    Local override; error
    @(85.0000 mm, 72.0000 mm): Track [LANE0_RXN] on F.Cu, length 6.8877 mm
    @(94.0500 mm, 70.8000 mm): Track [REFCLK_N] on F.Cu, length 9.0500 mm
[tracks_crossing]: Tracks crossing
    Local override; error
    @(85.0000 mm, 72.0000 mm): Track [LANE0_RXN] on F.Cu, length 6.8877 mm
    @(94.0500 mm, 70.4000 mm): Track [REFCLK_P] on F.Cu, length 9.0500 mm
[tracks_crossing]: Tracks crossing
    Local override; error
    @(85.0000 mm, 70.4000 mm): Track [REFCLK_P] on F.Cu, length 11.5948 mm
    @(85.0000 mm, 70.8000 mm): Track [REFCLK_N] on F.Cu, length 9.8509 mm
[tracks_crossing]: Tracks crossing
    Local override; error
    @(86.0000 mm, 65.0000 mm): Track [LANE0_RXP] on B.Cu, length 48.2500 mm
    @(114.0000 mm, 62.8000 mm): Track [RTL_3V3] on B.Cu, length 3.2000 mm
[tracks_crossing]: Tracks crossing
    Local override; error
    @(82.0000 mm, 59.2000 mm): Track [REFCLK_P] on B.Cu, length 55.2500 mm
    @(108.0000 mm, 62.8000 mm): Track [RTL_3V3] on B.Cu, length 12.8000 mm
[tracks_crossing]: Tracks crossing
    Local override; error
    @(123.0000 mm, 77.2000 mm): Track [RTL_3V3] on B.Cu, length 14.4000 mm
    @(86.0000 mm, 65.0000 mm): Track [LANE0_RXP] on B.Cu, length 48.2500 mm
[tracks_crossing]: Tracks crossing
    Local override; error
    @(82.0000 mm, 59.2000 mm): Track [REFCLK_P] on B.Cu, length 55.2500 mm
    @(112.0000 mm, 64.8000 mm): Track [RTL_1V1] on B.Cu, length 12.8000 mm
[clearance]: Clearance violation ( clearance 0.2000 mm; actual 0.1000 mm)
    Local override; error
    @(133.7500 mm, 65.8000 mm): Track [LANE0_RXN] on F.Cu, length 3.0750 mm
    @(134.2500 mm, 65.0000 mm): Via [LANE0_RXP] on F.Cu - B.Cu
[clearance]: Clearance violation ( clearance 0.2000 mm; actual 0.1000 mm)
    Local override; error
    @(136.7500 mm, 61.0000 mm): Via [REFCLK_N] on F.Cu - B.Cu
    @(137.2500 mm, 59.2000 mm): Track [REFCLK_P] on F.Cu, length 3.5250 mm
[tracks_crossing]: Tracks crossing
    Local override; error
    @(82.0000 mm, 59.2000 mm): Track [REFCLK_P] on B.Cu, length 55.2500 mm
    @(128.0000 mm, 72.0000 mm): Track [CLKREQ_N] on B.Cu, length 14.0000 mm
[clearance]: Clearance violation ( clearance 0.2000 mm; actual 0.1091 mm)
    Local override; error
    @(85.0000 mm, 70.8000 mm): Pad 62 [REFCLK_N] of JH1 on F.Cu
    @(85.0000 mm, 72.0000 mm): Track [LANE0_RXN] on F.Cu, length 6.8877 mm
[shorting_items]: Items shorting two nets (nets RTL_1V1 and LANE0_RXP)
    Local override; error
    @(112.0000 mm, 64.8000 mm): Via [RTL_1V1] on F.Cu - B.Cu
    @(86.0000 mm, 65.0000 mm): Track [LANE0_RXP] on B.Cu, length 48.2500 mm
[shorting_items]: Items shorting two nets (nets LANE0_RXP and LANE0_RXN)
    Local override; error
    @(85.0000 mm, 71.6000 mm): Track [LANE0_RXP] on F.Cu, length 6.6753 mm
    @(85.0000 mm, 72.0000 mm): Track [LANE0_RXN] on F.Cu, length 6.8877 mm
[clearance]: Clearance violation ( clearance 0.2000 mm; actual 0.1059 mm)
    Local override; error
    @(85.0000 mm, 72.0000 mm): Pad 65 [LANE0_RXN] of JH1 on F.Cu
    @(85.0000 mm, 72.8000 mm): Track [LANE0_TXN] on F.Cu, length 7.9649 mm
[shorting_items]: Items shorting two nets (nets LANE0_RXP and REFCLK_N)
    Local override; error
    @(85.0000 mm, 71.6000 mm): Track [LANE0_RXP] on F.Cu, length 6.6753 mm
    @(85.0000 mm, 70.8000 mm): Track [REFCLK_N] on F.Cu, length 9.8509 mm
[shorting_items]: Items shorting two nets (nets LANE0_RXN and RTL_3V3)
    Local override; error
    @(88.0000 mm, 65.8000 mm): Track [LANE0_RXN] on B.Cu, length 45.7500 mm
    @(114.0000 mm, 66.0000 mm): Track [RTL_3V3] on B.Cu, length 6.0000 mm
[shorting_items]: Items shorting two nets (nets LANE0_TXP and LANE0_TXN)
    Local override; error
    @(85.0000 mm, 73.2000 mm): Track [LANE0_TXP] on F.Cu, length 8.7201 mm
    @(85.0000 mm, 72.8000 mm): Pad 67 [LANE0_TXN] of JH1 on F.Cu
[shorting_items]: Items shorting two nets (nets RTL_3V3 and LANE0_RXN)
    Local override; error
    @(108.0000 mm, 66.0000 mm): Via [RTL_3V3] on F.Cu - B.Cu
    @(88.0000 mm, 65.8000 mm): Track [LANE0_RXN] on B.Cu, length 45.7500 mm
[clearance]: Clearance violation ( clearance 0.2000 mm; actual 0.1000 mm)
    Local override; error
    @(88.0000 mm, 65.8000 mm): Via [LANE0_RXN] on F.Cu - B.Cu
    @(88.0000 mm, 65.0000 mm): Pad 1 [RSET] of R1 on F.Cu
[clearance]: Clearance violation ( clearance 0.2000 mm; actual 0.1000 mm)
    Local override; error
    @(135.2500 mm, 66.6000 mm): Via [LANE0_TXN] on F.Cu - B.Cu
    @(135.7500 mm, 68.0000 mm): Track [LANE0_TXP] on F.Cu, length 5.2750 mm
[via_dangling]: Via is not connected or connected on only one layer
    Local override; warning
    @(119.0000 mm, 79.5000 mm): Via [PEDET] on F.Cu - B.Cu
[track_dangling]: Track has unconnected end
    Local override; warning
    @(107.0000 mm, 76.0000 mm): Track [CLKREQ_N] on B.Cu, length 2.0000 mm
[track_dangling]: Track has unconnected end
    Local override; warning
    @(100.0000 mm, 81.0000 mm): Track [PERST_N] on F.Cu, length 2.0000 mm
[track_dangling]: Track has unconnected end
    Local override; warning
    @(88.0000 mm, 58.0000 mm): Track [RTL_1V1] on B.Cu, length 11.0000 mm
[track_dangling]: Track has unconnected end
    Local override; warning
    @(110.0000 mm, 75.8000 mm): Track [RTL_5V] on F.Cu, length 8.6000 mm
[via_dangling]: Via is not connected or connected on only one layer
    Local override; warning
    @(109.0000 mm, 75.2000 mm): Via [SPISI] on F.Cu - B.Cu
[via_dangling]: Via is not connected or connected on only one layer
    Local override; warning
    @(108.0000 mm, 72.0000 mm): Via [SPICLK] on F.Cu - B.Cu
[via_dangling]: Via is not connected or connected on only one layer
    Local override; warning
    @(99.6000 mm, 62.8000 mm): Via [RTL_3V3] on F.Cu - B.Cu
[track_dangling]: Track has unconnected end
    Local override; warning
    @(106.5000 mm, 71.6000 mm): Track [SPISO3] on F.Cu, length 0.6000 mm
[via_dangling]: Via is not connected or connected on only one layer
    Local override; warning
    @(112.6000 mm, 70.4000 mm): Via [SPISO] on F.Cu - B.Cu
[via_dangling]: Via is not connected or connected on only one layer
    Local override; warning
    @(111.4000 mm, 69.8000 mm): Via [SPICS] on F.Cu - B.Cu

** Found 30 unconnected pads **
[unconnected_items]: Missing connection between items
    Local override; error
    @(97.6000 mm, 73.9500 mm): Pad 8 [PEDET] of U1 on F.Cu
    @(119.0000 mm, 79.5000 mm): Track [PEDET] on F.Cu, length 1.1180 mm
[unconnected_items]: Missing connection between items
    Local override; error
    @(107.0000 mm, 74.0000 mm): Track [CLKREQ_N] on B.Cu, length 12.2000 mm
    @(99.6000 mm, 73.9500 mm): Pad 13 [CLKREQ_N] of U1 on F.Cu
[unconnected_items]: Missing connection between items
    Local override; error
    @(100.0000 mm, 73.9500 mm): Pad 14 [PERST_N] of U1 on F.Cu
    @(100.0000 mm, 81.0000 mm): Track [PERST_N] on F.Cu, length 2.0000 mm
[unconnected_items]: Missing connection between items
    Local override; error
    @(94.0500 mm, 68.0000 mm): Pad 55 [RTL_1V1] of U1 on F.Cu
    @(95.2000 mm, 66.0500 mm): Pad 50 [RTL_1V1] of U1 on F.Cu
[unconnected_items]: Missing connection between items
    Local override; error
    @(94.0500 mm, 70.0000 mm): Pad 60 [RTL_1V1] of U1 on F.Cu
    @(94.0500 mm, 68.0000 mm): Pad 55 [RTL_1V1] of U1 on F.Cu
[unconnected_items]: Missing connection between items
    Local override; error
    @(94.0500 mm, 71.2000 mm): Pad 63 [RTL_1V1] of U1 on F.Cu
    @(94.0500 mm, 70.0000 mm): Pad 60 [RTL_1V1] of U1 on F.Cu
[unconnected_items]: Missing connection between items
    Local override; error
    @(99.2000 mm, 66.0500 mm): Pad 40 [RTL_1V1] of U1 on F.Cu
    @(95.2000 mm, 66.0500 mm): Pad 50 [RTL_1V1] of U1 on F.Cu
[unconnected_items]: Missing connection between items
    Local override; error
    @(99.2000 mm, 66.0500 mm): Pad 40 [RTL_1V1] of U1 on F.Cu
    @(99.0000 mm, 60.5000 mm): Track [RTL_1V1] on F.Cu, length 13.0000 mm
[unconnected_items]: Missing connection between items
    Local override; error
    @(100.8000 mm, 66.0500 mm): Pad 36 [RTL_1V1] of U1 on F.Cu
    @(99.2000 mm, 66.0500 mm): Pad 40 [RTL_1V1] of U1 on F.Cu
[unconnected_items]: Missing connection between items
    Local override; error
    @(100.8000 mm, 73.9500 mm): Pad 16 [RTL_1V1] of U1 on F.Cu
    @(101.9500 mm, 70.4000 mm): Pad 25 [RTL_1V1] of U1 on F.Cu
[unconnected_items]: Missing connection between items
    Local override; error
    @(101.9500 mm, 70.4000 mm): Pad 25 [RTL_1V1] of U1 on F.Cu
    @(100.8000 mm, 66.0500 mm): Pad 36 [RTL_1V1] of U1 on F.Cu
[unconnected_items]: Missing connection between items
    Local override; error
    @(101.9500 mm, 67.2000 mm): Pad 33 [RTL_5V] of U1 on F.Cu
    @(101.2000 mm, 73.9500 mm): Pad 17 [RTL_5V] of U1 on F.Cu
[unconnected_items]: Missing connection between items
    Local override; error
    @(101.9500 mm, 67.2000 mm): Pad 33 [RTL_5V] of U1 on F.Cu
    @(110.0000 mm, 67.2000 mm): Track [RTL_5V] on F.Cu, length 11.0000 mm
[unconnected_items]: Missing connection between items
    Local override; error
    @(101.9500 mm, 73.2000 mm): Pad 18 [SPISI] of U1 on F.Cu
    @(109.0000 mm, 75.2000 mm): Track [SPISI] on B.Cu, length 7.2000 mm
[unconnected_items]: Missing connection between items
    Local override; error
    @(108.0000 mm, 72.0000 mm): Track [SPICLK] on B.Cu, length 9.4000 mm
    @(101.9500 mm, 72.8000 mm): Pad 19 [SPICLK] of U1 on F.Cu
[unconnected_items]: Missing connection between items
    Local override; error
    @(94.0500 mm, 66.8000 mm): Pad 52 [RTL_3V3] of U1 on F.Cu
    @(99.6000 mm, 66.0500 mm): Pad 39 [RTL_3V3] of U1 on F.Cu
[unconnected_items]: Missing connection between items
    Local override; error
    @(99.6000 mm, 66.0500 mm): Pad 39 [RTL_3V3] of U1 on F.Cu
    @(99.6000 mm, 62.8000 mm): Track [RTL_3V3] on B.Cu, length 8.4000 mm
[unconnected_items]: Missing connection between items
    Local override; error
    @(101.9500 mm, 66.8000 mm): Pad 34 [RTL_3V3] of U1 on F.Cu
    @(99.6000 mm, 66.0500 mm): Pad 39 [RTL_3V3] of U1 on F.Cu
[unconnected_items]: Missing connection between items
    Local override; error
    @(101.9500 mm, 66.8000 mm): Pad 34 [RTL_3V3] of U1 on F.Cu
    @(101.9500 mm, 72.4000 mm): Pad 20 [RTL_3V3] of U1 on F.Cu
[unconnected_items]: Missing connection between items
    Local override; error
    @(101.9500 mm, 71.6000 mm): Pad 22 [SPISO3] of U1 on F.Cu
    @(106.5000 mm, 71.6000 mm): Track [SPISO3] on F.Cu, length 0.6000 mm
[unconnected_items]: Missing connection between items
    Local override; error
    @(112.6000 mm, 70.4000 mm): Track [SPISO] on F.Cu, length 6.0000 mm
    @(101.9500 mm, 71.2000 mm): Pad 23 [SPISO] of U1 on F.Cu
[unconnected_items]: Missing connection between items
    Local override; error
    @(111.4000 mm, 69.8000 mm): Via [SPICS] on F.Cu - B.Cu
    @(101.9500 mm, 70.8000 mm): Pad 24 [SPICS] of U1 on F.Cu
[unconnected_items]: Missing connection between items
    Local override; error
    @(65.5000 mm, 40.5000 mm): Zone [GND] on F.Cu, priority 0
    @(94.0500 mm, 72.4000 mm): Pad 66 [GND] of U1 on F.Cu
[unconnected_items]: Missing connection between items
    Local override; error
    @(97.2000 mm, 66.0500 mm): Pad 45 [GND] of U1 on F.Cu
    @(65.5000 mm, 40.5000 mm): Zone [GND] on F.Cu, priority 0
[unconnected_items]: Missing connection between items
    Local override; error
    @(97.2000 mm, 66.0500 mm): Pad 45 [GND] of U1 on F.Cu
    @(65.5000 mm, 40.5000 mm): Zone [GND] on F.Cu, priority 0
[unconnected_items]: Missing connection between items
    Local override; error
    @(88.0000 mm, 65.0000 mm): Pad 1 [RSET] of R1 on F.Cu
    @(94.8000 mm, 66.0500 mm): Pad 51 [RSET] of U1 on F.Cu
[unconnected_items]: Missing connection between items
    Local override; error
    @(88.0000 mm, 59.0000 mm): Pad 1 [XTAL_IN] of Y1 on F.Cu
    @(88.0000 mm, 62.0000 mm): Pad 1 [XTAL_IN] of C1 on F.Cu
[unconnected_items]: Missing connection between items
    Local override; error
    @(88.0000 mm, 62.0000 mm): Pad 1 [XTAL_IN] of C1 on F.Cu
    @(94.0500 mm, 67.2000 mm): Pad 53 [XTAL_IN] of U1 on F.Cu
[unconnected_items]: Missing connection between items
    Local override; error
    @(89.4000 mm, 59.0000 mm): Pad 2 [XTAL_OUT] of Y1 on F.Cu
    @(91.0000 mm, 62.0000 mm): Pad 1 [XTAL_OUT] of C2 on F.Cu
[unconnected_items]: Missing connection between items
    Local override; error
    @(91.0000 mm, 62.0000 mm): Pad 1 [XTAL_OUT] of C2 on F.Cu
    @(94.0500 mm, 67.6000 mm): Pad 54 [XTAL_OUT] of U1 on F.Cu

** Found 0 Footprint errors **

** Ignored checks **
    - Footprint has no courtyard defined
    - Track endpoint not centered on via
    - Tuning profile track geometries
    - Footprint doesn't match symbol's footprint filters
    - Footprint component type doesn't match footprint pads

** End of Report **
