** Drc report for PHASE24_RTL9210B_REFCLK_PAIR_CORRIDOR_V1230.kicad_pcb **
** Created on 2026-09-09T15:26:53 **
** Report includes: Errors, Warnings **

** Found 35 DRC violations **
[tracks_crossing]: Tracks crossing
    Local override; error
    @(92.0000 mm, 65.8000 mm): Track [REFCLK_P] on B.Cu, length 45.2500 mm
    @(133.0000 mm, 45.0000 mm): Track [CLKREQ_N] on B.Cu, length 27.0000 mm
[shorting_items]: Items shorting two nets (nets RTL_1V1 and REFCLK_P)
    Local override; error
    @(91.8000 mm, 69.0000 mm): Via [RTL_1V1] on F.Cu - B.Cu
    @(92.0000 mm, 70.4000 mm): Track [REFCLK_P] on B.Cu, length 4.6000 mm
[shorting_items]: Items shorting two nets (nets RTL_3V3 and REFCLK_P)
    Local override; error
    @(91.8000 mm, 66.2000 mm): Via [RTL_3V3] on F.Cu - B.Cu
    @(92.0000 mm, 70.4000 mm): Track [REFCLK_P] on B.Cu, length 4.6000 mm
[tracks_crossing]: Tracks crossing
    Local override; error
    @(136.7500 mm, 66.5000 mm): Track [REFCLK_N] on B.Cu, length 2.0000 mm
    @(92.0000 mm, 65.8000 mm): Track [REFCLK_P] on B.Cu, length 45.2500 mm
[shorting_items]: Items shorting two nets (nets REFCLK_P and REFCLK_N)
    Local override; error
    @(92.0000 mm, 70.4000 mm): Via [REFCLK_P] on F.Cu - B.Cu
    @(94.0500 mm, 70.8000 mm): Track [REFCLK_N] on F.Cu, length 2.6500 mm
[clearance]: Clearance violation ( clearance 0.2000 mm; actual 0.1000 mm)
    Local override; error
    @(137.2500 mm, 64.5000 mm): Track [REFCLK_P] on F.Cu, length 1.7750 mm
    @(136.7500 mm, 64.5000 mm): Via [REFCLK_N] on F.Cu - B.Cu
[clearance]: Clearance violation ( clearance 0.2000 mm; actual 0.1000 mm)
    Local override; error
    @(136.7500 mm, 64.5000 mm): Via [REFCLK_N] on F.Cu - B.Cu
    @(137.2500 mm, 65.8000 mm): Track [REFCLK_P] on B.Cu, length 1.3000 mm
[clearance]: Clearance violation ( clearance 0.2000 mm; actual 0.1211 mm)
    Local override; error
    @(92.0000 mm, 70.4000 mm): Via [REFCLK_P] on F.Cu - B.Cu
    @(91.4000 mm, 70.8000 mm): Via [REFCLK_N] on F.Cu - B.Cu
[clearance]: Clearance violation ( clearance 0.2000 mm; actual 0.1211 mm)
    Local override; error
    @(92.0000 mm, 70.4000 mm): Via [REFCLK_P] on F.Cu - B.Cu
    @(91.4000 mm, 70.8000 mm): Via [REFCLK_N] on F.Cu - B.Cu
[clearance]: Clearance violation ( clearance 0.2000 mm; actual 0.1211 mm)
    Local override; error
    @(92.0000 mm, 70.4000 mm): Via [REFCLK_P] on F.Cu - B.Cu
    @(91.4000 mm, 70.8000 mm): Via [REFCLK_N] on F.Cu - B.Cu
[clearance]: Clearance violation ( clearance 0.2000 mm; actual 0.1211 mm)
    Local override; error
    @(92.0000 mm, 70.4000 mm): Via [REFCLK_P] on F.Cu - B.Cu
    @(91.4000 mm, 70.8000 mm): Via [REFCLK_N] on F.Cu - B.Cu
[clearance]: Clearance violation ( clearance 0.2000 mm; actual 0.1211 mm)
    Local override; error
    @(92.0000 mm, 70.4000 mm): Via [REFCLK_P] on F.Cu - B.Cu
    @(91.4000 mm, 70.8000 mm): Via [REFCLK_N] on F.Cu - B.Cu
[tracks_crossing]: Tracks crossing
    Local override; error
    @(92.0000 mm, 65.8000 mm): Track [REFCLK_P] on B.Cu, length 45.2500 mm
    @(100.5000 mm, 72.4000 mm): Track [RTL_3V3] on B.Cu, length 8.4000 mm
[tracks_crossing]: Tracks crossing
    Local override; error
    @(123.5000 mm, 74.0000 mm): Track [RTL_3V3] on B.Cu, length 25.0000 mm
    @(92.0000 mm, 65.8000 mm): Track [REFCLK_P] on B.Cu, length 45.2500 mm
[tracks_crossing]: Tracks crossing
    Local override; error
    @(126.4000 mm, 82.0000 mm): Track [RTL_5V] on B.Cu, length 31.0000 mm
    @(92.0000 mm, 65.8000 mm): Track [REFCLK_P] on B.Cu, length 45.2500 mm
[tracks_crossing]: Tracks crossing
    Local override; error
    @(92.0000 mm, 65.8000 mm): Track [REFCLK_P] on B.Cu, length 45.2500 mm
    @(105.5000 mm, 68.6000 mm): Track [RTL_1V1] on B.Cu, length 3.8000 mm
[shorting_items]: Items shorting two nets (nets REFCLK_P and RTL_1V1)
    Local override; error
    @(92.0000 mm, 70.4000 mm): Via [REFCLK_P] on F.Cu - B.Cu
    @(92.5000 mm, 71.2000 mm): Track [RTL_1V1] on In2.PWR, length 2.3087 mm
[shorting_items]: Items shorting two nets (nets RTL_1V1 and REFCLK_P)
    Local override; error
    @(92.5000 mm, 70.0000 mm): Via [RTL_1V1] on F.Cu - B.Cu
    @(94.0500 mm, 70.4000 mm): Track [REFCLK_P] on F.Cu, length 2.0500 mm
[clearance]: Clearance violation ( clearance 0.2000 mm; actual 0.1000 mm)
    Local override; error
    @(92.5000 mm, 70.0000 mm): Via [RTL_1V1] on F.Cu - B.Cu
    @(92.0000 mm, 70.4000 mm): Track [REFCLK_P] on B.Cu, length 4.6000 mm
[tracks_crossing]: Tracks crossing
    Local override; error
    @(102.5000 mm, 75.0000 mm): Track [RTL_1V1] on B.Cu, length 10.2000 mm
    @(92.0000 mm, 65.8000 mm): Track [REFCLK_P] on B.Cu, length 45.2500 mm
[clearance]: Clearance violation ( clearance 0.2000 mm; actual 0.0403 mm)
    Local override; error
    @(92.0000 mm, 70.4000 mm): Via [REFCLK_P] on F.Cu - B.Cu
    @(92.5000 mm, 70.0000 mm): Via [RTL_1V1] on F.Cu - B.Cu
[clearance]: Clearance violation ( clearance 0.2000 mm; actual 0.0403 mm)
    Local override; error
    @(92.0000 mm, 70.4000 mm): Via [REFCLK_P] on F.Cu - B.Cu
    @(92.5000 mm, 70.0000 mm): Via [RTL_1V1] on F.Cu - B.Cu
[shorting_items]: Items shorting two nets (nets RTL_1V1 and REFCLK_N)
    Local override; error
    @(92.5000 mm, 71.2000 mm): Via [RTL_1V1] on F.Cu - B.Cu
    @(94.0500 mm, 70.8000 mm): Track [REFCLK_N] on F.Cu, length 2.6500 mm
[clearance]: Clearance violation ( clearance 0.2000 mm; actual 0.0403 mm)
    Local override; error
    @(92.0000 mm, 70.4000 mm): Via [REFCLK_P] on F.Cu - B.Cu
    @(92.5000 mm, 70.0000 mm): Via [RTL_1V1] on F.Cu - B.Cu
[clearance]: Clearance violation ( clearance 0.2000 mm; actual 0.0403 mm)
    Local override; error
    @(92.0000 mm, 70.4000 mm): Via [REFCLK_P] on F.Cu - B.Cu
    @(92.5000 mm, 70.0000 mm): Via [RTL_1V1] on F.Cu - B.Cu
[clearance]: Clearance violation ( clearance 0.2000 mm; actual 0.0500 mm)
    Local override; error
    @(136.7500 mm, 66.5000 mm): Track [REFCLK_N] on B.Cu, length 2.0000 mm
    @(136.5000 mm, 45.0000 mm): Track [CLKREQ_N] on B.Cu, length 23.5000 mm
[tracks_crossing]: Tracks crossing
    Local override; error
    @(91.4000 mm, 66.5000 mm): Track [REFCLK_N] on B.Cu, length 45.3500 mm
    @(92.0000 mm, 70.4000 mm): Track [REFCLK_P] on B.Cu, length 4.6000 mm
[shorting_items]: Items shorting two nets (nets REFCLK_N and REFCLK_P)
    Local override; error
    @(136.7500 mm, 64.5000 mm): Via [REFCLK_N] on F.Cu - B.Cu
    @(137.2500 mm, 64.5000 mm): Via [REFCLK_P] on F.Cu - B.Cu
[clearance]: Clearance violation ( clearance 0.2000 mm; actual 0.1000 mm)
    Local override; error
    @(136.7500 mm, 66.5000 mm): Track [REFCLK_N] on B.Cu, length 2.0000 mm
    @(137.2500 mm, 64.5000 mm): Via [REFCLK_P] on F.Cu - B.Cu
[shorting_items]: Items shorting two nets (nets REFCLK_N and REFCLK_P)
    Local override; error
    @(136.7500 mm, 64.5000 mm): Via [REFCLK_N] on F.Cu - B.Cu
    @(137.2500 mm, 64.5000 mm): Via [REFCLK_P] on F.Cu - B.Cu
[shorting_items]: Items shorting two nets (nets REFCLK_N and REFCLK_P)
    Local override; error
    @(136.7500 mm, 64.5000 mm): Via [REFCLK_N] on F.Cu - B.Cu
    @(137.2500 mm, 64.5000 mm): Via [REFCLK_P] on F.Cu - B.Cu
[shorting_items]: Items shorting two nets (nets REFCLK_N and REFCLK_P)
    Local override; error
    @(136.7500 mm, 64.5000 mm): Via [REFCLK_N] on F.Cu - B.Cu
    @(137.2500 mm, 64.5000 mm): Via [REFCLK_P] on F.Cu - B.Cu
[shorting_items]: Items shorting two nets (nets REFCLK_N and REFCLK_P)
    Local override; error
    @(136.7500 mm, 64.5000 mm): Via [REFCLK_N] on F.Cu - B.Cu
    @(137.2500 mm, 64.5000 mm): Via [REFCLK_P] on F.Cu - B.Cu
[track_dangling]: Track has unconnected end
    Local override; warning
    @(99.6000 mm, 62.8000 mm): Track [RTL_3V3] on B.Cu, length 1.3000 mm
[hole_to_hole]: Drilled hole too close to other hole (board setup constraints min 0.2495 mm; actual 0.2000 mm)
    Rule: board setup constraints; warning
    @(136.7500 mm, 64.5000 mm): Via [REFCLK_N] on F.Cu - B.Cu
    @(137.2500 mm, 64.5000 mm): Via [REFCLK_P] on F.Cu - B.Cu

** Found 8 unconnected pads **
[unconnected_items]: Missing connection between items
    Local override; error
    @(94.0000 mm, 62.0000 mm): Via [GND] on F.Cu - B.Cu
    @(97.2000 mm, 66.0500 mm): Track [GND] on F.Cu, length 1.5500 mm
[unconnected_items]: Missing connection between items
    Local override; error
    @(94.0500 mm, 71.6000 mm): Pad 64 [LANE0_RXP] of U1 on F.Cu
    @(134.2500 mm, 62.7250 mm): Pad 43 [LANE0_RXP] of J1 on F.Cu
[unconnected_items]: Missing connection between items
    Local override; error
    @(94.0500 mm, 72.0000 mm): Pad 65 [LANE0_RXN] of U1 on F.Cu
    @(133.7500 mm, 62.7250 mm): Pad 41 [LANE0_RXN] of J1 on F.Cu
[unconnected_items]: Missing connection between items
    Local override; error
    @(94.0500 mm, 72.8000 mm): Pad 67 [LANE0_TXN] of U1 on F.Cu
    @(135.2500 mm, 62.7250 mm): Pad 47 [LANE0_TXN] of J1 on F.Cu
[unconnected_items]: Missing connection between items
    Local override; error
    @(94.0500 mm, 73.2000 mm): Pad 68 [LANE0_TXP] of U1 on F.Cu
    @(135.7500 mm, 62.7250 mm): Pad 49 [LANE0_TXP] of J1 on F.Cu
[unconnected_items]: Missing connection between items
    Local override; error
    @(114.7500 mm, 62.7250 mm): Pad 2 [SSD_3V3] of J1 on F.Cu
    @(115.2500 mm, 62.7250 mm): Pad 4 [SSD_3V3] of J1 on F.Cu
[unconnected_items]: Missing connection between items
    Local override; error
    @(115.2500 mm, 62.7250 mm): Pad 4 [SSD_3V3] of J1 on F.Cu
    @(115.7500 mm, 62.7250 mm): Pad 6 [SSD_3V3] of J1 on F.Cu
[unconnected_items]: Missing connection between items
    Local override; error
    @(115.7500 mm, 62.7250 mm): Pad 6 [SSD_3V3] of J1 on F.Cu
    @(116.2500 mm, 62.7250 mm): Pad 8 [SSD_3V3] of J1 on F.Cu

** Found 0 Footprint errors **

** Ignored checks **
    - Footprint has no courtyard defined
    - Track endpoint not centered on via
    - Tuning profile track geometries
    - Footprint doesn't match symbol's footprint filters
    - Footprint component type doesn't match footprint pads

** End of Report **
