** Drc report for PHASE24_RTL9210B_XTALIN_STAGGERED_V1511.kicad_pcb **
** Created on 2026-09-10T05:39:27 **
** Report includes: Errors, Warnings **

** Found 7 DRC violations **
[tracks_crossing]: Tracks crossing
    Local override; error
    @(93.0000 mm, 66.8000 mm): Track [RTL_3V3] on B.Cu, length 1.0000 mm
    @(93.6000 mm, 66.2000 mm): Track [XTAL_IN] on B.Cu, length 4.6000 mm
[tracks_crossing]: Tracks crossing
    Local override; error
    @(94.0500 mm, 66.8000 mm): Track [RTL_3V3] on F.Cu, length 1.0500 mm
    @(93.6000 mm, 67.2000 mm): Track [XTAL_IN] on F.Cu, length 1.0000 mm
[shorting_items]: Items shorting two nets (nets RTL_3V3 and XTAL_IN)
    Local override; error
    @(94.0500 mm, 66.8000 mm): Pad 52 [RTL_3V3] of U1 on F.Cu
    @(93.6000 mm, 67.2000 mm): Track [XTAL_IN] on F.Cu, length 1.0000 mm
[shorting_items]: Items shorting two nets (nets GND and XTAL_IN)
    Local override; error
    @(89.2000 mm, 65.0000 mm): Track [GND] on F.Cu, length 2.0000 mm
    @(89.0000 mm, 66.2000 mm): Track [XTAL_IN] on F.Cu, length 3.0000 mm
[clearance]: Clearance violation ( clearance 0.2000 mm; actual 0.0500 mm)
    Local override; error
    @(93.0000 mm, 65.8000 mm): Track [RTL_3V3] on B.Cu, length 6.6000 mm
    @(93.6000 mm, 66.2000 mm): Via [XTAL_IN] on F.Cu - B.Cu
[solder_mask_bridge]: Front solder mask aperture bridges items with different nets
    Rule: board setup solder mask min width; error
    @(93.6000 mm, 67.2000 mm): Track [XTAL_IN] on F.Cu, length 1.0000 mm
    @(94.0500 mm, 66.8000 mm): Pad 52 [RTL_3V3] of U1 on F.Cu
[via_dangling]: Via is not connected or connected on only one layer
    Local override; warning
    @(88.0000 mm, 55.0000 mm): Via [XTAL_IN] on F.Cu - B.Cu

** Found 4 unconnected pads **
[unconnected_items]: Missing connection between items
    Local override; error
    @(89.4000 mm, 59.0000 mm): Pad 2 [XTAL_OUT] of Y1 on F.Cu
    @(91.0000 mm, 62.0000 mm): Pad 1 [XTAL_OUT] of C2 on F.Cu
[unconnected_items]: Missing connection between items
    Local override; error
    @(91.0000 mm, 62.0000 mm): Pad 1 [XTAL_OUT] of C2 on F.Cu
    @(94.0500 mm, 67.6000 mm): Pad 54 [XTAL_OUT] of U1 on F.Cu
[unconnected_items]: Missing connection between items
    Local override; error
    @(94.0500 mm, 70.4000 mm): Pad 61 [REFCLK_P] of U1 on F.Cu
    @(137.2500 mm, 62.7250 mm): Pad 55 [REFCLK_P] of J1 on F.Cu
[unconnected_items]: Missing connection between items
    Local override; error
    @(94.0500 mm, 70.8000 mm): Pad 62 [REFCLK_N] of U1 on F.Cu
    @(136.7500 mm, 62.7250 mm): Pad 53 [REFCLK_N] of J1 on F.Cu

** Found 0 Footprint errors **

** Ignored checks **
    - Footprint has no courtyard defined
    - Track endpoint not centered on via
    - Tuning profile track geometries
    - Footprint doesn't match symbol's footprint filters
    - Footprint component type doesn't match footprint pads

** End of Report **
