** Drc report for PHASE24_RTL9210B_LANE0_REALLOCATE_RSET_3V3_V384.kicad_pcb **
** Created on 2026-09-07T23:08:05 **
** Report includes: Errors, Warnings **

** Found 65 DRC violations **
[clearance]: Clearance violation (zone clearance 0.5000 mm; actual 0.0000 mm)
    Local override; error
    @(109.9500 mm, 60.0000 mm): Track [LANE0_RXN] on F.Cu, length 1.5500 mm
    @(65.5000 mm, 40.5000 mm): Zone [GND] on F.Cu, priority 0
[clearance]: Clearance violation (zone clearance 0.5000 mm; actual 0.0000 mm)
    Local override; error
    @(135.2500 mm, 59.2000 mm): Track [LANE0_TXN] on F.Cu, length 3.5250 mm
    @(65.5000 mm, 40.5000 mm): Zone [GND] on F.Cu, priority 0
[clearance]: Clearance violation (zone clearance 0.5000 mm; actual 0.0000 mm)
    Local override; error
    @(135.7500 mm, 58.8000 mm): Track [LANE0_TXP] on F.Cu, length 3.9250 mm
    @(65.5000 mm, 40.5000 mm): Zone [GND] on F.Cu, priority 0
[clearance]: Clearance violation ( clearance 0.2000 mm; actual 0.1500 mm)
    Local override; error
    @(110.2500 mm, 65.2000 mm): Track [RTL_3V3] on F.Cu, length 1.6000 mm
    @(110.6000 mm, 60.4000 mm): Track [LANE0_RXP] on F.Cu, length 6.1000 mm
[clearance]: Clearance violation (zone clearance 0.5000 mm; actual 0.0000 mm)
    Local override; error
    @(111.5000 mm, 64.5000 mm): Track [LANE0_RXN] on B.Cu, length 20.5000 mm
    @(65.5000 mm, 40.5000 mm): Zone [GND] on B.Cu, priority 0
[clearance]: Clearance violation (zone clearance 0.5000 mm; actual 0.0000 mm)
    Local override; error
    @(109.9500 mm, 58.8000 mm): Track [LANE0_TXP] on F.Cu, length 25.8000 mm
    @(65.5000 mm, 40.5000 mm): Zone [GND] on F.Cu, priority 0
[clearance]: Clearance violation (zone clearance 0.5000 mm; actual 0.0000 mm)
    Local override; error
    @(110.2500 mm, 65.2000 mm): Track [RTL_3V3] on F.Cu, length 1.6000 mm
    @(65.5000 mm, 40.5000 mm): Zone [GND] on F.Cu, priority 0
[clearance]: Clearance violation (zone clearance 0.5000 mm; actual 0.0000 mm)
    Local override; error
    @(132.0000 mm, 64.5000 mm): Track [LANE0_RXN] on F.Cu, length 1.7500 mm
    @(65.5000 mm, 40.5000 mm): Zone [GND] on F.Cu, priority 0
[clearance]: Clearance violation (zone clearance 0.5000 mm; actual 0.0000 mm)
    Local override; error
    @(109.9500 mm, 59.2000 mm): Track [LANE0_TXN] on F.Cu, length 25.3000 mm
    @(65.5000 mm, 40.5000 mm): Zone [GND] on F.Cu, priority 0
[clearance]: Clearance violation (zone clearance 0.5000 mm; actual 0.0000 mm)
    Local override; error
    @(133.7500 mm, 64.5000 mm): Track [LANE0_RXN] on F.Cu, length 1.7750 mm
    @(65.5000 mm, 40.5000 mm): Zone [GND] on F.Cu, priority 0
[clearance]: Clearance violation (zone clearance 0.5000 mm; actual 0.0000 mm)
    Local override; error
    @(110.6000 mm, 66.5000 mm): Via [LANE0_RXP] on F.Cu - B.Cu
    @(65.5000 mm, 40.5000 mm): Zone [GND] on F.Cu, priority 0
[clearance]: Clearance violation (zone clearance 0.5000 mm; actual 0.0000 mm)
    Local override; error
    @(132.0000 mm, 66.5000 mm): Via [LANE0_RXP] on F.Cu - B.Cu
    @(65.5000 mm, 40.5000 mm): Zone [GND] on F.Cu, priority 0
[hole_clearance]: Hole clearance violation (board setup constraints hole clearance 0.2500 mm; actual 0.0000 mm)
    Rule: board setup constraints hole; error
    @(110.6000 mm, 66.5000 mm): Via [LANE0_RXP] on F.Cu - B.Cu
    @(65.5000 mm, 40.5000 mm): Zone [GND] on F.Cu, priority 0
[hole_clearance]: Hole clearance violation (board setup constraints hole clearance 0.2500 mm; actual 0.0000 mm)
    Rule: board setup constraints hole; error
    @(132.0000 mm, 66.5000 mm): Via [LANE0_RXP] on F.Cu - B.Cu
    @(65.5000 mm, 40.5000 mm): Zone [GND] on F.Cu, priority 0
[clearance]: Clearance violation (zone clearance 0.5000 mm; actual 0.0000 mm)
    Local override; error
    @(110.6000 mm, 66.5000 mm): Track [LANE0_RXP] on B.Cu, length 21.4000 mm
    @(65.5000 mm, 40.5000 mm): Zone [GND] on B.Cu, priority 0
[clearance]: Clearance violation (zone clearance 0.5000 mm; actual 0.0000 mm)
    Local override; error
    @(110.6000 mm, 66.5000 mm): Via [LANE0_RXP] on F.Cu - B.Cu
    @(65.5000 mm, 40.5000 mm): Zone [GND] on B.Cu, priority 0
[clearance]: Clearance violation (zone clearance 0.5000 mm; actual 0.0000 mm)
    Local override; error
    @(132.0000 mm, 66.5000 mm): Via [LANE0_RXP] on F.Cu - B.Cu
    @(65.5000 mm, 40.5000 mm): Zone [GND] on B.Cu, priority 0
[hole_clearance]: Hole clearance violation (board setup constraints hole clearance 0.2500 mm; actual 0.0000 mm)
    Rule: board setup constraints hole; error
    @(132.0000 mm, 66.5000 mm): Via [LANE0_RXP] on F.Cu - B.Cu
    @(65.5000 mm, 40.5000 mm): Zone [GND] on B.Cu, priority 0
[hole_clearance]: Hole clearance violation (board setup constraints hole clearance 0.2500 mm; actual 0.0000 mm)
    Rule: board setup constraints hole; error
    @(110.6000 mm, 66.5000 mm): Via [LANE0_RXP] on F.Cu - B.Cu
    @(65.5000 mm, 40.5000 mm): Zone [GND] on B.Cu, priority 0
[clearance]: Clearance violation ( clearance 0.2000 mm; actual 0.1000 mm)
    Local override; error
    @(109.9500 mm, 65.2000 mm): Pad 52 [RTL_3V3] of U1 on F.Cu
    @(110.6000 mm, 60.4000 mm): Track [LANE0_RXP] on F.Cu, length 6.1000 mm
[clearance]: Clearance violation (zone clearance 0.5000 mm; actual 0.0000 mm)
    Local override; error
    @(110.6000 mm, 60.4000 mm): Track [LANE0_RXP] on F.Cu, length 6.1000 mm
    @(65.5000 mm, 40.5000 mm): Zone [GND] on F.Cu, priority 0
[clearance]: Clearance violation (zone clearance 0.5000 mm; actual 0.0000 mm)
    Local override; error
    @(132.0000 mm, 66.5000 mm): Track [LANE0_RXP] on F.Cu, length 2.2500 mm
    @(65.5000 mm, 40.5000 mm): Zone [GND] on F.Cu, priority 0
[clearance]: Clearance violation (zone clearance 0.5000 mm; actual 0.0000 mm)
    Local override; error
    @(134.2500 mm, 66.5000 mm): Track [LANE0_RXP] on F.Cu, length 3.7750 mm
    @(65.5000 mm, 40.5000 mm): Zone [GND] on F.Cu, priority 0
[clearance]: Clearance violation (zone clearance 0.5000 mm; actual 0.0034 mm)
    Local override; error
    @(111.5000 mm, 60.0000 mm): Track [LANE0_RXN] on F.Cu, length 4.5000 mm
    @(65.5000 mm, 40.5000 mm): Zone [GND] on F.Cu, priority 0
[clearance]: Clearance violation (zone clearance 0.5000 mm; actual 0.0000 mm)
    Local override; error
    @(111.5000 mm, 64.5000 mm): Via [LANE0_RXN] on F.Cu - B.Cu
    @(65.5000 mm, 40.5000 mm): Zone [GND] on B.Cu, priority 0
[clearance]: Clearance violation ( clearance 0.2000 mm; actual 0.1000 mm)
    Local override; error
    @(106.0000 mm, 62.0000 mm): Pad 69 [GND] of U1 on F.Cu
    @(108.0000 mm, 64.8000 mm): Via [XTAL_IN] on F.Cu - B.Cu
[hole_clearance]: Hole clearance violation (board setup constraints hole clearance 0.2500 mm; actual 0.0000 mm)
    Rule: board setup constraints hole; error
    @(111.5000 mm, 64.5000 mm): Via [LANE0_RXN] on F.Cu - B.Cu
    @(65.5000 mm, 40.5000 mm): Zone [GND] on B.Cu, priority 0
[clearance]: Clearance violation ( clearance 0.2000 mm; actual 0.1000 mm)
    Local override; error
    @(108.0000 mm, 64.8000 mm): Via [XTAL_IN] on F.Cu - B.Cu
    @(106.0000 mm, 62.0000 mm): Pad 69 [GND] of U1 on F.Cu
[clearance]: Clearance violation (zone clearance 0.5000 mm; actual 0.3143 mm)
    Local override; error
    @(109.9500 mm, 60.4000 mm): Track [LANE0_RXP] on F.Cu, length 0.6500 mm
    @(65.5000 mm, 40.5000 mm): Zone [GND] on F.Cu, priority 0
[clearance]: Clearance violation (zone clearance 0.5000 mm; actual 0.0000 mm)
    Local override; error
    @(109.2000 mm, 67.5000 mm): Via [RSET] on F.Cu - B.Cu
    @(65.5000 mm, 40.5000 mm): Zone [GND] on F.Cu, priority 0
[tracks_crossing]: Tracks crossing
    Local override; error
    @(110.6000 mm, 66.5000 mm): Track [LANE0_RXP] on B.Cu, length 21.4000 mm
    @(112.0000 mm, 66.8000 mm): Track [RTL_3V3] on B.Cu, length 1.6000 mm
[clearance]: Clearance violation ( clearance 0.2000 mm; actual 0.0791 mm)
    Local override; error
    @(100.5000 mm, 66.5000 mm): Track [RTL_3V3] on In2.PWR, length 4.3829 mm
    @(101.4000 mm, 67.5000 mm): Via [RSET] on F.Cu - B.Cu
[clearance]: Clearance violation (zone clearance 0.5000 mm; actual 0.0000 mm)
    Local override; error
    @(112.0000 mm, 66.8000 mm): Track [RTL_3V3] on B.Cu, length 1.6000 mm
    @(65.5000 mm, 40.5000 mm): Zone [GND] on B.Cu, priority 0
[clearance]: Clearance violation ( clearance 0.2000 mm; actual 0.0610 mm)
    Local override; error
    @(110.2500 mm, 66.8000 mm): Via [RTL_3V3] on F.Cu - B.Cu
    @(110.6000 mm, 60.4000 mm): Track [LANE0_RXP] on F.Cu, length 6.1000 mm
[hole_clearance]: Hole clearance violation (board setup constraints hole clearance 0.2500 mm; actual 0.0505 mm)
    Rule: board setup constraints hole; error
    @(109.2000 mm, 67.5000 mm): Via [RSET] on F.Cu - B.Cu
    @(65.5000 mm, 40.5000 mm): Zone [GND] on F.Cu, priority 0
[clearance]: Clearance violation (zone clearance 0.5000 mm; actual 0.1005 mm)
    Local override; error
    @(109.2000 mm, 65.9500 mm): Track [RSET] on F.Cu, length 1.5500 mm
    @(65.5000 mm, 40.5000 mm): Zone [GND] on F.Cu, priority 0
[clearance]: Clearance violation (zone clearance 0.5000 mm; actual 0.3005 mm)
    Local override; error
    @(109.2000 mm, 67.5000 mm): Via [RSET] on F.Cu - B.Cu
    @(65.5000 mm, 40.5000 mm): Zone [GND] on B.Cu, priority 0
[clearance]: Clearance violation (zone clearance 0.5000 mm; actual 0.0422 mm)
    Local override; error
    @(110.2500 mm, 66.8000 mm): Via [RTL_3V3] on F.Cu - B.Cu
    @(65.5000 mm, 40.5000 mm): Zone [GND] on F.Cu, priority 0
[hole_clearance]: Hole clearance violation (board setup constraints hole clearance 0.2500 mm; actual 0.1922 mm)
    Rule: board setup constraints hole; error
    @(110.2500 mm, 66.8000 mm): Via [RTL_3V3] on F.Cu - B.Cu
    @(65.5000 mm, 40.5000 mm): Zone [GND] on F.Cu, priority 0
[shorting_items]: Items shorting two nets (nets RTL_3V3 and LANE0_RXP)
    Local override; error
    @(110.2500 mm, 66.8000 mm): Via [RTL_3V3] on F.Cu - B.Cu
    @(110.6000 mm, 66.5000 mm): Via [LANE0_RXP] on F.Cu - B.Cu
[clearance]: Clearance violation (zone clearance 0.5000 mm; actual 0.0000 mm)
    Local override; error
    @(132.0000 mm, 64.5000 mm): Via [LANE0_RXN] on F.Cu - B.Cu
    @(65.5000 mm, 40.5000 mm): Zone [GND] on F.Cu, priority 0
[clearance]: Clearance violation (zone clearance 0.5000 mm; actual 0.0000 mm)
    Local override; error
    @(110.2500 mm, 66.8000 mm): Via [RTL_3V3] on F.Cu - B.Cu
    @(65.5000 mm, 40.5000 mm): Zone [GND] on B.Cu, priority 0
[hole_clearance]: Hole clearance violation (board setup constraints hole clearance 0.2500 mm; actual 0.0000 mm)
    Rule: board setup constraints hole; error
    @(110.2500 mm, 66.8000 mm): Via [RTL_3V3] on F.Cu - B.Cu
    @(65.5000 mm, 40.5000 mm): Zone [GND] on B.Cu, priority 0
[hole_clearance]: Hole clearance violation (board setup constraints hole clearance 0.2500 mm; actual 0.0000 mm)
    Rule: board setup constraints hole; error
    @(132.0000 mm, 64.5000 mm): Via [LANE0_RXN] on F.Cu - B.Cu
    @(65.5000 mm, 40.5000 mm): Zone [GND] on F.Cu, priority 0
[shorting_items]: Items shorting two nets (nets RTL_3V3 and LANE0_RXP)
    Local override; error
    @(110.2500 mm, 66.8000 mm): Via [RTL_3V3] on F.Cu - B.Cu
    @(110.6000 mm, 66.5000 mm): Via [LANE0_RXP] on F.Cu - B.Cu
[shorting_items]: Items shorting two nets (nets RTL_3V3 and LANE0_RXP)
    Local override; error
    @(110.2500 mm, 66.8000 mm): Via [RTL_3V3] on F.Cu - B.Cu
    @(110.6000 mm, 66.5000 mm): Via [LANE0_RXP] on F.Cu - B.Cu
[shorting_items]: Items shorting two nets (nets RTL_3V3 and LANE0_RXP)
    Local override; error
    @(110.2500 mm, 66.8000 mm): Via [RTL_3V3] on F.Cu - B.Cu
    @(110.6000 mm, 66.5000 mm): Via [LANE0_RXP] on F.Cu - B.Cu
[shorting_items]: Items shorting two nets (nets RTL_3V3 and LANE0_RXP)
    Local override; error
    @(110.2500 mm, 66.8000 mm): Via [RTL_3V3] on F.Cu - B.Cu
    @(110.6000 mm, 66.5000 mm): Via [LANE0_RXP] on F.Cu - B.Cu
[clearance]: Clearance violation (zone clearance 0.5000 mm; actual 0.0000 mm)
    Local override; error
    @(132.0000 mm, 64.5000 mm): Via [LANE0_RXN] on F.Cu - B.Cu
    @(65.5000 mm, 40.5000 mm): Zone [GND] on B.Cu, priority 0
[hole_clearance]: Hole clearance violation (board setup constraints hole clearance 0.2500 mm; actual 0.0000 mm)
    Rule: board setup constraints hole; error
    @(132.0000 mm, 64.5000 mm): Via [LANE0_RXN] on F.Cu - B.Cu
    @(65.5000 mm, 40.5000 mm): Zone [GND] on B.Cu, priority 0
[shorting_items]: Items shorting two nets (nets RTL_3V3 and LANE0_RXP)
    Local override; error
    @(110.2500 mm, 66.8000 mm): Track [RTL_3V3] on B.Cu, length 1.7500 mm
    @(110.6000 mm, 66.5000 mm): Via [LANE0_RXP] on F.Cu - B.Cu
[clearance]: Clearance violation ( clearance 0.2000 mm; actual 0.1500 mm)
    Local override; error
    @(109.9500 mm, 65.2000 mm): Track [RTL_3V3] on F.Cu, length 0.3000 mm
    @(110.6000 mm, 60.4000 mm): Track [LANE0_RXP] on F.Cu, length 6.1000 mm
[clearance]: Clearance violation (zone clearance 0.5000 mm; actual 0.0000 mm)
    Local override; error
    @(110.2500 mm, 66.8000 mm): Track [RTL_3V3] on B.Cu, length 1.7500 mm
    @(65.5000 mm, 40.5000 mm): Zone [GND] on B.Cu, priority 0
[track_width]: Track width (board setup constraints min width 0.2000 mm; actual 0.1300 mm)
    Rule: netclass 'Default' (diff pair); error
    @(109.9500 mm, 59.2000 mm): Track [LANE0_TXN] on F.Cu, length 25.3000 mm
[track_width]: Track width (board setup constraints min width 0.2000 mm; actual 0.1300 mm)
    Rule: netclass 'Default' (diff pair); error
    @(135.2500 mm, 59.2000 mm): Track [LANE0_TXN] on F.Cu, length 3.5250 mm
[track_width]: Track width (board setup constraints min width 0.2000 mm; actual 0.1300 mm)
    Rule: netclass 'Default' (diff pair); error
    @(135.7500 mm, 58.8000 mm): Track [LANE0_TXP] on F.Cu, length 3.9250 mm
[track_width]: Track width (board setup constraints min width 0.2000 mm; actual 0.1300 mm)
    Rule: netclass 'Default' (diff pair); error
    @(109.9500 mm, 58.8000 mm): Track [LANE0_TXP] on F.Cu, length 25.8000 mm
[track_dangling]: Track has unconnected end
    Local override; warning
    @(100.0000 mm, 51.5000 mm): Track [RTL_3V3] on In2.PWR, length 15.5000 mm
[isolated_copper]: Isolated copper fill
    Local override; warning
    @(65.5000 mm, 40.5000 mm): Zone [GND] on B.Cu, priority 0
[isolated_copper]: Isolated copper fill
    Local override; warning
    @(65.5000 mm, 40.5000 mm): Zone [GND] on B.Cu, priority 0
[hole_to_hole]: Drilled hole too close to other hole (board setup constraints min 0.2495 mm; actual 0.1610 mm)
    Rule: board setup constraints; warning
    @(110.2500 mm, 66.8000 mm): Via [RTL_3V3] on F.Cu - B.Cu
    @(110.6000 mm, 66.5000 mm): Via [LANE0_RXP] on F.Cu - B.Cu
[holes_co_located]: Drilled holes co-located
    Local override; warning
    @(108.0000 mm, 64.8000 mm): Via [XTAL_IN] on F.Cu - B.Cu
    @(108.0000 mm, 64.8000 mm): Via [XTAL_IN] on F.Cu - B.Cu
[holes_co_located]: Drilled holes co-located
    Local override; warning
    @(120.1000 mm, 48.0000 mm): Via [XTAL_IN] on F.Cu - B.Cu
    @(120.1000 mm, 48.0000 mm): Via [XTAL_IN] on F.Cu - B.Cu
[holes_co_located]: Drilled holes co-located
    Local override; warning
    @(115.3000 mm, 44.0000 mm): Via [XTAL_IN] on F.Cu - B.Cu
    @(115.3000 mm, 44.0000 mm): Via [XTAL_IN] on F.Cu - B.Cu
[holes_co_located]: Drilled holes co-located
    Local override; warning
    @(114.3000 mm, 49.0000 mm): Via [XTAL_IN] on F.Cu - B.Cu
    @(114.3000 mm, 49.0000 mm): Via [XTAL_IN] on F.Cu - B.Cu

** Found 27 unconnected pads **
[unconnected_items]: Missing connection between items
    Local override; error
    @(102.8000 mm, 58.0500 mm): Pad 17 [RTL_5V] of U1 on F.Cu
    @(102.0500 mm, 64.8000 mm): Pad 33 [RTL_5V] of U1 on F.Cu
[unconnected_items]: Missing connection between items
    Local override; error
    @(124.4000 mm, 61.0000 mm): Pad 1 [RTL_5V] of C5 on F.Cu
    @(102.8000 mm, 58.0500 mm): Pad 17 [RTL_5V] of U1 on F.Cu
[unconnected_items]: Missing connection between items
    Local override; error
    @(106.0000 mm, 62.0000 mm): Pad 69 [GND] of U1 on F.Cu
    @(106.8000 mm, 65.9500 mm): Pad 45 [GND] of U1 on F.Cu
[unconnected_items]: Missing connection between items
    Local override; error
    @(106.8000 mm, 65.9500 mm): Pad 45 [GND] of U1 on F.Cu
    @(65.5000 mm, 40.5000 mm): Zone [GND] on F.Cu, priority 0
[unconnected_items]: Missing connection between items
    Local override; error
    @(109.9500 mm, 59.6000 mm): Pad 66 [GND] of U1 on F.Cu
    @(106.0000 mm, 62.0000 mm): Pad 69 [GND] of U1 on F.Cu
[unconnected_items]: Missing connection between items
    Local override; error
    @(98.9000 mm, 53.0000 mm): Pad 1 [PEDET] of R2 on F.Cu
    @(106.4000 mm, 58.0500 mm): Pad 8 [PEDET] of U1 on F.Cu
[unconnected_items]: Missing connection between items
    Local override; error
    @(106.4000 mm, 58.0500 mm): Pad 8 [PEDET] of U1 on F.Cu
    @(140.7500 mm, 62.7250 mm): Pad 69 [PEDET] of J1 on F.Cu
[unconnected_items]: Missing connection between items
    Local override; error
    @(101.4000 mm, 53.0000 mm): Pad 1 [CLKREQ_N] of R3 on F.Cu
    @(104.4000 mm, 58.0500 mm): Pad 13 [CLKREQ_N] of U1 on F.Cu
[unconnected_items]: Missing connection between items
    Local override; error
    @(104.4000 mm, 58.0500 mm): Pad 13 [CLKREQ_N] of U1 on F.Cu
    @(136.5000 mm, 70.2750 mm): Pad 52 [CLKREQ_N] of J1 on F.Cu
[unconnected_items]: Missing connection between items
    Local override; error
    @(104.0000 mm, 58.0500 mm): Pad 14 [PERST_N] of U1 on F.Cu
    @(136.0000 mm, 70.2750 mm): Pad 50 [PERST_N] of J1 on F.Cu
[unconnected_items]: Missing connection between items
    Local override; error
    @(102.0500 mm, 61.6000 mm): Pad 25 [RTL_1V1] of U1 on F.Cu
    @(103.2000 mm, 65.9500 mm): Pad 36 [RTL_1V1] of U1 on F.Cu
[unconnected_items]: Missing connection between items
    Local override; error
    @(103.2000 mm, 58.0500 mm): Pad 16 [RTL_1V1] of U1 on F.Cu
    @(102.0500 mm, 61.6000 mm): Pad 25 [RTL_1V1] of U1 on F.Cu
[unconnected_items]: Missing connection between items
    Local override; error
    @(103.2000 mm, 65.9500 mm): Pad 36 [RTL_1V1] of U1 on F.Cu
    @(104.8000 mm, 65.9500 mm): Pad 40 [RTL_1V1] of U1 on F.Cu
[unconnected_items]: Missing connection between items
    Local override; error
    @(104.8000 mm, 65.9500 mm): Pad 40 [RTL_1V1] of U1 on F.Cu
    @(108.8000 mm, 65.9500 mm): Pad 50 [RTL_1V1] of U1 on F.Cu
[unconnected_items]: Missing connection between items
    Local override; error
    @(108.8000 mm, 65.9500 mm): Pad 50 [RTL_1V1] of U1 on F.Cu
    @(109.9500 mm, 64.0000 mm): Pad 55 [RTL_1V1] of U1 on F.Cu
[unconnected_items]: Missing connection between items
    Local override; error
    @(109.9500 mm, 60.8000 mm): Pad 63 [RTL_1V1] of U1 on F.Cu
    @(109.9500 mm, 62.0000 mm): Pad 60 [RTL_1V1] of U1 on F.Cu
[unconnected_items]: Missing connection between items
    Local override; error
    @(109.9500 mm, 62.0000 mm): Pad 60 [RTL_1V1] of U1 on F.Cu
    @(109.9500 mm, 64.0000 mm): Pad 55 [RTL_1V1] of U1 on F.Cu
[unconnected_items]: Missing connection between items
    Local override; error
    @(113.2000 mm, 53.0000 mm): Pad 1 [RTL_1V1] of C4 on F.Cu
    @(109.9500 mm, 60.8000 mm): Pad 63 [RTL_1V1] of U1 on F.Cu
[unconnected_items]: Missing connection between items
    Local override; error
    @(96.1000 mm, 70.0000 mm): Pad 5 [SPISI] of U2 on F.Cu
    @(102.0500 mm, 58.8000 mm): Pad 18 [SPISI] of U1 on F.Cu
[unconnected_items]: Missing connection between items
    Local override; error
    @(97.3000 mm, 70.0000 mm): Pad 6 [SPICLK] of U2 on F.Cu
    @(102.0500 mm, 59.2000 mm): Pad 19 [SPICLK] of U1 on F.Cu
[unconnected_items]: Missing connection between items
    Local override; error
    @(98.5000 mm, 70.0000 mm): Pad 7 [SPISO3] of U2 on F.Cu
    @(102.0500 mm, 60.4000 mm): Pad 22 [SPISO3] of U1 on F.Cu
[unconnected_items]: Missing connection between items
    Local override; error
    @(92.5000 mm, 70.0000 mm): Pad 2 [SPISO] of U2 on F.Cu
    @(102.0500 mm, 60.8000 mm): Pad 23 [SPISO] of U1 on F.Cu
[unconnected_items]: Missing connection between items
    Local override; error
    @(91.3000 mm, 70.0000 mm): Pad 1 [SPICS] of U2 on F.Cu
    @(102.0500 mm, 61.2000 mm): Pad 24 [SPICS] of U1 on F.Cu
[unconnected_items]: Missing connection between items
    Local override; error
    @(109.9500 mm, 64.4000 mm): Pad 54 [XTAL_OUT] of U1 on F.Cu
    @(120.4000 mm, 53.0000 mm): Pad 1 [XTAL_OUT] of C2 on F.Cu
[unconnected_items]: Missing connection between items
    Local override; error
    @(120.4000 mm, 53.0000 mm): Pad 1 [XTAL_OUT] of C2 on F.Cu
    @(116.7000 mm, 49.0000 mm): Pad 2 [XTAL_OUT] of Y1 on F.Cu
[unconnected_items]: Missing connection between items
    Local override; error
    @(109.9500 mm, 61.6000 mm): Pad 61 [REFCLK_P] of U1 on F.Cu
    @(137.2500 mm, 62.7250 mm): Pad 55 [REFCLK_P] of J1 on F.Cu
[unconnected_items]: Missing connection between items
    Local override; error
    @(109.9500 mm, 61.2000 mm): Pad 62 [REFCLK_N] of U1 on F.Cu
    @(136.7500 mm, 62.7250 mm): Pad 53 [REFCLK_N] of J1 on F.Cu

** Found 0 Footprint errors **

** Ignored checks **
    - Footprint has no courtyard defined
    - Track endpoint not centered on via
    - Tuning profile track geometries
    - Footprint doesn't match symbol's footprint filters
    - Footprint component type doesn't match footprint pads

** End of Report **
