ERC report (2026-09-06T05:45:27, Encoding UTF8)
Report includes: Errors, Warnings

***** Sheet /
[endpoint_off_grid]: Symbol pin or wire end off connection grid
    ; warning
    @(80.00 mm, 100.00 mm): Symbol J1 [SXM2_74221_101LF]
[same_local_global_label]: Local and global labels have same name
    ; warning
    @(25.00 mm, 47.00 mm): Global Label 'CM5_PER0_P'
    @(209.22 mm, 56.82 mm): Label 'CM5_PER0_P'
[endpoint_off_grid]: Symbol pin or wire end off connection grid
    ; warning
    @(25.00 mm, 50.00 mm): Horizontal Wire, length 10.00 mm
[same_local_global_label]: Local and global labels have same name
    ; warning
    @(25.00 mm, 50.00 mm): Global Label 'CM5_PER0_N'
    @(209.22 mm, 59.36 mm): Label 'CM5_PER0_N'
[endpoint_off_grid]: Symbol pin or wire end off connection grid
    ; warning
    @(25.00 mm, 53.00 mm): Horizontal Wire, length 10.00 mm
[same_local_global_label]: Local and global labels have same name
    ; warning
    @(25.00 mm, 53.00 mm): Global Label 'CM5_PET0_P'
    @(209.22 mm, 64.44 mm): Label 'CM5_PET0_P'
[endpoint_off_grid]: Symbol pin or wire end off connection grid
    ; warning
    @(25.00 mm, 56.00 mm): Horizontal Wire, length 10.00 mm
[same_local_global_label]: Local and global labels have same name
    ; warning
    @(25.00 mm, 56.00 mm): Global Label 'CM5_PET0_N'
    @(209.22 mm, 66.98 mm): Label 'CM5_PET0_N'
[endpoint_off_grid]: Symbol pin or wire end off connection grid
    ; warning
    @(25.00 mm, 59.00 mm): Horizontal Wire, length 10.00 mm
[same_local_global_label]: Local and global labels have same name
    ; warning
    @(25.00 mm, 59.00 mm): Global Label 'CM5_REFCLK_P'
    @(209.22 mm, 49.20 mm): Label 'CM5_REFCLK_P'
[endpoint_off_grid]: Symbol pin or wire end off connection grid
    ; warning
    @(25.00 mm, 62.00 mm): Horizontal Wire, length 10.00 mm
[same_local_global_label]: Local and global labels have same name
    ; warning
    @(25.00 mm, 62.00 mm): Global Label 'CM5_REFCLK_N'
    @(209.22 mm, 51.74 mm): Label 'CM5_REFCLK_N'
[endpoint_off_grid]: Symbol pin or wire end off connection grid
    ; warning
    @(25.00 mm, 65.00 mm): Horizontal Wire, length 10.00 mm
[same_local_global_label]: Local and global labels have same name
    ; warning
    @(25.00 mm, 65.00 mm): Global Label 'CM5_PERST'
    @(270.18 mm, 49.20 mm): Label 'CM5_PERST'
[endpoint_off_grid]: Symbol pin or wire end off connection grid
    ; warning
    @(25.00 mm, 68.00 mm): Horizontal Wire, length 10.00 mm
[endpoint_off_grid]: Symbol pin or wire end off connection grid
    ; warning
    @(25.00 mm, 71.00 mm): Horizontal Wire, length 10.00 mm
[endpoint_off_grid]: Symbol pin or wire end off connection grid
    ; warning
    @(25.00 mm, 74.00 mm): Horizontal Wire, length 10.00 mm
[same_local_global_label]: Local and global labels have same name
    ; warning
    @(25.00 mm, 74.00 mm): Global Label 'SERVICE_USB2_DP'
    @(260.18 mm, 44.12 mm): Label 'SERVICE_USB2_DP'
[endpoint_off_grid]: Symbol pin or wire end off connection grid
    ; warning
    @(25.00 mm, 77.00 mm): Horizontal Wire, length 10.00 mm
[same_local_global_label]: Local and global labels have same name
    ; warning
    @(25.00 mm, 77.00 mm): Global Label 'SERVICE_USB2_DM'
    @(260.18 mm, 41.58 mm): Label 'SERVICE_USB2_DM'
[endpoint_off_grid]: Symbol pin or wire end off connection grid
    ; warning
    @(25.00 mm, 80.00 mm): Horizontal Wire, length 10.00 mm
[isolated_pin_label]: Label connected to only one pin
    ; warning
    @(25.00 mm, 80.00 mm): Global Label 'CM5_POWER'
[endpoint_off_grid]: Symbol pin or wire end off connection grid
    ; warning
    @(25.00 mm, 83.00 mm): Horizontal Wire, length 10.00 mm
[same_local_global_label]: Local and global labels have same name
    ; warning
    @(25.00 mm, 83.00 mm): Global Label 'CM5_5V'
    @(127.94 mm, 140.64 mm): Label 'CM5_5V'
[endpoint_off_grid]: Symbol pin or wire end off connection grid
    ; warning
    @(25.00 mm, 147.00 mm): Horizontal Wire, length 10.00 mm
[endpoint_off_grid]: Symbol pin or wire end off connection grid
    ; warning
    @(25.00 mm, 153.00 mm): Horizontal Wire, length 10.00 mm
[same_local_global_label]: Local and global labels have same name
    ; warning
    @(25.00 mm, 153.00 mm): Global Label 'GBE_SHIELD'
    @(70.00 mm, 118.75 mm): Label 'GBE_SHIELD'
[endpoint_off_grid]: Symbol pin or wire end off connection grid
    ; warning
    @(25.00 mm, 156.00 mm): Horizontal Wire, length 10.00 mm
[same_local_global_label]: Local and global labels have same name
    ; warning
    @(25.00 mm, 156.00 mm): Global Label 'ETH_POWER'
    @(70.00 mm, 113.75 mm): Label 'ETH_POWER'
[endpoint_off_grid]: Symbol pin or wire end off connection grid
    ; warning
    @(60.00 mm, 47.00 mm): Horizontal Wire, length 10.00 mm
[endpoint_off_grid]: Symbol pin or wire end off connection grid
    ; warning
    @(60.00 mm, 50.00 mm): Horizontal Wire, length 10.00 mm
[endpoint_off_grid]: Symbol pin or wire end off connection grid
    ; warning
    @(60.00 mm, 53.00 mm): Horizontal Wire, length 10.00 mm
[endpoint_off_grid]: Symbol pin or wire end off connection grid
    ; warning
    @(60.00 mm, 56.00 mm): Horizontal Wire, length 10.00 mm
[endpoint_off_grid]: Symbol pin or wire end off connection grid
    ; warning
    @(60.00 mm, 59.00 mm): Horizontal Wire, length 10.00 mm
[endpoint_off_grid]: Symbol pin or wire end off connection grid
    ; warning
    @(60.00 mm, 62.00 mm): Horizontal Wire, length 10.00 mm
[endpoint_off_grid]: Symbol pin or wire end off connection grid
    ; warning
    @(60.00 mm, 65.00 mm): Horizontal Wire, length 10.00 mm
[endpoint_off_grid]: Symbol pin or wire end off connection grid
    ; warning
    @(60.00 mm, 68.00 mm): Horizontal Wire, length 10.00 mm
[isolated_pin_label]: Label connected to only one pin
    ; warning
    @(60.00 mm, 68.00 mm): Global Label 'V100_PER0_P'
[endpoint_off_grid]: Symbol pin or wire end off connection grid
    ; warning
    @(60.00 mm, 71.00 mm): Horizontal Wire, length 10.00 mm
[isolated_pin_label]: Label connected to only one pin
    ; warning
    @(60.00 mm, 71.00 mm): Global Label 'V100_PER0_N'
[endpoint_off_grid]: Symbol pin or wire end off connection grid
    ; warning
    @(60.00 mm, 74.00 mm): Horizontal Wire, length 10.00 mm
[same_local_global_label]: Local and global labels have same name
    ; warning
    @(60.00 mm, 74.00 mm): Global Label 'V100_PET0_P'
    @(100.32 mm, 102.54 mm): Label 'V100_PET0_P'
[endpoint_off_grid]: Symbol pin or wire end off connection grid
    ; warning
    @(60.00 mm, 77.00 mm): Horizontal Wire, length 10.00 mm
[same_local_global_label]: Local and global labels have same name
    ; warning
    @(60.00 mm, 77.00 mm): Global Label 'V100_PET0_N'
    @(50.00 mm, 135.00 mm): Label 'V100_PET0_N'
[endpoint_off_grid]: Symbol pin or wire end off connection grid
    ; warning
    @(60.00 mm, 80.00 mm): Horizontal Wire, length 10.00 mm
[isolated_pin_label]: Label connected to only one pin
    ; warning
    @(60.00 mm, 80.00 mm): Global Label 'V100_REFCLK_P'
[endpoint_off_grid]: Symbol pin or wire end off connection grid
    ; warning
    @(60.00 mm, 83.00 mm): Horizontal Wire, length 10.00 mm
[isolated_pin_label]: Label connected to only one pin
    ; warning
    @(60.00 mm, 83.00 mm): Global Label 'V100_REFCLK_N'
[endpoint_off_grid]: Symbol pin or wire end off connection grid
    ; warning
    @(60.00 mm, 86.00 mm): Horizontal Wire, length 10.00 mm
[isolated_pin_label]: Label connected to only one pin
    ; warning
    @(60.00 mm, 86.00 mm): Global Label 'V100_PERST'
[endpoint_off_grid]: Symbol pin or wire end off connection grid
    ; warning
    @(60.00 mm, 147.00 mm): Horizontal Wire, length 10.00 mm
[endpoint_off_grid]: Symbol pin or wire end off connection grid
    ; warning
    @(60.00 mm, 150.00 mm): Horizontal Wire, length 10.00 mm
[isolated_pin_label]: Label connected to only one pin
    ; warning
    @(60.00 mm, 150.00 mm): Global Label 'BRIDGE_SATA'
[endpoint_off_grid]: Symbol pin or wire end off connection grid
    ; warning
    @(60.00 mm, 153.00 mm): Horizontal Wire, length 10.00 mm
[isolated_pin_label]: Label connected to only one pin
    ; warning
    @(60.00 mm, 153.00 mm): Global Label 'M2_SATA'
[endpoint_off_grid]: Symbol pin or wire end off connection grid
    ; warning
    @(60.00 mm, 156.00 mm): Horizontal Wire, length 10.00 mm
[same_local_global_label]: Local and global labels have same name
    ; warning
    @(60.00 mm, 156.00 mm): Global Label 'M2_3V3'
    @(130.00 mm, 98.75 mm): Label 'M2_3V3'
[endpoint_off_grid]: Symbol pin or wire end off connection grid
    ; warning
    @(60.00 mm, 159.00 mm): Horizontal Wire, length 10.00 mm
[same_local_global_label]: Local and global labels have same name
    ; warning
    @(60.00 mm, 159.00 mm): Global Label 'BRIDGE_CFG'
    @(70.00 mm, 108.75 mm): Label 'BRIDGE_CFG'
[endpoint_off_grid]: Symbol pin or wire end off connection grid
    ; warning
    @(60.00 mm, 161.00 mm): Horizontal Wire, length 10.00 mm
[same_local_global_label]: Local and global labels have same name
    ; warning
    @(60.00 mm, 161.00 mm): Global Label 'BRIDGE_3V3'
    @(70.00 mm, 157.00 mm): Label 'BRIDGE_3V3'
[endpoint_off_grid]: Symbol pin or wire end off connection grid
    ; warning
    @(60.00 mm, 164.00 mm): Horizontal Wire, length 10.00 mm
[same_local_global_label]: Local and global labels have same name
    ; warning
    @(60.00 mm, 164.00 mm): Global Label 'BRIDGE_1V1'
    @(70.00 mm, 207.00 mm): Label 'BRIDGE_1V1'
[endpoint_off_grid]: Symbol pin or wire end off connection grid
    ; warning
    @(95.00 mm, 47.00 mm): Horizontal Wire, length 10.00 mm
[isolated_pin_label]: Label connected to only one pin
    ; warning
    @(95.00 mm, 47.00 mm): Global Label 'V100_POWER_12V'
[endpoint_off_grid]: Symbol pin or wire end off connection grid
    ; warning
    @(95.00 mm, 50.00 mm): Horizontal Wire, length 10.00 mm
[isolated_pin_label]: Label connected to only one pin
    ; warning
    @(95.00 mm, 50.00 mm): Global Label 'V100_GND'
[endpoint_off_grid]: Symbol pin or wire end off connection grid
    ; warning
    @(95.00 mm, 53.00 mm): Horizontal Wire, length 10.00 mm
[isolated_pin_label]: Label connected to only one pin
    ; warning
    @(95.00 mm, 53.00 mm): Global Label 'V100_THERMAL'
[endpoint_off_grid]: Symbol pin or wire end off connection grid
    ; warning
    @(95.00 mm, 147.00 mm): Horizontal Wire, length 10.00 mm
[endpoint_off_grid]: Symbol pin or wire end off connection grid
    ; warning
    @(95.00 mm, 150.00 mm): Horizontal Wire, length 10.00 mm
[endpoint_off_grid]: Symbol pin or wire end off connection grid
    ; warning
    @(95.00 mm, 153.00 mm): Horizontal Wire, length 10.00 mm
[same_local_global_label]: Local and global labels have same name
    ; warning
    @(95.00 mm, 153.00 mm): Global Label 'SERVICE_VBUS_SENSE'
    @(50.00 mm, 96.25 mm): Label 'SERVICE_VBUS_SENSE'
[endpoint_off_grid]: Symbol pin or wire end off connection grid
    ; warning
    @(95.00 mm, 156.00 mm): Horizontal Wire, length 10.00 mm
[isolated_pin_label]: Label connected to only one pin
    ; warning
    @(95.00 mm, 156.00 mm): Global Label 'SERVICE_RD'
[endpoint_off_grid]: Symbol pin or wire end off connection grid
    ; warning
    @(95.00 mm, 159.00 mm): Horizontal Wire, length 10.00 mm
[same_local_global_label]: Local and global labels have same name
    ; warning
    @(95.00 mm, 159.00 mm): Global Label 'SERVICE_GND'
    @(90.00 mm, 92.50 mm): Label 'SERVICE_GND'
[endpoint_off_grid]: Symbol pin or wire end off connection grid
    ; warning
    @(130.00 mm, 47.00 mm): Horizontal Wire, length 10.00 mm
[same_local_global_label]: Local and global labels have same name
    ; warning
    @(130.00 mm, 47.00 mm): Global Label '12V_IN_A'
    @(78.00 mm, 40.00 mm): Label '12V_IN_A'
[endpoint_off_grid]: Symbol pin or wire end off connection grid
    ; warning
    @(130.00 mm, 50.00 mm): Horizontal Wire, length 10.00 mm
[same_local_global_label]: Local and global labels have same name
    ; warning
    @(130.00 mm, 50.00 mm): Global Label '12V_IN_B'
    @(70.00 mm, 81.25 mm): Label '12V_IN_B'
[endpoint_off_grid]: Symbol pin or wire end off connection grid
    ; warning
    @(130.00 mm, 53.00 mm): Horizontal Wire, length 10.00 mm
[same_local_global_label]: Local and global labels have same name
    ; warning
    @(130.00 mm, 53.00 mm): Global Label '12V_PROTECTED'
    @(150.00 mm, 80.00 mm): Label '12V_PROTECTED'
[endpoint_off_grid]: Symbol pin or wire end off connection grid
    ; warning
    @(130.00 mm, 56.00 mm): Horizontal Wire, length 10.00 mm
[endpoint_off_grid]: Symbol pin or wire end off connection grid
    ; warning
    @(130.00 mm, 147.00 mm): Horizontal Wire, length 10.00 mm
[isolated_pin_label]: Label connected to only one pin
    ; warning
    @(130.00 mm, 147.00 mm): Global Label 'COOLING_12V'
[endpoint_off_grid]: Symbol pin or wire end off connection grid
    ; warning
    @(130.00 mm, 150.00 mm): Horizontal Wire, length 10.00 mm
[isolated_pin_label]: Label connected to only one pin
    ; warning
    @(130.00 mm, 150.00 mm): Global Label 'COOLING_PWM'
[endpoint_off_grid]: Symbol pin or wire end off connection grid
    ; warning
    @(130.00 mm, 153.00 mm): Horizontal Wire, length 10.00 mm
[isolated_pin_label]: Label connected to only one pin
    ; warning
    @(130.00 mm, 153.00 mm): Global Label 'COOLING_TACH'
[endpoint_off_grid]: Symbol pin or wire end off connection grid
    ; warning
    @(130.00 mm, 156.00 mm): Horizontal Wire, length 10.00 mm
[isolated_pin_label]: Label connected to only one pin
    ; warning
    @(130.00 mm, 156.00 mm): Global Label 'THERMAL_ALERT'
[endpoint_off_grid]: Symbol pin or wire end off connection grid
    ; warning
    @(165.00 mm, 47.00 mm): Horizontal Wire, length 10.00 mm
[endpoint_off_grid]: Symbol pin or wire end off connection grid
    ; warning
    @(165.00 mm, 50.00 mm): Horizontal Wire, length 10.00 mm
[endpoint_off_grid]: Symbol pin or wire end off connection grid
    ; warning
    @(165.00 mm, 53.00 mm): Horizontal Wire, length 10.00 mm
[isolated_pin_label]: Label connected to only one pin
    ; warning
    @(165.00 mm, 53.00 mm): Global Label 'STORAGE_3V3'
[endpoint_off_grid]: Symbol pin or wire end off connection grid
    ; warning
    @(165.00 mm, 56.00 mm): Horizontal Wire, length 10.00 mm
[isolated_pin_label]: Label connected to only one pin
    ; warning
    @(165.00 mm, 56.00 mm): Global Label 'BRIDGE_1V1_3V3'
[endpoint_off_grid]: Symbol pin or wire end off connection grid
    ; warning
    @(165.00 mm, 59.00 mm): Horizontal Wire, length 10.00 mm
[endpoint_off_grid]: Symbol pin or wire end off connection grid
    ; warning
    @(165.00 mm, 62.00 mm): Horizontal Wire, length 10.00 mm
[endpoint_off_grid]: Symbol pin or wire end off connection grid
    ; warning
    @(165.00 mm, 147.00 mm): Horizontal Wire, length 10.00 mm
[isolated_pin_label]: Label connected to only one pin
    ; warning
    @(165.00 mm, 147.00 mm): Global Label 'UART'
[endpoint_off_grid]: Symbol pin or wire end off connection grid
    ; warning
    @(165.00 mm, 150.00 mm): Horizontal Wire, length 10.00 mm
[isolated_pin_label]: Label connected to only one pin
    ; warning
    @(165.00 mm, 150.00 mm): Global Label 'RECOVERY'
[endpoint_off_grid]: Symbol pin or wire end off connection grid
    ; warning
    @(165.00 mm, 153.00 mm): Horizontal Wire, length 10.00 mm
[endpoint_off_grid]: Symbol pin or wire end off connection grid
    ; warning
    @(165.00 mm, 156.00 mm): Horizontal Wire, length 10.00 mm
[isolated_pin_label]: Label connected to only one pin
    ; warning
    @(165.00 mm, 156.00 mm): Global Label 'DEBUG_GND'
[endpoint_off_grid]: Symbol pin or wire end off connection grid
    ; warning
    @(5.00 mm, 10.00 mm): Horizontal Wire, length 14.92 mm
[endpoint_off_grid]: Symbol pin or wire end off connection grid
    ; warning
    @(5.00 mm, 13.00 mm): Horizontal Wire, length 14.92 mm
[endpoint_off_grid]: Symbol pin or wire end off connection grid
    ; warning
    @(5.00 mm, 16.00 mm): Horizontal Wire, length 14.92 mm
[endpoint_off_grid]: Symbol pin or wire end off connection grid
    ; warning
    @(5.00 mm, 19.00 mm): Horizontal Wire, length 14.92 mm
[endpoint_off_grid]: Symbol pin or wire end off connection grid
    ; warning
    @(5.00 mm, 22.00 mm): Horizontal Wire, length 14.92 mm
[endpoint_off_grid]: Symbol pin or wire end off connection grid
    ; warning
    @(5.00 mm, 25.00 mm): Horizontal Wire, length 14.92 mm
[endpoint_off_grid]: Symbol pin or wire end off connection grid
    ; warning
    @(5.00 mm, 28.00 mm): Horizontal Wire, length 14.92 mm
[endpoint_off_grid]: Symbol pin or wire end off connection grid
    ; warning
    @(5.00 mm, 31.00 mm): Horizontal Wire, length 14.92 mm
[endpoint_off_grid]: Symbol pin or wire end off connection grid
    ; warning
    @(5.00 mm, 34.00 mm): Horizontal Wire, length 14.92 mm
[endpoint_off_grid]: Symbol pin or wire end off connection grid
    ; warning
    @(5.00 mm, 37.00 mm): Horizontal Wire, length 14.92 mm
[endpoint_off_grid]: Symbol pin or wire end off connection grid
    ; warning
    @(5.00 mm, 40.00 mm): Horizontal Wire, length 14.92 mm
[endpoint_off_grid]: Symbol pin or wire end off connection grid
    ; warning
    @(5.00 mm, 43.00 mm): Horizontal Wire, length 14.92 mm
[isolated_pin_label]: Label connected to only one pin
    ; warning
    @(5.00 mm, 43.00 mm): Hierarchical Label 'CM5_POWER'
[endpoint_off_grid]: Symbol pin or wire end off connection grid
    ; warning
    @(5.00 mm, 46.00 mm): Horizontal Wire, length 14.92 mm
[endpoint_off_grid]: Symbol pin or wire end off connection grid
    ; warning
    @(19.92 mm, 10.00 mm): Symbol X1 Pin 1 [CM5_PER0_P, Passive, Line]
[unconnected_wire_endpoint]: Unconnected wire endpoint
    ; warning
    @(5.00 mm, 46.00 mm): Horizontal Wire, length 14.92 mm
[endpoint_off_grid]: Symbol pin or wire end off connection grid
    ; warning
    @(127.94 mm, 44.12 mm): Symbol J7 Pin 1 [GND, Power input, Line]
[endpoint_off_grid]: Symbol pin or wire end off connection grid
    ; warning
    @(127.94 mm, 61.90 mm): Horizontal Wire, length 2.06 mm
[endpoint_off_grid]: Symbol pin or wire end off connection grid
    ; warning
    @(127.94 mm, 64.44 mm): Horizontal Wire, length 2.06 mm
[endpoint_off_grid]: Symbol pin or wire end off connection grid
    ; warning
    @(127.94 mm, 140.64 mm): Symbol #FLG01 Pin 1 [Power output, Line]
[lib_symbol_mismatch]: Symbol 'PWR_FLAG' doesn't match copy in library 'power'
    ; warning
    @(127.94 mm, 140.64 mm): Symbol #FLG01 [PWR_FLAG]
[endpoint_off_grid]: Symbol pin or wire end off connection grid
    ; warning
    @(270.18 mm, 39.04 mm): Symbol J7 Pin 101 [USB_OTG_ID, Input, Line]
[endpoint_off_grid]: Symbol pin or wire end off connection grid
    ; warning
    @(270.18 mm, 41.58 mm): Horizontal Wire, length 10.00 mm
[endpoint_off_grid]: Symbol pin or wire end off connection grid
    ; warning
    @(270.18 mm, 44.12 mm): Horizontal Wire, length 10.00 mm
[endpoint_off_grid]: Symbol pin or wire end off connection grid
    ; warning
    @(5.00 mm, 10.00 mm): Horizontal Wire, length 14.92 mm
[endpoint_off_grid]: Symbol pin or wire end off connection grid
    ; warning
    @(5.00 mm, 16.00 mm): Horizontal Wire, length 14.92 mm
[endpoint_off_grid]: Symbol pin or wire end off connection grid
    ; warning
    @(5.00 mm, 19.00 mm): Horizontal Wire, length 14.92 mm
[endpoint_off_grid]: Symbol pin or wire end off connection grid
    ; warning
    @(19.92 mm, 10.00 mm): Symbol X6 Pin 1 [CM5_GBE, Passive, Line]
[lib_symbol_mismatch]: Symbol 'ETHERNET_Contract' doesn't match copy in library 'PiSXMeRevAClean'
    ; warning
    @(25.00 mm, 10.00 mm): Symbol X6 [ETHERNET_Contract]
[endpoint_off_grid]: Symbol pin or wire end off connection grid
    ; warning
    @(70.00 mm, 78.75 mm): Symbol J2 Pin 1 [TRD0+, Passive, Line]
[endpoint_off_grid]: Symbol pin or wire end off connection grid
    ; warning
    @(130.00 mm, 88.75 mm): Symbol J3 Pin 1 [SATA_TX_P, Passive, Line]
[endpoint_off_grid]: Symbol pin or wire end off connection grid
    ; warning
    @(70.00 mm, 168.75 mm): Symbol U9 Pin 1 [IO1_A, Passive, Line]
[endpoint_off_grid]: Symbol pin or wire end off connection grid
    ; warning
    @(108.00 mm, 46.19 mm): Symbol C48 Pin 1 [Passive, Line]
[endpoint_off_grid]: Symbol pin or wire end off connection grid
    ; warning
    @(108.00 mm, 56.19 mm): Symbol R26 Pin 1 [Passive, Line]
[endpoint_off_grid]: Symbol pin or wire end off connection grid
    ; warning
    @(108.00 mm, 71.19 mm): Symbol C52 Pin 1 [Passive, Line]
[endpoint_off_grid]: Symbol pin or wire end off connection grid
    ; warning
    @(116.00 mm, 46.19 mm): Symbol C49 Pin 1 [Passive, Line]
[endpoint_off_grid]: Symbol pin or wire end off connection grid
    ; warning
    @(116.00 mm, 56.19 mm): Symbol R27 Pin 1 [Passive, Line]
[endpoint_off_grid]: Symbol pin or wire end off connection grid
    ; warning
    @(124.00 mm, 46.19 mm): Symbol C50 Pin 1 [Passive, Line]
[endpoint_off_grid]: Symbol pin or wire end off connection grid
    ; warning
    @(124.00 mm, 56.19 mm): Symbol R28 Pin 1 [Passive, Line]
[endpoint_off_grid]: Symbol pin or wire end off connection grid
    ; warning
    @(132.00 mm, 46.19 mm): Symbol C51 Pin 1 [Passive, Line]
[endpoint_off_grid]: Symbol pin or wire end off connection grid
    ; warning
    @(132.00 mm, 56.19 mm): Symbol R29 Pin 1 [Passive, Line]
[endpoint_off_grid]: Symbol pin or wire end off connection grid
    ; warning
    @(145.00 mm, 46.19 mm): Symbol R30 Pin 1 [Passive, Line]
[endpoint_off_grid]: Symbol pin or wire end off connection grid
    ; warning
    @(155.00 mm, 46.19 mm): Symbol R31 Pin 1 [Passive, Line]
[endpoint_off_grid]: Symbol pin or wire end off connection grid
    ; warning
    @(5.00 mm, 10.00 mm): Horizontal Wire, length 14.92 mm
[endpoint_off_grid]: Symbol pin or wire end off connection grid
    ; warning
    @(5.00 mm, 13.00 mm): Horizontal Wire, length 14.92 mm
[endpoint_off_grid]: Symbol pin or wire end off connection grid
    ; warning
    @(5.00 mm, 16.00 mm): Horizontal Wire, length 14.92 mm
[endpoint_off_grid]: Symbol pin or wire end off connection grid
    ; warning
    @(5.00 mm, 19.00 mm): Horizontal Wire, length 14.92 mm
[endpoint_off_grid]: Symbol pin or wire end off connection grid
    ; warning
    @(5.00 mm, 22.00 mm): Horizontal Wire, length 14.92 mm
[endpoint_off_grid]: Symbol pin or wire end off connection grid
    ; warning
    @(5.00 mm, 25.00 mm): Horizontal Wire, length 14.92 mm
[endpoint_off_grid]: Symbol pin or wire end off connection grid
    ; warning
    @(5.00 mm, 28.00 mm): Horizontal Wire, length 14.92 mm
[endpoint_off_grid]: Symbol pin or wire end off connection grid
    ; warning
    @(5.00 mm, 31.00 mm): Horizontal Wire, length 14.92 mm
[isolated_pin_label]: Label connected to only one pin
    ; warning
    @(5.00 mm, 31.00 mm): Hierarchical Label 'V100_PER0_P'
[endpoint_off_grid]: Symbol pin or wire end off connection grid
    ; warning
    @(5.00 mm, 34.00 mm): Horizontal Wire, length 14.92 mm
[isolated_pin_label]: Label connected to only one pin
    ; warning
    @(5.00 mm, 34.00 mm): Hierarchical Label 'V100_PER0_N'
[endpoint_off_grid]: Symbol pin or wire end off connection grid
    ; warning
    @(5.00 mm, 37.00 mm): Horizontal Wire, length 14.92 mm
[endpoint_off_grid]: Symbol pin or wire end off connection grid
    ; warning
    @(5.00 mm, 40.00 mm): Horizontal Wire, length 14.92 mm
[endpoint_off_grid]: Symbol pin or wire end off connection grid
    ; warning
    @(5.00 mm, 43.00 mm): Horizontal Wire, length 14.92 mm
[isolated_pin_label]: Label connected to only one pin
    ; warning
    @(5.00 mm, 43.00 mm): Hierarchical Label 'V100_REFCLK_P'
[endpoint_off_grid]: Symbol pin or wire end off connection grid
    ; warning
    @(5.00 mm, 46.00 mm): Horizontal Wire, length 14.92 mm
[isolated_pin_label]: Label connected to only one pin
    ; warning
    @(5.00 mm, 46.00 mm): Hierarchical Label 'V100_REFCLK_N'
[endpoint_off_grid]: Symbol pin or wire end off connection grid
    ; warning
    @(5.00 mm, 49.00 mm): Horizontal Wire, length 14.92 mm
[isolated_pin_label]: Label connected to only one pin
    ; warning
    @(5.00 mm, 49.00 mm): Hierarchical Label 'V100_PERST'
[endpoint_off_grid]: Symbol pin or wire end off connection grid
    ; warning
    @(19.92 mm, 10.00 mm): Symbol X2 Pin 1 [CM5_PER0_P, Passive, Line]
[endpoint_off_grid]: Symbol pin or wire end off connection grid
    ; warning
    @(20.00 mm, 125.00 mm): Symbol C1 Pin 1 [1, Passive, Line]
[endpoint_off_grid]: Symbol pin or wire end off connection grid
    ; warning
    @(20.00 mm, 135.00 mm): Symbol C2 Pin 1 [1, Passive, Line]
[endpoint_off_grid]: Symbol pin or wire end off connection grid
    ; warning
    @(100.32 mm, 89.84 mm): Symbol J1 Pin A2 [PER0_P, Passive, Line]
[endpoint_off_grid]: Symbol pin or wire end off connection grid
    ; warning
    @(5.00 mm, 10.00 mm): Horizontal Wire, length 14.92 mm
[endpoint_off_grid]: Symbol pin or wire end off connection grid
    ; warning
    @(5.00 mm, 13.00 mm): Horizontal Wire, length 14.92 mm
[isolated_pin_label]: Label connected to only one pin
    ; warning
    @(5.00 mm, 13.00 mm): Hierarchical Label 'BRIDGE_SATA'
[endpoint_off_grid]: Symbol pin or wire end off connection grid
    ; warning
    @(5.00 mm, 16.00 mm): Horizontal Wire, length 14.92 mm
[isolated_pin_label]: Label connected to only one pin
    ; warning
    @(5.00 mm, 16.00 mm): Hierarchical Label 'M2_SATA'
[endpoint_off_grid]: Symbol pin or wire end off connection grid
    ; warning
    @(5.00 mm, 19.00 mm): Horizontal Wire, length 14.92 mm
[endpoint_off_grid]: Symbol pin or wire end off connection grid
    ; warning
    @(5.00 mm, 22.00 mm): Horizontal Wire, length 14.92 mm
[endpoint_off_grid]: Symbol pin or wire end off connection grid
    ; warning
    @(5.00 mm, 101.25 mm): Horizontal Wire, length 65.00 mm
[endpoint_off_grid]: Symbol pin or wire end off connection grid
    ; warning
    @(5.00 mm, 103.75 mm): Horizontal Wire, length 65.00 mm
[endpoint_off_grid]: Symbol pin or wire end off connection grid
    ; warning
    @(19.92 mm, 10.00 mm): Symbol X7 Pin 1 [CM5_USB3, Passive, Line]
[endpoint_off_grid]: Symbol pin or wire end off connection grid
    ; warning
    @(70.00 mm, 81.25 mm): Symbol U7 Pin 46 [USB3_TX_P, Passive, Line]
[isolated_pin_label]: Label connected to only one pin
    ; warning
    @(70.00 mm, 106.25 mm): Label 'BRIDGE_RESET'
[isolated_pin_label]: Label connected to only one pin
    ; warning
    @(70.00 mm, 142.50 mm): Global Label 'BRIDGE_USB_DM'
[isolated_pin_label]: Label connected to only one pin
    ; warning
    @(70.00 mm, 145.00 mm): Global Label 'BRIDGE_USB_DP'
[endpoint_off_grid]: Symbol pin or wire end off connection grid
    ; warning
    @(100.00 mm, 121.25 mm): Symbol C30 Pin 1 [SATA_IN, Passive, Line]
[endpoint_off_grid]: Symbol pin or wire end off connection grid
    ; warning
    @(112.00 mm, 121.25 mm): Symbol C31 Pin 1 [SATA_IN, Passive, Line]
[endpoint_off_grid]: Symbol pin or wire end off connection grid
    ; warning
    @(120.00 mm, 176.25 mm): Symbol R24 Pin 1 [XI, Passive, Line]
[endpoint_off_grid]: Symbol pin or wire end off connection grid
    ; warning
    @(124.00 mm, 121.25 mm): Symbol C32 Pin 1 [SATA_IN, Passive, Line]
[endpoint_off_grid]: Symbol pin or wire end off connection grid
    ; warning
    @(130.00 mm, 88.75 mm): Symbol J3 Pin 1 [SATA_TX_P, Passive, Line]
[isolated_pin_label]: Label connected to only one pin
    ; warning
    @(130.00 mm, 101.25 mm): Label 'M2_GND'
[endpoint_off_grid]: Symbol pin or wire end off connection grid
    ; warning
    @(136.00 mm, 121.25 mm): Symbol C33 Pin 1 [SATA_IN, Passive, Line]
[endpoint_off_grid]: Symbol pin or wire end off connection grid
    ; warning
    @(170.00 mm, 133.75 mm): Symbol Y1 Pin 1 [XI, Passive, Line]
[endpoint_off_grid]: Symbol pin or wire end off connection grid
    ; warning
    @(170.00 mm, 141.25 mm): Symbol R23 Pin 1 [XI, Passive, Line]
[endpoint_off_grid]: Symbol pin or wire end off connection grid
    ; warning
    @(200.00 mm, 131.25 mm): Symbol C42 Pin 1 [CLOCK, Passive, Line]
[endpoint_off_grid]: Symbol pin or wire end off connection grid
    ; warning
    @(200.00 mm, 141.25 mm): Symbol C43 Pin 1 [CLOCK, Passive, Line]
[endpoint_off_grid]: Symbol pin or wire end off connection grid
    ; warning
    @(5.00 mm, 10.00 mm): Horizontal Wire, length 14.92 mm
[isolated_pin_label]: Label connected to only one pin
    ; warning
    @(5.00 mm, 10.00 mm): Hierarchical Label 'V100_POWER_12V'
[endpoint_off_grid]: Symbol pin or wire end off connection grid
    ; warning
    @(5.00 mm, 13.00 mm): Horizontal Wire, length 14.92 mm
[isolated_pin_label]: Label connected to only one pin
    ; warning
    @(5.00 mm, 13.00 mm): Hierarchical Label 'V100_GND'
[endpoint_off_grid]: Symbol pin or wire end off connection grid
    ; warning
    @(5.00 mm, 16.00 mm): Horizontal Wire, length 14.92 mm
[isolated_pin_label]: Label connected to only one pin
    ; warning
    @(5.00 mm, 16.00 mm): Hierarchical Label 'V100_THERMAL'
[endpoint_off_grid]: Symbol pin or wire end off connection grid
    ; warning
    @(19.92 mm, 10.00 mm): Symbol X3 Pin 1 [V100_POWER_12V, Passive, Line]
[endpoint_off_grid]: Symbol pin or wire end off connection grid
    ; warning
    @(5.00 mm, 10.00 mm): Horizontal Wire, length 14.92 mm
[endpoint_off_grid]: Symbol pin or wire end off connection grid
    ; warning
    @(5.00 mm, 13.00 mm): Horizontal Wire, length 14.92 mm
[endpoint_off_grid]: Symbol pin or wire end off connection grid
    ; warning
    @(5.00 mm, 16.00 mm): Horizontal Wire, length 14.92 mm
[endpoint_off_grid]: Symbol pin or wire end off connection grid
    ; warning
    @(5.00 mm, 19.00 mm): Horizontal Wire, length 14.92 mm
[isolated_pin_label]: Label connected to only one pin
    ; warning
    @(5.00 mm, 19.00 mm): Hierarchical Label 'SERVICE_RD'
[endpoint_off_grid]: Symbol pin or wire end off connection grid
    ; warning
    @(5.00 mm, 22.00 mm): Horizontal Wire, length 14.92 mm
[endpoint_off_grid]: Symbol pin or wire end off connection grid
    ; warning
    @(19.92 mm, 10.00 mm): Symbol X8 Pin 1 [SERVICE_USB2_DP, Passive, Line]
[endpoint_off_grid]: Symbol pin or wire end off connection grid
    ; warning
    @(50.00 mm, 101.25 mm): Symbol J4 Pin 1 [USB2_DP, Passive, Line]
[endpoint_off_grid]: Symbol pin or wire end off connection grid
    ; warning
    @(70.00 mm, 111.25 mm): Symbol R1 Pin 1 [CC, Passive, Line]
[endpoint_off_grid]: Symbol pin or wire end off connection grid
    ; warning
    @(90.00 mm, 97.50 mm): Symbol U8 Pin 1 [USB2_DP, Passive, Line]
[endpoint_off_grid]: Symbol pin or wire end off connection grid
    ; warning
    @(90.00 mm, 111.25 mm): Symbol R2 Pin 1 [CC, Passive, Line]
[endpoint_off_grid]: Symbol pin or wire end off connection grid
    ; warning
    @(5.00 mm, 10.00 mm): Horizontal Wire, length 14.92 mm
[endpoint_off_grid]: Symbol pin or wire end off connection grid
    ; warning
    @(5.00 mm, 13.00 mm): Horizontal Wire, length 14.92 mm
[endpoint_off_grid]: Symbol pin or wire end off connection grid
    ; warning
    @(5.00 mm, 16.00 mm): Horizontal Wire, length 14.92 mm
[endpoint_off_grid]: Symbol pin or wire end off connection grid
    ; warning
    @(5.00 mm, 19.00 mm): Horizontal Wire, length 14.92 mm
[endpoint_off_grid]: Symbol pin or wire end off connection grid
    ; warning
    @(19.92 mm, 10.00 mm): Symbol X4 Pin 1 [12V_IN_A, Passive, Line]
[endpoint_off_grid]: Symbol pin or wire end off connection grid
    ; warning
    @(50.00 mm, 107.00 mm): Symbol U1 Hidden pin 1 [VCAP, Power output, Line]
[endpoint_off_grid]: Symbol pin or wire end off connection grid
    ; warning
    @(50.00 mm, 157.00 mm): Symbol U2 Hidden pin 1 [VCAP, Power output, Line]
[endpoint_off_grid]: Symbol pin or wire end off connection grid
    ; warning
    @(67.00 mm, 41.25 mm): Symbol J5 Pin 1 [12V, Passive, Line]
[endpoint_off_grid]: Symbol pin or wire end off connection grid
    ; warning
    @(67.00 mm, 81.25 mm): Symbol J6 Pin 1 [12V, Passive, Line]
[endpoint_off_grid]: Symbol pin or wire end off connection grid
    ; warning
    @(70.00 mm, 38.75 mm): Horizontal Wire, length 3.00 mm
[endpoint_off_grid]: Symbol pin or wire end off connection grid
    ; warning
    @(70.00 mm, 38.75 mm): Horizontal Wire, length 3.00 mm
[endpoint_off_grid]: Symbol pin or wire end off connection grid
    ; warning
    @(70.00 mm, 41.25 mm): Horizontal Wire, length 3.00 mm
[endpoint_off_grid]: Symbol pin or wire end off connection grid
    ; warning
    @(70.00 mm, 41.25 mm): Horizontal Wire, length 3.00 mm
[endpoint_off_grid]: Symbol pin or wire end off connection grid
    ; warning
    @(70.00 mm, 78.75 mm): Horizontal Wire, length 3.00 mm
[endpoint_off_grid]: Symbol pin or wire end off connection grid
    ; warning
    @(70.00 mm, 78.75 mm): Horizontal Wire, length 3.00 mm
[endpoint_off_grid]: Symbol pin or wire end off connection grid
    ; warning
    @(70.00 mm, 81.25 mm): Horizontal Wire, length 3.00 mm
[endpoint_off_grid]: Symbol pin or wire end off connection grid
    ; warning
    @(70.00 mm, 81.25 mm): Horizontal Wire, length 3.00 mm
[endpoint_off_grid]: Symbol pin or wire end off connection grid
    ; warning
    @(70.00 mm, 96.50 mm): Symbol #FLG02 Pin 1 [Power output, Line]
[lib_symbol_mismatch]: Symbol 'PWR_FLAG' doesn't match copy in library 'power'
    ; warning
    @(70.00 mm, 96.50 mm): Symbol #FLG02 [PWR_FLAG]
[endpoint_off_grid]: Symbol pin or wire end off connection grid
    ; warning
    @(78.00 mm, 40.00 mm): Symbol F1 Pin 1 [RAW, Passive, Line]
[endpoint_off_grid]: Symbol pin or wire end off connection grid
    ; warning
    @(78.00 mm, 80.00 mm): Symbol F2 Pin 1 [RAW, Passive, Line]
[endpoint_off_grid]: Symbol pin or wire end off connection grid
    ; warning
    @(115.00 mm, 71.19 mm): Symbol C5 Pin 1 [Passive, Line]
[endpoint_off_grid]: Symbol pin or wire end off connection grid
    ; warning
    @(98.00 mm, 55.00 mm): Symbol C3 Pin 1 [VCAP, Passive, Line]
[endpoint_off_grid]: Symbol pin or wire end off connection grid
    ; warning
    @(98.00 mm, 80.00 mm): Symbol D2 Pin 1 [A, Passive, Line]
[endpoint_off_grid]: Symbol pin or wire end off connection grid
    ; warning
    @(98.00 mm, 95.00 mm): Symbol C4 Pin 1 [VCAP, Passive, Line]
[endpoint_off_grid]: Symbol pin or wire end off connection grid
    ; warning
    @(110.00 mm, 40.00 mm): Symbol Q1 Pin 1 [SOURCE, Passive, Line]
[endpoint_off_grid]: Symbol pin or wire end off connection grid
    ; warning
    @(110.00 mm, 80.00 mm): Symbol Q2 Pin 1 [SOURCE, Passive, Line]
[endpoint_off_grid]: Symbol pin or wire end off connection grid
    ; warning
    @(5.00 mm, 10.00 mm): Horizontal Wire, length 14.92 mm
[isolated_pin_label]: Label connected to only one pin
    ; warning
    @(5.00 mm, 10.00 mm): Hierarchical Label 'COOLING_12V'
[endpoint_off_grid]: Symbol pin or wire end off connection grid
    ; warning
    @(5.00 mm, 13.00 mm): Horizontal Wire, length 14.92 mm
[isolated_pin_label]: Label connected to only one pin
    ; warning
    @(5.00 mm, 13.00 mm): Hierarchical Label 'COOLING_PWM'
[endpoint_off_grid]: Symbol pin or wire end off connection grid
    ; warning
    @(5.00 mm, 16.00 mm): Horizontal Wire, length 14.92 mm
[isolated_pin_label]: Label connected to only one pin
    ; warning
    @(5.00 mm, 16.00 mm): Hierarchical Label 'COOLING_TACH'
[endpoint_off_grid]: Symbol pin or wire end off connection grid
    ; warning
    @(5.00 mm, 19.00 mm): Horizontal Wire, length 14.92 mm
[isolated_pin_label]: Label connected to only one pin
    ; warning
    @(5.00 mm, 19.00 mm): Hierarchical Label 'THERMAL_ALERT'
[endpoint_off_grid]: Symbol pin or wire end off connection grid
    ; warning
    @(19.92 mm, 10.00 mm): Symbol X9 Pin 1 [COOLING_12V, Passive, Line]
[endpoint_off_grid]: Symbol pin or wire end off connection grid
    ; warning
    @(5.00 mm, 10.00 mm): Horizontal Wire, length 14.92 mm
[endpoint_off_grid]: Symbol pin or wire end off connection grid
    ; warning
    @(5.00 mm, 13.00 mm): Horizontal Wire, length 14.92 mm
[endpoint_off_grid]: Symbol pin or wire end off connection grid
    ; warning
    @(5.00 mm, 16.00 mm): Horizontal Wire, length 14.92 mm
[isolated_pin_label]: Label connected to only one pin
    ; warning
    @(5.00 mm, 16.00 mm): Hierarchical Label 'STORAGE_3V3'
[endpoint_off_grid]: Symbol pin or wire end off connection grid
    ; warning
    @(5.00 mm, 19.00 mm): Horizontal Wire, length 14.92 mm
[isolated_pin_label]: Label connected to only one pin
    ; warning
    @(5.00 mm, 19.00 mm): Hierarchical Label 'BRIDGE_1V1_3V3'
[endpoint_off_grid]: Symbol pin or wire end off connection grid
    ; warning
    @(5.00 mm, 157.00 mm): Horizontal Wire, length 65.00 mm
[endpoint_off_grid]: Symbol pin or wire end off connection grid
    ; warning
    @(5.00 mm, 207.00 mm): Horizontal Wire, length 65.00 mm
[endpoint_off_grid]: Symbol pin or wire end off connection grid
    ; warning
    @(19.92 mm, 10.00 mm): Symbol X5 Pin 1 [12V_PROTECTED, Passive, Line]
[unconnected_wire_endpoint]: Unconnected wire endpoint
    ; warning
    @(70.00 mm, 77.00 mm): Horizontal Wire, length 5.00 mm
[unconnected_wire_endpoint]: Unconnected wire endpoint
    ; warning
    @(70.00 mm, 79.00 mm): Horizontal Wire, length 5.00 mm
[unconnected_wire_endpoint]: Unconnected wire endpoint
    ; warning
    @(70.00 mm, 81.00 mm): Horizontal Wire, length 5.00 mm
[unconnected_wire_endpoint]: Unconnected wire endpoint
    ; warning
    @(70.00 mm, 83.00 mm): Horizontal Wire, length 5.00 mm
[unconnected_wire_endpoint]: Unconnected wire endpoint
    ; warning
    @(70.00 mm, 85.00 mm): Horizontal Wire, length 5.00 mm
[unconnected_wire_endpoint]: Unconnected wire endpoint
    ; warning
    @(70.00 mm, 87.00 mm): Horizontal Wire, length 5.00 mm
[unconnected_wire_endpoint]: Unconnected wire endpoint
    ; warning
    @(70.00 mm, 89.00 mm): Horizontal Wire, length 5.00 mm
[unconnected_wire_endpoint]: Unconnected wire endpoint
    ; warning
    @(70.00 mm, 91.00 mm): Horizontal Wire, length 5.00 mm
[unconnected_wire_endpoint]: Unconnected wire endpoint
    ; warning
    @(70.00 mm, 93.00 mm): Horizontal Wire, length 5.00 mm
[unconnected_wire_endpoint]: Unconnected wire endpoint
    ; warning
    @(70.00 mm, 95.00 mm): Horizontal Wire, length 5.00 mm
[unconnected_wire_endpoint]: Unconnected wire endpoint
    ; warning
    @(70.00 mm, 97.00 mm): Horizontal Wire, length 5.00 mm
[unconnected_wire_endpoint]: Unconnected wire endpoint
    ; warning
    @(70.00 mm, 99.00 mm): Horizontal Wire, length 5.00 mm
[unconnected_wire_endpoint]: Unconnected wire endpoint
    ; warning
    @(70.00 mm, 101.00 mm): Horizontal Wire, length 5.00 mm
[unconnected_wire_endpoint]: Unconnected wire endpoint
    ; warning
    @(70.00 mm, 103.00 mm): Horizontal Wire, length 5.00 mm
[unconnected_wire_endpoint]: Unconnected wire endpoint
    ; warning
    @(70.00 mm, 105.00 mm): Horizontal Wire, length 5.00 mm
[unconnected_wire_endpoint]: Unconnected wire endpoint
    ; warning
    @(70.00 mm, 107.00 mm): Horizontal Wire, length 5.00 mm
[unconnected_wire_endpoint]: Unconnected wire endpoint
    ; warning
    @(70.00 mm, 109.00 mm): Horizontal Wire, length 5.00 mm
[unconnected_wire_endpoint]: Unconnected wire endpoint
    ; warning
    @(70.00 mm, 111.00 mm): Horizontal Wire, length 5.00 mm
[unconnected_wire_endpoint]: Unconnected wire endpoint
    ; warning
    @(70.00 mm, 113.00 mm): Horizontal Wire, length 5.00 mm
[unconnected_wire_endpoint]: Unconnected wire endpoint
    ; warning
    @(70.00 mm, 115.00 mm): Horizontal Wire, length 5.00 mm
[unconnected_wire_endpoint]: Unconnected wire endpoint
    ; warning
    @(70.00 mm, 127.00 mm): Horizontal Wire, length 5.00 mm
[unconnected_wire_endpoint]: Unconnected wire endpoint
    ; warning
    @(70.00 mm, 129.00 mm): Horizontal Wire, length 5.00 mm
[unconnected_wire_endpoint]: Unconnected wire endpoint
    ; warning
    @(70.00 mm, 131.00 mm): Horizontal Wire, length 5.00 mm
[unconnected_wire_endpoint]: Unconnected wire endpoint
    ; warning
    @(70.00 mm, 133.00 mm): Horizontal Wire, length 5.00 mm
[unconnected_wire_endpoint]: Unconnected wire endpoint
    ; warning
    @(70.00 mm, 135.00 mm): Horizontal Wire, length 5.00 mm
[unconnected_wire_endpoint]: Unconnected wire endpoint
    ; warning
    @(70.00 mm, 137.00 mm): Horizontal Wire, length 5.00 mm
[unconnected_wire_endpoint]: Unconnected wire endpoint
    ; warning
    @(70.00 mm, 139.00 mm): Horizontal Wire, length 5.00 mm
[unconnected_wire_endpoint]: Unconnected wire endpoint
    ; warning
    @(70.00 mm, 141.00 mm): Horizontal Wire, length 5.00 mm
[unconnected_wire_endpoint]: Unconnected wire endpoint
    ; warning
    @(70.00 mm, 143.00 mm): Horizontal Wire, length 5.00 mm
[unconnected_wire_endpoint]: Unconnected wire endpoint
    ; warning
    @(70.00 mm, 145.00 mm): Horizontal Wire, length 5.00 mm
[unconnected_wire_endpoint]: Unconnected wire endpoint
    ; warning
    @(70.00 mm, 147.00 mm): Horizontal Wire, length 5.00 mm
[unconnected_wire_endpoint]: Unconnected wire endpoint
    ; warning
    @(70.00 mm, 149.00 mm): Horizontal Wire, length 5.00 mm
[unconnected_wire_endpoint]: Unconnected wire endpoint
    ; warning
    @(70.00 mm, 151.00 mm): Horizontal Wire, length 5.00 mm
[unconnected_wire_endpoint]: Unconnected wire endpoint
    ; warning
    @(70.00 mm, 153.00 mm): Horizontal Wire, length 5.00 mm
[unconnected_wire_endpoint]: Unconnected wire endpoint
    ; warning
    @(70.00 mm, 155.00 mm): Horizontal Wire, length 5.00 mm
[unconnected_wire_endpoint]: Unconnected wire endpoint
    ; warning
    @(70.00 mm, 157.00 mm): Horizontal Wire, length 5.00 mm
[unconnected_wire_endpoint]: Unconnected wire endpoint
    ; warning
    @(70.00 mm, 159.00 mm): Horizontal Wire, length 5.00 mm
[unconnected_wire_endpoint]: Unconnected wire endpoint
    ; warning
    @(70.00 mm, 161.00 mm): Horizontal Wire, length 5.00 mm
[unconnected_wire_endpoint]: Unconnected wire endpoint
    ; warning
    @(70.00 mm, 163.00 mm): Horizontal Wire, length 5.00 mm
[unconnected_wire_endpoint]: Unconnected wire endpoint
    ; warning
    @(70.00 mm, 165.00 mm): Horizontal Wire, length 5.00 mm
[unconnected_wire_endpoint]: Unconnected wire endpoint
    ; warning
    @(70.00 mm, 177.00 mm): Horizontal Wire, length 5.00 mm
[unconnected_wire_endpoint]: Unconnected wire endpoint
    ; warning
    @(70.00 mm, 179.00 mm): Horizontal Wire, length 5.00 mm
[unconnected_wire_endpoint]: Unconnected wire endpoint
    ; warning
    @(70.00 mm, 181.00 mm): Horizontal Wire, length 5.00 mm
[unconnected_wire_endpoint]: Unconnected wire endpoint
    ; warning
    @(70.00 mm, 183.00 mm): Horizontal Wire, length 5.00 mm
[unconnected_wire_endpoint]: Unconnected wire endpoint
    ; warning
    @(70.00 mm, 185.00 mm): Horizontal Wire, length 5.00 mm
[unconnected_wire_endpoint]: Unconnected wire endpoint
    ; warning
    @(70.00 mm, 187.00 mm): Horizontal Wire, length 5.00 mm
[unconnected_wire_endpoint]: Unconnected wire endpoint
    ; warning
    @(70.00 mm, 189.00 mm): Horizontal Wire, length 5.00 mm
[unconnected_wire_endpoint]: Unconnected wire endpoint
    ; warning
    @(70.00 mm, 191.00 mm): Horizontal Wire, length 5.00 mm
[unconnected_wire_endpoint]: Unconnected wire endpoint
    ; warning
    @(70.00 mm, 193.00 mm): Horizontal Wire, length 5.00 mm
[unconnected_wire_endpoint]: Unconnected wire endpoint
    ; warning
    @(70.00 mm, 195.00 mm): Horizontal Wire, length 5.00 mm
[unconnected_wire_endpoint]: Unconnected wire endpoint
    ; warning
    @(70.00 mm, 197.00 mm): Horizontal Wire, length 5.00 mm
[unconnected_wire_endpoint]: Unconnected wire endpoint
    ; warning
    @(70.00 mm, 199.00 mm): Horizontal Wire, length 5.00 mm
[unconnected_wire_endpoint]: Unconnected wire endpoint
    ; warning
    @(70.00 mm, 201.00 mm): Horizontal Wire, length 5.00 mm
[unconnected_wire_endpoint]: Unconnected wire endpoint
    ; warning
    @(70.00 mm, 203.00 mm): Horizontal Wire, length 5.00 mm
[unconnected_wire_endpoint]: Unconnected wire endpoint
    ; warning
    @(70.00 mm, 205.00 mm): Horizontal Wire, length 5.00 mm
[unconnected_wire_endpoint]: Unconnected wire endpoint
    ; warning
    @(70.00 mm, 207.00 mm): Horizontal Wire, length 5.00 mm
[unconnected_wire_endpoint]: Unconnected wire endpoint
    ; warning
    @(70.00 mm, 209.00 mm): Horizontal Wire, length 5.00 mm
[unconnected_wire_endpoint]: Unconnected wire endpoint
    ; warning
    @(70.00 mm, 211.00 mm): Horizontal Wire, length 5.00 mm
[unconnected_wire_endpoint]: Unconnected wire endpoint
    ; warning
    @(70.00 mm, 213.00 mm): Horizontal Wire, length 5.00 mm
[unconnected_wire_endpoint]: Unconnected wire endpoint
    ; warning
    @(70.00 mm, 215.00 mm): Horizontal Wire, length 5.00 mm
[endpoint_off_grid]: Symbol pin or wire end off connection grid
    ; warning
    @(70.00 mm, 77.00 mm): Horizontal Wire, length 5.00 mm
[endpoint_off_grid]: Symbol pin or wire end off connection grid
    ; warning
    @(70.00 mm, 79.00 mm): Horizontal Wire, length 5.00 mm
[endpoint_off_grid]: Symbol pin or wire end off connection grid
    ; warning
    @(70.00 mm, 81.00 mm): Horizontal Wire, length 5.00 mm
[endpoint_off_grid]: Symbol pin or wire end off connection grid
    ; warning
    @(70.00 mm, 83.00 mm): Horizontal Wire, length 5.00 mm
[endpoint_off_grid]: Symbol pin or wire end off connection grid
    ; warning
    @(70.00 mm, 85.00 mm): Horizontal Wire, length 5.00 mm
[endpoint_off_grid]: Symbol pin or wire end off connection grid
    ; warning
    @(70.00 mm, 87.00 mm): Horizontal Wire, length 5.00 mm
[endpoint_off_grid]: Symbol pin or wire end off connection grid
    ; warning
    @(70.00 mm, 89.00 mm): Horizontal Wire, length 5.00 mm
[endpoint_off_grid]: Symbol pin or wire end off connection grid
    ; warning
    @(70.00 mm, 91.00 mm): Horizontal Wire, length 5.00 mm
[endpoint_off_grid]: Symbol pin or wire end off connection grid
    ; warning
    @(70.00 mm, 93.00 mm): Horizontal Wire, length 5.00 mm
[endpoint_off_grid]: Symbol pin or wire end off connection grid
    ; warning
    @(70.00 mm, 95.00 mm): Horizontal Wire, length 5.00 mm
[endpoint_off_grid]: Symbol pin or wire end off connection grid
    ; warning
    @(70.00 mm, 97.00 mm): Horizontal Wire, length 5.00 mm
[endpoint_off_grid]: Symbol pin or wire end off connection grid
    ; warning
    @(70.00 mm, 99.00 mm): Horizontal Wire, length 5.00 mm
[endpoint_off_grid]: Symbol pin or wire end off connection grid
    ; warning
    @(70.00 mm, 101.00 mm): Horizontal Wire, length 5.00 mm
[endpoint_off_grid]: Symbol pin or wire end off connection grid
    ; warning
    @(70.00 mm, 103.00 mm): Horizontal Wire, length 5.00 mm
[isolated_pin_label]: Label connected to only one pin
    ; warning
    @(70.00 mm, 103.00 mm): Label 'VCC_U3_INTERNAL'
[endpoint_off_grid]: Symbol pin or wire end off connection grid
    ; warning
    @(70.00 mm, 105.00 mm): Horizontal Wire, length 5.00 mm
[endpoint_off_grid]: Symbol pin or wire end off connection grid
    ; warning
    @(70.00 mm, 107.00 mm): Horizontal Wire, length 5.00 mm
[endpoint_off_grid]: Symbol pin or wire end off connection grid
    ; warning
    @(70.00 mm, 109.00 mm): Horizontal Wire, length 5.00 mm
[isolated_pin_label]: Label connected to only one pin
    ; warning
    @(70.00 mm, 109.00 mm): Label 'RBOOT_CM5_5V'
[endpoint_off_grid]: Symbol pin or wire end off connection grid
    ; warning
    @(70.00 mm, 111.00 mm): Horizontal Wire, length 5.00 mm
[isolated_pin_label]: Label connected to only one pin
    ; warning
    @(70.00 mm, 111.00 mm): Label 'CBOOT_CM5_5V'
[endpoint_off_grid]: Symbol pin or wire end off connection grid
    ; warning
    @(70.00 mm, 113.00 mm): Horizontal Wire, length 5.00 mm
[isolated_pin_label]: Label connected to only one pin
    ; warning
    @(70.00 mm, 113.00 mm): Label 'SW_CM5_5V'
[endpoint_off_grid]: Symbol pin or wire end off connection grid
    ; warning
    @(70.00 mm, 115.00 mm): Symbol U3 Pin 1 [VIN1, Passive, Line]
[endpoint_off_grid]: Symbol pin or wire end off connection grid
    ; warning
    @(70.00 mm, 115.00 mm): Horizontal Wire, length 5.00 mm
[endpoint_off_grid]: Symbol pin or wire end off connection grid
    ; warning
    @(70.00 mm, 127.00 mm): Horizontal Wire, length 5.00 mm
[endpoint_off_grid]: Symbol pin or wire end off connection grid
    ; warning
    @(70.00 mm, 129.00 mm): Horizontal Wire, length 5.00 mm
[endpoint_off_grid]: Symbol pin or wire end off connection grid
    ; warning
    @(70.00 mm, 131.00 mm): Horizontal Wire, length 5.00 mm
[endpoint_off_grid]: Symbol pin or wire end off connection grid
    ; warning
    @(70.00 mm, 133.00 mm): Horizontal Wire, length 5.00 mm
[endpoint_off_grid]: Symbol pin or wire end off connection grid
    ; warning
    @(70.00 mm, 135.00 mm): Horizontal Wire, length 5.00 mm
[endpoint_off_grid]: Symbol pin or wire end off connection grid
    ; warning
    @(70.00 mm, 137.00 mm): Horizontal Wire, length 5.00 mm
[endpoint_off_grid]: Symbol pin or wire end off connection grid
    ; warning
    @(70.00 mm, 139.00 mm): Horizontal Wire, length 5.00 mm
[endpoint_off_grid]: Symbol pin or wire end off connection grid
    ; warning
    @(70.00 mm, 141.00 mm): Horizontal Wire, length 5.00 mm
[endpoint_off_grid]: Symbol pin or wire end off connection grid
    ; warning
    @(70.00 mm, 143.00 mm): Horizontal Wire, length 5.00 mm
[endpoint_off_grid]: Symbol pin or wire end off connection grid
    ; warning
    @(70.00 mm, 145.00 mm): Horizontal Wire, length 5.00 mm
[endpoint_off_grid]: Symbol pin or wire end off connection grid
    ; warning
    @(70.00 mm, 147.00 mm): Horizontal Wire, length 5.00 mm
[endpoint_off_grid]: Symbol pin or wire end off connection grid
    ; warning
    @(70.00 mm, 149.00 mm): Horizontal Wire, length 5.00 mm
[endpoint_off_grid]: Symbol pin or wire end off connection grid
    ; warning
    @(70.00 mm, 151.00 mm): Horizontal Wire, length 5.00 mm
[endpoint_off_grid]: Symbol pin or wire end off connection grid
    ; warning
    @(70.00 mm, 153.00 mm): Horizontal Wire, length 5.00 mm
[isolated_pin_label]: Label connected to only one pin
    ; warning
    @(70.00 mm, 153.00 mm): Label 'VCC_U4_INTERNAL'
[endpoint_off_grid]: Symbol pin or wire end off connection grid
    ; warning
    @(70.00 mm, 155.00 mm): Horizontal Wire, length 5.00 mm
[endpoint_off_grid]: Symbol pin or wire end off connection grid
    ; warning
    @(70.00 mm, 157.00 mm): Horizontal Wire, length 5.00 mm
[endpoint_off_grid]: Symbol pin or wire end off connection grid
    ; warning
    @(70.00 mm, 159.00 mm): Horizontal Wire, length 5.00 mm
[isolated_pin_label]: Label connected to only one pin
    ; warning
    @(70.00 mm, 159.00 mm): Label 'RBOOT_BRIDGE_3V3'
[endpoint_off_grid]: Symbol pin or wire end off connection grid
    ; warning
    @(70.00 mm, 161.00 mm): Horizontal Wire, length 5.00 mm
[isolated_pin_label]: Label connected to only one pin
    ; warning
    @(70.00 mm, 161.00 mm): Label 'CBOOT_BRIDGE_3V3'
[endpoint_off_grid]: Symbol pin or wire end off connection grid
    ; warning
    @(70.00 mm, 163.00 mm): Horizontal Wire, length 5.00 mm
[isolated_pin_label]: Label connected to only one pin
    ; warning
    @(70.00 mm, 163.00 mm): Label 'SW_BRIDGE_3V3'
[endpoint_off_grid]: Symbol pin or wire end off connection grid
    ; warning
    @(70.00 mm, 165.00 mm): Symbol U4 Pin 1 [VIN1, Passive, Line]
[endpoint_off_grid]: Symbol pin or wire end off connection grid
    ; warning
    @(70.00 mm, 165.00 mm): Horizontal Wire, length 5.00 mm
[endpoint_off_grid]: Symbol pin or wire end off connection grid
    ; warning
    @(70.00 mm, 177.00 mm): Horizontal Wire, length 5.00 mm
[endpoint_off_grid]: Symbol pin or wire end off connection grid
    ; warning
    @(70.00 mm, 179.00 mm): Horizontal Wire, length 5.00 mm
[endpoint_off_grid]: Symbol pin or wire end off connection grid
    ; warning
    @(70.00 mm, 181.00 mm): Horizontal Wire, length 5.00 mm
[endpoint_off_grid]: Symbol pin or wire end off connection grid
    ; warning
    @(70.00 mm, 183.00 mm): Horizontal Wire, length 5.00 mm
[endpoint_off_grid]: Symbol pin or wire end off connection grid
    ; warning
    @(70.00 mm, 185.00 mm): Horizontal Wire, length 5.00 mm
[endpoint_off_grid]: Symbol pin or wire end off connection grid
    ; warning
    @(70.00 mm, 187.00 mm): Horizontal Wire, length 5.00 mm
[endpoint_off_grid]: Symbol pin or wire end off connection grid
    ; warning
    @(70.00 mm, 189.00 mm): Horizontal Wire, length 5.00 mm
[endpoint_off_grid]: Symbol pin or wire end off connection grid
    ; warning
    @(70.00 mm, 191.00 mm): Horizontal Wire, length 5.00 mm
[endpoint_off_grid]: Symbol pin or wire end off connection grid
    ; warning
    @(70.00 mm, 193.00 mm): Horizontal Wire, length 5.00 mm
[endpoint_off_grid]: Symbol pin or wire end off connection grid
    ; warning
    @(70.00 mm, 195.00 mm): Horizontal Wire, length 5.00 mm
[endpoint_off_grid]: Symbol pin or wire end off connection grid
    ; warning
    @(70.00 mm, 197.00 mm): Horizontal Wire, length 5.00 mm
[endpoint_off_grid]: Symbol pin or wire end off connection grid
    ; warning
    @(70.00 mm, 199.00 mm): Horizontal Wire, length 5.00 mm
[endpoint_off_grid]: Symbol pin or wire end off connection grid
    ; warning
    @(70.00 mm, 201.00 mm): Horizontal Wire, length 5.00 mm
[endpoint_off_grid]: Symbol pin or wire end off connection grid
    ; warning
    @(70.00 mm, 203.00 mm): Horizontal Wire, length 5.00 mm
[isolated_pin_label]: Label connected to only one pin
    ; warning
    @(70.00 mm, 203.00 mm): Label 'VCC_U5_INTERNAL'
[endpoint_off_grid]: Symbol pin or wire end off connection grid
    ; warning
    @(70.00 mm, 205.00 mm): Horizontal Wire, length 5.00 mm
[endpoint_off_grid]: Symbol pin or wire end off connection grid
    ; warning
    @(70.00 mm, 207.00 mm): Horizontal Wire, length 5.00 mm
[endpoint_off_grid]: Symbol pin or wire end off connection grid
    ; warning
    @(70.00 mm, 209.00 mm): Horizontal Wire, length 5.00 mm
[isolated_pin_label]: Label connected to only one pin
    ; warning
    @(70.00 mm, 209.00 mm): Label 'RBOOT_BRIDGE_1V1'
[endpoint_off_grid]: Symbol pin or wire end off connection grid
    ; warning
    @(70.00 mm, 211.00 mm): Horizontal Wire, length 5.00 mm
[isolated_pin_label]: Label connected to only one pin
    ; warning
    @(70.00 mm, 211.00 mm): Label 'CBOOT_BRIDGE_1V1'
[endpoint_off_grid]: Symbol pin or wire end off connection grid
    ; warning
    @(70.00 mm, 213.00 mm): Horizontal Wire, length 5.00 mm
[isolated_pin_label]: Label connected to only one pin
    ; warning
    @(70.00 mm, 213.00 mm): Label 'SW_BRIDGE_1V1'
[endpoint_off_grid]: Symbol pin or wire end off connection grid
    ; warning
    @(70.00 mm, 215.00 mm): Symbol U5 Pin 1 [VIN1, Passive, Line]
[endpoint_off_grid]: Symbol pin or wire end off connection grid
    ; warning
    @(70.00 mm, 215.00 mm): Horizontal Wire, length 5.00 mm
[unconnected_wire_endpoint]: Unconnected wire endpoint
    ; warning
    @(115.00 mm, 71.19 mm): Horizontal Wire, length 1.00 mm
[unconnected_wire_endpoint]: Unconnected wire endpoint
    ; warning
    @(115.00 mm, 81.19 mm): Horizontal Wire, length 1.00 mm
[unconnected_wire_endpoint]: Unconnected wire endpoint
    ; warning
    @(115.00 mm, 106.19 mm): Horizontal Wire, length 1.00 mm
[unconnected_wire_endpoint]: Unconnected wire endpoint
    ; warning
    @(115.00 mm, 116.19 mm): Horizontal Wire, length 1.00 mm
[unconnected_wire_endpoint]: Unconnected wire endpoint
    ; warning
    @(115.00 mm, 176.19 mm): Horizontal Wire, length 1.00 mm
[endpoint_off_grid]: Symbol pin or wire end off connection grid
    ; warning
    @(115.00 mm, 71.19 mm): Symbol C5 Pin 1 [Passive, Line]
[endpoint_off_grid]: Symbol pin or wire end off connection grid
    ; warning
    @(115.00 mm, 71.19 mm): Horizontal Wire, length 1.00 mm
[endpoint_off_grid]: Symbol pin or wire end off connection grid
    ; warning
    @(115.00 mm, 78.81 mm): Horizontal Wire, length 1.00 mm
[endpoint_off_grid]: Symbol pin or wire end off connection grid
    ; warning
    @(115.00 mm, 81.19 mm): Symbol R3 Pin 1 [Passive, Line]
[endpoint_off_grid]: Symbol pin or wire end off connection grid
    ; warning
    @(115.00 mm, 81.19 mm): Horizontal Wire, length 1.00 mm
[endpoint_off_grid]: Symbol pin or wire end off connection grid
    ; warning
    @(115.00 mm, 88.81 mm): Horizontal Wire, length 1.00 mm
[endpoint_off_grid]: Symbol pin or wire end off connection grid
    ; warning
    @(115.00 mm, 106.19 mm): Symbol C14 Pin 1 [Passive, Line]
[endpoint_off_grid]: Symbol pin or wire end off connection grid
    ; warning
    @(115.00 mm, 106.19 mm): Horizontal Wire, length 1.00 mm
[endpoint_off_grid]: Symbol pin or wire end off connection grid
    ; warning
    @(115.00 mm, 113.81 mm): Horizontal Wire, length 1.00 mm
[endpoint_off_grid]: Symbol pin or wire end off connection grid
    ; warning
    @(115.00 mm, 116.19 mm): Symbol R11 Pin 1 [Passive, Line]
[endpoint_off_grid]: Symbol pin or wire end off connection grid
    ; warning
    @(115.00 mm, 116.19 mm): Horizontal Wire, length 1.00 mm
[endpoint_off_grid]: Symbol pin or wire end off connection grid
    ; warning
    @(115.00 mm, 123.81 mm): Horizontal Wire, length 1.00 mm
[endpoint_off_grid]: Symbol pin or wire end off connection grid
    ; warning
    @(115.00 mm, 176.19 mm): Symbol C23 Pin 1 [Passive, Line]
[endpoint_off_grid]: Symbol pin or wire end off connection grid
    ; warning
    @(115.00 mm, 176.19 mm): Horizontal Wire, length 1.00 mm
[endpoint_off_grid]: Symbol pin or wire end off connection grid
    ; warning
    @(115.00 mm, 183.81 mm): Horizontal Wire, length 1.00 mm
[unconnected_wire_endpoint]: Unconnected wire endpoint
    ; warning
    @(115.00 mm, 78.81 mm): Horizontal Wire, length 1.00 mm
[unconnected_wire_endpoint]: Unconnected wire endpoint
    ; warning
    @(115.00 mm, 88.81 mm): Horizontal Wire, length 1.00 mm
[unconnected_wire_endpoint]: Unconnected wire endpoint
    ; warning
    @(115.00 mm, 113.81 mm): Horizontal Wire, length 1.00 mm
[unconnected_wire_endpoint]: Unconnected wire endpoint
    ; warning
    @(115.00 mm, 123.81 mm): Horizontal Wire, length 1.00 mm
[unconnected_wire_endpoint]: Unconnected wire endpoint
    ; warning
    @(115.00 mm, 183.81 mm): Horizontal Wire, length 1.00 mm
[unconnected_wire_endpoint]: Unconnected wire endpoint
    ; warning
    @(132.00 mm, 71.19 mm): Horizontal Wire, length 1.00 mm
[unconnected_wire_endpoint]: Unconnected wire endpoint
    ; warning
    @(132.00 mm, 81.19 mm): Horizontal Wire, length 1.00 mm
[unconnected_wire_endpoint]: Unconnected wire endpoint
    ; warning
    @(132.00 mm, 106.19 mm): Horizontal Wire, length 1.00 mm
[unconnected_wire_endpoint]: Unconnected wire endpoint
    ; warning
    @(132.00 mm, 116.19 mm): Horizontal Wire, length 1.00 mm
[unconnected_wire_endpoint]: Unconnected wire endpoint
    ; warning
    @(132.00 mm, 176.19 mm): Horizontal Wire, length 1.00 mm
[endpoint_off_grid]: Symbol pin or wire end off connection grid
    ; warning
    @(132.00 mm, 71.19 mm): Symbol C6 Pin 1 [Passive, Line]
[endpoint_off_grid]: Symbol pin or wire end off connection grid
    ; warning
    @(132.00 mm, 71.19 mm): Horizontal Wire, length 1.00 mm
[endpoint_off_grid]: Symbol pin or wire end off connection grid
    ; warning
    @(132.00 mm, 78.81 mm): Horizontal Wire, length 1.00 mm
[endpoint_off_grid]: Symbol pin or wire end off connection grid
    ; warning
    @(132.00 mm, 81.19 mm): Symbol R4 Pin 1 [Passive, Line]
[endpoint_off_grid]: Symbol pin or wire end off connection grid
    ; warning
    @(132.00 mm, 81.19 mm): Horizontal Wire, length 1.00 mm
[endpoint_off_grid]: Symbol pin or wire end off connection grid
    ; warning
    @(132.00 mm, 88.81 mm): Horizontal Wire, length 1.00 mm
[endpoint_off_grid]: Symbol pin or wire end off connection grid
    ; warning
    @(132.00 mm, 106.19 mm): Symbol C15 Pin 1 [Passive, Line]
[endpoint_off_grid]: Symbol pin or wire end off connection grid
    ; warning
    @(132.00 mm, 106.19 mm): Horizontal Wire, length 1.00 mm
[endpoint_off_grid]: Symbol pin or wire end off connection grid
    ; warning
    @(132.00 mm, 113.81 mm): Horizontal Wire, length 1.00 mm
[endpoint_off_grid]: Symbol pin or wire end off connection grid
    ; warning
    @(132.00 mm, 116.19 mm): Symbol R12 Pin 1 [Passive, Line]
[endpoint_off_grid]: Symbol pin or wire end off connection grid
    ; warning
    @(132.00 mm, 116.19 mm): Horizontal Wire, length 1.00 mm
[endpoint_off_grid]: Symbol pin or wire end off connection grid
    ; warning
    @(132.00 mm, 123.81 mm): Horizontal Wire, length 1.00 mm
[endpoint_off_grid]: Symbol pin or wire end off connection grid
    ; warning
    @(132.00 mm, 176.19 mm): Symbol C24 Pin 1 [Passive, Line]
[endpoint_off_grid]: Symbol pin or wire end off connection grid
    ; warning
    @(132.00 mm, 176.19 mm): Horizontal Wire, length 1.00 mm
[endpoint_off_grid]: Symbol pin or wire end off connection grid
    ; warning
    @(132.00 mm, 183.81 mm): Horizontal Wire, length 1.00 mm
[unconnected_wire_endpoint]: Unconnected wire endpoint
    ; warning
    @(132.00 mm, 78.81 mm): Horizontal Wire, length 1.00 mm
[unconnected_wire_endpoint]: Unconnected wire endpoint
    ; warning
    @(132.00 mm, 88.81 mm): Horizontal Wire, length 1.00 mm
[unconnected_wire_endpoint]: Unconnected wire endpoint
    ; warning
    @(132.00 mm, 113.81 mm): Horizontal Wire, length 1.00 mm
[unconnected_wire_endpoint]: Unconnected wire endpoint
    ; warning
    @(132.00 mm, 123.81 mm): Horizontal Wire, length 1.00 mm
[unconnected_wire_endpoint]: Unconnected wire endpoint
    ; warning
    @(132.00 mm, 183.81 mm): Horizontal Wire, length 1.00 mm
[unconnected_wire_endpoint]: Unconnected wire endpoint
    ; warning
    @(149.00 mm, 71.19 mm): Horizontal Wire, length 1.00 mm
[unconnected_wire_endpoint]: Unconnected wire endpoint
    ; warning
    @(149.00 mm, 81.19 mm): Horizontal Wire, length 1.00 mm
[unconnected_wire_endpoint]: Unconnected wire endpoint
    ; warning
    @(149.00 mm, 106.19 mm): Horizontal Wire, length 1.00 mm
[unconnected_wire_endpoint]: Unconnected wire endpoint
    ; warning
    @(149.00 mm, 116.19 mm): Horizontal Wire, length 1.00 mm
[unconnected_wire_endpoint]: Unconnected wire endpoint
    ; warning
    @(149.00 mm, 176.19 mm): Horizontal Wire, length 1.00 mm
[endpoint_off_grid]: Symbol pin or wire end off connection grid
    ; warning
    @(149.00 mm, 71.19 mm): Symbol C7 Pin 1 [Passive, Line]
[endpoint_off_grid]: Symbol pin or wire end off connection grid
    ; warning
    @(149.00 mm, 71.19 mm): Horizontal Wire, length 1.00 mm
[endpoint_off_grid]: Symbol pin or wire end off connection grid
    ; warning
    @(149.00 mm, 78.81 mm): Horizontal Wire, length 1.00 mm
[endpoint_off_grid]: Symbol pin or wire end off connection grid
    ; warning
    @(149.00 mm, 81.19 mm): Symbol R5 Pin 1 [Passive, Line]
[endpoint_off_grid]: Symbol pin or wire end off connection grid
    ; warning
    @(149.00 mm, 81.19 mm): Horizontal Wire, length 1.00 mm
[endpoint_off_grid]: Symbol pin or wire end off connection grid
    ; warning
    @(149.00 mm, 88.81 mm): Horizontal Wire, length 1.00 mm
[endpoint_off_grid]: Symbol pin or wire end off connection grid
    ; warning
    @(149.00 mm, 106.19 mm): Symbol C16 Pin 1 [Passive, Line]
[endpoint_off_grid]: Symbol pin or wire end off connection grid
    ; warning
    @(149.00 mm, 106.19 mm): Horizontal Wire, length 1.00 mm
[endpoint_off_grid]: Symbol pin or wire end off connection grid
    ; warning
    @(149.00 mm, 113.81 mm): Horizontal Wire, length 1.00 mm
[endpoint_off_grid]: Symbol pin or wire end off connection grid
    ; warning
    @(149.00 mm, 116.19 mm): Symbol R13 Pin 1 [Passive, Line]
[endpoint_off_grid]: Symbol pin or wire end off connection grid
    ; warning
    @(149.00 mm, 116.19 mm): Horizontal Wire, length 1.00 mm
[endpoint_off_grid]: Symbol pin or wire end off connection grid
    ; warning
    @(149.00 mm, 123.81 mm): Horizontal Wire, length 1.00 mm
[endpoint_off_grid]: Symbol pin or wire end off connection grid
    ; warning
    @(149.00 mm, 176.19 mm): Symbol C25 Pin 1 [Passive, Line]
[endpoint_off_grid]: Symbol pin or wire end off connection grid
    ; warning
    @(149.00 mm, 176.19 mm): Horizontal Wire, length 1.00 mm
[endpoint_off_grid]: Symbol pin or wire end off connection grid
    ; warning
    @(149.00 mm, 183.81 mm): Horizontal Wire, length 1.00 mm
[unconnected_wire_endpoint]: Unconnected wire endpoint
    ; warning
    @(149.00 mm, 78.81 mm): Horizontal Wire, length 1.00 mm
[unconnected_wire_endpoint]: Unconnected wire endpoint
    ; warning
    @(149.00 mm, 88.81 mm): Horizontal Wire, length 1.00 mm
[unconnected_wire_endpoint]: Unconnected wire endpoint
    ; warning
    @(149.00 mm, 113.81 mm): Horizontal Wire, length 1.00 mm
[unconnected_wire_endpoint]: Unconnected wire endpoint
    ; warning
    @(149.00 mm, 123.81 mm): Horizontal Wire, length 1.00 mm
[unconnected_wire_endpoint]: Unconnected wire endpoint
    ; warning
    @(149.00 mm, 183.81 mm): Horizontal Wire, length 1.00 mm
[unconnected_wire_endpoint]: Unconnected wire endpoint
    ; warning
    @(166.00 mm, 71.19 mm): Horizontal Wire, length 1.00 mm
[unconnected_wire_endpoint]: Unconnected wire endpoint
    ; warning
    @(166.00 mm, 81.19 mm): Horizontal Wire, length 1.00 mm
[unconnected_wire_endpoint]: Unconnected wire endpoint
    ; warning
    @(166.00 mm, 106.19 mm): Horizontal Wire, length 1.00 mm
[unconnected_wire_endpoint]: Unconnected wire endpoint
    ; warning
    @(166.00 mm, 116.19 mm): Horizontal Wire, length 1.00 mm
[unconnected_wire_endpoint]: Unconnected wire endpoint
    ; warning
    @(166.00 mm, 176.19 mm): Horizontal Wire, length 1.00 mm
[endpoint_off_grid]: Symbol pin or wire end off connection grid
    ; warning
    @(166.00 mm, 71.19 mm): Symbol C8 Pin 1 [Passive, Line]
[endpoint_off_grid]: Symbol pin or wire end off connection grid
    ; warning
    @(166.00 mm, 71.19 mm): Horizontal Wire, length 1.00 mm
[endpoint_off_grid]: Symbol pin or wire end off connection grid
    ; warning
    @(166.00 mm, 78.81 mm): Horizontal Wire, length 1.00 mm
[endpoint_off_grid]: Symbol pin or wire end off connection grid
    ; warning
    @(166.00 mm, 81.19 mm): Symbol R6 Pin 1 [Passive, Line]
[endpoint_off_grid]: Symbol pin or wire end off connection grid
    ; warning
    @(166.00 mm, 81.19 mm): Horizontal Wire, length 1.00 mm
[endpoint_off_grid]: Symbol pin or wire end off connection grid
    ; warning
    @(166.00 mm, 88.81 mm): Horizontal Wire, length 1.00 mm
[endpoint_off_grid]: Symbol pin or wire end off connection grid
    ; warning
    @(166.00 mm, 106.19 mm): Symbol C17 Pin 1 [Passive, Line]
[endpoint_off_grid]: Symbol pin or wire end off connection grid
    ; warning
    @(166.00 mm, 106.19 mm): Horizontal Wire, length 1.00 mm
[endpoint_off_grid]: Symbol pin or wire end off connection grid
    ; warning
    @(166.00 mm, 113.81 mm): Horizontal Wire, length 1.00 mm
[endpoint_off_grid]: Symbol pin or wire end off connection grid
    ; warning
    @(166.00 mm, 116.19 mm): Symbol R14 Pin 1 [Passive, Line]
[endpoint_off_grid]: Symbol pin or wire end off connection grid
    ; warning
    @(166.00 mm, 116.19 mm): Horizontal Wire, length 1.00 mm
[endpoint_off_grid]: Symbol pin or wire end off connection grid
    ; warning
    @(166.00 mm, 123.81 mm): Horizontal Wire, length 1.00 mm
[endpoint_off_grid]: Symbol pin or wire end off connection grid
    ; warning
    @(166.00 mm, 176.19 mm): Symbol R19 Pin 1 [Passive, Line]
[endpoint_off_grid]: Symbol pin or wire end off connection grid
    ; warning
    @(166.00 mm, 176.19 mm): Horizontal Wire, length 1.00 mm
[endpoint_off_grid]: Symbol pin or wire end off connection grid
    ; warning
    @(166.00 mm, 183.81 mm): Horizontal Wire, length 1.00 mm
[unconnected_wire_endpoint]: Unconnected wire endpoint
    ; warning
    @(166.00 mm, 78.81 mm): Horizontal Wire, length 1.00 mm
[unconnected_wire_endpoint]: Unconnected wire endpoint
    ; warning
    @(166.00 mm, 88.81 mm): Horizontal Wire, length 1.00 mm
[unconnected_wire_endpoint]: Unconnected wire endpoint
    ; warning
    @(166.00 mm, 113.81 mm): Horizontal Wire, length 1.00 mm
[unconnected_wire_endpoint]: Unconnected wire endpoint
    ; warning
    @(166.00 mm, 123.81 mm): Horizontal Wire, length 1.00 mm
[unconnected_wire_endpoint]: Unconnected wire endpoint
    ; warning
    @(166.00 mm, 183.81 mm): Horizontal Wire, length 1.00 mm
[unconnected_wire_endpoint]: Unconnected wire endpoint
    ; warning
    @(183.00 mm, 71.19 mm): Horizontal Wire, length 1.00 mm
[unconnected_wire_endpoint]: Unconnected wire endpoint
    ; warning
    @(183.00 mm, 106.19 mm): Horizontal Wire, length 1.00 mm
[unconnected_wire_endpoint]: Unconnected wire endpoint
    ; warning
    @(183.00 mm, 176.19 mm): Horizontal Wire, length 1.00 mm
[endpoint_off_grid]: Symbol pin or wire end off connection grid
    ; warning
    @(183.00 mm, 71.19 mm): Symbol C9 Pin 1 [Passive, Line]
[endpoint_off_grid]: Symbol pin or wire end off connection grid
    ; warning
    @(183.00 mm, 71.19 mm): Horizontal Wire, length 1.00 mm
[endpoint_off_grid]: Symbol pin or wire end off connection grid
    ; warning
    @(183.00 mm, 78.81 mm): Horizontal Wire, length 1.00 mm
[endpoint_off_grid]: Symbol pin or wire end off connection grid
    ; warning
    @(183.00 mm, 106.19 mm): Symbol C18 Pin 1 [Passive, Line]
[endpoint_off_grid]: Symbol pin or wire end off connection grid
    ; warning
    @(183.00 mm, 106.19 mm): Horizontal Wire, length 1.00 mm
[endpoint_off_grid]: Symbol pin or wire end off connection grid
    ; warning
    @(183.00 mm, 113.81 mm): Horizontal Wire, length 1.00 mm
[endpoint_off_grid]: Symbol pin or wire end off connection grid
    ; warning
    @(183.00 mm, 176.19 mm): Symbol R20 Pin 1 [Passive, Line]
[endpoint_off_grid]: Symbol pin or wire end off connection grid
    ; warning
    @(183.00 mm, 176.19 mm): Horizontal Wire, length 1.00 mm
[endpoint_off_grid]: Symbol pin or wire end off connection grid
    ; warning
    @(183.00 mm, 183.81 mm): Horizontal Wire, length 1.00 mm
[unconnected_wire_endpoint]: Unconnected wire endpoint
    ; warning
    @(183.00 mm, 78.81 mm): Horizontal Wire, length 1.00 mm
[unconnected_wire_endpoint]: Unconnected wire endpoint
    ; warning
    @(183.00 mm, 113.81 mm): Horizontal Wire, length 1.00 mm
[unconnected_wire_endpoint]: Unconnected wire endpoint
    ; warning
    @(183.00 mm, 183.81 mm): Horizontal Wire, length 1.00 mm
[unconnected_wire_endpoint]: Unconnected wire endpoint
    ; warning
    @(200.00 mm, 81.19 mm): Horizontal Wire, length 1.00 mm
[unconnected_wire_endpoint]: Unconnected wire endpoint
    ; warning
    @(200.00 mm, 176.19 mm): Horizontal Wire, length 1.00 mm
[endpoint_off_grid]: Symbol pin or wire end off connection grid
    ; warning
    @(200.00 mm, 81.19 mm): Symbol C19 Pin 1 [Passive, Line]
[endpoint_off_grid]: Symbol pin or wire end off connection grid
    ; warning
    @(200.00 mm, 81.19 mm): Horizontal Wire, length 1.00 mm
[endpoint_off_grid]: Symbol pin or wire end off connection grid
    ; warning
    @(200.00 mm, 88.81 mm): Horizontal Wire, length 1.00 mm
[endpoint_off_grid]: Symbol pin or wire end off connection grid
    ; warning
    @(200.00 mm, 176.19 mm): Symbol R21 Pin 1 [Passive, Line]
[endpoint_off_grid]: Symbol pin or wire end off connection grid
    ; warning
    @(200.00 mm, 176.19 mm): Horizontal Wire, length 1.00 mm
[endpoint_off_grid]: Symbol pin or wire end off connection grid
    ; warning
    @(200.00 mm, 183.81 mm): Horizontal Wire, length 1.00 mm
[unconnected_wire_endpoint]: Unconnected wire endpoint
    ; warning
    @(200.00 mm, 88.81 mm): Horizontal Wire, length 1.00 mm
[unconnected_wire_endpoint]: Unconnected wire endpoint
    ; warning
    @(200.00 mm, 183.81 mm): Horizontal Wire, length 1.00 mm
[unconnected_wire_endpoint]: Unconnected wire endpoint
    ; warning
    @(217.00 mm, 176.19 mm): Horizontal Wire, length 1.00 mm
[endpoint_off_grid]: Symbol pin or wire end off connection grid
    ; warning
    @(217.00 mm, 176.19 mm): Symbol R22 Pin 1 [Passive, Line]
[endpoint_off_grid]: Symbol pin or wire end off connection grid
    ; warning
    @(217.00 mm, 176.19 mm): Horizontal Wire, length 1.00 mm
[endpoint_off_grid]: Symbol pin or wire end off connection grid
    ; warning
    @(217.00 mm, 183.81 mm): Horizontal Wire, length 1.00 mm
[unconnected_wire_endpoint]: Unconnected wire endpoint
    ; warning
    @(217.00 mm, 183.81 mm): Horizontal Wire, length 1.00 mm
[unconnected_wire_endpoint]: Unconnected wire endpoint
    ; warning
    @(234.00 mm, 176.19 mm): Horizontal Wire, length 1.00 mm
[endpoint_off_grid]: Symbol pin or wire end off connection grid
    ; warning
    @(234.00 mm, 176.19 mm): Symbol C26 Pin 1 [Passive, Line]
[endpoint_off_grid]: Symbol pin or wire end off connection grid
    ; warning
    @(234.00 mm, 176.19 mm): Horizontal Wire, length 1.00 mm
[endpoint_off_grid]: Symbol pin or wire end off connection grid
    ; warning
    @(234.00 mm, 183.81 mm): Horizontal Wire, length 1.00 mm
[unconnected_wire_endpoint]: Unconnected wire endpoint
    ; warning
    @(234.00 mm, 183.81 mm): Horizontal Wire, length 1.00 mm
[unconnected_wire_endpoint]: Unconnected wire endpoint
    ; warning
    @(251.00 mm, 176.19 mm): Horizontal Wire, length 1.00 mm
[endpoint_off_grid]: Symbol pin or wire end off connection grid
    ; warning
    @(251.00 mm, 176.19 mm): Symbol C27 Pin 1 [Passive, Line]
[endpoint_off_grid]: Symbol pin or wire end off connection grid
    ; warning
    @(251.00 mm, 176.19 mm): Horizontal Wire, length 1.00 mm
[endpoint_off_grid]: Symbol pin or wire end off connection grid
    ; warning
    @(251.00 mm, 183.81 mm): Horizontal Wire, length 1.00 mm
[unconnected_wire_endpoint]: Unconnected wire endpoint
    ; warning
    @(251.00 mm, 183.81 mm): Horizontal Wire, length 1.00 mm
[unconnected_wire_endpoint]: Unconnected wire endpoint
    ; warning
    @(268.00 mm, 176.19 mm): Horizontal Wire, length 1.00 mm
[endpoint_off_grid]: Symbol pin or wire end off connection grid
    ; warning
    @(268.00 mm, 176.19 mm): Symbol C28 Pin 1 [Passive, Line]
[endpoint_off_grid]: Symbol pin or wire end off connection grid
    ; warning
    @(268.00 mm, 176.19 mm): Horizontal Wire, length 1.00 mm
[endpoint_off_grid]: Symbol pin or wire end off connection grid
    ; warning
    @(268.00 mm, 183.81 mm): Horizontal Wire, length 1.00 mm
[unconnected_wire_endpoint]: Unconnected wire endpoint
    ; warning
    @(268.00 mm, 183.81 mm): Horizontal Wire, length 1.00 mm
[unconnected_wire_endpoint]: Unconnected wire endpoint
    ; warning
    @(285.00 mm, 176.19 mm): Horizontal Wire, length 1.00 mm
[endpoint_off_grid]: Symbol pin or wire end off connection grid
    ; warning
    @(285.00 mm, 176.19 mm): Symbol C29 Pin 1 [Passive, Line]
[endpoint_off_grid]: Symbol pin or wire end off connection grid
    ; warning
    @(285.00 mm, 176.19 mm): Horizontal Wire, length 1.00 mm
[endpoint_off_grid]: Symbol pin or wire end off connection grid
    ; warning
    @(285.00 mm, 183.81 mm): Horizontal Wire, length 1.00 mm
[unconnected_wire_endpoint]: Unconnected wire endpoint
    ; warning
    @(285.00 mm, 183.81 mm): Horizontal Wire, length 1.00 mm
[unconnected_wire_endpoint]: Unconnected wire endpoint
    ; warning
    @(302.00 mm, 176.19 mm): Horizontal Wire, length 1.00 mm
[endpoint_off_grid]: Symbol pin or wire end off connection grid
    ; warning
    @(302.00 mm, 176.19 mm): Symbol C44 Pin 1 [Passive, Line]
[endpoint_off_grid]: Symbol pin or wire end off connection grid
    ; warning
    @(302.00 mm, 176.19 mm): Horizontal Wire, length 1.00 mm
[endpoint_off_grid]: Symbol pin or wire end off connection grid
    ; warning
    @(302.00 mm, 183.81 mm): Horizontal Wire, length 1.00 mm
[unconnected_wire_endpoint]: Unconnected wire endpoint
    ; warning
    @(302.00 mm, 183.81 mm): Horizontal Wire, length 1.00 mm
[unconnected_wire_endpoint]: Unconnected wire endpoint
    ; warning
    @(319.00 mm, 176.19 mm): Horizontal Wire, length 1.00 mm
[endpoint_off_grid]: Symbol pin or wire end off connection grid
    ; warning
    @(319.00 mm, 176.19 mm): Symbol C45 Pin 1 [Passive, Line]
[endpoint_off_grid]: Symbol pin or wire end off connection grid
    ; warning
    @(319.00 mm, 176.19 mm): Horizontal Wire, length 1.00 mm
[endpoint_off_grid]: Symbol pin or wire end off connection grid
    ; warning
    @(319.00 mm, 183.81 mm): Horizontal Wire, length 1.00 mm
[unconnected_wire_endpoint]: Unconnected wire endpoint
    ; warning
    @(319.00 mm, 183.81 mm): Horizontal Wire, length 1.00 mm
[unconnected_wire_endpoint]: Unconnected wire endpoint
    ; warning
    @(336.00 mm, 176.19 mm): Horizontal Wire, length 1.00 mm
[endpoint_off_grid]: Symbol pin or wire end off connection grid
    ; warning
    @(336.00 mm, 176.19 mm): Symbol C46 Pin 1 [Passive, Line]
[endpoint_off_grid]: Symbol pin or wire end off connection grid
    ; warning
    @(336.00 mm, 176.19 mm): Horizontal Wire, length 1.00 mm
[endpoint_off_grid]: Symbol pin or wire end off connection grid
    ; warning
    @(336.00 mm, 183.81 mm): Horizontal Wire, length 1.00 mm
[unconnected_wire_endpoint]: Unconnected wire endpoint
    ; warning
    @(336.00 mm, 183.81 mm): Horizontal Wire, length 1.00 mm
[unconnected_wire_endpoint]: Unconnected wire endpoint
    ; warning
    @(353.00 mm, 176.19 mm): Horizontal Wire, length 1.00 mm
[endpoint_off_grid]: Symbol pin or wire end off connection grid
    ; warning
    @(353.00 mm, 176.19 mm): Symbol C47 Pin 1 [Passive, Line]
[endpoint_off_grid]: Symbol pin or wire end off connection grid
    ; warning
    @(353.00 mm, 176.19 mm): Horizontal Wire, length 1.00 mm
[endpoint_off_grid]: Symbol pin or wire end off connection grid
    ; warning
    @(353.00 mm, 183.81 mm): Horizontal Wire, length 1.00 mm
[unconnected_wire_endpoint]: Unconnected wire endpoint
    ; warning
    @(353.00 mm, 183.81 mm): Horizontal Wire, length 1.00 mm
[unconnected_wire_endpoint]: Unconnected wire endpoint
    ; warning
    @(370.00 mm, 176.19 mm): Horizontal Wire, length 1.00 mm
[endpoint_off_grid]: Symbol pin or wire end off connection grid
    ; warning
    @(370.00 mm, 176.19 mm): Symbol C34 Pin 1 [Passive, Line]
[endpoint_off_grid]: Symbol pin or wire end off connection grid
    ; warning
    @(370.00 mm, 176.19 mm): Horizontal Wire, length 1.00 mm
[endpoint_off_grid]: Symbol pin or wire end off connection grid
    ; warning
    @(370.00 mm, 183.81 mm): Horizontal Wire, length 1.00 mm
[unconnected_wire_endpoint]: Unconnected wire endpoint
    ; warning
    @(370.00 mm, 183.81 mm): Horizontal Wire, length 1.00 mm
[unconnected_wire_endpoint]: Unconnected wire endpoint
    ; warning
    @(387.00 mm, 176.19 mm): Horizontal Wire, length 1.00 mm
[endpoint_off_grid]: Symbol pin or wire end off connection grid
    ; warning
    @(387.00 mm, 176.19 mm): Symbol C35 Pin 1 [Passive, Line]
[endpoint_off_grid]: Symbol pin or wire end off connection grid
    ; warning
    @(387.00 mm, 176.19 mm): Horizontal Wire, length 1.00 mm
[endpoint_off_grid]: Symbol pin or wire end off connection grid
    ; warning
    @(387.00 mm, 183.81 mm): Horizontal Wire, length 1.00 mm
[unconnected_wire_endpoint]: Unconnected wire endpoint
    ; warning
    @(387.00 mm, 183.81 mm): Horizontal Wire, length 1.00 mm
[unconnected_wire_endpoint]: Unconnected wire endpoint
    ; warning
    @(404.00 mm, 176.19 mm): Horizontal Wire, length 1.00 mm
[endpoint_off_grid]: Symbol pin or wire end off connection grid
    ; warning
    @(404.00 mm, 176.19 mm): Symbol C36 Pin 1 [Passive, Line]
[endpoint_off_grid]: Symbol pin or wire end off connection grid
    ; warning
    @(404.00 mm, 176.19 mm): Horizontal Wire, length 1.00 mm
[endpoint_off_grid]: Symbol pin or wire end off connection grid
    ; warning
    @(404.00 mm, 183.81 mm): Horizontal Wire, length 1.00 mm
[unconnected_wire_endpoint]: Unconnected wire endpoint
    ; warning
    @(404.00 mm, 183.81 mm): Horizontal Wire, length 1.00 mm
[unconnected_wire_endpoint]: Unconnected wire endpoint
    ; warning
    @(421.00 mm, 176.19 mm): Horizontal Wire, length 1.00 mm
[endpoint_off_grid]: Symbol pin or wire end off connection grid
    ; warning
    @(421.00 mm, 176.19 mm): Symbol C37 Pin 1 [Passive, Line]
[endpoint_off_grid]: Symbol pin or wire end off connection grid
    ; warning
    @(421.00 mm, 176.19 mm): Horizontal Wire, length 1.00 mm
[endpoint_off_grid]: Symbol pin or wire end off connection grid
    ; warning
    @(421.00 mm, 183.81 mm): Horizontal Wire, length 1.00 mm
[unconnected_wire_endpoint]: Unconnected wire endpoint
    ; warning
    @(421.00 mm, 183.81 mm): Horizontal Wire, length 1.00 mm
[unconnected_wire_endpoint]: Unconnected wire endpoint
    ; warning
    @(438.00 mm, 176.19 mm): Horizontal Wire, length 1.00 mm
[endpoint_off_grid]: Symbol pin or wire end off connection grid
    ; warning
    @(438.00 mm, 176.19 mm): Symbol C38 Pin 1 [Passive, Line]
[endpoint_off_grid]: Symbol pin or wire end off connection grid
    ; warning
    @(438.00 mm, 176.19 mm): Horizontal Wire, length 1.00 mm
[endpoint_off_grid]: Symbol pin or wire end off connection grid
    ; warning
    @(438.00 mm, 183.81 mm): Horizontal Wire, length 1.00 mm
[unconnected_wire_endpoint]: Unconnected wire endpoint
    ; warning
    @(438.00 mm, 183.81 mm): Horizontal Wire, length 1.00 mm
[unconnected_wire_endpoint]: Unconnected wire endpoint
    ; warning
    @(455.00 mm, 176.19 mm): Horizontal Wire, length 1.00 mm
[endpoint_off_grid]: Symbol pin or wire end off connection grid
    ; warning
    @(455.00 mm, 176.19 mm): Symbol C39 Pin 1 [Passive, Line]
[endpoint_off_grid]: Symbol pin or wire end off connection grid
    ; warning
    @(455.00 mm, 176.19 mm): Horizontal Wire, length 1.00 mm
[endpoint_off_grid]: Symbol pin or wire end off connection grid
    ; warning
    @(455.00 mm, 183.81 mm): Horizontal Wire, length 1.00 mm
[unconnected_wire_endpoint]: Unconnected wire endpoint
    ; warning
    @(455.00 mm, 183.81 mm): Horizontal Wire, length 1.00 mm
[unconnected_wire_endpoint]: Unconnected wire endpoint
    ; warning
    @(472.00 mm, 176.19 mm): Horizontal Wire, length 1.00 mm
[endpoint_off_grid]: Symbol pin or wire end off connection grid
    ; warning
    @(472.00 mm, 176.19 mm): Symbol C40 Pin 1 [Passive, Line]
[endpoint_off_grid]: Symbol pin or wire end off connection grid
    ; warning
    @(472.00 mm, 176.19 mm): Horizontal Wire, length 1.00 mm
[endpoint_off_grid]: Symbol pin or wire end off connection grid
    ; warning
    @(472.00 mm, 183.81 mm): Horizontal Wire, length 1.00 mm
[unconnected_wire_endpoint]: Unconnected wire endpoint
    ; warning
    @(472.00 mm, 183.81 mm): Horizontal Wire, length 1.00 mm
[unconnected_wire_endpoint]: Unconnected wire endpoint
    ; warning
    @(489.00 mm, 176.19 mm): Horizontal Wire, length 1.00 mm
[endpoint_off_grid]: Symbol pin or wire end off connection grid
    ; warning
    @(489.00 mm, 176.19 mm): Symbol C41 Pin 1 [Passive, Line]
[endpoint_off_grid]: Symbol pin or wire end off connection grid
    ; warning
    @(489.00 mm, 176.19 mm): Horizontal Wire, length 1.00 mm
[endpoint_off_grid]: Symbol pin or wire end off connection grid
    ; warning
    @(489.00 mm, 183.81 mm): Horizontal Wire, length 1.00 mm
[unconnected_wire_endpoint]: Unconnected wire endpoint
    ; warning
    @(489.00 mm, 183.81 mm): Horizontal Wire, length 1.00 mm
[endpoint_off_grid]: Symbol pin or wire end off connection grid
    ; warning
    @(5.00 mm, 10.00 mm): Horizontal Wire, length 14.92 mm
[isolated_pin_label]: Label connected to only one pin
    ; warning
    @(5.00 mm, 10.00 mm): Hierarchical Label 'UART'
[endpoint_off_grid]: Symbol pin or wire end off connection grid
    ; warning
    @(5.00 mm, 13.00 mm): Horizontal Wire, length 14.92 mm
[isolated_pin_label]: Label connected to only one pin
    ; warning
    @(5.00 mm, 13.00 mm): Hierarchical Label 'RECOVERY'
[endpoint_off_grid]: Symbol pin or wire end off connection grid
    ; warning
    @(5.00 mm, 16.00 mm): Horizontal Wire, length 14.92 mm
[endpoint_off_grid]: Symbol pin or wire end off connection grid
    ; warning
    @(5.00 mm, 19.00 mm): Horizontal Wire, length 14.92 mm
[isolated_pin_label]: Label connected to only one pin
    ; warning
    @(5.00 mm, 19.00 mm): Hierarchical Label 'DEBUG_GND'
[endpoint_off_grid]: Symbol pin or wire end off connection grid
    ; warning
    @(19.92 mm, 10.00 mm): Symbol X10 Pin 1 [UART, Passive, Line]

***** Sheet /V100_PCIE/
[same_local_global_label]: Local and global labels have same name
    ; warning
    @(100.32 mm, 110.16 mm): Global Label 'POWER_GND'
    @(70.00 mm, 105.00 mm): Label 'POWER_GND'

***** Sheet /V100_POWER/

***** Sheet /POWER_INPUT/

***** Sheet /REGULATORS/

***** Sheet /ETHERNET/

***** Sheet /STORAGE/

***** Sheet /SERVICE/

***** Sheet /COOLING/

***** Sheet /DEBUG/

***** Sheet /CORE_CM5/
[no_connect_dangling]: Unconnected "no connection" flag
    ; warning
    @(66.98 mm, 31.42 mm): No Connect
[no_connect_dangling]: Unconnected "no connection" flag
    ; warning
    @(66.98 mm, 36.50 mm): No Connect
[no_connect_dangling]: Unconnected "no connection" flag
    ; warning
    @(66.98 mm, 39.04 mm): No Connect
[no_connect_dangling]: Unconnected "no connection" flag
    ; warning
    @(66.98 mm, 41.58 mm): No Connect
[no_connect_connected]: A pin with a "no connection" flag is connected
    ; warning
    @(66.98 mm, 46.66 mm): Symbol J7 Pin 4 [Ethernet_Pair1_P, Passive, Line]
    @(66.98 mm, 46.66 mm): No Connect
[no_connect_connected]: A pin with a "no connection" flag is connected
    ; warning
    @(66.98 mm, 49.20 mm): Symbol J7 Pin 6 [Ethernet_Pair1_N, Passive, Line]
    @(66.98 mm, 49.20 mm): No Connect
[no_connect_connected]: A pin with a "no connection" flag is connected
    ; warning
    @(66.98 mm, 54.28 mm): Symbol J7 Pin 10 [Ethernet_Pair0_N, Passive, Line]
    @(66.98 mm, 54.28 mm): No Connect
[no_connect_connected]: A pin with a "no connection" flag is connected
    ; warning
    @(66.98 mm, 56.82 mm): Symbol J7 Pin 12 [Ethernet_Pair0_P, Passive, Line]
    @(66.98 mm, 56.82 mm): No Connect
[no_connect_dangling]: Unconnected "no connection" flag
    ; warning
    @(127.94 mm, 31.42 mm): No Connect
[no_connect_dangling]: Unconnected "no connection" flag
    ; warning
    @(127.94 mm, 33.96 mm): No Connect
[no_connect_dangling]: Unconnected "no connection" flag
    ; warning
    @(127.94 mm, 36.50 mm): No Connect
[no_connect_dangling]: Unconnected "no connection" flag
    ; warning
    @(127.94 mm, 39.04 mm): No Connect
[no_connect_dangling]: Unconnected "no connection" flag
    ; warning
    @(127.94 mm, 41.58 mm): No Connect
[no_connect_dangling]: Unconnected "no connection" flag
    ; warning
    @(209.22 mm, 36.50 mm): No Connect
[no_connect_connected]: A pin with a "no connection" flag is connected
    ; warning
    @(209.22 mm, 72.06 mm): Symbol J7 Pin 128 [USB3-0-RX_N, Input, Line]
    @(209.22 mm, 72.06 mm): No Connect
[no_connect_connected]: A pin with a "no connection" flag is connected
    ; warning
    @(209.22 mm, 74.60 mm): Symbol J7 Pin 130 [USB3-0-RX_P, Input, Line]
    @(209.22 mm, 74.60 mm): No Connect
[no_connect_connected]: A pin with a "no connection" flag is connected
    ; warning
    @(209.22 mm, 87.30 mm): Symbol J7 Pin 140 [USB3-0-TX_N, Output, Line]
    @(209.22 mm, 87.30 mm): No Connect
[no_connect_connected]: A pin with a "no connection" flag is connected
    ; warning
    @(209.22 mm, 89.84 mm): Symbol J7 Pin 142 [USB3-0-TX_P, Output, Line]
    @(209.22 mm, 89.84 mm): No Connect
[no_connect_connected]: A pin with a "no connection" flag is connected
    ; warning
    @(209.22 mm, 160.96 mm): Symbol J7 Pin 198 [GND, Power input, Line]
    @(66.98 mm, 59.36 mm): No Connect
[no_connect_dangling]: Unconnected "no connection" flag
    ; warning
    @(270.18 mm, 36.50 mm): No Connect

 ** ERC messages: 635  Errors 0  Warnings 635

 ** Ignored checks:
    - Global label only appears once in the schematic
    - Four connection points are joined together
    - SPICE model issue
    - Assigned footprint doesn't match footprint filters
