** Drc report for PHASE24_RTL9210B_CRYSTAL_SWEEP_XO91.4_XI92.6.kicad_pcb **
** Created on 2026-09-10T06:32:21 **
** Report includes: Errors, Warnings **

** Found 1 DRC violations **
[clearance]: Clearance violation ( clearance 0.2000 mm; actual 0.0500 mm)
    Local override; error
    @(92.6000 mm, 67.2000 mm): Via [XTAL_IN] on F.Cu - B.Cu
    @(94.0500 mm, 67.6000 mm): Track [XTAL_OUT] on F.Cu, length 2.6500 mm

** Found 2 unconnected pads **
[unconnected_items]: Missing connection between items
    Local override; error
    @(94.0500 mm, 70.4000 mm): Pad 61 [REFCLK_P] of U1 on F.Cu
    @(137.2500 mm, 62.7250 mm): Pad 55 [REFCLK_P] of J1 on F.Cu
[unconnected_items]: Missing connection between items
    Local override; error
    @(94.0500 mm, 70.8000 mm): Pad 62 [REFCLK_N] of U1 on F.Cu
    @(136.7500 mm, 62.7250 mm): Pad 53 [REFCLK_N] of J1 on F.Cu

** Found 0 Footprint errors **

** Ignored checks **
    - Footprint has no courtyard defined
    - Track endpoint not centered on via
    - Tuning profile track geometries
    - Footprint doesn't match symbol's footprint filters
    - Footprint component type doesn't match footprint pads

** End of Report **
