** Drc report for PHASE24_RTL9210B_XTAL_RSET_COHERENT_PROBE.kicad_pcb **
** Created on 2026-09-08T12:48:29 **
** Report includes: Errors, Warnings **

** Found 31 DRC violations **
[tracks_crossing]: Tracks crossing
    Local override; error
    @(104.6000 mm, 77.0000 mm): Track [XTAL_OUT] on F.Cu, length 5.2393 mm
    @(107.0000 mm, 77.5000 mm): Track [RTL_1V1] on F.Cu, length 7.5000 mm
[tracks_crossing]: Tracks crossing
    Local override; error
    @(104.6000 mm, 77.0000 mm): Track [XTAL_OUT] on F.Cu, length 5.2393 mm
    @(107.0000 mm, 70.0000 mm): Track [RTL_1V1] on F.Cu, length 10.0000 mm
[shorting_items]: Items shorting two nets (nets RTL_1V1 and XTAL_OUT)
    Local override; error
    @(101.9500 mm, 72.0000 mm): Track [RTL_1V1] on F.Cu, length 5.0500 mm
    @(104.6000 mm, 72.4000 mm): Via [XTAL_OUT] on F.Cu - B.Cu
[shorting_items]: Items shorting two nets (nets XTAL_OUT and XTAL_IN)
    Local override; error
    @(101.9500 mm, 72.4000 mm): Track [XTAL_OUT] on F.Cu, length 2.6500 mm
    @(103.2000 mm, 72.8000 mm): Via [XTAL_IN] on F.Cu - B.Cu
[tracks_crossing]: Tracks crossing
    Local override; error
    @(104.6000 mm, 77.0000 mm): Track [XTAL_OUT] on F.Cu, length 5.2393 mm
    @(108.3000 mm, 75.8000 mm): Track [XTAL_IN] on F.Cu, length 2.5554 mm
[clearance]: Clearance violation ( clearance 0.2000 mm; actual 0.1207 mm)
    Local override; error
    @(104.6000 mm, 77.0000 mm): Track [XTAL_OUT] on F.Cu, length 5.2393 mm
    @(103.2000 mm, 75.8000 mm): Track [XTAL_IN] on F.Cu, length 5.1000 mm
[clearance]: Clearance violation ( clearance 0.2000 mm; actual 0.1280 mm)
    Local override; error
    @(103.2000 mm, 75.8000 mm): Via [XTAL_IN] on F.Cu - B.Cu
    @(102.5000 mm, 76.0000 mm): Via [RSET] on F.Cu - B.Cu
[clearance]: Clearance violation ( clearance 0.2000 mm; actual 0.1280 mm)
    Local override; error
    @(103.2000 mm, 75.8000 mm): Via [XTAL_IN] on F.Cu - B.Cu
    @(102.5000 mm, 76.0000 mm): Via [RSET] on F.Cu - B.Cu
[clearance]: Clearance violation ( clearance 0.2000 mm; actual 0.1280 mm)
    Local override; error
    @(103.2000 mm, 75.8000 mm): Via [XTAL_IN] on F.Cu - B.Cu
    @(102.5000 mm, 76.0000 mm): Via [RSET] on F.Cu - B.Cu
[clearance]: Clearance violation ( clearance 0.2000 mm; actual 0.1280 mm)
    Local override; error
    @(103.2000 mm, 75.8000 mm): Via [XTAL_IN] on F.Cu - B.Cu
    @(102.5000 mm, 76.0000 mm): Via [RSET] on F.Cu - B.Cu
[clearance]: Clearance violation ( clearance 0.2000 mm; actual 0.1280 mm)
    Local override; error
    @(103.2000 mm, 75.8000 mm): Via [XTAL_IN] on F.Cu - B.Cu
    @(102.5000 mm, 76.0000 mm): Via [RSET] on F.Cu - B.Cu
[clearance]: Clearance violation ( clearance 0.2000 mm; actual 0.1280 mm)
    Local override; error
    @(103.2000 mm, 75.8000 mm): Via [XTAL_IN] on F.Cu - B.Cu
    @(102.5000 mm, 76.0000 mm): Via [RSET] on F.Cu - B.Cu
[shorting_items]: Items shorting two nets (nets XTAL_OUT and XTAL_IN)
    Local override; error
    @(104.6000 mm, 77.0000 mm): Track [XTAL_OUT] on F.Cu, length 5.2393 mm
    @(108.3000 mm, 75.8000 mm): Pad 1 [XTAL_IN] of Y1 on F.Cu
[clearance]: Clearance violation ( clearance 0.2000 mm; actual 0.1000 mm)
    Local override; error
    @(104.6000 mm, 77.0000 mm): Via [XTAL_OUT] on F.Cu - B.Cu
    @(98.2000 mm, 77.5000 mm): Track [RTL_1V1] on B.Cu, length 8.8000 mm
[shorting_items]: Items shorting two nets (nets XTAL_IN and RTL_3V3)
    Local override; error
    @(103.2000 mm, 72.8000 mm): Track [XTAL_IN] on B.Cu, length 3.0000 mm
    @(103.0000 mm, 73.2000 mm): Track [RTL_3V3] on B.Cu, length 4.7000 mm
[clearance]: Clearance violation ( clearance 0.2000 mm; actual 0.0472 mm)
    Local override; error
    @(103.2000 mm, 72.8000 mm): Via [XTAL_IN] on F.Cu - B.Cu
    @(101.9500 mm, 73.2000 mm): Track [RTL_3V3] on F.Cu, length 1.0500 mm
[tracks_crossing]: Tracks crossing
    Local override; error
    @(104.6000 mm, 72.4000 mm): Track [XTAL_OUT] on B.Cu, length 4.6000 mm
    @(92.5000 mm, 74.3000 mm): Track [RTL_1V1] on B.Cu, length 14.5000 mm
[tracks_crossing]: Tracks crossing
    Local override; error
    @(104.6000 mm, 77.0000 mm): Track [XTAL_OUT] on F.Cu, length 5.2393 mm
    @(107.0000 mm, 78.0000 mm): Track [RTL_1V1] on F.Cu, length 8.0000 mm
[shorting_items]: Items shorting two nets (nets RSET and XTAL_IN)
    Local override; error
    @(102.5000 mm, 76.0000 mm): Track [RSET] on B.Cu, length 9.5000 mm
    @(103.2000 mm, 75.8000 mm): Via [XTAL_IN] on F.Cu - B.Cu
[shorting_items]: Items shorting two nets (nets XTAL_IN and RTL_3V3)
    Local override; error
    @(101.9500 mm, 72.8000 mm): Track [XTAL_IN] on F.Cu, length 1.2500 mm
    @(103.0000 mm, 73.2000 mm): Via [RTL_3V3] on F.Cu - B.Cu
[shorting_items]: Items shorting two nets (nets XTAL_IN and RTL_3V3)
    Local override; error
    @(103.2000 mm, 72.8000 mm): Track [XTAL_IN] on B.Cu, length 3.0000 mm
    @(103.0000 mm, 73.2000 mm): Via [RTL_3V3] on F.Cu - B.Cu
[shorting_items]: Items shorting two nets (nets XTAL_IN and RTL_3V3)
    Local override; error
    @(103.2000 mm, 72.8000 mm): Via [XTAL_IN] on F.Cu - B.Cu
    @(103.0000 mm, 73.2000 mm): Via [RTL_3V3] on F.Cu - B.Cu
[shorting_items]: Items shorting two nets (nets XTAL_IN and RTL_3V3)
    Local override; error
    @(103.2000 mm, 72.8000 mm): Via [XTAL_IN] on F.Cu - B.Cu
    @(103.0000 mm, 73.2000 mm): Via [RTL_3V3] on F.Cu - B.Cu
[shorting_items]: Items shorting two nets (nets XTAL_IN and RTL_3V3)
    Local override; error
    @(103.2000 mm, 72.8000 mm): Via [XTAL_IN] on F.Cu - B.Cu
    @(103.0000 mm, 73.2000 mm): Via [RTL_3V3] on F.Cu - B.Cu
[shorting_items]: Items shorting two nets (nets XTAL_IN and RTL_3V3)
    Local override; error
    @(103.2000 mm, 72.8000 mm): Via [XTAL_IN] on F.Cu - B.Cu
    @(103.0000 mm, 73.2000 mm): Via [RTL_3V3] on F.Cu - B.Cu
[starved_thermal]: Thermal relief connection to zone incomplete (layer F.Cu; zone min spoke count 2; actual 1)
    Local override; error
    @(65.5000 mm, 40.5000 mm): Zone [GND] on F.Cu, priority 0
    @(108.4000 mm, 78.0000 mm): Pad 2 [GND] of C1 on F.Cu
[solder_mask_bridge]: Front solder mask aperture bridges items with different nets
    Rule: board setup solder mask min width; error
    @(104.6000 mm, 77.0000 mm): Track [XTAL_OUT] on F.Cu, length 5.2393 mm
    @(108.3000 mm, 75.8000 mm): Pad 1 [XTAL_IN] of Y1 on F.Cu
[hole_to_hole]: Drilled hole too close to other hole (board setup constraints min 0.2495 mm; actual 0.1472 mm)
    Rule: board setup constraints; warning
    @(103.2000 mm, 72.8000 mm): Via [XTAL_IN] on F.Cu - B.Cu
    @(103.0000 mm, 73.2000 mm): Via [RTL_3V3] on F.Cu - B.Cu
[silk_overlap]: Silkscreen clearance
    Rule: board setup constraints silk; warning
    @(109.0000 mm, 79.5000 mm): Reference field of C1
    @(109.0000 mm, 79.5000 mm): Reference field of R1
[silk_over_copper]: Silkscreen clipped by solder mask
    Local override; warning
    @(105.0000 mm, 82.0000 mm): PCB text 'RTL9210B PATH-B BRING-UP — NON-PRODUCTION' on f.silkscreen
    @(104.0000 mm, 82.0000 mm): Pad 1 [RTL_1V1] of C4 on F.Cu
[silk_over_copper]: Silkscreen clipped by solder mask
    Local override; warning
    @(105.0000 mm, 82.0000 mm): PCB text 'RTL9210B PATH-B BRING-UP — NON-PRODUCTION' on f.silkscreen
    @(105.2000 mm, 82.0000 mm): Pad 2 [GND] of C4 on F.Cu

** Found 21 unconnected pads **
[unconnected_items]: Missing connection between items
    Local override; error
    @(89.0000 mm, 56.0000 mm): Pad 1 [PEDET] of R2 on F.Cu
    @(98.4000 mm, 66.0500 mm): Pad 8 [PEDET] of U1 on F.Cu
[unconnected_items]: Missing connection between items
    Local override; error
    @(98.4000 mm, 66.0500 mm): Pad 8 [PEDET] of U1 on F.Cu
    @(140.7500 mm, 62.7250 mm): Pad 69 [PEDET] of J1 on F.Cu
[unconnected_items]: Missing connection between items
    Local override; error
    @(92.0000 mm, 56.0000 mm): Pad 1 [CLKREQ_N] of R3 on F.Cu
    @(96.4000 mm, 66.0500 mm): Pad 13 [CLKREQ_N] of U1 on F.Cu
[unconnected_items]: Missing connection between items
    Local override; error
    @(96.4000 mm, 66.0500 mm): Pad 13 [CLKREQ_N] of U1 on F.Cu
    @(136.5000 mm, 70.2750 mm): Pad 52 [CLKREQ_N] of J1 on F.Cu
[unconnected_items]: Missing connection between items
    Local override; error
    @(96.0000 mm, 66.0500 mm): Pad 14 [PERST_N] of U1 on F.Cu
    @(136.0000 mm, 70.2750 mm): Pad 50 [PERST_N] of J1 on F.Cu
[unconnected_items]: Missing connection between items
    Local override; error
    @(76.6000 mm, 80.0000 mm): Pad 5 [SPISI] of U2 on F.Cu
    @(94.0500 mm, 66.8000 mm): Pad 18 [SPISI] of U1 on F.Cu
[unconnected_items]: Missing connection between items
    Local override; error
    @(77.8000 mm, 80.0000 mm): Pad 6 [SPICLK] of U2 on F.Cu
    @(94.0500 mm, 67.2000 mm): Pad 19 [SPICLK] of U1 on F.Cu
[unconnected_items]: Missing connection between items
    Local override; error
    @(79.0000 mm, 80.0000 mm): Pad 7 [SPISO3] of U2 on F.Cu
    @(94.0500 mm, 68.4000 mm): Pad 22 [SPISO3] of U1 on F.Cu
[unconnected_items]: Missing connection between items
    Local override; error
    @(73.0000 mm, 80.0000 mm): Pad 2 [SPISO] of U2 on F.Cu
    @(94.0500 mm, 68.8000 mm): Pad 23 [SPISO] of U1 on F.Cu
[unconnected_items]: Missing connection between items
    Local override; error
    @(71.8000 mm, 80.0000 mm): Pad 1 [SPICS] of U2 on F.Cu
    @(94.0500 mm, 69.2000 mm): Pad 24 [SPICS] of U1 on F.Cu
[unconnected_items]: Missing connection between items
    Local override; error
    @(98.0000 mm, 70.0000 mm): Pad 69 [GND] of U1 on F.Cu
    @(98.8000 mm, 73.9500 mm): Pad 45 [GND] of U1 on F.Cu
[unconnected_items]: Missing connection between items
    Local override; error
    @(65.5000 mm, 40.5000 mm): Zone [GND] on B.Cu, priority 0
    @(65.5000 mm, 40.5000 mm): Zone [GND] on F.Cu, priority 0
[unconnected_items]: Missing connection between items
    Local override; error
    @(101.9500 mm, 69.6000 mm): Pad 61 [REFCLK_P] of U1 on F.Cu
    @(137.2500 mm, 62.7250 mm): Pad 55 [REFCLK_P] of J1 on F.Cu
[unconnected_items]: Missing connection between items
    Local override; error
    @(101.9500 mm, 69.2000 mm): Pad 62 [REFCLK_N] of U1 on F.Cu
    @(136.7500 mm, 62.7250 mm): Pad 53 [REFCLK_N] of J1 on F.Cu
[unconnected_items]: Missing connection between items
    Local override; error
    @(101.9500 mm, 68.4000 mm): Pad 64 [LANE0_RXP] of U1 on F.Cu
    @(134.2500 mm, 62.7250 mm): Pad 43 [LANE0_RXP] of J1 on F.Cu
[unconnected_items]: Missing connection between items
    Local override; error
    @(101.9500 mm, 68.0000 mm): Pad 65 [LANE0_RXN] of U1 on F.Cu
    @(133.7500 mm, 62.7250 mm): Pad 41 [LANE0_RXN] of J1 on F.Cu
[unconnected_items]: Missing connection between items
    Local override; error
    @(101.9500 mm, 67.2000 mm): Pad 67 [LANE0_TXN] of U1 on F.Cu
    @(135.2500 mm, 62.7250 mm): Pad 47 [LANE0_TXN] of J1 on F.Cu
[unconnected_items]: Missing connection between items
    Local override; error
    @(101.9500 mm, 66.8000 mm): Pad 68 [LANE0_TXP] of U1 on F.Cu
    @(135.7500 mm, 62.7250 mm): Pad 49 [LANE0_TXP] of J1 on F.Cu
[unconnected_items]: Missing connection between items
    Local override; error
    @(114.7500 mm, 62.7250 mm): Pad 2 [SSD_3V3] of J1 on F.Cu
    @(115.2500 mm, 62.7250 mm): Pad 4 [SSD_3V3] of J1 on F.Cu
[unconnected_items]: Missing connection between items
    Local override; error
    @(115.2500 mm, 62.7250 mm): Pad 4 [SSD_3V3] of J1 on F.Cu
    @(115.7500 mm, 62.7250 mm): Pad 6 [SSD_3V3] of J1 on F.Cu
[unconnected_items]: Missing connection between items
    Local override; error
    @(115.7500 mm, 62.7250 mm): Pad 6 [SSD_3V3] of J1 on F.Cu
    @(116.2500 mm, 62.7250 mm): Pad 8 [SSD_3V3] of J1 on F.Cu

** Found 0 Footprint errors **

** Ignored checks **
    - Footprint has no courtyard defined
    - Track endpoint not centered on via
    - Tuning profile track geometries
    - Footprint doesn't match symbol's footprint filters
    - Footprint component type doesn't match footprint pads

** End of Report **
