** Drc report for PHASE24_RTL9210B_SUPPORT_RESTORE_ON_LANE_V1259.kicad_pcb **
** Created on 2026-09-09T16:38:52 **
** Report includes: Errors, Warnings **

** Found 39 DRC violations **
[tracks_crossing]: Tracks crossing
    Local override; error
    @(96.1000 mm, 72.4000 mm): Track [GND] on B.Cu, length 10.6099 mm
    @(95.0000 mm, 72.4000 mm): Track [LANE0_RXP] on B.Cu, length 11.0000 mm
[tracks_crossing]: Tracks crossing
    Local override; error
    @(100.5000 mm, 72.4000 mm): Track [RTL_3V3] on B.Cu, length 8.4000 mm
    @(95.0000 mm, 72.4000 mm): Track [LANE0_RXP] on B.Cu, length 11.0000 mm
[tracks_crossing]: Tracks crossing
    Local override; error
    @(100.9000 mm, 72.4000 mm): Track [RTL_3V3] on B.Cu, length 0.4000 mm
    @(95.0000 mm, 72.4000 mm): Track [LANE0_RXP] on B.Cu, length 11.0000 mm
[shorting_items]: Items shorting two nets (nets GND and LANE0_RXP)
    Local override; error
    @(96.1000 mm, 72.4000 mm): Via [GND] on F.Cu - B.Cu
    @(95.0000 mm, 72.4000 mm): Track [LANE0_RXP] on B.Cu, length 11.0000 mm
[tracks_crossing]: Tracks crossing
    Local override; error
    @(103.0000 mm, 64.0000 mm): Track [RTL_3V3] on F.Cu, length 5.0000 mm
    @(106.0000 mm, 72.4000 mm): Track [LANE0_RXP] on F.Cu, length 30.4000 mm
[tracks_crossing]: Tracks crossing
    Local override; error
    @(102.5000 mm, 75.0000 mm): Track [RTL_1V1] on B.Cu, length 10.2000 mm
    @(95.0000 mm, 72.4000 mm): Track [LANE0_RXP] on B.Cu, length 11.0000 mm
[shorting_items]: Items shorting two nets (nets RTL_3V3 and LANE0_RXP)
    Local override; error
    @(100.9000 mm, 72.4000 mm): Via [RTL_3V3] on F.Cu - B.Cu
    @(95.0000 mm, 72.4000 mm): Track [LANE0_RXP] on B.Cu, length 11.0000 mm
[shorting_items]: Items shorting two nets (nets RTL_1V1 and LANE0_RXP)
    Local override; error
    @(93.2000 mm, 74.0000 mm): Track [RTL_1V1] on In2.PWR, length 12.7311 mm
    @(95.0000 mm, 72.4000 mm): Via [LANE0_RXP] on F.Cu - B.Cu
[tracks_crossing]: Tracks crossing
    Local override; error
    @(103.8000 mm, 69.0000 mm): Track [RTL_1V1] on F.Cu, length 1.7000 mm
    @(104.5000 mm, 76.8000 mm): Track [LANE0_TXP] on F.Cu, length 31.8000 mm
[tracks_crossing]: Tracks crossing
    Local override; error
    @(104.0000 mm, 68.5000 mm): Track [RTL_1V1] on F.Cu, length 5.5000 mm
    @(106.0000 mm, 72.4000 mm): Track [LANE0_RXP] on F.Cu, length 30.4000 mm
[shorting_items]: Items shorting two nets (nets LANE0_TXP and RTL_1V1)
    Local override; error
    @(104.5000 mm, 76.8000 mm): Via [LANE0_TXP] on F.Cu - B.Cu
    @(100.8000 mm, 77.0000 mm): Track [RTL_1V1] on F.Cu, length 3.7000 mm
[shorting_items]: Items shorting two nets (nets RTL_1V1 and LANE0_TXN)
    Local override; error
    @(93.2000 mm, 74.0000 mm): Via [RTL_1V1] on F.Cu - B.Cu
    @(92.2000 mm, 74.4000 mm): Track [LANE0_TXN] on B.Cu, length 17.8000 mm
[clearance]: Clearance violation ( clearance 0.2000 mm; actual 0.1657 mm)
    Local override; error
    @(92.8000 mm, 70.8000 mm): Via [LANE0_RXN] on F.Cu - B.Cu
    @(93.2000 mm, 71.2000 mm): Track [RTL_1V1] on F.Cu, length 2.8000 mm
[clearance]: Clearance violation ( clearance 0.2000 mm; actual 0.1657 mm)
    Local override; error
    @(94.0500 mm, 71.2000 mm): Track [RTL_1V1] on F.Cu, length 0.8500 mm
    @(92.8000 mm, 70.8000 mm): Via [LANE0_RXN] on F.Cu - B.Cu
[tracks_crossing]: Tracks crossing
    Local override; error
    @(96.1000 mm, 72.4000 mm): Track [GND] on F.Cu, length 2.0500 mm
    @(95.0000 mm, 71.6000 mm): Track [LANE0_RXP] on F.Cu, length 0.8000 mm
[track_dangling]: Track has unconnected end
    Local override; warning
    @(102.0000 mm, 84.0000 mm): Track [PEDET] on B.Cu, length 17.0000 mm
[via_dangling]: Via is not connected or connected on only one layer
    Local override; warning
    @(136.5000 mm, 68.5000 mm): Via [CLKREQ_N] on F.Cu - B.Cu
[via_dangling]: Via is not connected or connected on only one layer
    Local override; warning
    @(133.0000 mm, 72.0000 mm): Via [CLKREQ_N] on F.Cu - B.Cu
[via_dangling]: Via is not connected or connected on only one layer
    Local override; warning
    @(100.0000 mm, 83.0000 mm): Via [PERST_N] on F.Cu - B.Cu
[via_dangling]: Via is not connected or connected on only one layer
    Local override; warning
    @(138.0000 mm, 68.5000 mm): Via [PERST_N] on F.Cu - B.Cu
[track_dangling]: Track has unconnected end
    Local override; warning
    @(100.0000 mm, 83.0000 mm): Track [PERST_N] on B.Cu, length 32.0000 mm
[track_dangling]: Track has unconnected end
    Local override; warning
    @(104.0000 mm, 68.5000 mm): Track [RTL_1V1] on F.Cu, length 5.5000 mm
[track_dangling]: Track has unconnected end
    Local override; warning
    @(103.8000 mm, 69.0000 mm): Track [RTL_1V1] on F.Cu, length 1.7000 mm
[track_dangling]: Track has unconnected end
    Local override; warning
    @(102.0000 mm, 64.8000 mm): Track [RTL_1V1] on B.Cu, length 10.0000 mm
[track_dangling]: Track has unconnected end
    Local override; warning
    @(105.5000 mm, 64.8000 mm): Track [RTL_1V1] on B.Cu, length 3.5000 mm
[track_dangling]: Track has unconnected end
    Local override; warning
    @(103.5000 mm, 82.0000 mm): Track [RTL_5V] on B.Cu, length 22.9000 mm
[via_dangling]: Via is not connected or connected on only one layer
    Local override; warning
    @(116.2000 mm, 75.2000 mm): Via [SPISI] on F.Cu - B.Cu
[via_dangling]: Via is not connected or connected on only one layer
    Local override; warning
    @(117.4000 mm, 72.0000 mm): Via [SPICLK] on F.Cu - B.Cu
[track_dangling]: Track has unconnected end
    Local override; warning
    @(99.6000 mm, 66.0500 mm): Track [RTL_3V3] on F.Cu, length 3.2500 mm
[track_dangling]: Track has unconnected end
    Local override; warning
    @(100.5000 mm, 64.0000 mm): Track [RTL_3V3] on B.Cu, length 1.5000 mm
[track_dangling]: Track has unconnected end
    Local override; warning
    @(119.8000 mm, 74.0000 mm): Track [RTL_3V3] on B.Cu, length 3.7000 mm
[track_dangling]: Track has unconnected end
    Local override; warning
    @(91.8000 mm, 66.2000 mm): Track [RTL_3V3] on In2.PWR, length 7.2000 mm
[via_dangling]: Via is not connected or connected on only one layer
    Local override; warning
    @(118.6000 mm, 71.0000 mm): Via [SPISO3] on F.Cu - B.Cu
[track_dangling]: Track has unconnected end
    Local override; warning
    @(74.5000 mm, 75.0000 mm): Track [XTAL_IN] on B.Cu, length 13.0000 mm
[track_dangling]: Track has unconnected end
    Local override; warning
    @(80.0000 mm, 68.0000 mm): Track [XTAL_OUT] on B.Cu, length 10.0000 mm
[via_dangling]: Via is not connected or connected on only one layer
    Local override; warning
    @(141.0000 mm, 60.5000 mm): Via [REFCLK_P] on F.Cu - B.Cu
[via_dangling]: Via is not connected or connected on only one layer
    Local override; warning
    @(72.0000 mm, 78.5000 mm): Via [REFCLK_P] on F.Cu - B.Cu
[via_dangling]: Via is not connected or connected on only one layer
    Local override; warning
    @(70.8000 mm, 79.2000 mm): Via [REFCLK_N] on F.Cu - B.Cu
[via_dangling]: Via is not connected or connected on only one layer
    Local override; warning
    @(139.8000 mm, 60.5000 mm): Via [REFCLK_N] on F.Cu - B.Cu

** Found 31 unconnected pads **
[unconnected_items]: Missing connection between items
    Local override; error
    @(97.6000 mm, 73.9500 mm): Pad 8 [PEDET] of U1 on F.Cu
    @(102.0000 mm, 84.0000 mm): Track [PEDET] on B.Cu, length 17.0000 mm
[unconnected_items]: Missing connection between items
    Local override; error
    @(99.6000 mm, 73.9500 mm): Pad 13 [CLKREQ_N] of U1 on F.Cu
    @(120.0000 mm, 75.0000 mm): Pad 1 [CLKREQ_N] of R3 on F.Cu
[unconnected_items]: Missing connection between items
    Local override; error
    @(133.0000 mm, 72.0000 mm): Track [CLKREQ_N] on F.Cu, length 13.0000 mm
    @(136.5000 mm, 70.2750 mm): Pad 52 [CLKREQ_N] of J1 on F.Cu
[unconnected_items]: Missing connection between items
    Local override; error
    @(100.0000 mm, 73.9500 mm): Pad 14 [PERST_N] of U1 on F.Cu
    @(136.0000 mm, 71.5000 mm): Track [PERST_N] on F.Cu, length 1.2250 mm
[unconnected_items]: Missing connection between items
    Local override; error
    @(100.0000 mm, 83.0000 mm): Track [PERST_N] on B.Cu, length 32.0000 mm
    @(100.0000 mm, 73.9500 mm): Pad 14 [PERST_N] of U1 on F.Cu
[unconnected_items]: Missing connection between items
    Local override; error
    @(101.9500 mm, 70.4000 mm): Pad 25 [RTL_1V1] of U1 on F.Cu
    @(100.8000 mm, 73.9500 mm): Track [RTL_1V1] on F.Cu, length 3.0500 mm
[unconnected_items]: Missing connection between items
    Local override; error
    @(123.4000 mm, 51.0000 mm): Pad 1 [RTL_1V1] of C4 on F.Cu
    @(102.0000 mm, 64.8000 mm): Track [RTL_1V1] on B.Cu, length 10.0000 mm
[unconnected_items]: Missing connection between items
    Local override; error
    @(101.2000 mm, 73.9500 mm): Pad 17 [RTL_5V] of U1 on F.Cu
    @(103.5000 mm, 82.0000 mm): Track [RTL_5V] on B.Cu, length 22.9000 mm
[unconnected_items]: Missing connection between items
    Local override; error
    @(101.9500 mm, 67.2000 mm): Pad 33 [RTL_5V] of U1 on F.Cu
    @(101.2000 mm, 73.9500 mm): Pad 17 [RTL_5V] of U1 on F.Cu
[unconnected_items]: Missing connection between items
    Local override; error
    @(126.4000 mm, 51.0000 mm): Pad 1 [RTL_5V] of C5 on F.Cu
    @(101.9500 mm, 67.2000 mm): Pad 33 [RTL_5V] of U1 on F.Cu
[unconnected_items]: Missing connection between items
    Local override; error
    @(116.2000 mm, 75.2000 mm): Track [SPISI] on F.Cu, length 1.2000 mm
    @(101.9500 mm, 73.2000 mm): Pad 18 [SPISI] of U1 on F.Cu
[unconnected_items]: Missing connection between items
    Local override; error
    @(117.4000 mm, 72.0000 mm): Track [SPICLK] on F.Cu, length 4.4000 mm
    @(101.9500 mm, 72.8000 mm): Pad 19 [SPICLK] of U1 on F.Cu
[unconnected_items]: Missing connection between items
    Local override; error
    @(100.5000 mm, 64.0000 mm): Track [RTL_3V3] on B.Cu, length 1.5000 mm
    @(99.6000 mm, 66.0500 mm): Track [RTL_3V3] on F.Cu, length 3.2500 mm
[unconnected_items]: Missing connection between items
    Local override; error
    @(99.6000 mm, 66.0500 mm): Track [RTL_3V3] on F.Cu, length 3.2500 mm
    @(94.0500 mm, 66.8000 mm): Track [RTL_3V3] on F.Cu, length 2.2500 mm
[unconnected_items]: Missing connection between items
    Local override; error
    @(101.9500 mm, 66.8000 mm): Pad 34 [RTL_3V3] of U1 on F.Cu
    @(99.6000 mm, 66.0500 mm): Track [RTL_3V3] on F.Cu, length 3.2500 mm
[unconnected_items]: Missing connection between items
    Local override; error
    @(103.0000 mm, 64.0000 mm): Track [RTL_3V3] on F.Cu, length 5.0000 mm
    @(120.4000 mm, 51.0000 mm): Pad 1 [RTL_3V3] of C3 on F.Cu
[unconnected_items]: Missing connection between items
    Local override; error
    @(113.8000 mm, 76.4000 mm): Pad 3 [RTL_3V3] of U2 on F.Cu
    @(101.9500 mm, 72.4000 mm): Track [RTL_3V3] on F.Cu, length 1.0500 mm
[unconnected_items]: Missing connection between items
    Local override; error
    @(119.8000 mm, 78.0000 mm): Track [RTL_3V3] on F.Cu, length 1.6000 mm
    @(113.8000 mm, 76.4000 mm): Pad 3 [RTL_3V3] of U2 on F.Cu
[unconnected_items]: Missing connection between items
    Local override; error
    @(118.6000 mm, 71.0000 mm): Via [SPISO3] on F.Cu - B.Cu
    @(101.9500 mm, 71.6000 mm): Pad 22 [SPISO3] of U1 on F.Cu
[unconnected_items]: Missing connection between items
    Local override; error
    @(101.9500 mm, 71.2000 mm): Pad 23 [SPISO] of U1 on F.Cu
    @(112.6000 mm, 76.4000 mm): Pad 2 [SPISO] of U2 on F.Cu
[unconnected_items]: Missing connection between items
    Local override; error
    @(101.9500 mm, 70.8000 mm): Pad 24 [SPICS] of U1 on F.Cu
    @(111.4000 mm, 76.4000 mm): Pad 1 [SPICS] of U2 on F.Cu
[unconnected_items]: Missing connection between items
    Local override; error
    @(88.0000 mm, 65.0000 mm): Pad 1 [RSET] of R1 on F.Cu
    @(94.8000 mm, 66.0500 mm): Pad 51 [RSET] of U1 on F.Cu
[unconnected_items]: Missing connection between items
    Local override; error
    @(94.0500 mm, 67.2000 mm): Pad 53 [XTAL_IN] of U1 on F.Cu
    @(74.5000 mm, 62.0000 mm): Track [XTAL_IN] on F.Cu, length 3.5000 mm
[unconnected_items]: Missing connection between items
    Local override; error
    @(80.0000 mm, 68.0000 mm): Track [XTAL_OUT] on B.Cu, length 10.0000 mm
    @(94.0500 mm, 67.6000 mm): Pad 54 [XTAL_OUT] of U1 on F.Cu
[unconnected_items]: Missing connection between items
    Local override; error
    @(94.0500 mm, 70.4000 mm): Pad 61 [REFCLK_P] of U1 on F.Cu
    @(72.0000 mm, 78.5000 mm): Via [REFCLK_P] on F.Cu - B.Cu
[unconnected_items]: Missing connection between items
    Local override; error
    @(94.0500 mm, 70.4000 mm): Pad 61 [REFCLK_P] of U1 on F.Cu
    @(137.2500 mm, 62.7250 mm): Pad 55 [REFCLK_P] of J1 on F.Cu
[unconnected_items]: Missing connection between items
    Local override; error
    @(94.0500 mm, 70.8000 mm): Pad 62 [REFCLK_N] of U1 on F.Cu
    @(70.8000 mm, 79.2000 mm): Via [REFCLK_N] on F.Cu - B.Cu
[unconnected_items]: Missing connection between items
    Local override; error
    @(94.0500 mm, 70.8000 mm): Pad 62 [REFCLK_N] of U1 on F.Cu
    @(136.7500 mm, 62.7250 mm): Pad 53 [REFCLK_N] of J1 on F.Cu
[unconnected_items]: Missing connection between items
    Local override; error
    @(114.7500 mm, 62.7250 mm): Pad 2 [SSD_3V3] of J1 on F.Cu
    @(115.2500 mm, 62.7250 mm): Pad 4 [SSD_3V3] of J1 on F.Cu
[unconnected_items]: Missing connection between items
    Local override; error
    @(115.2500 mm, 62.7250 mm): Pad 4 [SSD_3V3] of J1 on F.Cu
    @(115.7500 mm, 62.7250 mm): Pad 6 [SSD_3V3] of J1 on F.Cu
[unconnected_items]: Missing connection between items
    Local override; error
    @(115.7500 mm, 62.7250 mm): Pad 6 [SSD_3V3] of J1 on F.Cu
    @(116.2500 mm, 62.7250 mm): Pad 8 [SSD_3V3] of J1 on F.Cu

** Found 0 Footprint errors **

** Ignored checks **
    - Footprint has no courtyard defined
    - Track endpoint not centered on via
    - Tuning profile track geometries
    - Footprint doesn't match symbol's footprint filters
    - Footprint component type doesn't match footprint pads

** End of Report **
