** Drc report for PHASE24_RTL9210B_CLKREQ_OUTER_V1130.kicad_pcb **
** Created on 2026-09-09T12:43:42 **
** Report includes: Errors, Warnings **

** Found 8 DRC violations **
[clearance]: Clearance violation ( clearance 0.2000 mm; actual 0.1000 mm)
    Local override; error
    @(92.8000 mm, 75.0000 mm): Track [RTL_1V1] on B.Cu, length 9.7000 mm
    @(99.6000 mm, 75.5000 mm): Via [CLKREQ_N] on F.Cu - B.Cu
[clearance]: Clearance violation ( clearance 0.2000 mm; actual 0.1000 mm)
    Local override; error
    @(92.8000 mm, 75.0000 mm): Track [RTL_1V1] on B.Cu, length 9.7000 mm
    @(99.6000 mm, 75.5000 mm): Via [CLKREQ_N] on F.Cu - B.Cu
[tracks_crossing]: Tracks crossing
    Local override; error
    @(108.0000 mm, 62.8000 mm): Track [RTL_3V3] on B.Cu, length 12.8000 mm
    @(106.0000 mm, 52.0000 mm): Track [CLKREQ_N] on B.Cu, length 5.0000 mm
[clearance]: Clearance violation ( clearance 0.2000 mm; actual 0.1000 mm)
    Local override; error
    @(105.5000 mm, 68.6000 mm): Via [RTL_1V1] on F.Cu - B.Cu
    @(106.0000 mm, 75.5000 mm): Track [CLKREQ_N] on B.Cu, length 23.5000 mm
[clearance]: Clearance violation ( clearance 0.2000 mm; actual 0.1000 mm)
    Local override; error
    @(99.6000 mm, 75.5000 mm): Track [CLKREQ_N] on B.Cu, length 6.4000 mm
    @(102.5000 mm, 75.0000 mm): Via [RTL_1V1] on F.Cu - B.Cu
[clearance]: Clearance violation ( clearance 0.2000 mm; actual 0.1000 mm)
    Local override; error
    @(92.8000 mm, 75.0000 mm): Track [RTL_1V1] on B.Cu, length 9.7000 mm
    @(99.6000 mm, 75.5000 mm): Via [CLKREQ_N] on F.Cu - B.Cu
[track_dangling]: Track has unconnected end
    Local override; warning
    @(121.2000 mm, 75.0000 mm): Track [RTL_3V3] on F.Cu, length 0.6000 mm
[track_dangling]: Track has unconnected end
    Local override; warning
    @(99.6000 mm, 62.8000 mm): Track [RTL_3V3] on B.Cu, length 1.3000 mm

** Found 17 unconnected pads **
[unconnected_items]: Missing connection between items
    Local override; error
    @(136.5000 mm, 70.2750 mm): Pad 52 [CLKREQ_N] of J1 on F.Cu
    @(111.0000 mm, 52.0000 mm): Track [CLKREQ_N] on F.Cu, length 10.0000 mm
[unconnected_items]: Missing connection between items
    Local override; error
    @(100.0000 mm, 73.9500 mm): Pad 14 [PERST_N] of U1 on F.Cu
    @(136.0000 mm, 70.2750 mm): Pad 50 [PERST_N] of J1 on F.Cu
[unconnected_items]: Missing connection between items
    Local override; error
    @(112.2000 mm, 62.0000 mm): Pad 2 [RTL_3V3] of R3 on F.Cu
    @(108.0000 mm, 62.8000 mm): Track [RTL_3V3] on B.Cu, length 12.8000 mm
[unconnected_items]: Missing connection between items
    Local override; error
    @(97.2000 mm, 66.0500 mm): Track [GND] on F.Cu, length 1.5500 mm
    @(94.0000 mm, 62.0000 mm): Track [GND] on B.Cu, length 6.9311 mm
[unconnected_items]: Missing connection between items
    Local override; error
    @(88.0000 mm, 59.0000 mm): Pad 1 [XTAL_IN] of Y1 on F.Cu
    @(88.0000 mm, 62.0000 mm): Pad 1 [XTAL_IN] of C1 on F.Cu
[unconnected_items]: Missing connection between items
    Local override; error
    @(88.0000 mm, 62.0000 mm): Pad 1 [XTAL_IN] of C1 on F.Cu
    @(94.0500 mm, 67.2000 mm): Pad 53 [XTAL_IN] of U1 on F.Cu
[unconnected_items]: Missing connection between items
    Local override; error
    @(89.4000 mm, 59.0000 mm): Pad 2 [XTAL_OUT] of Y1 on F.Cu
    @(91.0000 mm, 62.0000 mm): Pad 1 [XTAL_OUT] of C2 on F.Cu
[unconnected_items]: Missing connection between items
    Local override; error
    @(91.0000 mm, 62.0000 mm): Pad 1 [XTAL_OUT] of C2 on F.Cu
    @(94.0500 mm, 67.6000 mm): Pad 54 [XTAL_OUT] of U1 on F.Cu
[unconnected_items]: Missing connection between items
    Local override; error
    @(94.0500 mm, 70.4000 mm): Pad 61 [REFCLK_P] of U1 on F.Cu
    @(137.2500 mm, 62.7250 mm): Pad 55 [REFCLK_P] of J1 on F.Cu
[unconnected_items]: Missing connection between items
    Local override; error
    @(94.0500 mm, 70.8000 mm): Pad 62 [REFCLK_N] of U1 on F.Cu
    @(136.7500 mm, 62.7250 mm): Pad 53 [REFCLK_N] of J1 on F.Cu
[unconnected_items]: Missing connection between items
    Local override; error
    @(94.0500 mm, 71.6000 mm): Pad 64 [LANE0_RXP] of U1 on F.Cu
    @(134.2500 mm, 62.7250 mm): Pad 43 [LANE0_RXP] of J1 on F.Cu
[unconnected_items]: Missing connection between items
    Local override; error
    @(94.0500 mm, 72.0000 mm): Pad 65 [LANE0_RXN] of U1 on F.Cu
    @(133.7500 mm, 62.7250 mm): Pad 41 [LANE0_RXN] of J1 on F.Cu
[unconnected_items]: Missing connection between items
    Local override; error
    @(94.0500 mm, 72.8000 mm): Pad 67 [LANE0_TXN] of U1 on F.Cu
    @(135.2500 mm, 62.7250 mm): Pad 47 [LANE0_TXN] of J1 on F.Cu
[unconnected_items]: Missing connection between items
    Local override; error
    @(94.0500 mm, 73.2000 mm): Pad 68 [LANE0_TXP] of U1 on F.Cu
    @(135.7500 mm, 62.7250 mm): Pad 49 [LANE0_TXP] of J1 on F.Cu
[unconnected_items]: Missing connection between items
    Local override; error
    @(114.7500 mm, 62.7250 mm): Pad 2 [SSD_3V3] of J1 on F.Cu
    @(115.2500 mm, 62.7250 mm): Pad 4 [SSD_3V3] of J1 on F.Cu
[unconnected_items]: Missing connection between items
    Local override; error
    @(115.2500 mm, 62.7250 mm): Pad 4 [SSD_3V3] of J1 on F.Cu
    @(115.7500 mm, 62.7250 mm): Pad 6 [SSD_3V3] of J1 on F.Cu
[unconnected_items]: Missing connection between items
    Local override; error
    @(115.7500 mm, 62.7250 mm): Pad 6 [SSD_3V3] of J1 on F.Cu
    @(116.2500 mm, 62.7250 mm): Pad 8 [SSD_3V3] of J1 on F.Cu

** Found 0 Footprint errors **

** Ignored checks **
    - Footprint has no courtyard defined
    - Track endpoint not centered on via
    - Tuning profile track geometries
    - Footprint doesn't match symbol's footprint filters
    - Footprint component type doesn't match footprint pads

** End of Report **
