** Drc report for PHASE24_SELECTED_MACRO_SWAP_STORAGE_SATA_PAIR_CORRIDOR_V21_J3_AUTH.kicad_pcb **
** Created on 2026-09-06T07:47:51 **
** Report includes: Errors, Warnings, Exclusions **

** Found 11 DRC violations **
[text_height]: Text height out of range (board setup constraints silk text height min height 0.8000 mm; actual 0.7000 mm)
    Rule: board setup constraints silk text height; warning
    @(172.0000 mm, 185.1000 mm): Reference field of R23
[silk_over_copper]: Silkscreen clipped by solder mask
    Local override; warning
    @(191.0000 mm, 162.0000 mm): Reference field of C17
    @(189.6500 mm, 162.0000 mm): Pad 1 [/REGULATORS/BRIDGE_3V3] of C17 on F.Cu
[silk_over_copper]: Silkscreen clipped by solder mask
    Local override; warning
    @(191.0000 mm, 162.0000 mm): Reference field of C17
    @(192.3500 mm, 162.0000 mm): Pad 2 [POWER_GND] of C17 on F.Cu
[silk_over_copper]: Silkscreen clipped by solder mask
    Local override; warning
    @(197.0000 mm, 162.0000 mm): Reference field of C19
    @(195.6500 mm, 162.0000 mm): Pad 1 [/REGULATORS/BRIDGE_3V3] of C19 on F.Cu
[silk_over_copper]: Silkscreen clipped by solder mask
    Local override; warning
    @(197.0000 mm, 162.0000 mm): Reference field of C19
    @(198.3500 mm, 162.0000 mm): Pad 2 [POWER_GND] of C19 on F.Cu
[silk_over_copper]: Silkscreen clipped by solder mask
    Local override; warning
    @(185.0000 mm, 162.0000 mm): Reference field of C16
    @(183.6500 mm, 162.0000 mm): Pad 1 [/REGULATORS/BRIDGE_3V3] of C16 on F.Cu
[silk_over_copper]: Silkscreen clipped by solder mask
    Local override; warning
    @(185.0000 mm, 162.0000 mm): Reference field of C16
    @(186.3500 mm, 162.0000 mm): Pad 2 [POWER_GND] of C16 on F.Cu
[silk_over_copper]: Silkscreen clipped by solder mask
    Local override; warning
    @(110.9500 mm, 128.4000 mm): Segment of C33 on f.silkscreen
    @(111.0000 mm, 128.0000 mm): Pad 1 [/STORAGE/SATA_M2_RX_N] of C33 on F.Cu
[silk_over_copper]: Silkscreen clipped by solder mask
    Local override; warning
    @(110.9500 mm, 124.4000 mm): Segment of C31 on f.silkscreen
    @(111.0000 mm, 124.0000 mm): Pad 1 [/STORAGE/SATA_M2_TX_N] of C31 on F.Cu
[silk_over_copper]: Silkscreen clipped by solder mask
    Local override; warning
    @(110.9500 mm, 116.4000 mm): Segment of C32 on f.silkscreen
    @(111.0000 mm, 116.0000 mm): Pad 1 [/STORAGE/SATA_M2_RX_P] of C32 on F.Cu
[silk_over_copper]: Silkscreen clipped by solder mask
    Local override; warning
    @(110.9500 mm, 112.4000 mm): Segment of C30 on f.silkscreen
    @(111.0000 mm, 112.0000 mm): Pad 1 [/STORAGE/SATA_M2_TX_P] of C30 on F.Cu

** Found 80 unconnected pads **
[unconnected_items]: Missing connection between items
    Local override; error
    @(183.6500 mm, 162.0000 mm): Pad 1 [/REGULATORS/BRIDGE_3V3] of C16 on F.Cu
    @(189.6500 mm, 162.0000 mm): Pad 1 [/REGULATORS/BRIDGE_3V3] of C17 on F.Cu
[unconnected_items]: Missing connection between items
    Local override; error
    @(189.6500 mm, 162.0000 mm): Pad 1 [/REGULATORS/BRIDGE_3V3] of C17 on F.Cu
    @(195.6500 mm, 162.0000 mm): Pad 1 [/REGULATORS/BRIDGE_3V3] of C19 on F.Cu
[unconnected_items]: Missing connection between items
    Local override; error
    @(130.0000 mm, 97.2750 mm): Pad 6 [POWER_GND] of J3 on F.Cu
    @(186.3500 mm, 162.0000 mm): Pad 2 [POWER_GND] of C16 on F.Cu
[unconnected_items]: Missing connection between items
    Local override; error
    @(186.3500 mm, 162.0000 mm): Pad 2 [POWER_GND] of C16 on F.Cu
    @(192.3500 mm, 162.0000 mm): Pad 2 [POWER_GND] of C17 on F.Cu
[unconnected_items]: Missing connection between items
    Local override; error
    @(192.3500 mm, 162.0000 mm): Pad 2 [POWER_GND] of C17 on F.Cu
    @(198.3500 mm, 162.0000 mm): Pad 2 [POWER_GND] of C19 on F.Cu
[unconnected_items]: Missing connection between items
    Local override; error
    @(99.0000 mm, 119.5000 mm): Pad 52 [/STORAGE/BRIDGE_XI] of U7 on F.Cu
    @(171.5000 mm, 182.0000 mm): Pad 1 [/STORAGE/BRIDGE_XI] of C42 on B.Cu
[unconnected_items]: Missing connection between items
    Local override; error
    @(171.5000 mm, 182.0000 mm): Pad 1 [/STORAGE/BRIDGE_XI] of C42 on B.Cu
    @(171.5000 mm, 186.0000 mm): Pad 1 [/STORAGE/BRIDGE_XI] of R23 on B.Cu
[unconnected_items]: Missing connection between items
    Local override; error
    @(171.5000 mm, 186.0000 mm): Pad 1 [/STORAGE/BRIDGE_XI] of R23 on B.Cu
    @(176.9000 mm, 185.1500 mm): Pad 1 [/STORAGE/BRIDGE_XI] of Y1 on B.Cu
[unconnected_items]: Missing connection between items
    Local override; error
    @(172.5000 mm, 182.0000 mm): Pad 2 [/STORAGE/BRIDGE_VSSOSC] of C42 on B.Cu
    @(176.9000 mm, 186.8500 mm): Pad 2 [/STORAGE/BRIDGE_VSSOSC] of Y1 on B.Cu
[unconnected_items]: Missing connection between items
    Local override; error
    @(172.5000 mm, 182.0000 mm): Pad 2 [/STORAGE/BRIDGE_VSSOSC] of C42 on B.Cu
    @(98.5000 mm, 119.5000 mm): Pad 53 [/STORAGE/BRIDGE_VSSOSC] of U7 on F.Cu
[unconnected_items]: Missing connection between items
    Local override; error
    @(172.5000 mm, 190.0000 mm): Pad 2 [/STORAGE/BRIDGE_VSSOSC] of C43 on B.Cu
    @(176.9000 mm, 186.8500 mm): Pad 2 [/STORAGE/BRIDGE_VSSOSC] of Y1 on B.Cu
[unconnected_items]: Missing connection between items
    Local override; error
    @(176.9000 mm, 186.8500 mm): Pad 2 [/STORAGE/BRIDGE_VSSOSC] of Y1 on B.Cu
    @(179.1000 mm, 185.1500 mm): Pad 4 [/STORAGE/BRIDGE_VSSOSC] of Y1 on B.Cu
[unconnected_items]: Missing connection between items
    Local override; error
    @(93.5000 mm, 128.5000 mm): Pad 21 [/STORAGE/BRIDGE_CFG] of U7 on F.Cu
    @(100.5000 mm, 128.5000 mm): Pad 1 [/STORAGE/BRIDGE_CFG] of U7 on F.Cu
[unconnected_items]: Missing connection between items
    Local override; error
    @(100.5000 mm, 127.0000 mm): Pad 4 [/STORAGE/BRIDGE_RESET] of U7 on F.Cu
    @(100.5000 mm, 128.0000 mm): Pad 2 [/STORAGE/BRIDGE_RESET] of U7 on F.Cu
[unconnected_items]: Missing connection between items
    Local override; error
    @(91.5000 mm, 123.5000 mm): Pad 41 [/STORAGE/BRIDGE_1V1] of U7 on F.Cu
    @(100.5000 mm, 127.5000 mm): Pad 3 [/STORAGE/BRIDGE_1V1] of U7 on F.Cu
[unconnected_items]: Missing connection between items
    Local override; error
    @(95.5000 mm, 119.5000 mm): Track [/STORAGE/BRIDGE_SATA_RX_N] on F.Cu, length 2.5000 mm
    @(100.5000 mm, 124.5000 mm): Pad 9 [/STORAGE/BRIDGE_SATA_RX_N] of U7 on F.Cu
[unconnected_items]: Missing connection between items
    Local override; error
    @(100.5000 mm, 124.5000 mm): Pad 9 [/STORAGE/BRIDGE_SATA_RX_N] of U7 on F.Cu
    @(100.5000 mm, 125.0000 mm): Pad 8 [/STORAGE/BRIDGE_SATA_RX_N] of U7 on F.Cu
[unconnected_items]: Missing connection between items
    Local override; error
    @(100.5000 mm, 125.0000 mm): Pad 8 [/STORAGE/BRIDGE_SATA_RX_N] of U7 on F.Cu
    @(100.5000 mm, 125.5000 mm): Pad 7 [/STORAGE/BRIDGE_SATA_RX_N] of U7 on F.Cu
[unconnected_items]: Missing connection between items
    Local override; error
    @(100.5000 mm, 125.5000 mm): Pad 7 [/STORAGE/BRIDGE_SATA_RX_N] of U7 on F.Cu
    @(100.5000 mm, 126.0000 mm): Pad 6 [/STORAGE/BRIDGE_SATA_RX_N] of U7 on F.Cu
[unconnected_items]: Missing connection between items
    Local override; error
    @(100.5000 mm, 126.5000 mm): Pad 5 [/STORAGE/BRIDGE_SATA_RX_N] of U7 on F.Cu
    @(100.5000 mm, 126.0000 mm): Pad 6 [/STORAGE/BRIDGE_SATA_RX_N] of U7 on F.Cu
[unconnected_items]: Missing connection between items
    Local override; error
    @(95.0000 mm, 128.5000 mm): Pad 24 [/STORAGE/BRIDGE_3V3] of U7 on F.Cu
    @(98.0000 mm, 128.5000 mm): Pad 30 [/STORAGE/BRIDGE_3V3] of U7 on F.Cu
[unconnected_items]: Missing connection between items
    Local override; error
    @(98.0000 mm, 128.5000 mm): Pad 30 [/STORAGE/BRIDGE_3V3] of U7 on F.Cu
    @(98.5000 mm, 128.5000 mm): Pad 31 [/STORAGE/BRIDGE_3V3] of U7 on F.Cu
[unconnected_items]: Missing connection between items
    Local override; error
    @(98.0000 mm, 119.5000 mm): Pad 54 [/STORAGE/BRIDGE_XO] of U7 on F.Cu
    @(172.5000 mm, 186.0000 mm): Pad 2 [/STORAGE/BRIDGE_XO] of R23 on B.Cu
[unconnected_items]: Missing connection between items
    Local override; error
    @(172.5000 mm, 186.0000 mm): Pad 2 [/STORAGE/BRIDGE_XO] of R23 on B.Cu
    @(171.5000 mm, 190.0000 mm): Pad 1 [/STORAGE/BRIDGE_XO] of C43 on B.Cu
[unconnected_items]: Missing connection between items
    Local override; error
    @(179.1000 mm, 186.8500 mm): Pad 3 [/STORAGE/BRIDGE_XO] of Y1 on B.Cu
    @(172.5000 mm, 186.0000 mm): Pad 2 [/STORAGE/BRIDGE_XO] of R23 on B.Cu
[unconnected_items]: Missing connection between items
    Local override; error
    @(32.9600 mm, 98.7000 mm): Pad 1 [/CORE_CM5/POWER_GND] of J7 on F.Cu
    @(32.9600 mm, 99.9000 mm): Pad 7 [/CORE_CM5/POWER_GND] of J7 on F.Cu
[unconnected_items]: Missing connection between items
    Local override; error
    @(32.9600 mm, 99.9000 mm): Pad 7 [/CORE_CM5/POWER_GND] of J7 on F.Cu
    @(32.9600 mm, 101.1000 mm): Pad 13 [/CORE_CM5/POWER_GND] of J7 on F.Cu
[unconnected_items]: Missing connection between items
    Local override; error
    @(32.9600 mm, 101.1000 mm): Pad 13 [/CORE_CM5/POWER_GND] of J7 on F.Cu
    @(32.9600 mm, 103.1000 mm): Pad 23 [/CORE_CM5/POWER_GND] of J7 on F.Cu
[unconnected_items]: Missing connection between items
    Local override; error
    @(32.9600 mm, 103.1000 mm): Pad 23 [/CORE_CM5/POWER_GND] of J7 on F.Cu
    @(32.9600 mm, 105.1000 mm): Pad 33 [/CORE_CM5/POWER_GND] of J7 on F.Cu
[unconnected_items]: Missing connection between items
    Local override; error
    @(32.9600 mm, 105.1000 mm): Pad 33 [/CORE_CM5/POWER_GND] of J7 on F.Cu
    @(32.9600 mm, 107.1000 mm): Pad 43 [/CORE_CM5/POWER_GND] of J7 on F.Cu
[unconnected_items]: Missing connection between items
    Local override; error
    @(32.9600 mm, 107.1000 mm): Pad 43 [/CORE_CM5/POWER_GND] of J7 on F.Cu
    @(32.9600 mm, 109.1000 mm): Pad 53 [/CORE_CM5/POWER_GND] of J7 on F.Cu
[unconnected_items]: Missing connection between items
    Local override; error
    @(32.9600 mm, 109.1000 mm): Pad 53 [/CORE_CM5/POWER_GND] of J7 on F.Cu
    @(32.9600 mm, 110.3000 mm): Pad 59 [/CORE_CM5/POWER_GND] of J7 on F.Cu
[unconnected_items]: Missing connection between items
    Local override; error
    @(32.9600 mm, 110.3000 mm): Pad 59 [/CORE_CM5/POWER_GND] of J7 on F.Cu
    @(32.9600 mm, 111.5000 mm): Pad 65 [/CORE_CM5/POWER_GND] of J7 on F.Cu
[unconnected_items]: Missing connection between items
    Local override; error
    @(32.9600 mm, 111.5000 mm): Pad 65 [/CORE_CM5/POWER_GND] of J7 on F.Cu
    @(32.9600 mm, 112.7000 mm): Pad 71 [/CORE_CM5/POWER_GND] of J7 on F.Cu
[unconnected_items]: Missing connection between items
    Local override; error
    @(36.0400 mm, 99.9000 mm): Pad 8 [/CORE_CM5/POWER_GND] of J7 on F.Cu
    @(36.0400 mm, 98.7000 mm): Pad 2 [/CORE_CM5/POWER_GND] of J7 on F.Cu
[unconnected_items]: Missing connection between items
    Local override; error
    @(36.0400 mm, 101.1000 mm): Pad 14 [/CORE_CM5/POWER_GND] of J7 on F.Cu
    @(36.0400 mm, 99.9000 mm): Pad 8 [/CORE_CM5/POWER_GND] of J7 on F.Cu
[unconnected_items]: Missing connection between items
    Local override; error
    @(36.0400 mm, 101.1000 mm): Pad 14 [/CORE_CM5/POWER_GND] of J7 on F.Cu
    @(36.0400 mm, 102.7000 mm): Pad 22 [/CORE_CM5/POWER_GND] of J7 on F.Cu
[unconnected_items]: Missing connection between items
    Local override; error
    @(36.0400 mm, 102.7000 mm): Pad 22 [/CORE_CM5/POWER_GND] of J7 on F.Cu
    @(36.0400 mm, 104.7000 mm): Pad 32 [/CORE_CM5/POWER_GND] of J7 on F.Cu
[unconnected_items]: Missing connection between items
    Local override; error
    @(36.0400 mm, 104.7000 mm): Pad 32 [/CORE_CM5/POWER_GND] of J7 on F.Cu
    @(36.0400 mm, 106.7000 mm): Pad 42 [/CORE_CM5/POWER_GND] of J7 on F.Cu
[unconnected_items]: Missing connection between items
    Local override; error
    @(36.0400 mm, 106.7000 mm): Pad 42 [/CORE_CM5/POWER_GND] of J7 on F.Cu
    @(36.0400 mm, 108.7000 mm): Pad 52 [/CORE_CM5/POWER_GND] of J7 on F.Cu
[unconnected_items]: Missing connection between items
    Local override; error
    @(36.0400 mm, 110.3000 mm): Pad 60 [/CORE_CM5/POWER_GND] of J7 on F.Cu
    @(36.0400 mm, 111.5000 mm): Pad 66 [/CORE_CM5/POWER_GND] of J7 on F.Cu
[unconnected_items]: Missing connection between items
    Local override; error
    @(36.0400 mm, 110.3000 mm): Pad 60 [/CORE_CM5/POWER_GND] of J7 on F.Cu
    @(36.0400 mm, 108.7000 mm): Pad 52 [/CORE_CM5/POWER_GND] of J7 on F.Cu
[unconnected_items]: Missing connection between items
    Local override; error
    @(36.0400 mm, 111.5000 mm): Pad 66 [/CORE_CM5/POWER_GND] of J7 on F.Cu
    @(36.0400 mm, 113.1000 mm): Pad 74 [/CORE_CM5/POWER_GND] of J7 on F.Cu
[unconnected_items]: Missing connection between items
    Local override; error
    @(36.0400 mm, 111.5000 mm): Pad 66 [/CORE_CM5/POWER_GND] of J7 on F.Cu
    @(32.9600 mm, 111.5000 mm): Pad 65 [/CORE_CM5/POWER_GND] of J7 on F.Cu
[unconnected_items]: Missing connection between items
    Local override; error
    @(36.0400 mm, 117.9000 mm): Pad 98 [/CORE_CM5/POWER_GND] of J7 on F.Cu
    @(36.0400 mm, 113.1000 mm): Pad 74 [/CORE_CM5/POWER_GND] of J7 on F.Cu
[unconnected_items]: Missing connection between items
    Local override; error
    @(66.9600 mm, 101.1000 mm): Pad 113 [/CORE_CM5/POWER_GND] of J7 on F.Cu
    @(66.9600 mm, 99.9000 mm): Pad 107 [/CORE_CM5/POWER_GND] of J7 on F.Cu
[unconnected_items]: Missing connection between items
    Local override; error
    @(66.9600 mm, 102.3000 mm): Pad 119 [/CORE_CM5/POWER_GND] of J7 on F.Cu
    @(66.9600 mm, 101.1000 mm): Pad 113 [/CORE_CM5/POWER_GND] of J7 on F.Cu
[unconnected_items]: Missing connection between items
    Local override; error
    @(66.9600 mm, 103.5000 mm): Pad 125 [/CORE_CM5/POWER_GND] of J7 on F.Cu
    @(66.9600 mm, 102.3000 mm): Pad 119 [/CORE_CM5/POWER_GND] of J7 on F.Cu
[unconnected_items]: Missing connection between items
    Local override; error
    @(66.9600 mm, 104.7000 mm): Pad 131 [/CORE_CM5/POWER_GND] of J7 on F.Cu
    @(66.9600 mm, 103.5000 mm): Pad 125 [/CORE_CM5/POWER_GND] of J7 on F.Cu
[unconnected_items]: Missing connection between items
    Local override; error
    @(66.9600 mm, 104.7000 mm): Pad 131 [/CORE_CM5/POWER_GND] of J7 on F.Cu
    @(66.9600 mm, 105.9000 mm): Pad 137 [/CORE_CM5/POWER_GND] of J7 on F.Cu
[unconnected_items]: Missing connection between items
    Local override; error
    @(66.9600 mm, 104.7000 mm): Pad 131 [/CORE_CM5/POWER_GND] of J7 on F.Cu
    @(36.0400 mm, 104.7000 mm): Pad 32 [/CORE_CM5/POWER_GND] of J7 on F.Cu
[unconnected_items]: Missing connection between items
    Local override; error
    @(66.9600 mm, 105.9000 mm): Pad 137 [/CORE_CM5/POWER_GND] of J7 on F.Cu
    @(70.0400 mm, 105.9000 mm): Pad 138 [/CORE_CM5/POWER_GND] of J7 on F.Cu
[unconnected_items]: Missing connection between items
    Local override; error
    @(66.9600 mm, 110.7000 mm): Pad 161 [/CORE_CM5/POWER_GND] of J7 on F.Cu
    @(66.9600 mm, 109.5000 mm): Pad 155 [/CORE_CM5/POWER_GND] of J7 on F.Cu
[unconnected_items]: Missing connection between items
    Local override; error
    @(66.9600 mm, 110.7000 mm): Pad 161 [/CORE_CM5/POWER_GND] of J7 on F.Cu
    @(66.9600 mm, 111.9000 mm): Pad 167 [/CORE_CM5/POWER_GND] of J7 on F.Cu
[unconnected_items]: Missing connection between items
    Local override; error
    @(66.9600 mm, 111.9000 mm): Pad 167 [/CORE_CM5/POWER_GND] of J7 on F.Cu
    @(66.9600 mm, 113.1000 mm): Pad 173 [/CORE_CM5/POWER_GND] of J7 on F.Cu
[unconnected_items]: Missing connection between items
    Local override; error
    @(66.9600 mm, 113.1000 mm): Pad 173 [/CORE_CM5/POWER_GND] of J7 on F.Cu
    @(66.9600 mm, 114.3000 mm): Pad 179 [/CORE_CM5/POWER_GND] of J7 on F.Cu
[unconnected_items]: Missing connection between items
    Local override; error
    @(66.9600 mm, 115.5000 mm): Pad 185 [/CORE_CM5/POWER_GND] of J7 on F.Cu
    @(66.9600 mm, 114.3000 mm): Pad 179 [/CORE_CM5/POWER_GND] of J7 on F.Cu
[unconnected_items]: Missing connection between items
    Local override; error
    @(66.9600 mm, 116.7000 mm): Pad 191 [/CORE_CM5/POWER_GND] of J7 on F.Cu
    @(66.9600 mm, 115.5000 mm): Pad 185 [/CORE_CM5/POWER_GND] of J7 on F.Cu
[unconnected_items]: Missing connection between items
    Local override; error
    @(66.9600 mm, 117.9000 mm): Pad 197 [/CORE_CM5/POWER_GND] of J7 on F.Cu
    @(66.9600 mm, 116.7000 mm): Pad 191 [/CORE_CM5/POWER_GND] of J7 on F.Cu
[unconnected_items]: Missing connection between items
    Local override; error
    @(70.0400 mm, 101.1000 mm): Pad 114 [/CORE_CM5/POWER_GND] of J7 on F.Cu
    @(70.0400 mm, 99.9000 mm): Pad 108 [/CORE_CM5/POWER_GND] of J7 on F.Cu
[unconnected_items]: Missing connection between items
    Local override; error
    @(70.0400 mm, 102.3000 mm): Pad 120 [/CORE_CM5/POWER_GND] of J7 on F.Cu
    @(70.0400 mm, 101.1000 mm): Pad 114 [/CORE_CM5/POWER_GND] of J7 on F.Cu
[unconnected_items]: Missing connection between items
    Local override; error
    @(70.0400 mm, 103.5000 mm): Pad 126 [/CORE_CM5/POWER_GND] of J7 on F.Cu
    @(70.0400 mm, 102.3000 mm): Pad 120 [/CORE_CM5/POWER_GND] of J7 on F.Cu
[unconnected_items]: Missing connection between items
    Local override; error
    @(70.0400 mm, 104.7000 mm): Pad 132 [/CORE_CM5/POWER_GND] of J7 on F.Cu
    @(70.0400 mm, 103.5000 mm): Pad 126 [/CORE_CM5/POWER_GND] of J7 on F.Cu
[unconnected_items]: Missing connection between items
    Local override; error
    @(70.0400 mm, 105.9000 mm): Pad 138 [/CORE_CM5/POWER_GND] of J7 on F.Cu
    @(70.0400 mm, 104.7000 mm): Pad 132 [/CORE_CM5/POWER_GND] of J7 on F.Cu
[unconnected_items]: Missing connection between items
    Local override; error
    @(70.0400 mm, 107.1000 mm): Pad 144 [/CORE_CM5/POWER_GND] of J7 on F.Cu
    @(70.0400 mm, 105.9000 mm): Pad 138 [/CORE_CM5/POWER_GND] of J7 on F.Cu
[unconnected_items]: Missing connection between items
    Local override; error
    @(70.0400 mm, 108.3000 mm): Pad 150 [/CORE_CM5/POWER_GND] of J7 on F.Cu
    @(70.0400 mm, 107.1000 mm): Pad 144 [/CORE_CM5/POWER_GND] of J7 on F.Cu
[unconnected_items]: Missing connection between items
    Local override; error
    @(70.0400 mm, 109.5000 mm): Pad 156 [/CORE_CM5/POWER_GND] of J7 on F.Cu
    @(70.0400 mm, 108.3000 mm): Pad 150 [/CORE_CM5/POWER_GND] of J7 on F.Cu
[unconnected_items]: Missing connection between items
    Local override; error
    @(70.0400 mm, 110.7000 mm): Pad 162 [/CORE_CM5/POWER_GND] of J7 on F.Cu
    @(70.0400 mm, 109.5000 mm): Pad 156 [/CORE_CM5/POWER_GND] of J7 on F.Cu
[unconnected_items]: Missing connection between items
    Local override; error
    @(70.0400 mm, 111.9000 mm): Pad 168 [/CORE_CM5/POWER_GND] of J7 on F.Cu
    @(70.0400 mm, 110.7000 mm): Pad 162 [/CORE_CM5/POWER_GND] of J7 on F.Cu
[unconnected_items]: Missing connection between items
    Local override; error
    @(70.0400 mm, 113.1000 mm): Pad 174 [/CORE_CM5/POWER_GND] of J7 on F.Cu
    @(70.0400 mm, 111.9000 mm): Pad 168 [/CORE_CM5/POWER_GND] of J7 on F.Cu
[unconnected_items]: Missing connection between items
    Local override; error
    @(70.0400 mm, 114.3000 mm): Pad 180 [/CORE_CM5/POWER_GND] of J7 on F.Cu
    @(70.0400 mm, 113.1000 mm): Pad 174 [/CORE_CM5/POWER_GND] of J7 on F.Cu
[unconnected_items]: Missing connection between items
    Local override; error
    @(70.0400 mm, 115.5000 mm): Pad 186 [/CORE_CM5/POWER_GND] of J7 on F.Cu
    @(70.0400 mm, 114.3000 mm): Pad 180 [/CORE_CM5/POWER_GND] of J7 on F.Cu
[unconnected_items]: Missing connection between items
    Local override; error
    @(70.0400 mm, 116.7000 mm): Pad 192 [/CORE_CM5/POWER_GND] of J7 on F.Cu
    @(70.0400 mm, 115.5000 mm): Pad 186 [/CORE_CM5/POWER_GND] of J7 on F.Cu
[unconnected_items]: Missing connection between items
    Local override; error
    @(70.0400 mm, 116.7000 mm): Pad 192 [/CORE_CM5/POWER_GND] of J7 on F.Cu
    @(66.9600 mm, 116.7000 mm): Pad 191 [/CORE_CM5/POWER_GND] of J7 on F.Cu
[unconnected_items]: Missing connection between items
    Local override; error
    @(70.0400 mm, 117.9000 mm): Pad 198 [/CORE_CM5/POWER_GND] of J7 on F.Cu
    @(70.0400 mm, 116.7000 mm): Pad 192 [/CORE_CM5/POWER_GND] of J7 on F.Cu
[unconnected_items]: Missing connection between items
    Local override; error
    @(32.9600 mm, 113.9000 mm): Pad 77 [/CORE_CM5/CM5_5V] of J7 on F.Cu
    @(32.9600 mm, 114.3000 mm): Pad 79 [/CORE_CM5/CM5_5V] of J7 on F.Cu
[unconnected_items]: Missing connection between items
    Local override; error
    @(32.9600 mm, 114.3000 mm): Pad 79 [/CORE_CM5/CM5_5V] of J7 on F.Cu
    @(32.9600 mm, 114.7000 mm): Pad 81 [/CORE_CM5/CM5_5V] of J7 on F.Cu
[unconnected_items]: Missing connection between items
    Local override; error
    @(32.9600 mm, 114.7000 mm): Pad 81 [/CORE_CM5/CM5_5V] of J7 on F.Cu
    @(32.9600 mm, 115.1000 mm): Pad 83 [/CORE_CM5/CM5_5V] of J7 on F.Cu
[unconnected_items]: Missing connection between items
    Local override; error
    @(32.9600 mm, 115.1000 mm): Pad 83 [/CORE_CM5/CM5_5V] of J7 on F.Cu
    @(32.9600 mm, 115.5000 mm): Pad 85 [/CORE_CM5/CM5_5V] of J7 on F.Cu
[unconnected_items]: Missing connection between items
    Local override; error
    @(32.9600 mm, 115.5000 mm): Pad 85 [/CORE_CM5/CM5_5V] of J7 on F.Cu
    @(32.9600 mm, 115.9000 mm): Pad 87 [/CORE_CM5/CM5_5V] of J7 on F.Cu

** Found 0 Footprint errors **

** Ignored checks **
    - Footprint has no courtyard defined
    - Track endpoint not centered on via
    - Tuning profile track geometries
    - Footprint doesn't match symbol's footprint filters
    - Footprint component type doesn't match footprint pads

** End of Report **
