** Drc report for PHASE24_RTL9210B_PATHB_ISOLATEB_SUPPORT_INTEGRATED.kicad_pcb **
** Created on 2026-09-11T08:57:30 **
** Report includes: Errors, Warnings **

** Found 24 DRC violations **
[tracks_crossing]: Tracks crossing
    Local override; error
    @(130.0000 mm, 64.0000 mm): Track [SSD_3V3] on F.Cu, length 15.3032 mm
    @(121.0000 mm, 67.2000 mm): Track [RTL_5V] on F.Cu, length 14.2000 mm
[tracks_crossing]: Tracks crossing
    Local override; error
    @(102.0000 mm, 81.0000 mm): Track [PERST_N] on B.Cu, length 32.0000 mm
    @(128.7000 mm, 85.3650 mm): Track [RTL_3V3] on B.Cu, length 7.3650 mm
[shorting_items]: Items shorting two nets (nets SSD_3V3 and RTL_3V3)
    Local override; error
    @(128.7000 mm, 86.6350 mm): Pad 6 [SSD_3V3] of U3 on F.Cu
    @(128.7000 mm, 87.9050 mm): Track [RTL_3V3] on F.Cu, length 9.9050 mm
[shorting_items]: Items shorting two nets (nets ISOLATEB and GND)
    Local override; error
    @(122.2000 mm, 86.8000 mm): Via [ISOLATEB] on F.Cu - B.Cu
    @(123.3000 mm, 86.6350 mm): Pad 3 [GND] of U3 on F.Cu
[clearance]: Clearance violation (pad clearance 0.1500 mm; actual 0.1432 mm)
    Local override; error
    @(98.4000 mm, 73.9500 mm): Pad 10 [<no net>] of U1 on F.Cu
    @(99.2000 mm, 73.9500 mm): Track [ISOLATEB] on F.Cu, length 1.2021 mm
[clearance]: Clearance violation (pad clearance 0.1500 mm; actual 0.0525 mm)
    Local override; error
    @(98.3500 mm, 74.8000 mm): Via [ISOLATEB] on F.Cu - B.Cu
    @(98.4000 mm, 73.9500 mm): Pad 10 [<no net>] of U1 on F.Cu
[clearance]: Clearance violation ( clearance 0.2000 mm; actual 0.0500 mm)
    Local override; error
    @(98.8000 mm, 76.0000 mm): Via [CLKREQ_N] on F.Cu - B.Cu
    @(98.3500 mm, 74.8000 mm): Track [ISOLATEB] on B.Cu, length 12.0000 mm
[clearance]: Clearance violation ( clearance 0.2000 mm; actual 0.0586 mm)
    Local override; error
    @(122.2000 mm, 86.8000 mm): Track [ISOLATEB] on F.Cu, length 2.9201 mm
    @(123.3000 mm, 86.6350 mm): Pad 3 [GND] of U3 on F.Cu
[tracks_crossing]: Tracks crossing
    Local override; error
    @(128.7000 mm, 85.3650 mm): Track [RTL_3V3] on B.Cu, length 7.3650 mm
    @(125.0000 mm, 79.0000 mm): Track [PEDET] on B.Cu, length 10.0000 mm
[tracks_crossing]: Tracks crossing
    Local override; error
    @(96.4000 mm, 79.5000 mm): Track [PEDET] on B.Cu, length 22.6000 mm
    @(98.3500 mm, 74.8000 mm): Track [ISOLATEB] on B.Cu, length 12.0000 mm
[clearance]: Clearance violation (zone clearance 0.5000 mm; actual 0.2142 mm)
    Local override; error
    @(94.0500 mm, 73.2000 mm): Track [LANE0_TXP] on F.Cu, length 1.0500 mm
    @(65.5000 mm, 40.5000 mm): Zone [GND] on F.Cu, priority 0
[clearance]: Clearance violation (zone clearance 0.5000 mm; actual 0.4308 mm)
    Local override; error
    @(94.0500 mm, 70.4000 mm): Track [REFCLK_P] on F.Cu, length 1.0500 mm
    @(65.5000 mm, 40.5000 mm): Zone [GND] on F.Cu, priority 0
[hole_clearance]: Hole clearance violation (board minimum hole clearance 0.2500 mm; actual 0.2275 mm)
    Local override; error
    @(98.4000 mm, 73.9500 mm): Pad 10 [<no net>] of U1 on F.Cu
    @(98.3500 mm, 74.8000 mm): Via [ISOLATEB] on F.Cu - B.Cu
[hole_clearance]: Hole clearance violation (board setup constraints hole clearance 0.2500 mm; actual 0.1500 mm)
    Rule: board setup constraints hole; error
    @(123.3000 mm, 86.6350 mm): Pad 3 [GND] of U3 on F.Cu
    @(122.2000 mm, 86.8000 mm): Via [ISOLATEB] on F.Cu - B.Cu
[track_width]: Track width (board setup constraints min width 0.2000 mm; actual 0.1500 mm)
    Rule: netclass 'Default' (diff pair); error
    @(94.0500 mm, 70.4000 mm): Track [REFCLK_P] on F.Cu, length 1.0500 mm
[track_width]: Track width (board setup constraints min width 0.2000 mm; actual 0.1500 mm)
    Rule: netclass 'Default' (diff pair); error
    @(94.0500 mm, 70.8000 mm): Track [REFCLK_N] on F.Cu, length 1.0500 mm
[track_width]: Track width (board setup constraints min width 0.2000 mm; actual 0.1500 mm)
    Rule: netclass 'Default' (diff pair); error
    @(94.0500 mm, 71.6000 mm): Track [LANE0_RXP] on F.Cu, length 1.0500 mm
[track_width]: Track width (board setup constraints min width 0.2000 mm; actual 0.1500 mm)
    Rule: netclass 'Default' (diff pair); error
    @(94.0500 mm, 72.0000 mm): Track [LANE0_RXN] on F.Cu, length 1.0500 mm
[track_width]: Track width (board setup constraints min width 0.2000 mm; actual 0.1500 mm)
    Rule: netclass 'Default' (diff pair); error
    @(94.0500 mm, 72.8000 mm): Track [LANE0_TXN] on F.Cu, length 1.0500 mm
[track_width]: Track width (board setup constraints min width 0.2000 mm; actual 0.1500 mm)
    Rule: netclass 'Default' (diff pair); error
    @(94.0500 mm, 73.2000 mm): Track [LANE0_TXP] on F.Cu, length 1.0500 mm
[track_width]: Track width (board setup constraints min width 0.2000 mm; actual 0.1500 mm)
    Rule: netclass 'Default'; error
    @(99.2000 mm, 73.9500 mm): Track [ISOLATEB] on F.Cu, length 1.2021 mm
[solder_mask_bridge]: Front solder mask aperture bridges items with different nets
    Rule: board setup solder mask min width; error
    @(99.2000 mm, 73.9500 mm): Track [ISOLATEB] on F.Cu, length 1.2021 mm
    @(98.8000 mm, 73.9500 mm): Pad 11 [<no net>] of U1 on F.Cu
[track_dangling]: Track has unconnected end
    Local override; warning
    @(128.7000 mm, 85.3650 mm): Track [RTL_3V3] on B.Cu, length 7.3650 mm
[via_dangling]: Via is not connected or connected on only one layer
    Local override; warning
    @(124.5000 mm, 94.0000 mm): Via [GND] on F.Cu - B.Cu

** Found 1 unconnected pads **
[unconnected_items]: Missing connection between items
    Local override; error
    @(115.6000 mm, 78.0000 mm): Via [GND] on F.Cu - B.Cu
    @(123.3000 mm, 86.6350 mm): Track [GND] on F.Cu, length 1.2000 mm

** Found 0 Footprint errors **

** Ignored checks **
    - Footprint has no courtyard defined
    - Track endpoint not centered on via
    - Tuning profile track geometries
    - Footprint doesn't match symbol's footprint filters
    - Footprint component type doesn't match footprint pads

** End of Report **
