** Drc report for PHASE24_RTL9210B_NATIVE_FIELD_REALLOCATE_V1141.kicad_pcb **
** Created on 2026-09-09T13:19:44 **
** Report includes: Errors, Warnings **

** Found 51 DRC violations **
[tracks_crossing]: Tracks crossing
    Local override; error
    @(88.0000 mm, 62.0000 mm): Track [XTAL_IN] on F.Cu, length 3.0000 mm
    @(83.5000 mm, 59.5000 mm): Track [XTAL_OUT] on F.Cu, length 5.9000 mm
[clearance]: Clearance violation ( clearance 0.2000 mm; actual 0.0031 mm)
    Local override; error
    @(93.0500 mm, 67.2000 mm): Track [XTAL_IN] on F.Cu, length 2.0887 mm
    @(93.0000 mm, 66.8000 mm): Via [RTL_3V3] on F.Cu - B.Cu
[clearance]: Clearance violation ( clearance 0.2000 mm; actual 0.1226 mm)
    Local override; error
    @(97.6000 mm, 66.0500 mm): Pad 44 [<no net>] of U1 on F.Cu
    @(97.2000 mm, 66.0500 mm): Track [GND] on F.Cu, length 4.0302 mm
[shorting_items]: Items shorting two nets (nets XTAL_IN and XTAL_OUT)
    Local override; error
    @(93.0500 mm, 67.2000 mm): Track [XTAL_IN] on F.Cu, length 2.0887 mm
    @(93.0500 mm, 67.6000 mm): Track [XTAL_OUT] on F.Cu, length 3.1800 mm
[shorting_items]: Items shorting two nets (nets XTAL_IN and XTAL_OUT)
    Local override; error
    @(91.5000 mm, 68.6000 mm): Via [XTAL_IN] on F.Cu - B.Cu
    @(93.0500 mm, 67.6000 mm): Track [XTAL_OUT] on F.Cu, length 3.1800 mm
[shorting_items]: Items shorting two nets (nets XTAL_IN and XTAL_OUT)
    Local override; error
    @(88.0000 mm, 59.0000 mm): Pad 1 [XTAL_IN] of Y1 on F.Cu
    @(83.5000 mm, 59.5000 mm): Track [XTAL_OUT] on F.Cu, length 5.9000 mm
[shorting_items]: Items shorting two nets (nets GND and RSET)
    Local override; error
    @(89.2000 mm, 65.0000 mm): Pad 2 [GND] of R1 on F.Cu
    @(88.0000 mm, 65.0000 mm): Track [RSET] on F.Cu, length 6.0000 mm
[shorting_items]: Items shorting two nets (nets RTL_3V3 and RSET)
    Local override; error
    @(93.0500 mm, 65.0000 mm): Via [RTL_3V3] on F.Cu - B.Cu
    @(88.0000 mm, 65.0000 mm): Track [RSET] on F.Cu, length 6.0000 mm
[clearance]: Clearance violation ( clearance 0.2000 mm; actual 0.0554 mm)
    Local override; error
    @(95.2000 mm, 66.0500 mm): Pad 50 [RTL_1V1] of U1 on F.Cu
    @(95.5500 mm, 64.0000 mm): Track [RSET] on F.Cu, length 2.1829 mm
[tracks_crossing]: Tracks crossing
    Local override; error
    @(93.0500 mm, 66.8000 mm): Track [RTL_3V3] on F.Cu, length 1.8000 mm
    @(88.0000 mm, 65.0000 mm): Track [RSET] on F.Cu, length 6.0000 mm
[shorting_items]: Items shorting two nets (nets GND and LANE0_RXN)
    Local override; error
    @(94.0500 mm, 72.4000 mm): Track [GND] on F.Cu, length 4.6220 mm
    @(94.0500 mm, 72.0000 mm): Pad 65 [LANE0_RXN] of U1 on F.Cu
[clearance]: Clearance violation ( clearance 0.2000 mm; actual 0.1385 mm)
    Local override; error
    @(89.4000 mm, 59.5000 mm): Track [XTAL_OUT] on F.Cu, length 0.5000 mm
    @(89.2000 mm, 60.0000 mm): Via [GND] on F.Cu - B.Cu
[tracks_crossing]: Tracks crossing
    Local override; error
    @(91.5000 mm, 75.0000 mm): Track [XTAL_IN] on B.Cu, length 6.0000 mm
    @(90.5000 mm, 69.5000 mm): Track [XTAL_OUT] on B.Cu, length 7.5000 mm
[solder_mask_bridge]: Front solder mask aperture bridges items with different nets
    Rule: board setup solder mask min width; error
    @(94.0500 mm, 72.4000 mm): Track [GND] on F.Cu, length 4.6220 mm
    @(94.0500 mm, 72.0000 mm): Pad 65 [LANE0_RXN] of U1 on F.Cu
[solder_mask_bridge]: Front solder mask aperture bridges items with different nets
    Rule: board setup solder mask min width; error
    @(88.0000 mm, 65.0000 mm): Track [RSET] on F.Cu, length 6.0000 mm
    @(89.2000 mm, 65.0000 mm): Pad 2 [GND] of R1 on F.Cu
[via_dangling]: Via is not connected or connected on only one layer
    Local override; warning
    @(92.8000 mm, 71.2000 mm): Via [RTL_1V1] on F.Cu - B.Cu
[via_dangling]: Via is not connected or connected on only one layer
    Local override; warning
    @(102.0000 mm, 64.8000 mm): Via [RTL_1V1] on F.Cu - B.Cu
[via_dangling]: Via is not connected or connected on only one layer
    Local override; warning
    @(122.8000 mm, 51.0000 mm): Via [RTL_1V1] on F.Cu - B.Cu
[via_dangling]: Via is not connected or connected on only one layer
    Local override; warning
    @(92.8000 mm, 69.3000 mm): Via [RTL_1V1] on F.Cu - B.Cu
[via_dangling]: Via is not connected or connected on only one layer
    Local override; warning
    @(92.8000 mm, 70.0000 mm): Via [RTL_1V1] on F.Cu - B.Cu
[via_dangling]: Via is not connected or connected on only one layer
    Local override; warning
    @(105.5000 mm, 68.6000 mm): Via [RTL_1V1] on F.Cu - B.Cu
[via_dangling]: Via is not connected or connected on only one layer
    Local override; warning
    @(97.8000 mm, 63.6000 mm): Via [RTL_1V1] on F.Cu - B.Cu
[via_dangling]: Via is not connected or connected on only one layer
    Local override; warning
    @(102.5000 mm, 75.0000 mm): Via [RTL_1V1] on F.Cu - B.Cu
[via_dangling]: Via is not connected or connected on only one layer
    Local override; warning
    @(103.5000 mm, 74.5000 mm): Via [RTL_5V] on F.Cu - B.Cu
[via_dangling]: Via is not connected or connected on only one layer
    Local override; warning
    @(126.4000 mm, 51.0000 mm): Via [RTL_5V] on F.Cu - B.Cu
[via_dangling]: Via is not connected or connected on only one layer
    Local override; warning
    @(104.0000 mm, 67.2000 mm): Via [RTL_5V] on F.Cu - B.Cu
[via_dangling]: Via is not connected or connected on only one layer
    Local override; warning
    @(116.2000 mm, 75.2000 mm): Via [SPISI] on F.Cu - B.Cu
[via_dangling]: Via is not connected or connected on only one layer
    Local override; warning
    @(109.0000 mm, 75.2000 mm): Via [SPISI] on F.Cu - B.Cu
[via_dangling]: Via is not connected or connected on only one layer
    Local override; warning
    @(108.0000 mm, 72.0000 mm): Via [SPICLK] on F.Cu - B.Cu
[via_dangling]: Via is not connected or connected on only one layer
    Local override; warning
    @(117.4000 mm, 72.0000 mm): Via [SPICLK] on F.Cu - B.Cu
[via_dangling]: Via is not connected or connected on only one layer
    Local override; warning
    @(119.8000 mm, 78.0000 mm): Via [RTL_3V3] on F.Cu - B.Cu
[via_dangling]: Via is not connected or connected on only one layer
    Local override; warning
    @(113.8000 mm, 74.0000 mm): Via [RTL_3V3] on F.Cu - B.Cu
[via_dangling]: Via is not connected or connected on only one layer
    Local override; warning
    @(99.6000 mm, 62.8000 mm): Via [RTL_3V3] on F.Cu - B.Cu
[via_dangling]: Via is not connected or connected on only one layer
    Local override; warning
    @(100.9000 mm, 72.4000 mm): Via [RTL_3V3] on F.Cu - B.Cu
[via_dangling]: Via is not connected or connected on only one layer
    Local override; warning
    @(121.8000 mm, 74.0000 mm): Via [RTL_3V3] on F.Cu - B.Cu
[via_dangling]: Via is not connected or connected on only one layer
    Local override; warning
    @(119.2000 mm, 51.0000 mm): Via [RTL_3V3] on F.Cu - B.Cu
[via_dangling]: Via is not connected or connected on only one layer
    Local override; warning
    @(93.0000 mm, 66.8000 mm): Via [RTL_3V3] on F.Cu - B.Cu
[via_dangling]: Via is not connected or connected on only one layer
    Local override; warning
    @(108.0000 mm, 64.0000 mm): Via [RTL_3V3] on F.Cu - B.Cu
[via_dangling]: Via is not connected or connected on only one layer
    Local override; warning
    @(121.8000 mm, 78.0000 mm): Via [RTL_3V3] on F.Cu - B.Cu
[track_dangling]: Track has unconnected end
    Local override; warning
    @(100.5000 mm, 65.0000 mm): Track [RTL_3V3] on B.Cu, length 1.0000 mm
[via_dangling]: Via is not connected or connected on only one layer
    Local override; warning
    @(107.0000 mm, 71.0000 mm): Via [SPISO3] on F.Cu - B.Cu
[via_dangling]: Via is not connected or connected on only one layer
    Local override; warning
    @(118.6000 mm, 71.0000 mm): Via [SPISO3] on F.Cu - B.Cu
[via_dangling]: Via is not connected or connected on only one layer
    Local override; warning
    @(112.6000 mm, 70.4000 mm): Via [SPISO] on F.Cu - B.Cu
[via_dangling]: Via is not connected or connected on only one layer
    Local override; warning
    @(106.0000 mm, 70.4000 mm): Via [SPISO] on F.Cu - B.Cu
[via_dangling]: Via is not connected or connected on only one layer
    Local override; warning
    @(111.4000 mm, 69.8000 mm): Via [SPICS] on F.Cu - B.Cu
[via_dangling]: Via is not connected or connected on only one layer
    Local override; warning
    @(105.0000 mm, 69.8000 mm): Via [SPICS] on F.Cu - B.Cu
[via_dangling]: Via is not connected or connected on only one layer
    Local override; warning
    @(94.0000 mm, 62.0000 mm): Via [GND] on F.Cu - B.Cu
[via_dangling]: Via is not connected or connected on only one layer
    Local override; warning
    @(115.6000 mm, 78.0000 mm): Via [GND] on F.Cu - B.Cu
[via_dangling]: Via is not connected or connected on only one layer
    Local override; warning
    @(114.4000 mm, 78.0000 mm): Via [GND] on F.Cu - B.Cu
[via_dangling]: Via is not connected or connected on only one layer
    Local override; warning
    @(89.2000 mm, 67.0000 mm): Via [GND] on F.Cu - B.Cu
[via_dangling]: Via is not connected or connected on only one layer
    Local override; warning
    @(89.2000 mm, 60.0000 mm): Via [GND] on F.Cu - B.Cu

** Found 74 unconnected pads **
[unconnected_items]: Missing connection between items
    Local override; error
    @(97.6000 mm, 73.9500 mm): Pad 8 [PEDET] of U1 on F.Cu
    @(120.0000 mm, 80.0000 mm): Pad 1 [PEDET] of R2 on F.Cu
[unconnected_items]: Missing connection between items
    Local override; error
    @(120.0000 mm, 80.0000 mm): Pad 1 [PEDET] of R2 on F.Cu
    @(140.7500 mm, 62.7250 mm): Pad 69 [PEDET] of J1 on F.Cu
[unconnected_items]: Missing connection between items
    Local override; error
    @(99.6000 mm, 73.9500 mm): Pad 13 [CLKREQ_N] of U1 on F.Cu
    @(120.0000 mm, 75.0000 mm): Pad 1 [CLKREQ_N] of R3 on F.Cu
[unconnected_items]: Missing connection between items
    Local override; error
    @(120.0000 mm, 75.0000 mm): Pad 1 [CLKREQ_N] of R3 on F.Cu
    @(136.5000 mm, 70.2750 mm): Pad 52 [CLKREQ_N] of J1 on F.Cu
[unconnected_items]: Missing connection between items
    Local override; error
    @(100.0000 mm, 73.9500 mm): Pad 14 [PERST_N] of U1 on F.Cu
    @(136.0000 mm, 70.2750 mm): Pad 50 [PERST_N] of J1 on F.Cu
[unconnected_items]: Missing connection between items
    Local override; error
    @(92.8000 mm, 69.3000 mm): Via [RTL_1V1] on F.Cu - B.Cu
    @(92.8000 mm, 70.0000 mm): Via [RTL_1V1] on F.Cu - B.Cu
[unconnected_items]: Missing connection between items
    Local override; error
    @(92.8000 mm, 69.3000 mm): Via [RTL_1V1] on F.Cu - B.Cu
    @(94.0500 mm, 68.0000 mm): Track [RTL_1V1] on F.Cu, length 1.0000 mm
[unconnected_items]: Missing connection between items
    Local override; error
    @(92.8000 mm, 70.0000 mm): Via [RTL_1V1] on F.Cu - B.Cu
    @(92.8000 mm, 71.2000 mm): Via [RTL_1V1] on F.Cu - B.Cu
[unconnected_items]: Missing connection between items
    Local override; error
    @(92.8000 mm, 71.2000 mm): Via [RTL_1V1] on F.Cu - B.Cu
    @(94.0500 mm, 71.2000 mm): Pad 63 [RTL_1V1] of U1 on F.Cu
[unconnected_items]: Missing connection between items
    Local override; error
    @(94.0500 mm, 70.0000 mm): Pad 60 [RTL_1V1] of U1 on F.Cu
    @(94.0500 mm, 71.2000 mm): Pad 63 [RTL_1V1] of U1 on F.Cu
[unconnected_items]: Missing connection between items
    Local override; error
    @(95.0500 mm, 68.0000 mm): Track [RTL_1V1] on B.Cu, length 7.0000 mm
    @(95.2000 mm, 66.0500 mm): Pad 50 [RTL_1V1] of U1 on F.Cu
[unconnected_items]: Missing connection between items
    Local override; error
    @(95.2000 mm, 66.0500 mm): Pad 50 [RTL_1V1] of U1 on F.Cu
    @(102.0000 mm, 64.8000 mm): Track [RTL_1V1] on In2.PWR, length 4.2000 mm
[unconnected_items]: Missing connection between items
    Local override; error
    @(99.2000 mm, 66.0500 mm): Pad 40 [RTL_1V1] of U1 on F.Cu
    @(100.8000 mm, 66.0500 mm): Pad 36 [RTL_1V1] of U1 on F.Cu
[unconnected_items]: Missing connection between items
    Local override; error
    @(100.8000 mm, 66.0500 mm): Pad 36 [RTL_1V1] of U1 on F.Cu
    @(102.0000 mm, 64.8000 mm): Track [RTL_1V1] on In2.PWR, length 4.2000 mm
[unconnected_items]: Missing connection between items
    Local override; error
    @(100.8000 mm, 73.9500 mm): Pad 16 [RTL_1V1] of U1 on F.Cu
    @(95.0500 mm, 75.0000 mm): Track [RTL_1V1] on B.Cu, length 7.4500 mm
[unconnected_items]: Missing connection between items
    Local override; error
    @(101.9500 mm, 70.4000 mm): Pad 25 [RTL_1V1] of U1 on F.Cu
    @(100.8000 mm, 73.9500 mm): Pad 16 [RTL_1V1] of U1 on F.Cu
[unconnected_items]: Missing connection between items
    Local override; error
    @(105.5000 mm, 68.6000 mm): Via [RTL_1V1] on F.Cu - B.Cu
    @(101.9500 mm, 70.4000 mm): Pad 25 [RTL_1V1] of U1 on F.Cu
[unconnected_items]: Missing connection between items
    Local override; error
    @(105.5000 mm, 68.6000 mm): Via [RTL_1V1] on F.Cu - B.Cu
    @(122.8000 mm, 51.0000 mm): Via [RTL_1V1] on F.Cu - B.Cu
[unconnected_items]: Missing connection between items
    Local override; error
    @(101.2000 mm, 73.9500 mm): Pad 17 [RTL_5V] of U1 on F.Cu
    @(103.5000 mm, 74.5000 mm): Via [RTL_5V] on F.Cu - B.Cu
[unconnected_items]: Missing connection between items
    Local override; error
    @(101.9500 mm, 67.2000 mm): Pad 33 [RTL_5V] of U1 on F.Cu
    @(104.0000 mm, 67.2000 mm): Via [RTL_5V] on F.Cu - B.Cu
[unconnected_items]: Missing connection between items
    Local override; error
    @(101.9500 mm, 67.2000 mm): Pad 33 [RTL_5V] of U1 on F.Cu
    @(101.2000 mm, 73.9500 mm): Pad 17 [RTL_5V] of U1 on F.Cu
[unconnected_items]: Missing connection between items
    Local override; error
    @(126.4000 mm, 51.0000 mm): Via [RTL_5V] on F.Cu - B.Cu
    @(104.0000 mm, 67.2000 mm): Via [RTL_5V] on F.Cu - B.Cu
[unconnected_items]: Missing connection between items
    Local override; error
    @(101.9500 mm, 73.2000 mm): Pad 18 [SPISI] of U1 on F.Cu
    @(109.0000 mm, 75.2000 mm): Via [SPISI] on F.Cu - B.Cu
[unconnected_items]: Missing connection between items
    Local override; error
    @(116.2000 mm, 75.2000 mm): Via [SPISI] on F.Cu - B.Cu
    @(109.0000 mm, 75.2000 mm): Via [SPISI] on F.Cu - B.Cu
[unconnected_items]: Missing connection between items
    Local override; error
    @(116.2000 mm, 76.4000 mm): Pad 5 [SPISI] of U2 on F.Cu
    @(116.2000 mm, 75.2000 mm): Via [SPISI] on F.Cu - B.Cu
[unconnected_items]: Missing connection between items
    Local override; error
    @(108.0000 mm, 72.0000 mm): Via [SPICLK] on F.Cu - B.Cu
    @(101.9500 mm, 72.8000 mm): Pad 19 [SPICLK] of U1 on F.Cu
[unconnected_items]: Missing connection between items
    Local override; error
    @(117.4000 mm, 72.0000 mm): Via [SPICLK] on F.Cu - B.Cu
    @(108.0000 mm, 72.0000 mm): Via [SPICLK] on F.Cu - B.Cu
[unconnected_items]: Missing connection between items
    Local override; error
    @(117.4000 mm, 76.4000 mm): Pad 6 [SPICLK] of U2 on F.Cu
    @(117.4000 mm, 72.0000 mm): Via [SPICLK] on F.Cu - B.Cu
[unconnected_items]: Missing connection between items
    Local override; error
    @(99.6000 mm, 62.8000 mm): Via [RTL_3V3] on F.Cu - B.Cu
    @(100.5000 mm, 65.0000 mm): Track [RTL_3V3] on B.Cu, length 1.0000 mm
[unconnected_items]: Missing connection between items
    Local override; error
    @(93.0500 mm, 65.0000 mm): Track [RTL_3V3] on B.Cu, length 7.4500 mm
    @(99.6000 mm, 66.0500 mm): Pad 39 [RTL_3V3] of U1 on F.Cu
[unconnected_items]: Missing connection between items
    Local override; error
    @(93.0500 mm, 65.0000 mm): Track [RTL_3V3] on B.Cu, length 7.4500 mm
    @(101.9500 mm, 66.8000 mm): Pad 34 [RTL_3V3] of U1 on F.Cu
[unconnected_items]: Missing connection between items
    Local override; error
    @(101.9500 mm, 66.8000 mm): Pad 34 [RTL_3V3] of U1 on F.Cu
    @(108.0000 mm, 64.0000 mm): Via [RTL_3V3] on F.Cu - B.Cu
[unconnected_items]: Missing connection between items
    Local override; error
    @(101.9500 mm, 72.4000 mm): Pad 20 [RTL_3V3] of U1 on F.Cu
    @(100.9000 mm, 72.4000 mm): Via [RTL_3V3] on F.Cu - B.Cu
[unconnected_items]: Missing connection between items
    Local override; error
    @(101.9500 mm, 72.4000 mm): Pad 20 [RTL_3V3] of U1 on F.Cu
    @(101.9500 mm, 66.8000 mm): Pad 34 [RTL_3V3] of U1 on F.Cu
[unconnected_items]: Missing connection between items
    Local override; error
    @(108.0000 mm, 64.0000 mm): Via [RTL_3V3] on F.Cu - B.Cu
    @(113.8000 mm, 74.0000 mm): Via [RTL_3V3] on F.Cu - B.Cu
[unconnected_items]: Missing connection between items
    Local override; error
    @(108.0000 mm, 64.0000 mm): Via [RTL_3V3] on F.Cu - B.Cu
    @(119.2000 mm, 51.0000 mm): Via [RTL_3V3] on F.Cu - B.Cu
[unconnected_items]: Missing connection between items
    Local override; error
    @(113.8000 mm, 74.0000 mm): Via [RTL_3V3] on F.Cu - B.Cu
    @(113.8000 mm, 76.4000 mm): Pad 3 [RTL_3V3] of U2 on F.Cu
[unconnected_items]: Missing connection between items
    Local override; error
    @(113.8000 mm, 76.4000 mm): Pad 3 [RTL_3V3] of U2 on F.Cu
    @(119.8000 mm, 76.4000 mm): Pad 8 [RTL_3V3] of U2 on F.Cu
[unconnected_items]: Missing connection between items
    Local override; error
    @(119.8000 mm, 76.4000 mm): Pad 8 [RTL_3V3] of U2 on F.Cu
    @(119.8000 mm, 78.0000 mm): Via [RTL_3V3] on F.Cu - B.Cu
[unconnected_items]: Missing connection between items
    Local override; error
    @(119.8000 mm, 78.0000 mm): Via [RTL_3V3] on F.Cu - B.Cu
    @(121.8000 mm, 78.0000 mm): Via [RTL_3V3] on F.Cu - B.Cu
[unconnected_items]: Missing connection between items
    Local override; error
    @(120.4000 mm, 51.0000 mm): Pad 1 [RTL_3V3] of C3 on F.Cu
    @(119.2000 mm, 51.0000 mm): Via [RTL_3V3] on F.Cu - B.Cu
[unconnected_items]: Missing connection between items
    Local override; error
    @(121.2000 mm, 75.0000 mm): Pad 2 [RTL_3V3] of R3 on F.Cu
    @(121.8000 mm, 74.0000 mm): Via [RTL_3V3] on F.Cu - B.Cu
[unconnected_items]: Missing connection between items
    Local override; error
    @(121.2000 mm, 75.0000 mm): Pad 2 [RTL_3V3] of R3 on F.Cu
    @(119.8000 mm, 76.4000 mm): Pad 8 [RTL_3V3] of U2 on F.Cu
[unconnected_items]: Missing connection between items
    Local override; error
    @(121.2000 mm, 80.0000 mm): Pad 2 [RTL_3V3] of R2 on F.Cu
    @(121.8000 mm, 78.0000 mm): Via [RTL_3V3] on F.Cu - B.Cu
[unconnected_items]: Missing connection between items
    Local override; error
    @(107.0000 mm, 71.0000 mm): Via [SPISO3] on F.Cu - B.Cu
    @(101.9500 mm, 71.6000 mm): Pad 22 [SPISO3] of U1 on F.Cu
[unconnected_items]: Missing connection between items
    Local override; error
    @(118.6000 mm, 71.0000 mm): Via [SPISO3] on F.Cu - B.Cu
    @(107.0000 mm, 71.0000 mm): Via [SPISO3] on F.Cu - B.Cu
[unconnected_items]: Missing connection between items
    Local override; error
    @(118.6000 mm, 76.4000 mm): Pad 7 [SPISO3] of U2 on F.Cu
    @(118.6000 mm, 71.0000 mm): Via [SPISO3] on F.Cu - B.Cu
[unconnected_items]: Missing connection between items
    Local override; error
    @(106.0000 mm, 70.4000 mm): Via [SPISO] on F.Cu - B.Cu
    @(101.9500 mm, 71.2000 mm): Pad 23 [SPISO] of U1 on F.Cu
[unconnected_items]: Missing connection between items
    Local override; error
    @(112.6000 mm, 70.4000 mm): Via [SPISO] on F.Cu - B.Cu
    @(106.0000 mm, 70.4000 mm): Via [SPISO] on F.Cu - B.Cu
[unconnected_items]: Missing connection between items
    Local override; error
    @(112.6000 mm, 76.4000 mm): Pad 2 [SPISO] of U2 on F.Cu
    @(112.6000 mm, 70.4000 mm): Via [SPISO] on F.Cu - B.Cu
[unconnected_items]: Missing connection between items
    Local override; error
    @(105.0000 mm, 69.8000 mm): Via [SPICS] on F.Cu - B.Cu
    @(101.9500 mm, 70.8000 mm): Pad 24 [SPICS] of U1 on F.Cu
[unconnected_items]: Missing connection between items
    Local override; error
    @(111.4000 mm, 69.8000 mm): Via [SPICS] on F.Cu - B.Cu
    @(105.0000 mm, 69.8000 mm): Via [SPICS] on F.Cu - B.Cu
[unconnected_items]: Missing connection between items
    Local override; error
    @(111.4000 mm, 76.4000 mm): Pad 1 [SPICS] of U2 on F.Cu
    @(111.4000 mm, 69.8000 mm): Via [SPICS] on F.Cu - B.Cu
[unconnected_items]: Missing connection between items
    Local override; error
    @(89.2000 mm, 60.0000 mm): Via [GND] on F.Cu - B.Cu
    @(89.2000 mm, 62.0000 mm): Pad 2 [GND] of C1 on F.Cu
[unconnected_items]: Missing connection between items
    Local override; error
    @(89.2000 mm, 62.0000 mm): Pad 2 [GND] of C1 on F.Cu
    @(89.2000 mm, 65.0000 mm): Pad 2 [GND] of R1 on F.Cu
[unconnected_items]: Missing connection between items
    Local override; error
    @(89.2000 mm, 65.0000 mm): Pad 2 [GND] of R1 on F.Cu
    @(89.2000 mm, 67.0000 mm): Via [GND] on F.Cu - B.Cu
[unconnected_items]: Missing connection between items
    Local override; error
    @(92.2000 mm, 62.0000 mm): Pad 2 [GND] of C2 on F.Cu
    @(94.0000 mm, 62.0000 mm): Via [GND] on F.Cu - B.Cu
[unconnected_items]: Missing connection between items
    Local override; error
    @(92.2000 mm, 62.0000 mm): Pad 2 [GND] of C2 on F.Cu
    @(89.2000 mm, 62.0000 mm): Pad 2 [GND] of C1 on F.Cu
[unconnected_items]: Missing connection between items
    Local override; error
    @(94.0000 mm, 62.0000 mm): Via [GND] on F.Cu - B.Cu
    @(97.2000 mm, 66.0500 mm): Track [GND] on F.Cu, length 4.0302 mm
[unconnected_items]: Missing connection between items
    Local override; error
    @(114.4000 mm, 78.0000 mm): Via [GND] on F.Cu - B.Cu
    @(115.6000 mm, 78.0000 mm): Via [GND] on F.Cu - B.Cu
[unconnected_items]: Missing connection between items
    Local override; error
    @(115.0000 mm, 76.4000 mm): Pad 4 [GND] of U2 on F.Cu
    @(114.4000 mm, 78.0000 mm): Via [GND] on F.Cu - B.Cu
[unconnected_items]: Missing connection between items
    Local override; error
    @(115.0000 mm, 76.4000 mm): Pad 4 [GND] of U2 on F.Cu
    @(97.2000 mm, 66.0500 mm): Track [GND] on F.Cu, length 4.0302 mm
[unconnected_items]: Missing connection between items
    Local override; error
    @(121.6000 mm, 51.0000 mm): Pad 2 [GND] of C3 on F.Cu
    @(115.0000 mm, 76.4000 mm): Pad 4 [GND] of U2 on F.Cu
[unconnected_items]: Missing connection between items
    Local override; error
    @(124.6000 mm, 51.0000 mm): Pad 2 [GND] of C4 on F.Cu
    @(121.6000 mm, 51.0000 mm): Pad 2 [GND] of C3 on F.Cu
[unconnected_items]: Missing connection between items
    Local override; error
    @(127.6000 mm, 51.0000 mm): Pad 2 [GND] of C5 on F.Cu
    @(124.6000 mm, 51.0000 mm): Pad 2 [GND] of C4 on F.Cu
[unconnected_items]: Missing connection between items
    Local override; error
    @(94.0500 mm, 70.4000 mm): Pad 61 [REFCLK_P] of U1 on F.Cu
    @(137.2500 mm, 62.7250 mm): Pad 55 [REFCLK_P] of J1 on F.Cu
[unconnected_items]: Missing connection between items
    Local override; error
    @(94.0500 mm, 70.8000 mm): Pad 62 [REFCLK_N] of U1 on F.Cu
    @(136.7500 mm, 62.7250 mm): Pad 53 [REFCLK_N] of J1 on F.Cu
[unconnected_items]: Missing connection between items
    Local override; error
    @(94.0500 mm, 71.6000 mm): Pad 64 [LANE0_RXP] of U1 on F.Cu
    @(134.2500 mm, 62.7250 mm): Pad 43 [LANE0_RXP] of J1 on F.Cu
[unconnected_items]: Missing connection between items
    Local override; error
    @(94.0500 mm, 72.0000 mm): Pad 65 [LANE0_RXN] of U1 on F.Cu
    @(133.7500 mm, 62.7250 mm): Pad 41 [LANE0_RXN] of J1 on F.Cu
[unconnected_items]: Missing connection between items
    Local override; error
    @(94.0500 mm, 72.8000 mm): Pad 67 [LANE0_TXN] of U1 on F.Cu
    @(135.2500 mm, 62.7250 mm): Pad 47 [LANE0_TXN] of J1 on F.Cu
[unconnected_items]: Missing connection between items
    Local override; error
    @(94.0500 mm, 73.2000 mm): Pad 68 [LANE0_TXP] of U1 on F.Cu
    @(135.7500 mm, 62.7250 mm): Pad 49 [LANE0_TXP] of J1 on F.Cu
[unconnected_items]: Missing connection between items
    Local override; error
    @(114.7500 mm, 62.7250 mm): Pad 2 [SSD_3V3] of J1 on F.Cu
    @(115.2500 mm, 62.7250 mm): Pad 4 [SSD_3V3] of J1 on F.Cu
[unconnected_items]: Missing connection between items
    Local override; error
    @(115.2500 mm, 62.7250 mm): Pad 4 [SSD_3V3] of J1 on F.Cu
    @(115.7500 mm, 62.7250 mm): Pad 6 [SSD_3V3] of J1 on F.Cu
[unconnected_items]: Missing connection between items
    Local override; error
    @(115.7500 mm, 62.7250 mm): Pad 6 [SSD_3V3] of J1 on F.Cu
    @(116.2500 mm, 62.7250 mm): Pad 8 [SSD_3V3] of J1 on F.Cu

** Found 0 Footprint errors **

** Ignored checks **
    - Footprint has no courtyard defined
    - Track endpoint not centered on via
    - Tuning profile track geometries
    - Footprint doesn't match symbol's footprint filters
    - Footprint component type doesn't match footprint pads

** End of Report **
