** Drc report for PHASE24_RTL9210B_SUPPORT_RELOCATION_SPI_SPICS_V705.kicad_pcb **
** Created on 2026-09-09T03:27:38 **
** Report includes: Errors, Warnings **

** Found 9 DRC violations **
[shorting_items]: Items shorting two nets (nets SPICS and RTL_1V1)
    Local override; error
    @(102.2000 mm, 70.8000 mm): Via [SPICS] on F.Cu - B.Cu
    @(101.9500 mm, 70.4000 mm): Track [RTL_1V1] on F.Cu, length 1.2500 mm
[shorting_items]: Items shorting two nets (nets SPICS and RTL_1V1)
    Local override; error
    @(102.2000 mm, 70.8000 mm): Via [SPICS] on F.Cu - B.Cu
    @(101.9500 mm, 70.4000 mm): Pad 25 [RTL_1V1] of U1 on F.Cu
[tracks_crossing]: Tracks crossing
    Local override; error
    @(103.2000 mm, 63.5000 mm): Track [RTL_1V1] on B.Cu, length 11.7000 mm
    @(102.2000 mm, 70.8000 mm): Track [SPICS] on B.Cu, length 3.8000 mm
[tracks_crossing]: Tracks crossing
    Local override; error
    @(105.0000 mm, 71.2000 mm): Track [RTL_1V1] on B.Cu, length 30.2000 mm
    @(102.2000 mm, 70.8000 mm): Track [SPICS] on B.Cu, length 3.8000 mm
[shorting_items]: Items shorting two nets (nets SPICS and RTL_1V1)
    Local override; error
    @(102.2000 mm, 70.8000 mm): Via [SPICS] on F.Cu - B.Cu
    @(92.8000 mm, 71.2000 mm): Track [RTL_1V1] on B.Cu, length 10.4000 mm
[tracks_crossing]: Tracks crossing
    Local override; error
    @(120.4000 mm, 80.0000 mm): Track [RTL_3V3] on F.Cu, length 24.0000 mm
    @(106.0000 mm, 57.0000 mm): Track [SPICS] on F.Cu, length 19.8000 mm
[shorting_items]: Items shorting two nets (nets SPICS and RTL_1V1)
    Local override; error
    @(102.2000 mm, 70.8000 mm): Track [SPICS] on B.Cu, length 3.8000 mm
    @(103.2000 mm, 70.4000 mm): Via [RTL_1V1] on F.Cu - B.Cu
[hole_clearance]: Hole clearance violation (board setup constraints hole clearance 0.2500 mm; actual 0.1500 mm)
    Rule: board setup constraints hole; error
    @(101.9500 mm, 71.2000 mm): Pad 23 [SPISO] of U1 on F.Cu
    @(102.2000 mm, 70.8000 mm): Via [SPICS] on F.Cu - B.Cu
[hole_clearance]: Hole clearance violation (board setup constraints hole clearance 0.2500 mm; actual 0.1500 mm)
    Rule: board setup constraints hole; error
    @(101.9500 mm, 70.4000 mm): Pad 25 [RTL_1V1] of U1 on F.Cu
    @(102.2000 mm, 70.8000 mm): Via [SPICS] on F.Cu - B.Cu

** Found 23 unconnected pads **
[unconnected_items]: Missing connection between items
    Local override; error
    @(89.0000 mm, 56.0000 mm): Pad 1 [PEDET] of R2 on F.Cu
    @(97.6000 mm, 73.9500 mm): Pad 8 [PEDET] of U1 on F.Cu
[unconnected_items]: Missing connection between items
    Local override; error
    @(97.6000 mm, 73.9500 mm): Pad 8 [PEDET] of U1 on F.Cu
    @(140.7500 mm, 62.7250 mm): Pad 69 [PEDET] of J1 on F.Cu
[unconnected_items]: Missing connection between items
    Local override; error
    @(92.0000 mm, 56.0000 mm): Pad 1 [CLKREQ_N] of R3 on F.Cu
    @(99.6000 mm, 73.9500 mm): Pad 13 [CLKREQ_N] of U1 on F.Cu
[unconnected_items]: Missing connection between items
    Local override; error
    @(99.6000 mm, 73.9500 mm): Pad 13 [CLKREQ_N] of U1 on F.Cu
    @(136.5000 mm, 70.2750 mm): Pad 52 [CLKREQ_N] of J1 on F.Cu
[unconnected_items]: Missing connection between items
    Local override; error
    @(100.0000 mm, 73.9500 mm): Pad 14 [PERST_N] of U1 on F.Cu
    @(136.0000 mm, 70.2750 mm): Pad 50 [PERST_N] of J1 on F.Cu
[unconnected_items]: Missing connection between items
    Local override; error
    @(101.9500 mm, 73.2000 mm): Pad 18 [SPISI] of U1 on F.Cu
    @(130.6000 mm, 58.0000 mm): Pad 5 [SPISI] of U2 on F.Cu
[unconnected_items]: Missing connection between items
    Local override; error
    @(101.9500 mm, 72.8000 mm): Pad 19 [SPICLK] of U1 on F.Cu
    @(131.8000 mm, 58.0000 mm): Pad 6 [SPICLK] of U2 on F.Cu
[unconnected_items]: Missing connection between items
    Local override; error
    @(101.9500 mm, 72.4000 mm): Track [RTL_3V3] on F.Cu, length 1.2500 mm
    @(103.0000 mm, 66.8000 mm): Track [RTL_3V3] on F.Cu, length 1.0500 mm
[unconnected_items]: Missing connection between items
    Local override; error
    @(120.4000 mm, 56.0000 mm): Track [RTL_3V3] on F.Cu, length 7.8000 mm
    @(120.4000 mm, 51.0000 mm): Pad 1 [RTL_3V3] of C3 on F.Cu
[unconnected_items]: Missing connection between items
    Local override; error
    @(101.9500 mm, 71.6000 mm): Pad 22 [SPISO3] of U1 on F.Cu
    @(133.0000 mm, 58.0000 mm): Pad 7 [SPISO3] of U2 on F.Cu
[unconnected_items]: Missing connection between items
    Local override; error
    @(101.9500 mm, 71.2000 mm): Pad 23 [SPISO] of U1 on F.Cu
    @(127.0000 mm, 58.0000 mm): Pad 2 [SPISO] of U2 on F.Cu
[unconnected_items]: Missing connection between items
    Local override; error
    @(94.0500 mm, 72.4000 mm): Pad 66 [GND] of U1 on F.Cu
    @(98.0000 mm, 70.0000 mm): Pad 69 [GND] of U1 on F.Cu
[unconnected_items]: Missing connection between items
    Local override; error
    @(97.2000 mm, 66.0500 mm): Pad 45 [GND] of U1 on F.Cu
    @(98.0000 mm, 70.0000 mm): Pad 69 [GND] of U1 on F.Cu
[unconnected_items]: Missing connection between items
    Local override; error
    @(97.2000 mm, 66.0500 mm): Pad 45 [GND] of U1 on F.Cu
    @(65.5000 mm, 40.5000 mm): Zone [GND] on F.Cu, priority 0
[unconnected_items]: Missing connection between items
    Local override; error
    @(94.0500 mm, 70.4000 mm): Pad 61 [REFCLK_P] of U1 on F.Cu
    @(137.2500 mm, 62.7250 mm): Pad 55 [REFCLK_P] of J1 on F.Cu
[unconnected_items]: Missing connection between items
    Local override; error
    @(94.0500 mm, 70.8000 mm): Pad 62 [REFCLK_N] of U1 on F.Cu
    @(136.7500 mm, 62.7250 mm): Pad 53 [REFCLK_N] of J1 on F.Cu
[unconnected_items]: Missing connection between items
    Local override; error
    @(94.0500 mm, 71.6000 mm): Pad 64 [LANE0_RXP] of U1 on F.Cu
    @(134.2500 mm, 62.7250 mm): Pad 43 [LANE0_RXP] of J1 on F.Cu
[unconnected_items]: Missing connection between items
    Local override; error
    @(94.0500 mm, 72.0000 mm): Pad 65 [LANE0_RXN] of U1 on F.Cu
    @(133.7500 mm, 62.7250 mm): Pad 41 [LANE0_RXN] of J1 on F.Cu
[unconnected_items]: Missing connection between items
    Local override; error
    @(94.0500 mm, 72.8000 mm): Pad 67 [LANE0_TXN] of U1 on F.Cu
    @(135.2500 mm, 62.7250 mm): Pad 47 [LANE0_TXN] of J1 on F.Cu
[unconnected_items]: Missing connection between items
    Local override; error
    @(94.0500 mm, 73.2000 mm): Pad 68 [LANE0_TXP] of U1 on F.Cu
    @(135.7500 mm, 62.7250 mm): Pad 49 [LANE0_TXP] of J1 on F.Cu
[unconnected_items]: Missing connection between items
    Local override; error
    @(114.7500 mm, 62.7250 mm): Pad 2 [SSD_3V3] of J1 on F.Cu
    @(115.2500 mm, 62.7250 mm): Pad 4 [SSD_3V3] of J1 on F.Cu
[unconnected_items]: Missing connection between items
    Local override; error
    @(115.2500 mm, 62.7250 mm): Pad 4 [SSD_3V3] of J1 on F.Cu
    @(115.7500 mm, 62.7250 mm): Pad 6 [SSD_3V3] of J1 on F.Cu
[unconnected_items]: Missing connection between items
    Local override; error
    @(115.7500 mm, 62.7250 mm): Pad 6 [SSD_3V3] of J1 on F.Cu
    @(116.2500 mm, 62.7250 mm): Pad 8 [SSD_3V3] of J1 on F.Cu

** Found 0 Footprint errors **

** Ignored checks **
    - Footprint has no courtyard defined
    - Track endpoint not centered on via
    - Tuning profile track geometries
    - Footprint doesn't match symbol's footprint filters
    - Footprint component type doesn't match footprint pads

** End of Report **
