** Drc report for PHASE24_RTL9210B_U2_3V3_OUTBOARD_DOGLEG_V1410.kicad_pcb **
** Created on 2026-09-09T21:14:23 **
** Report includes: Errors, Warnings **

** Found 3 DRC violations **
[clearance]: Clearance violation ( clearance 0.2000 mm; actual 0.1000 mm)
    Local override; error
    @(112.0000 mm, 64.8000 mm): Via [RTL_1V1] on F.Cu - B.Cu
    @(113.0000 mm, 65.3000 mm): Track [RTL_3V3] on B.Cu, length 5.0000 mm
[clearance]: Clearance violation ( clearance 0.2000 mm; actual 0.1000 mm)
    Local override; error
    @(102.0000 mm, 64.8000 mm): Track [RTL_1V1] on B.Cu, length 10.0000 mm
    @(108.0000 mm, 65.3000 mm): Via [RTL_3V3] on F.Cu - B.Cu
[track_dangling]: Track has unconnected end
    Local override; warning
    @(123.0000 mm, 77.2000 mm): Track [RTL_3V3] on B.Cu, length 14.4000 mm

** Found 17 unconnected pads **
[unconnected_items]: Missing connection between items
    Local override; error
    @(94.0500 mm, 70.0000 mm): Track [RTL_1V1] on F.Cu, length 6.0500 mm
    @(94.0500 mm, 71.2000 mm): Pad 63 [RTL_1V1] of U1 on F.Cu
[unconnected_items]: Missing connection between items
    Local override; error
    @(101.9500 mm, 67.2000 mm): Pad 33 [RTL_5V] of U1 on F.Cu
    @(101.2000 mm, 73.9500 mm): Pad 17 [RTL_5V] of U1 on F.Cu
[unconnected_items]: Missing connection between items
    Local override; error
    @(126.4000 mm, 51.0000 mm): Pad 1 [RTL_5V] of C5 on F.Cu
    @(101.9500 mm, 67.2000 mm): Pad 33 [RTL_5V] of U1 on F.Cu
[unconnected_items]: Missing connection between items
    Local override; error
    @(113.8000 mm, 77.2000 mm): Track [RTL_3V3] on B.Cu, length 7.2000 mm
    @(123.0000 mm, 77.2000 mm): Track [RTL_3V3] on B.Cu, length 14.4000 mm
[unconnected_items]: Missing connection between items
    Local override; error
    @(94.0500 mm, 72.4000 mm): Pad 66 [GND] of U1 on F.Cu
    @(98.0000 mm, 70.0000 mm): Pad 69 [GND] of U1 on F.Cu
[unconnected_items]: Missing connection between items
    Local override; error
    @(65.5000 mm, 40.5000 mm): Zone [GND] on F.Cu, priority 0
    @(97.2000 mm, 66.0500 mm): Pad 45 [GND] of U1 on F.Cu
[unconnected_items]: Missing connection between items
    Local override; error
    @(97.2000 mm, 66.0500 mm): Pad 45 [GND] of U1 on F.Cu
    @(98.0000 mm, 70.0000 mm): Pad 69 [GND] of U1 on F.Cu
[unconnected_items]: Missing connection between items
    Local override; error
    @(88.0000 mm, 65.0000 mm): Pad 1 [RSET] of R1 on F.Cu
    @(94.8000 mm, 66.0500 mm): Pad 51 [RSET] of U1 on F.Cu
[unconnected_items]: Missing connection between items
    Local override; error
    @(88.0000 mm, 59.0000 mm): Pad 1 [XTAL_IN] of Y1 on F.Cu
    @(88.0000 mm, 62.0000 mm): Pad 1 [XTAL_IN] of C1 on F.Cu
[unconnected_items]: Missing connection between items
    Local override; error
    @(88.0000 mm, 62.0000 mm): Pad 1 [XTAL_IN] of C1 on F.Cu
    @(94.0500 mm, 67.2000 mm): Pad 53 [XTAL_IN] of U1 on F.Cu
[unconnected_items]: Missing connection between items
    Local override; error
    @(89.4000 mm, 59.0000 mm): Pad 2 [XTAL_OUT] of Y1 on F.Cu
    @(91.0000 mm, 62.0000 mm): Pad 1 [XTAL_OUT] of C2 on F.Cu
[unconnected_items]: Missing connection between items
    Local override; error
    @(91.0000 mm, 62.0000 mm): Pad 1 [XTAL_OUT] of C2 on F.Cu
    @(94.0500 mm, 67.6000 mm): Pad 54 [XTAL_OUT] of U1 on F.Cu
[unconnected_items]: Missing connection between items
    Local override; error
    @(94.0500 mm, 70.4000 mm): Pad 61 [REFCLK_P] of U1 on F.Cu
    @(137.2500 mm, 62.7250 mm): Pad 55 [REFCLK_P] of J1 on F.Cu
[unconnected_items]: Missing connection between items
    Local override; error
    @(94.0500 mm, 70.8000 mm): Pad 62 [REFCLK_N] of U1 on F.Cu
    @(136.7500 mm, 62.7250 mm): Pad 53 [REFCLK_N] of J1 on F.Cu
[unconnected_items]: Missing connection between items
    Local override; error
    @(114.7500 mm, 62.7250 mm): Pad 2 [SSD_3V3] of J1 on F.Cu
    @(115.2500 mm, 62.7250 mm): Pad 4 [SSD_3V3] of J1 on F.Cu
[unconnected_items]: Missing connection between items
    Local override; error
    @(115.2500 mm, 62.7250 mm): Pad 4 [SSD_3V3] of J1 on F.Cu
    @(115.7500 mm, 62.7250 mm): Pad 6 [SSD_3V3] of J1 on F.Cu
[unconnected_items]: Missing connection between items
    Local override; error
    @(115.7500 mm, 62.7250 mm): Pad 6 [SSD_3V3] of J1 on F.Cu
    @(116.2500 mm, 62.7250 mm): Pad 8 [SSD_3V3] of J1 on F.Cu

** Found 0 Footprint errors **

** Ignored checks **
    - Footprint has no courtyard defined
    - Track endpoint not centered on via
    - Tuning profile track geometries
    - Footprint doesn't match symbol's footprint filters
    - Footprint component type doesn't match footprint pads

** End of Report **
