** Drc report for PHASE24_RTL9210B_XTALIN_FAR_OUTBOARD_V1558.kicad_pcb **
** Created on 2026-09-10T06:51:54 **
** Report includes: Errors, Warnings **

** Found 11 DRC violations **
[tracks_crossing]: Tracks crossing
    Local override; error
    @(97.2000 mm, 66.0500 mm): Track [GND] on F.Cu, length 1.5500 mm
    @(94.0500 mm, 67.2000 mm): Track [XTAL_IN] on F.Cu, length 6.8617 mm
[shorting_items]: Items shorting two nets (nets XTAL_IN and GND)
    Local override; error
    @(94.0500 mm, 67.2000 mm): Track [XTAL_IN] on F.Cu, length 6.8617 mm
    @(97.2000 mm, 67.2000 mm): Via [GND] on F.Cu - B.Cu
[tracks_crossing]: Tracks crossing
    Local override; error
    @(99.6000 mm, 62.8000 mm): Track [RTL_3V3] on B.Cu, length 8.4000 mm
    @(100.9000 mm, 66.8000 mm): Track [XTAL_IN] on B.Cu, length 8.8000 mm
[shorting_items]: Items shorting two nets (nets RTL_1V1 and XTAL_IN)
    Local override; error
    @(88.0000 mm, 70.0000 mm): Track [RTL_1V1] on B.Cu, length 12.0000 mm
    @(88.0000 mm, 58.0000 mm): Via [XTAL_IN] on F.Cu - B.Cu
[shorting_items]: Items shorting two nets (nets RTL_1V1 and XTAL_IN)
    Local override; error
    @(88.0000 mm, 58.0000 mm): Track [RTL_1V1] on B.Cu, length 11.0000 mm
    @(88.0000 mm, 58.0000 mm): Via [XTAL_IN] on F.Cu - B.Cu
[shorting_items]: Items shorting two nets (nets RTL_1V1 and XTAL_IN)
    Local override; error
    @(99.0000 mm, 58.0000 mm): Via [RTL_1V1] on F.Cu - B.Cu
    @(100.9000 mm, 58.0000 mm): Track [XTAL_IN] on B.Cu, length 12.9000 mm
[clearance]: Clearance violation ( clearance 0.2000 mm; actual 0.1993 mm)
    Local override; error
    @(94.0500 mm, 66.8000 mm): Track [RTL_3V3] on F.Cu, length 1.0000 mm
    @(94.0500 mm, 67.2000 mm): Track [XTAL_IN] on F.Cu, length 6.8617 mm
[clearance]: Clearance violation ( clearance 0.2000 mm; actual 0.1500 mm)
    Local override; error
    @(100.9000 mm, 66.8000 mm): Via [XTAL_IN] on F.Cu - B.Cu
    @(101.2000 mm, 66.0500 mm): Pad 35 [<no net>] of U1 on F.Cu
[clearance]: Clearance violation ( clearance 0.2000 mm; actual 0.0500 mm)
    Local override; error
    @(100.9000 mm, 66.8000 mm): Via [XTAL_IN] on F.Cu - B.Cu
    @(100.5000 mm, 72.4000 mm): Track [RTL_3V3] on B.Cu, length 8.4000 mm
[clearance]: Clearance violation ( clearance 0.2000 mm; actual 0.1789 mm)
    Local override; error
    @(94.0500 mm, 66.8000 mm): Pad 52 [RTL_3V3] of U1 on F.Cu
    @(94.0500 mm, 67.2000 mm): Track [XTAL_IN] on F.Cu, length 6.8617 mm
[hole_clearance]: Hole clearance violation (board setup constraints hole clearance 0.2500 mm; actual 0.1623 mm)
    Rule: board setup constraints hole; error
    @(100.8000 mm, 66.0500 mm): Pad 36 [RTL_1V1] of U1 on F.Cu
    @(100.9000 mm, 66.8000 mm): Via [XTAL_IN] on F.Cu - B.Cu

** Found 5 unconnected pads **
[unconnected_items]: Missing connection between items
    Local override; error
    @(88.0000 mm, 58.0000 mm): Track [XTAL_IN] on F.Cu, length 1.0000 mm
    @(88.0000 mm, 62.0000 mm): Pad 1 [XTAL_IN] of C1 on F.Cu
[unconnected_items]: Missing connection between items
    Local override; error
    @(89.4000 mm, 59.0000 mm): Pad 2 [XTAL_OUT] of Y1 on F.Cu
    @(91.0000 mm, 62.0000 mm): Pad 1 [XTAL_OUT] of C2 on F.Cu
[unconnected_items]: Missing connection between items
    Local override; error
    @(91.0000 mm, 62.0000 mm): Pad 1 [XTAL_OUT] of C2 on F.Cu
    @(94.0500 mm, 67.6000 mm): Pad 54 [XTAL_OUT] of U1 on F.Cu
[unconnected_items]: Missing connection between items
    Local override; error
    @(94.0500 mm, 70.4000 mm): Pad 61 [REFCLK_P] of U1 on F.Cu
    @(137.2500 mm, 62.7250 mm): Pad 55 [REFCLK_P] of J1 on F.Cu
[unconnected_items]: Missing connection between items
    Local override; error
    @(94.0500 mm, 70.8000 mm): Pad 62 [REFCLK_N] of U1 on F.Cu
    @(136.7500 mm, 62.7250 mm): Pad 53 [REFCLK_N] of J1 on F.Cu

** Found 0 Footprint errors **

** Ignored checks **
    - Footprint has no courtyard defined
    - Track endpoint not centered on via
    - Tuning profile track geometries
    - Footprint doesn't match symbol's footprint filters
    - Footprint component type doesn't match footprint pads

** End of Report **
