** Drc report for PHASE24_RTL9210B_V1058_SUPPORT_LANE_COAUTHORED_SOUTH_V1321.kicad_pcb **
** Created on 2026-09-09T19:26:43 **
** Report includes: Errors, Warnings **

** Found 18 DRC violations **
[clearance]: Clearance violation ( clearance 0.2000 mm; actual 0.1080 mm)
    Local override; error
    @(122.8000 mm, 51.0000 mm): Via [RTL_1V1] on F.Cu - B.Cu
    @(95.0000 mm, 82.0000 mm): Track [LANE0_RXP] on B.Cu, length 53.1507 mm
[clearance]: Clearance violation ( clearance 0.2000 mm; actual 0.1080 mm)
    Local override; error
    @(105.0000 mm, 69.8000 mm): Via [SPICS] on F.Cu - B.Cu
    @(95.0000 mm, 82.0000 mm): Track [LANE0_RXP] on B.Cu, length 53.1507 mm
[tracks_crossing]: Tracks crossing
    Local override; error
    @(92.8000 mm, 84.0000 mm): Track [LANE0_RXN] on B.Cu, length 56.0378 mm
    @(95.0000 mm, 72.4000 mm): Track [LANE0_RXP] on B.Cu, length 9.6000 mm
[tracks_crossing]: Tracks crossing
    Local override; error
    @(95.0000 mm, 82.0000 mm): Track [LANE0_RXP] on B.Cu, length 53.1507 mm
    @(105.0000 mm, 69.8000 mm): Track [SPICS] on B.Cu, length 6.4000 mm
[clearance]: Clearance violation ( clearance 0.2000 mm; actual 0.1869 mm)
    Local override; error
    @(92.8000 mm, 84.0000 mm): Track [LANE0_RXN] on B.Cu, length 56.0378 mm
    @(106.0000 mm, 70.4000 mm): Track [SPISO] on B.Cu, length 6.6000 mm
[shorting_items]: Items shorting two nets (nets LANE0_RXN and SPISO)
    Local override; error
    @(92.8000 mm, 84.0000 mm): Track [LANE0_RXN] on B.Cu, length 56.0378 mm
    @(106.0000 mm, 70.4000 mm): Via [SPISO] on F.Cu - B.Cu
[tracks_crossing]: Tracks crossing
    Local override; error
    @(107.0000 mm, 71.0000 mm): Track [SPISO3] on B.Cu, length 11.6000 mm
    @(90.8000 mm, 88.0000 mm): Track [LANE0_TXP] on B.Cu, length 60.2482 mm
[clearance]: Clearance violation ( clearance 0.2000 mm; actual 0.0251 mm)
    Local override; error
    @(107.0000 mm, 71.0000 mm): Via [SPISO3] on F.Cu - B.Cu
    @(92.2000 mm, 86.0000 mm): Track [LANE0_TXN] on B.Cu, length 57.8623 mm
[tracks_crossing]: Tracks crossing
    Local override; error
    @(95.0000 mm, 82.0000 mm): Track [LANE0_RXP] on B.Cu, length 53.1507 mm
    @(112.0000 mm, 64.8000 mm): Track [RTL_1V1] on B.Cu, length 12.8000 mm
[tracks_crossing]: Tracks crossing
    Local override; error
    @(102.0000 mm, 64.8000 mm): Track [RTL_1V1] on B.Cu, length 10.0000 mm
    @(95.0000 mm, 82.0000 mm): Track [LANE0_RXP] on B.Cu, length 53.1507 mm
[tracks_crossing]: Tracks crossing
    Local override; error
    @(112.0000 mm, 52.0000 mm): Track [RTL_1V1] on B.Cu, length 10.8000 mm
    @(95.0000 mm, 82.0000 mm): Track [LANE0_RXP] on B.Cu, length 53.1507 mm
[tracks_crossing]: Tracks crossing
    Local override; error
    @(92.8000 mm, 84.0000 mm): Track [LANE0_RXN] on B.Cu, length 56.0378 mm
    @(95.0000 mm, 82.0000 mm): Track [LANE0_RXP] on B.Cu, length 53.1507 mm
[tracks_crossing]: Tracks crossing
    Local override; error
    @(92.8000 mm, 84.0000 mm): Track [LANE0_RXN] on B.Cu, length 56.0378 mm
    @(122.8000 mm, 52.0000 mm): Track [RTL_1V1] on B.Cu, length 1.0000 mm
[copper_edge_clearance]: Board edge clearance violation (board setup constraints edge clearance 0.5000 mm; actual 0.0000 mm)
    Rule: board setup constraints edge; error
    @(65.0000 mm, 40.0000 mm): Rectangle on Edge.Cuts
    @(92.2000 mm, 72.6000 mm): Track [LANE0_TXN] on B.Cu, length 13.4000 mm
[copper_edge_clearance]: Board edge clearance violation (board setup constraints edge clearance 0.5000 mm; actual 0.0000 mm)
    Rule: board setup constraints edge; error
    @(65.0000 mm, 40.0000 mm): Rectangle on Edge.Cuts
    @(92.2000 mm, 86.0000 mm): Track [LANE0_TXN] on B.Cu, length 57.8623 mm
[copper_edge_clearance]: Board edge clearance violation (board setup constraints edge clearance 0.5000 mm; actual 0.0000 mm)
    Rule: board setup constraints edge; error
    @(65.0000 mm, 40.0000 mm): Rectangle on Edge.Cuts
    @(90.8000 mm, 76.8000 mm): Track [LANE0_TXP] on B.Cu, length 11.2000 mm
[copper_edge_clearance]: Board edge clearance violation (board setup constraints edge clearance 0.5000 mm; actual 0.0000 mm)
    Rule: board setup constraints edge; error
    @(65.0000 mm, 40.0000 mm): Rectangle on Edge.Cuts
    @(90.8000 mm, 88.0000 mm): Track [LANE0_TXP] on B.Cu, length 60.2482 mm
[track_dangling]: Track has unconnected end
    Local override; warning
    @(99.6000 mm, 62.8000 mm): Track [RTL_3V3] on B.Cu, length 1.3000 mm

** Found 32 unconnected pads **
[unconnected_items]: Missing connection between items
    Local override; error
    @(97.6000 mm, 73.9500 mm): Pad 8 [PEDET] of U1 on F.Cu
    @(120.0000 mm, 80.0000 mm): Pad 1 [PEDET] of R2 on F.Cu
[unconnected_items]: Missing connection between items
    Local override; error
    @(120.0000 mm, 80.0000 mm): Pad 1 [PEDET] of R2 on F.Cu
    @(140.7500 mm, 62.7250 mm): Pad 69 [PEDET] of J1 on F.Cu
[unconnected_items]: Missing connection between items
    Local override; error
    @(99.6000 mm, 73.9500 mm): Pad 13 [CLKREQ_N] of U1 on F.Cu
    @(120.0000 mm, 75.0000 mm): Pad 1 [CLKREQ_N] of R3 on F.Cu
[unconnected_items]: Missing connection between items
    Local override; error
    @(120.0000 mm, 75.0000 mm): Pad 1 [CLKREQ_N] of R3 on F.Cu
    @(136.5000 mm, 70.2750 mm): Pad 52 [CLKREQ_N] of J1 on F.Cu
[unconnected_items]: Missing connection between items
    Local override; error
    @(100.0000 mm, 73.9500 mm): Pad 14 [PERST_N] of U1 on F.Cu
    @(136.0000 mm, 70.2750 mm): Pad 50 [PERST_N] of J1 on F.Cu
[unconnected_items]: Missing connection between items
    Local override; error
    @(94.0500 mm, 68.0000 mm): Pad 55 [RTL_1V1] of U1 on F.Cu
    @(94.0500 mm, 70.0000 mm): Pad 60 [RTL_1V1] of U1 on F.Cu
[unconnected_items]: Missing connection between items
    Local override; error
    @(94.0500 mm, 70.0000 mm): Pad 60 [RTL_1V1] of U1 on F.Cu
    @(94.0500 mm, 71.2000 mm): Pad 63 [RTL_1V1] of U1 on F.Cu
[unconnected_items]: Missing connection between items
    Local override; error
    @(95.2000 mm, 66.0500 mm): Pad 50 [RTL_1V1] of U1 on F.Cu
    @(94.0500 mm, 68.0000 mm): Pad 55 [RTL_1V1] of U1 on F.Cu
[unconnected_items]: Missing connection between items
    Local override; error
    @(95.2000 mm, 66.0500 mm): Pad 50 [RTL_1V1] of U1 on F.Cu
    @(102.0000 mm, 64.8000 mm): Track [RTL_1V1] on In2.PWR, length 4.2000 mm
[unconnected_items]: Missing connection between items
    Local override; error
    @(100.8000 mm, 73.9500 mm): Pad 16 [RTL_1V1] of U1 on F.Cu
    @(101.9500 mm, 70.4000 mm): Pad 25 [RTL_1V1] of U1 on F.Cu
[unconnected_items]: Missing connection between items
    Local override; error
    @(101.9500 mm, 70.4000 mm): Pad 25 [RTL_1V1] of U1 on F.Cu
    @(100.8000 mm, 66.0500 mm): Track [RTL_1V1] on F.Cu, length 1.2500 mm
[unconnected_items]: Missing connection between items
    Local override; error
    @(101.9500 mm, 67.2000 mm): Pad 33 [RTL_5V] of U1 on F.Cu
    @(101.2000 mm, 73.9500 mm): Pad 17 [RTL_5V] of U1 on F.Cu
[unconnected_items]: Missing connection between items
    Local override; error
    @(126.4000 mm, 51.0000 mm): Pad 1 [RTL_5V] of C5 on F.Cu
    @(101.9500 mm, 67.2000 mm): Pad 33 [RTL_5V] of U1 on F.Cu
[unconnected_items]: Missing connection between items
    Local override; error
    @(99.6000 mm, 66.0500 mm): Track [RTL_3V3] on F.Cu, length 3.2500 mm
    @(94.0500 mm, 66.8000 mm): Pad 52 [RTL_3V3] of U1 on F.Cu
[unconnected_items]: Missing connection between items
    Local override; error
    @(101.9500 mm, 66.8000 mm): Track [RTL_3V3] on F.Cu, length 1.0500 mm
    @(101.9500 mm, 72.4000 mm): Pad 20 [RTL_3V3] of U1 on F.Cu
[unconnected_items]: Missing connection between items
    Local override; error
    @(113.8000 mm, 76.4000 mm): Pad 3 [RTL_3V3] of U2 on F.Cu
    @(101.9500 mm, 72.4000 mm): Pad 20 [RTL_3V3] of U1 on F.Cu
[unconnected_items]: Missing connection between items
    Local override; error
    @(119.8000 mm, 76.4000 mm): Pad 8 [RTL_3V3] of U2 on F.Cu
    @(113.8000 mm, 76.4000 mm): Pad 3 [RTL_3V3] of U2 on F.Cu
[unconnected_items]: Missing connection between items
    Local override; error
    @(121.2000 mm, 75.0000 mm): Pad 2 [RTL_3V3] of R3 on F.Cu
    @(119.8000 mm, 76.4000 mm): Pad 8 [RTL_3V3] of U2 on F.Cu
[unconnected_items]: Missing connection between items
    Local override; error
    @(121.2000 mm, 80.0000 mm): Pad 2 [RTL_3V3] of R2 on F.Cu
    @(119.8000 mm, 76.4000 mm): Pad 8 [RTL_3V3] of U2 on F.Cu
[unconnected_items]: Missing connection between items
    Local override; error
    @(94.0000 mm, 62.0000 mm): Track [GND] on B.Cu, length 6.9311 mm
    @(97.2000 mm, 66.0500 mm): Pad 45 [GND] of U1 on F.Cu
[unconnected_items]: Missing connection between items
    Local override; error
    @(94.0500 mm, 72.4000 mm): Pad 66 [GND] of U1 on F.Cu
    @(98.0000 mm, 70.0000 mm): Pad 69 [GND] of U1 on F.Cu
[unconnected_items]: Missing connection between items
    Local override; error
    @(97.2000 mm, 66.0500 mm): Pad 45 [GND] of U1 on F.Cu
    @(98.0000 mm, 70.0000 mm): Pad 69 [GND] of U1 on F.Cu
[unconnected_items]: Missing connection between items
    Local override; error
    @(88.0000 mm, 65.0000 mm): Pad 1 [RSET] of R1 on F.Cu
    @(94.8000 mm, 66.0500 mm): Pad 51 [RSET] of U1 on F.Cu
[unconnected_items]: Missing connection between items
    Local override; error
    @(88.0000 mm, 59.0000 mm): Pad 1 [XTAL_IN] of Y1 on F.Cu
    @(88.0000 mm, 62.0000 mm): Pad 1 [XTAL_IN] of C1 on F.Cu
[unconnected_items]: Missing connection between items
    Local override; error
    @(88.0000 mm, 62.0000 mm): Pad 1 [XTAL_IN] of C1 on F.Cu
    @(94.0500 mm, 67.2000 mm): Pad 53 [XTAL_IN] of U1 on F.Cu
[unconnected_items]: Missing connection between items
    Local override; error
    @(89.4000 mm, 59.0000 mm): Pad 2 [XTAL_OUT] of Y1 on F.Cu
    @(91.0000 mm, 62.0000 mm): Pad 1 [XTAL_OUT] of C2 on F.Cu
[unconnected_items]: Missing connection between items
    Local override; error
    @(91.0000 mm, 62.0000 mm): Pad 1 [XTAL_OUT] of C2 on F.Cu
    @(94.0500 mm, 67.6000 mm): Pad 54 [XTAL_OUT] of U1 on F.Cu
[unconnected_items]: Missing connection between items
    Local override; error
    @(94.0500 mm, 70.4000 mm): Pad 61 [REFCLK_P] of U1 on F.Cu
    @(137.2500 mm, 62.7250 mm): Pad 55 [REFCLK_P] of J1 on F.Cu
[unconnected_items]: Missing connection between items
    Local override; error
    @(94.0500 mm, 70.8000 mm): Pad 62 [REFCLK_N] of U1 on F.Cu
    @(136.7500 mm, 62.7250 mm): Pad 53 [REFCLK_N] of J1 on F.Cu
[unconnected_items]: Missing connection between items
    Local override; error
    @(114.7500 mm, 62.7250 mm): Pad 2 [SSD_3V3] of J1 on F.Cu
    @(115.2500 mm, 62.7250 mm): Pad 4 [SSD_3V3] of J1 on F.Cu
[unconnected_items]: Missing connection between items
    Local override; error
    @(115.2500 mm, 62.7250 mm): Pad 4 [SSD_3V3] of J1 on F.Cu
    @(115.7500 mm, 62.7250 mm): Pad 6 [SSD_3V3] of J1 on F.Cu
[unconnected_items]: Missing connection between items
    Local override; error
    @(115.7500 mm, 62.7250 mm): Pad 6 [SSD_3V3] of J1 on F.Cu
    @(116.2500 mm, 62.7250 mm): Pad 8 [SSD_3V3] of J1 on F.Cu

** Found 0 Footprint errors **

** Ignored checks **
    - Footprint has no courtyard defined
    - Track endpoint not centered on via
    - Tuning profile track geometries
    - Footprint doesn't match symbol's footprint filters
    - Footprint component type doesn't match footprint pads

** End of Report **
