** Drc report for PHASE24_RTL9210B_XTALIN_NORTH_V1510.kicad_pcb **
** Created on 2026-09-10T05:38:54 **
** Report includes: Errors, Warnings **

** Found 4 DRC violations **
[tracks_crossing]: Tracks crossing
    Local override; error
    @(88.0000 mm, 70.0000 mm): Track [RTL_1V1] on B.Cu, length 12.0000 mm
    @(91.5000 mm, 66.0000 mm): Track [XTAL_IN] on B.Cu, length 5.5000 mm
[tracks_crossing]: Tracks crossing
    Local override; error
    @(92.0000 mm, 68.0000 mm): Track [RTL_1V1] on F.Cu, length 4.0000 mm
    @(93.4000 mm, 67.4000 mm): Track [XTAL_IN] on F.Cu, length 1.9000 mm
[clearance]: Clearance violation ( clearance 0.2000 mm; actual 0.1606 mm)
    Local override; error
    @(94.0500 mm, 67.6000 mm): Pad 54 [XTAL_OUT] of U1 on F.Cu
    @(93.4000 mm, 67.4000 mm): Track [XTAL_IN] on F.Cu, length 1.9000 mm
[clearance]: Clearance violation ( clearance 0.2000 mm; actual 0.0794 mm)
    Local override; error
    @(94.0500 mm, 67.2000 mm): Track [XTAL_IN] on F.Cu, length 0.6801 mm
    @(94.0500 mm, 67.6000 mm): Pad 54 [XTAL_OUT] of U1 on F.Cu

** Found 4 unconnected pads **
[unconnected_items]: Missing connection between items
    Local override; error
    @(89.4000 mm, 59.0000 mm): Pad 2 [XTAL_OUT] of Y1 on F.Cu
    @(91.0000 mm, 62.0000 mm): Pad 1 [XTAL_OUT] of C2 on F.Cu
[unconnected_items]: Missing connection between items
    Local override; error
    @(91.0000 mm, 62.0000 mm): Pad 1 [XTAL_OUT] of C2 on F.Cu
    @(94.0500 mm, 67.6000 mm): Pad 54 [XTAL_OUT] of U1 on F.Cu
[unconnected_items]: Missing connection between items
    Local override; error
    @(94.0500 mm, 70.4000 mm): Pad 61 [REFCLK_P] of U1 on F.Cu
    @(137.2500 mm, 62.7250 mm): Pad 55 [REFCLK_P] of J1 on F.Cu
[unconnected_items]: Missing connection between items
    Local override; error
    @(94.0500 mm, 70.8000 mm): Pad 62 [REFCLK_N] of U1 on F.Cu
    @(136.7500 mm, 62.7250 mm): Pad 53 [REFCLK_N] of J1 on F.Cu

** Found 0 Footprint errors **

** Ignored checks **
    - Footprint has no courtyard defined
    - Track endpoint not centered on via
    - Tuning profile track geometries
    - Footprint doesn't match symbol's footprint filters
    - Footprint component type doesn't match footprint pads

** End of Report **
