** Drc report for PHASE24_RTL9210B_ROTATED_CRYSTAL_SEPARATED_ESCAPE_V1552.kicad_pcb **
** Created on 2026-09-10T06:38:15 **
** Report includes: Errors, Warnings **

** Found 13 DRC violations **
[clearance]: Clearance violation ( clearance 0.2000 mm; actual 0.0072 mm)
    Local override; error
    @(94.8000 mm, 73.9500 mm): Pad 52 [RTL_3V3] of U1 on F.Cu
    @(95.2000 mm, 73.9500 mm): Track [XTAL_IN] on F.Cu, length 2.9090 mm
[shorting_items]: Items shorting two nets (nets RTL_1V1 and XTAL_OUT)
    Local override; error
    @(96.0000 mm, 73.9500 mm): Pad 55 [RTL_1V1] of U1 on F.Cu
    @(95.6000 mm, 73.9500 mm): Track [XTAL_OUT] on F.Cu, length 2.0156 mm
[track_width]: Track width (board setup constraints min width 0.2000 mm; actual 0.1500 mm)
    Rule: netclass 'Default'; error
    @(87.3000 mm, 61.8000 mm): Track [XTAL_IN] on F.Cu, length 1.2000 mm
[track_width]: Track width (board setup constraints min width 0.2000 mm; actual 0.1500 mm)
    Rule: netclass 'Default'; error
    @(84.4000 mm, 61.8000 mm): Track [XTAL_IN] on F.Cu, length 2.9000 mm
[track_width]: Track width (board setup constraints min width 0.2000 mm; actual 0.1500 mm)
    Rule: netclass 'Default'; error
    @(95.2000 mm, 73.9500 mm): Track [XTAL_IN] on F.Cu, length 2.9090 mm
[track_width]: Track width (board setup constraints min width 0.2000 mm; actual 0.1500 mm)
    Rule: netclass 'Default'; error
    @(84.4000 mm, 76.5000 mm): Track [XTAL_IN] on F.Cu, length 14.7000 mm
[track_width]: Track width (board setup constraints min width 0.2000 mm; actual 0.1500 mm)
    Rule: netclass 'Default'; error
    @(93.8000 mm, 76.5000 mm): Track [XTAL_IN] on B.Cu, length 9.4000 mm
[track_width]: Track width (board setup constraints min width 0.2000 mm; actual 0.1500 mm)
    Rule: netclass 'Default'; error
    @(88.7000 mm, 61.8000 mm): Track [XTAL_OUT] on F.Cu, length 1.2000 mm
[track_width]: Track width (board setup constraints min width 0.2000 mm; actual 0.1500 mm)
    Rule: netclass 'Default'; error
    @(90.4000 mm, 61.8000 mm): Track [XTAL_OUT] on F.Cu, length 1.7000 mm
[track_width]: Track width (board setup constraints min width 0.2000 mm; actual 0.1500 mm)
    Rule: netclass 'Default'; error
    @(90.4000 mm, 75.4000 mm): Track [XTAL_OUT] on F.Cu, length 13.6000 mm
[track_width]: Track width (board setup constraints min width 0.2000 mm; actual 0.1500 mm)
    Rule: netclass 'Default'; error
    @(95.6000 mm, 73.9500 mm): Track [XTAL_OUT] on F.Cu, length 2.0156 mm
[track_width]: Track width (board setup constraints min width 0.2000 mm; actual 0.1500 mm)
    Rule: netclass 'Default'; error
    @(97.0000 mm, 75.4000 mm): Track [XTAL_OUT] on B.Cu, length 6.6000 mm
[solder_mask_bridge]: Front solder mask aperture bridges items with different nets
    Rule: board setup solder mask min width; error
    @(95.6000 mm, 73.9500 mm): Track [XTAL_OUT] on F.Cu, length 2.0156 mm
    @(96.0000 mm, 73.9500 mm): Pad 55 [RTL_1V1] of U1 on F.Cu

** Found 17 unconnected pads **
[unconnected_items]: Missing connection between items
    Local override; error
    @(94.0500 mm, 67.2000 mm): Pad 36 [RTL_1V1] of U1 on F.Cu
    @(94.0500 mm, 68.8000 mm): Pad 40 [RTL_1V1] of U1 on F.Cu
[unconnected_items]: Missing connection between items
    Local override; error
    @(94.0500 mm, 68.8000 mm): Pad 40 [RTL_1V1] of U1 on F.Cu
    @(94.0500 mm, 72.8000 mm): Pad 50 [RTL_1V1] of U1 on F.Cu
[unconnected_items]: Missing connection between items
    Local override; error
    @(94.0500 mm, 72.8000 mm): Pad 50 [RTL_1V1] of U1 on F.Cu
    @(96.0000 mm, 73.9500 mm): Pad 55 [RTL_1V1] of U1 on F.Cu
[unconnected_items]: Missing connection between items
    Local override; error
    @(96.0000 mm, 73.9500 mm): Pad 55 [RTL_1V1] of U1 on F.Cu
    @(98.0000 mm, 73.9500 mm): Pad 60 [RTL_1V1] of U1 on F.Cu
[unconnected_items]: Missing connection between items
    Local override; error
    @(98.0000 mm, 73.9500 mm): Pad 60 [RTL_1V1] of U1 on F.Cu
    @(99.2000 mm, 73.9500 mm): Pad 63 [RTL_1V1] of U1 on F.Cu
[unconnected_items]: Missing connection between items
    Local override; error
    @(98.4000 mm, 66.0500 mm): Pad 25 [RTL_1V1] of U1 on F.Cu
    @(94.0500 mm, 67.2000 mm): Pad 36 [RTL_1V1] of U1 on F.Cu
[unconnected_items]: Missing connection between items
    Local override; error
    @(101.9500 mm, 67.2000 mm): Pad 16 [RTL_1V1] of U1 on F.Cu
    @(98.4000 mm, 66.0500 mm): Pad 25 [RTL_1V1] of U1 on F.Cu
[unconnected_items]: Missing connection between items
    Local override; error
    @(95.2000 mm, 66.0500 mm): Pad 33 [RTL_5V] of U1 on F.Cu
    @(101.9500 mm, 66.8000 mm): Pad 17 [RTL_5V] of U1 on F.Cu
[unconnected_items]: Missing connection between items
    Local override; error
    @(94.0500 mm, 68.4000 mm): Pad 39 [RTL_3V3] of U1 on F.Cu
    @(94.8000 mm, 73.9500 mm): Pad 52 [RTL_3V3] of U1 on F.Cu
[unconnected_items]: Missing connection between items
    Local override; error
    @(94.8000 mm, 66.0500 mm): Pad 34 [RTL_3V3] of U1 on F.Cu
    @(94.0500 mm, 68.4000 mm): Pad 39 [RTL_3V3] of U1 on F.Cu
[unconnected_items]: Missing connection between items
    Local override; error
    @(100.4000 mm, 66.0500 mm): Pad 20 [RTL_3V3] of U1 on F.Cu
    @(94.8000 mm, 66.0500 mm): Pad 34 [RTL_3V3] of U1 on F.Cu
[unconnected_items]: Missing connection between items
    Local override; error
    @(88.6000 mm, 59.0000 mm): Pad 2 [GND] of R1 on F.Cu
    @(85.6000 mm, 63.0000 mm): Pad 2 [GND] of C1 on F.Cu
[unconnected_items]: Missing connection between items
    Local override; error
    @(88.6000 mm, 59.0000 mm): Pad 2 [GND] of R1 on F.Cu
    @(91.6000 mm, 63.0000 mm): Pad 2 [GND] of C2 on F.Cu
[unconnected_items]: Missing connection between items
    Local override; error
    @(91.6000 mm, 63.0000 mm): Pad 2 [GND] of C2 on F.Cu
    @(94.0500 mm, 70.8000 mm): Pad 45 [GND] of U1 on F.Cu
[unconnected_items]: Missing connection between items
    Local override; error
    @(98.0000 mm, 70.0000 mm): Pad 69 [GND] of U1 on F.Cu
    @(94.0500 mm, 70.8000 mm): Pad 45 [GND] of U1 on F.Cu
[unconnected_items]: Missing connection between items
    Local override; error
    @(100.4000 mm, 73.9500 mm): Pad 66 [GND] of U1 on F.Cu
    @(98.0000 mm, 70.0000 mm): Pad 69 [GND] of U1 on F.Cu
[unconnected_items]: Missing connection between items
    Local override; error
    @(87.4000 mm, 59.0000 mm): Pad 1 [RSET] of R1 on F.Cu
    @(94.0500 mm, 73.2000 mm): Pad 51 [RSET] of U1 on F.Cu

** Found 0 Footprint errors **

** Ignored checks **
    - Footprint has no courtyard defined
    - Track endpoint not centered on via
    - Tuning profile track geometries
    - Footprint doesn't match symbol's footprint filters
    - Footprint component type doesn't match footprint pads

** End of Report **
