** Drc report for PHASE24_RTL9210B_U163_SIDE_DROP_V1430.kicad_pcb **
** Created on 2026-09-09T21:36:36 **
** Report includes: Errors, Warnings **

** Found 12 DRC violations **
[shorting_items]: Items shorting two nets (nets SPISI and RTL_1V1)
    Local override; error
    @(101.9500 mm, 73.2000 mm): Track [SPISI] on F.Cu, length 2.0500 mm
    @(102.5000 mm, 73.5000 mm): Via [RTL_1V1] on F.Cu - B.Cu
[shorting_items]: Items shorting two nets (nets RTL_1V1 and LANE0_RXP)
    Local override; error
    @(95.2000 mm, 73.5000 mm): Track [RTL_1V1] on B.Cu, length 7.3000 mm
    @(95.0000 mm, 72.4000 mm): Track [LANE0_RXP] on B.Cu, length 9.6000 mm
[shorting_items]: Items shorting two nets (nets LANE0_RXP and RTL_1V1)
    Local override; error
    @(95.0000 mm, 71.6000 mm): Track [LANE0_RXP] on F.Cu, length 0.8000 mm
    @(95.2000 mm, 71.2000 mm): Track [RTL_1V1] on F.Cu, length 2.3000 mm
[clearance]: Clearance violation ( clearance 0.2000 mm; actual 0.0123 mm)
    Local override; error
    @(94.8000 mm, 73.9500 mm): Pad 1 [<no net>] of U1 on F.Cu
    @(95.2000 mm, 73.5000 mm): Via [RTL_1V1] on F.Cu - B.Cu
[shorting_items]: Items shorting two nets (nets RTL_1V1 and LANE0_RXP)
    Local override; error
    @(95.2000 mm, 73.5000 mm): Via [RTL_1V1] on F.Cu - B.Cu
    @(95.0000 mm, 72.4000 mm): Track [LANE0_RXP] on B.Cu, length 9.6000 mm
[hole_clearance]: Hole clearance violation (board setup constraints hole clearance 0.2500 mm; actual 0.1623 mm)
    Rule: board setup constraints hole; error
    @(94.8000 mm, 73.9500 mm): Pad 1 [<no net>] of U1 on F.Cu
    @(95.2000 mm, 73.5000 mm): Via [RTL_1V1] on F.Cu - B.Cu
[hole_clearance]: Hole clearance violation (board setup constraints hole clearance 0.2500 mm; actual 0.0000 mm)
    Rule: board setup constraints hole; error
    @(95.2000 mm, 73.9500 mm): Pad 2 [<no net>] of U1 on F.Cu
    @(95.2000 mm, 73.5000 mm): Via [RTL_1V1] on F.Cu - B.Cu
[hole_clearance]: Hole clearance violation (board setup constraints hole clearance 0.2500 mm; actual 0.1623 mm)
    Rule: board setup constraints hole; error
    @(95.6000 mm, 73.9500 mm): Pad 3 [RESET_N] of U1 on F.Cu
    @(95.2000 mm, 73.5000 mm): Via [RTL_1V1] on F.Cu - B.Cu
[hole_clearance]: Hole clearance violation (board setup constraints hole clearance 0.2500 mm; actual 0.1106 mm)
    Rule: board setup constraints hole; error
    @(101.9500 mm, 73.2000 mm): Pad 18 [SPISI] of U1 on F.Cu
    @(102.5000 mm, 73.5000 mm): Via [RTL_1V1] on F.Cu - B.Cu
[solder_mask_bridge]: Front solder mask aperture bridges items with different nets
    Rule: board setup solder mask min width; error
    @(102.5000 mm, 73.5000 mm): Via [RTL_1V1] on F.Cu - B.Cu
    @(101.9500 mm, 73.2000 mm): Pad 18 [SPISI] of U1 on F.Cu
[solder_mask_bridge]: Front solder mask aperture bridges items with different nets
    Rule: board setup solder mask min width; error
    @(95.2000 mm, 73.5000 mm): Via [RTL_1V1] on F.Cu - B.Cu
    @(95.2000 mm, 73.9500 mm): Pad 2 [<no net>] of U1 on F.Cu
[solder_mask_bridge]: Front solder mask aperture bridges items with different nets
    Rule: board setup solder mask min width; error
    @(95.2000 mm, 71.2000 mm): Track [RTL_1V1] on F.Cu, length 2.3000 mm
    @(95.2000 mm, 73.9500 mm): Pad 2 [<no net>] of U1 on F.Cu

** Found 9 unconnected pads **
[unconnected_items]: Missing connection between items
    Local override; error
    @(94.0000 mm, 62.0000 mm): Via [GND] on F.Cu - B.Cu
    @(97.2000 mm, 66.0500 mm): Pad 45 [GND] of U1 on F.Cu
[unconnected_items]: Missing connection between items
    Local override; error
    @(94.0500 mm, 72.4000 mm): Pad 66 [GND] of U1 on F.Cu
    @(98.0000 mm, 70.0000 mm): Pad 69 [GND] of U1 on F.Cu
[unconnected_items]: Missing connection between items
    Local override; error
    @(88.0000 mm, 65.0000 mm): Pad 1 [RSET] of R1 on F.Cu
    @(94.8000 mm, 66.0500 mm): Pad 51 [RSET] of U1 on F.Cu
[unconnected_items]: Missing connection between items
    Local override; error
    @(88.0000 mm, 59.0000 mm): Pad 1 [XTAL_IN] of Y1 on F.Cu
    @(88.0000 mm, 62.0000 mm): Pad 1 [XTAL_IN] of C1 on F.Cu
[unconnected_items]: Missing connection between items
    Local override; error
    @(88.0000 mm, 62.0000 mm): Pad 1 [XTAL_IN] of C1 on F.Cu
    @(94.0500 mm, 67.2000 mm): Pad 53 [XTAL_IN] of U1 on F.Cu
[unconnected_items]: Missing connection between items
    Local override; error
    @(89.4000 mm, 59.0000 mm): Pad 2 [XTAL_OUT] of Y1 on F.Cu
    @(91.0000 mm, 62.0000 mm): Pad 1 [XTAL_OUT] of C2 on F.Cu
[unconnected_items]: Missing connection between items
    Local override; error
    @(91.0000 mm, 62.0000 mm): Pad 1 [XTAL_OUT] of C2 on F.Cu
    @(94.0500 mm, 67.6000 mm): Pad 54 [XTAL_OUT] of U1 on F.Cu
[unconnected_items]: Missing connection between items
    Local override; error
    @(94.0500 mm, 70.4000 mm): Pad 61 [REFCLK_P] of U1 on F.Cu
    @(137.2500 mm, 62.7250 mm): Pad 55 [REFCLK_P] of J1 on F.Cu
[unconnected_items]: Missing connection between items
    Local override; error
    @(94.0500 mm, 70.8000 mm): Pad 62 [REFCLK_N] of U1 on F.Cu
    @(136.7500 mm, 62.7250 mm): Pad 53 [REFCLK_N] of J1 on F.Cu

** Found 0 Footprint errors **

** Ignored checks **
    - Footprint has no courtyard defined
    - Track endpoint not centered on via
    - Tuning profile track geometries
    - Footprint doesn't match symbol's footprint filters
    - Footprint component type doesn't match footprint pads

** End of Report **
