** Drc report for PHASE24_CLOCK_COORDINATED_LAYERS.kicad_pcb **
** Created on 2026-09-05T08:37:37 **
** Report includes: Errors, Warnings, Exclusions **

** Found 1 DRC violations **
[text_height]: Text height out of range (board setup constraints silk text height min height 0.8000 mm; actual 0.7000 mm)
    Rule: board setup constraints silk text height; warning
    @(100.0000 mm, 124.1000 mm): Reference field of R23

** Found 8 unconnected pads **
[unconnected_items]: Missing connection between items
    Local override; error
    @(95.5000 mm, 95.5000 mm): Pad 1 [/STORAGE/BRIDGE_CFG] of U7 on F.Cu
    @(102.5000 mm, 95.5000 mm): Pad 21 [/STORAGE/BRIDGE_CFG] of U7 on F.Cu
[unconnected_items]: Missing connection between items
    Local override; error
    @(95.5000 mm, 96.0000 mm): Pad 2 [/STORAGE/BRIDGE_RESET] of U7 on F.Cu
    @(95.5000 mm, 97.0000 mm): Pad 4 [/STORAGE/BRIDGE_RESET] of U7 on F.Cu
[unconnected_items]: Missing connection between items
    Local override; error
    @(95.5000 mm, 96.5000 mm): Pad 3 [/STORAGE/BRIDGE_1V1] of U7 on F.Cu
    @(104.5000 mm, 100.5000 mm): Pad 41 [/STORAGE/BRIDGE_1V1] of U7 on F.Cu
[unconnected_items]: Missing connection between items
    Local override; error
    @(95.5000 mm, 97.5000 mm): Pad 5 [/STORAGE/BRIDGE_SATA_RX_N] of U7 on F.Cu
    @(95.5000 mm, 98.0000 mm): Pad 6 [/STORAGE/BRIDGE_SATA_RX_N] of U7 on F.Cu
[unconnected_items]: Missing connection between items
    Local override; error
    @(95.5000 mm, 98.0000 mm): Pad 6 [/STORAGE/BRIDGE_SATA_RX_N] of U7 on F.Cu
    @(95.5000 mm, 98.5000 mm): Pad 7 [/STORAGE/BRIDGE_SATA_RX_N] of U7 on F.Cu
[unconnected_items]: Missing connection between items
    Local override; error
    @(95.5000 mm, 98.5000 mm): Pad 7 [/STORAGE/BRIDGE_SATA_RX_N] of U7 on F.Cu
    @(95.5000 mm, 99.0000 mm): Pad 8 [/STORAGE/BRIDGE_SATA_RX_N] of U7 on F.Cu
[unconnected_items]: Missing connection between items
    Local override; error
    @(95.5000 mm, 99.0000 mm): Pad 8 [/STORAGE/BRIDGE_SATA_RX_N] of U7 on F.Cu
    @(95.5000 mm, 99.5000 mm): Pad 9 [/STORAGE/BRIDGE_SATA_RX_N] of U7 on F.Cu
[unconnected_items]: Missing connection between items
    Local override; error
    @(95.5000 mm, 99.5000 mm): Pad 9 [/STORAGE/BRIDGE_SATA_RX_N] of U7 on F.Cu
    @(100.5000 mm, 104.5000 mm): Pad 59 [/STORAGE/BRIDGE_SATA_RX_N] of U7 on F.Cu

** Found 0 Footprint errors **

** Ignored checks **
    - Footprint has no courtyard defined
    - Track endpoint not centered on via
    - Tuning profile track geometries
    - Footprint doesn't match symbol's footprint filters
    - Footprint component type doesn't match footprint pads

** End of Report **
