** Drc report for PHASE24_RTL9210B_CLKREQ_SEPARATE_CORRIDOR_V1202.kicad_pcb **
** Created on 2026-09-09T15:01:38 **
** Report includes: Errors, Warnings **

** Found 8 DRC violations **
[tracks_crossing]: Tracks crossing
    Local override; error
    @(99.6000 mm, 73.9500 mm): Track [CLKREQ_N] on F.Cu, length 12.0500 mm
    @(100.8000 mm, 76.0000 mm): Track [RTL_1V1] on F.Cu, length 2.3000 mm
[shorting_items]: Items shorting two nets (nets CLKREQ_N and RTL_3V3)
    Local override; error
    @(120.0000 mm, 75.0000 mm): Via [CLKREQ_N] on F.Cu - B.Cu
    @(119.8000 mm, 74.0000 mm): Track [RTL_3V3] on B.Cu, length 4.0000 mm
[shorting_items]: Items shorting two nets (nets CLKREQ_N and SPICLK)
    Local override; error
    @(117.0000 mm, 86.0000 mm): Track [CLKREQ_N] on F.Cu, length 11.0000 mm
    @(117.4000 mm, 76.4000 mm): Pad 6 [SPICLK] of U2 on F.Cu
[tracks_crossing]: Tracks crossing
    Local override; error
    @(117.4000 mm, 72.0000 mm): Track [SPICLK] on F.Cu, length 4.4000 mm
    @(117.0000 mm, 75.0000 mm): Track [CLKREQ_N] on F.Cu, length 3.0000 mm
[copper_edge_clearance]: Board edge clearance violation (board setup constraints edge clearance 0.5000 mm; actual 0.0000 mm)
    Rule: board setup constraints edge; error
    @(65.0000 mm, 40.0000 mm): Rectangle on Edge.Cuts
    @(99.6000 mm, 73.9500 mm): Track [CLKREQ_N] on F.Cu, length 12.0500 mm
[copper_edge_clearance]: Board edge clearance violation (board setup constraints edge clearance 0.5000 mm; actual 0.0000 mm)
    Rule: board setup constraints edge; error
    @(65.0000 mm, 40.0000 mm): Rectangle on Edge.Cuts
    @(117.0000 mm, 86.0000 mm): Track [CLKREQ_N] on F.Cu, length 11.0000 mm
[solder_mask_bridge]: Front solder mask aperture bridges items with different nets
    Rule: board setup solder mask min width; error
    @(117.0000 mm, 86.0000 mm): Track [CLKREQ_N] on F.Cu, length 11.0000 mm
    @(117.4000 mm, 76.4000 mm): Pad 6 [SPICLK] of U2 on F.Cu
[track_dangling]: Track has unconnected end
    Local override; warning
    @(99.6000 mm, 62.8000 mm): Track [RTL_3V3] on B.Cu, length 1.3000 mm

** Found 11 unconnected pads **
[unconnected_items]: Missing connection between items
    Local override; error
    @(100.0000 mm, 73.9500 mm): Pad 14 [PERST_N] of U1 on F.Cu
    @(136.0000 mm, 70.2750 mm): Pad 50 [PERST_N] of J1 on F.Cu
[unconnected_items]: Missing connection between items
    Local override; error
    @(94.0000 mm, 62.0000 mm): Via [GND] on F.Cu - B.Cu
    @(97.2000 mm, 66.0500 mm): Track [GND] on F.Cu, length 1.5500 mm
[unconnected_items]: Missing connection between items
    Local override; error
    @(94.0500 mm, 70.4000 mm): Pad 61 [REFCLK_P] of U1 on F.Cu
    @(137.2500 mm, 62.7250 mm): Pad 55 [REFCLK_P] of J1 on F.Cu
[unconnected_items]: Missing connection between items
    Local override; error
    @(94.0500 mm, 70.8000 mm): Pad 62 [REFCLK_N] of U1 on F.Cu
    @(136.7500 mm, 62.7250 mm): Pad 53 [REFCLK_N] of J1 on F.Cu
[unconnected_items]: Missing connection between items
    Local override; error
    @(94.0500 mm, 71.6000 mm): Pad 64 [LANE0_RXP] of U1 on F.Cu
    @(134.2500 mm, 62.7250 mm): Pad 43 [LANE0_RXP] of J1 on F.Cu
[unconnected_items]: Missing connection between items
    Local override; error
    @(94.0500 mm, 72.0000 mm): Pad 65 [LANE0_RXN] of U1 on F.Cu
    @(133.7500 mm, 62.7250 mm): Pad 41 [LANE0_RXN] of J1 on F.Cu
[unconnected_items]: Missing connection between items
    Local override; error
    @(94.0500 mm, 72.8000 mm): Pad 67 [LANE0_TXN] of U1 on F.Cu
    @(135.2500 mm, 62.7250 mm): Pad 47 [LANE0_TXN] of J1 on F.Cu
[unconnected_items]: Missing connection between items
    Local override; error
    @(94.0500 mm, 73.2000 mm): Pad 68 [LANE0_TXP] of U1 on F.Cu
    @(135.7500 mm, 62.7250 mm): Pad 49 [LANE0_TXP] of J1 on F.Cu
[unconnected_items]: Missing connection between items
    Local override; error
    @(114.7500 mm, 62.7250 mm): Pad 2 [SSD_3V3] of J1 on F.Cu
    @(115.2500 mm, 62.7250 mm): Pad 4 [SSD_3V3] of J1 on F.Cu
[unconnected_items]: Missing connection between items
    Local override; error
    @(115.2500 mm, 62.7250 mm): Pad 4 [SSD_3V3] of J1 on F.Cu
    @(115.7500 mm, 62.7250 mm): Pad 6 [SSD_3V3] of J1 on F.Cu
[unconnected_items]: Missing connection between items
    Local override; error
    @(115.7500 mm, 62.7250 mm): Pad 6 [SSD_3V3] of J1 on F.Cu
    @(116.2500 mm, 62.7250 mm): Pad 8 [SSD_3V3] of J1 on F.Cu

** Found 0 Footprint errors **

** Ignored checks **
    - Footprint has no courtyard defined
    - Track endpoint not centered on via
    - Tuning profile track geometries
    - Footprint doesn't match symbol's footprint filters
    - Footprint component type doesn't match footprint pads

** End of Report **
