** Drc report for PHASE24_RTL9210B_SUPPORT_BRANCH_RELOCATED_V1.kicad_pcb **
** Created on 2026-09-07T03:46:39 **
** Report includes: Errors, Warnings **

** Found 115 DRC violations **
[tracks_crossing]: Tracks crossing
    Local override; error
    @(83.9500 mm, 58.8000 mm): Track [RTL_3V3] on F.Cu, length 5.6000 mm
    @(83.9500 mm, 62.8000 mm): Track [SPICS] on F.Cu, length 1.0500 mm
[tracks_crossing]: Tracks crossing
    Local override; error
    @(83.9500 mm, 58.8000 mm): Track [RTL_3V3] on F.Cu, length 5.6000 mm
    @(83.9500 mm, 63.2000 mm): Track [SPISO] on F.Cu, length 1.5500 mm
[shorting_items]: Items shorting two nets (nets RTL_3V3 and )
    Local override; error
    @(83.9500 mm, 58.8000 mm): Track [RTL_3V3] on F.Cu, length 5.6000 mm
    @(83.9500 mm, 60.8000 mm): Pad 29 [<no net>] of U1 on F.Cu
[shorting_items]: Items shorting two nets (nets RTL_3V3 and GND)
    Local override; error
    @(93.2000 mm, 80.0000 mm): Track [RTL_3V3] on F.Cu, length 6.0000 mm
    @(94.4000 mm, 80.0000 mm): Pad 4 [GND] of U2 on F.Cu
[shorting_items]: Items shorting two nets (nets RTL_3V3 and CLKREQ_N)
    Local override; error
    @(72.2000 mm, 70.0000 mm): Track [RTL_3V3] on F.Cu, length 3.0000 mm
    @(74.0000 mm, 70.0000 mm): Pad 1 [CLKREQ_N] of R3 on F.Cu
[shorting_items]: Items shorting two nets (nets RTL_3V3 and USB_TXP0)
    Local override; error
    @(81.6000 mm, 58.0500 mm): Track [RTL_3V3] on F.Cu, length 5.5500 mm
    @(80.8000 mm, 58.0500 mm): Pad 41 [USB_TXP0] of U1 on F.Cu
[tracks_crossing]: Tracks crossing
    Local override; error
    @(83.9500 mm, 58.8000 mm): Track [RTL_3V3] on F.Cu, length 5.6000 mm
    @(83.9500 mm, 59.2000 mm): Track [RTL_5V] on F.Cu, length 1.0500 mm
[tracks_crossing]: Tracks crossing
    Local override; error
    @(83.9500 mm, 58.8000 mm): Track [RTL_3V3] on F.Cu, length 5.6000 mm
    @(83.9500 mm, 59.2000 mm): Track [RTL_5V] on F.Cu, length 0.7500 mm
[tracks_crossing]: Tracks crossing
    Local override; error
    @(83.2000 mm, 59.2000 mm): Track [RTL_5V] on F.Cu, length 6.7500 mm
    @(83.9500 mm, 64.4000 mm): Track [RTL_3V3] on F.Cu, length 11.7500 mm
[tracks_crossing]: Tracks crossing
    Local override; error
    @(81.6000 mm, 58.0500 mm): Track [RTL_3V3] on F.Cu, length 5.5500 mm
    @(81.2000 mm, 58.0500 mm): Track [RTL_1V1] on F.Cu, length 1.5500 mm
[tracks_crossing]: Tracks crossing
    Local override; error
    @(81.6000 mm, 58.0500 mm): Track [RTL_3V3] on F.Cu, length 5.5500 mm
    @(81.2000 mm, 58.0500 mm): Track [RTL_1V1] on F.Cu, length 1.6000 mm
[tracks_crossing]: Tracks crossing
    Local override; error
    @(82.8000 mm, 63.2000 mm): Track [RTL_1V1] on F.Cu, length 2.7500 mm
    @(83.9500 mm, 64.4000 mm): Track [RTL_3V3] on F.Cu, length 11.7500 mm
[tracks_crossing]: Tracks crossing
    Local override; error
    @(81.6000 mm, 58.0500 mm): Track [RTL_3V3] on F.Cu, length 5.5500 mm
    @(77.2000 mm, 58.0500 mm): Track [RTL_1V1] on F.Cu, length 4.0000 mm
[tracks_crossing]: Tracks crossing
    Local override; error
    @(81.6000 mm, 58.0500 mm): Track [RTL_3V3] on F.Cu, length 5.5500 mm
    @(81.2000 mm, 58.0500 mm): Track [RTL_1V1] on F.Cu, length 0.0000 mm
[shorting_items]: Items shorting two nets (nets RTL_1V1 and REFCLK_P)
    Local override; error
    @(83.9500 mm, 62.4000 mm): Track [RTL_1V1] on F.Cu, length 7.9000 mm
    @(76.0500 mm, 62.4000 mm): Pad 61 [REFCLK_P] of U1 on F.Cu
[shorting_items]: Items shorting two nets (nets RTL_1V1 and REFCLK_P)
    Local override; error
    @(76.0500 mm, 62.4000 mm): Track [RTL_1V1] on F.Cu, length 0.8000 mm
    @(76.0500 mm, 62.4000 mm): Pad 61 [REFCLK_P] of U1 on F.Cu
[shorting_items]: Items shorting two nets (nets RTL_1V1 and )
    Local override; error
    @(76.0500 mm, 60.0000 mm): Track [RTL_1V1] on F.Cu, length 2.0000 mm
    @(76.0500 mm, 60.4000 mm): Pad 56 [<no net>] of U1 on F.Cu
[tracks_crossing]: Tracks crossing
    Local override; error
    @(81.6000 mm, 58.0500 mm): Track [RTL_3V3] on F.Cu, length 5.5500 mm
    @(77.2000 mm, 58.0500 mm): Track [RTL_1V1] on F.Cu, length 1.5500 mm
[tracks_crossing]: Tracks crossing
    Local override; error
    @(83.2000 mm, 59.2000 mm): Track [RTL_5V] on F.Cu, length 6.7500 mm
    @(76.0500 mm, 62.0000 mm): Track [RTL_1V1] on F.Cu, length 7.9000 mm
[tracks_crossing]: Tracks crossing
    Local override; error
    @(83.9500 mm, 62.0000 mm): Track [RTL_1V1] on F.Cu, length 0.4000 mm
    @(83.9500 mm, 58.8000 mm): Track [RTL_3V3] on F.Cu, length 5.6000 mm
[tracks_crossing]: Tracks crossing
    Local override; error
    @(76.0500 mm, 58.0500 mm): Track [RTL_1V1] on F.Cu, length 1.9500 mm
    @(81.6000 mm, 58.0500 mm): Track [RTL_3V3] on F.Cu, length 5.5500 mm
[tracks_crossing]: Tracks crossing
    Local override; error
    @(81.6000 mm, 58.0500 mm): Track [RTL_3V3] on F.Cu, length 5.5500 mm
    @(82.8000 mm, 58.0500 mm): Track [RTL_1V1] on F.Cu, length 6.7500 mm
[shorting_items]: Items shorting two nets (nets RTL_1V1 and CLKREQ_N)
    Local override; error
    @(81.2000 mm, 56.5000 mm): Via [RTL_1V1] on F.Cu - B.Cu
    @(81.6000 mm, 69.5000 mm): Track [CLKREQ_N] on B.Cu, length 23.5000 mm
[shorting_items]: Items shorting two nets (nets GND and RTL_3V3)
    Local override; error
    @(76.0500 mm, 64.4000 mm): Pad 66 [GND] of U1 on F.Cu
    @(83.9500 mm, 64.4000 mm): Track [RTL_3V3] on F.Cu, length 11.7500 mm
[clearance]: Clearance violation ( clearance 0.2000 mm; actual 0.1000 mm)
    Local override; error
    @(143.0000 mm, 42.0000 mm): Via [GND] on F.Cu - B.Cu
    @(68.0000 mm, 42.5000 mm): Track [PEDET] on F.Cu, length 76.0000 mm
[shorting_items]: Items shorting two nets (nets RTL_1V1 and GND)
    Local override; error
    @(76.0500 mm, 63.2000 mm): Track [RTL_1V1] on F.Cu, length 6.7500 mm
    @(80.0000 mm, 62.0000 mm): Pad 69 [GND] of U1 on F.Cu
[starved_thermal]: Thermal relief connection to zone incomplete (layer F.Cu; zone min spoke count 2; actual 1)
    Local override; error
    @(65.5000 mm, 40.5000 mm): Zone [GND] on F.Cu, priority 0
    @(67.6000 mm, 55.0000 mm): Pad 2 [GND] of C1 on F.Cu
[solder_mask_bridge]: Front solder mask aperture bridges items with different nets
    Rule: board setup solder mask min width; error
    @(81.6000 mm, 58.0500 mm): Track [RTL_3V3] on F.Cu, length 5.5500 mm
    @(81.2000 mm, 58.0500 mm): Pad 40 [RTL_1V1] of U1 on F.Cu
[solder_mask_bridge]: Front solder mask aperture bridges items with different nets
    Rule: board setup solder mask min width; error
    @(81.6000 mm, 58.0500 mm): Track [RTL_3V3] on F.Cu, length 5.5500 mm
    @(80.8000 mm, 58.0500 mm): Pad 41 [USB_TXP0] of U1 on F.Cu
[solder_mask_bridge]: Front solder mask aperture bridges items with different nets
    Rule: board setup solder mask min width; error
    @(81.6000 mm, 58.0500 mm): Track [RTL_3V3] on F.Cu, length 5.5500 mm
    @(80.4000 mm, 58.0500 mm): Pad 42 [USB_TXN0] of U1 on F.Cu
[solder_mask_bridge]: Front solder mask aperture bridges items with different nets
    Rule: board setup solder mask min width; error
    @(81.6000 mm, 58.0500 mm): Track [RTL_3V3] on F.Cu, length 5.5500 mm
    @(80.0000 mm, 58.0500 mm): Pad 43 [<no net>] of U1 on F.Cu
[solder_mask_bridge]: Front solder mask aperture bridges items with different nets
    Rule: board setup solder mask min width; error
    @(81.6000 mm, 58.0500 mm): Track [RTL_3V3] on F.Cu, length 5.5500 mm
    @(79.6000 mm, 58.0500 mm): Pad 44 [<no net>] of U1 on F.Cu
[solder_mask_bridge]: Front solder mask aperture bridges items with different nets
    Rule: board setup solder mask min width; error
    @(81.6000 mm, 58.0500 mm): Track [RTL_3V3] on F.Cu, length 5.5500 mm
    @(79.2000 mm, 58.0500 mm): Pad 45 [GND] of U1 on F.Cu
[solder_mask_bridge]: Front solder mask aperture bridges items with different nets
    Rule: board setup solder mask min width; error
    @(81.6000 mm, 58.0500 mm): Track [RTL_3V3] on F.Cu, length 5.5500 mm
    @(78.8000 mm, 58.0500 mm): Pad 46 [USB_RXP0] of U1 on F.Cu
[solder_mask_bridge]: Front solder mask aperture bridges items with different nets
    Rule: board setup solder mask min width; error
    @(81.6000 mm, 58.0500 mm): Track [RTL_3V3] on F.Cu, length 5.5500 mm
    @(78.4000 mm, 58.0500 mm): Pad 47 [USB_RXN0] of U1 on F.Cu
[solder_mask_bridge]: Front solder mask aperture bridges items with different nets
    Rule: board setup solder mask min width; error
    @(81.6000 mm, 58.0500 mm): Track [RTL_3V3] on F.Cu, length 5.5500 mm
    @(78.0000 mm, 58.0500 mm): Pad 48 [<no net>] of U1 on F.Cu
[solder_mask_bridge]: Front solder mask aperture bridges items with different nets
    Rule: board setup solder mask min width; error
    @(81.6000 mm, 58.0500 mm): Track [RTL_3V3] on F.Cu, length 5.5500 mm
    @(77.6000 mm, 58.0500 mm): Pad 49 [<no net>] of U1 on F.Cu
[solder_mask_bridge]: Front solder mask aperture bridges items with different nets
    Rule: board setup solder mask min width; error
    @(81.6000 mm, 58.0500 mm): Track [RTL_3V3] on F.Cu, length 5.5500 mm
    @(77.2000 mm, 58.0500 mm): Pad 50 [RTL_1V1] of U1 on F.Cu
[solder_mask_bridge]: Front solder mask aperture bridges items with different nets
    Rule: board setup solder mask min width; error
    @(81.6000 mm, 58.0500 mm): Track [RTL_3V3] on F.Cu, length 5.5500 mm
    @(76.8000 mm, 58.0500 mm): Pad 51 [RSET] of U1 on F.Cu
[solder_mask_bridge]: Front solder mask aperture bridges items with different nets
    Rule: board setup solder mask min width; error
    @(72.2000 mm, 70.0000 mm): Track [RTL_3V3] on F.Cu, length 3.0000 mm
    @(74.0000 mm, 70.0000 mm): Pad 1 [CLKREQ_N] of R3 on F.Cu
[solder_mask_bridge]: Front solder mask aperture bridges items with different nets
    Rule: board setup solder mask min width; error
    @(83.9500 mm, 58.8000 mm): Track [RTL_3V3] on F.Cu, length 5.6000 mm
    @(83.9500 mm, 64.0000 mm): Pad 21 [SPISO2] of U1 on F.Cu
[solder_mask_bridge]: Front solder mask aperture bridges items with different nets
    Rule: board setup solder mask min width; error
    @(83.9500 mm, 58.8000 mm): Track [RTL_3V3] on F.Cu, length 5.6000 mm
    @(83.9500 mm, 63.6000 mm): Pad 22 [SPISO3] of U1 on F.Cu
[solder_mask_bridge]: Front solder mask aperture bridges items with different nets
    Rule: board setup solder mask min width; error
    @(83.9500 mm, 58.8000 mm): Track [RTL_3V3] on F.Cu, length 5.6000 mm
    @(83.9500 mm, 63.2000 mm): Pad 23 [SPISO] of U1 on F.Cu
[solder_mask_bridge]: Front solder mask aperture bridges items with different nets
    Rule: board setup solder mask min width; error
    @(83.9500 mm, 58.8000 mm): Track [RTL_3V3] on F.Cu, length 5.6000 mm
    @(83.9500 mm, 62.8000 mm): Pad 24 [SPICS] of U1 on F.Cu
[solder_mask_bridge]: Front solder mask aperture bridges items with different nets
    Rule: board setup solder mask min width; error
    @(83.9500 mm, 58.8000 mm): Track [RTL_3V3] on F.Cu, length 5.6000 mm
    @(83.9500 mm, 62.4000 mm): Pad 25 [RTL_1V1] of U1 on F.Cu
[solder_mask_bridge]: Front solder mask aperture bridges items with different nets
    Rule: board setup solder mask min width; error
    @(83.9500 mm, 58.8000 mm): Track [RTL_3V3] on F.Cu, length 5.6000 mm
    @(83.9500 mm, 62.0000 mm): Pad 26 [DEVSLP] of U1 on F.Cu
[solder_mask_bridge]: Front solder mask aperture bridges items with different nets
    Rule: board setup solder mask min width; error
    @(83.9500 mm, 58.8000 mm): Track [RTL_3V3] on F.Cu, length 5.6000 mm
    @(83.9500 mm, 61.6000 mm): Pad 27 [<no net>] of U1 on F.Cu
[solder_mask_bridge]: Front solder mask aperture bridges items with different nets
    Rule: board setup solder mask min width; error
    @(76.0500 mm, 58.0500 mm): Track [RTL_1V1] on F.Cu, length 1.9500 mm
    @(76.0500 mm, 58.8000 mm): Pad 52 [RTL_3V3] of U1 on F.Cu
[solder_mask_bridge]: Front solder mask aperture bridges items with different nets
    Rule: board setup solder mask min width; error
    @(76.0500 mm, 58.0500 mm): Track [RTL_1V1] on F.Cu, length 1.9500 mm
    @(76.0500 mm, 59.2000 mm): Pad 53 [XTAL_IN] of U1 on F.Cu
[solder_mask_bridge]: Front solder mask aperture bridges items with different nets
    Rule: board setup solder mask min width; error
    @(76.0500 mm, 58.0500 mm): Track [RTL_1V1] on F.Cu, length 1.9500 mm
    @(76.0500 mm, 59.6000 mm): Pad 54 [XTAL_OUT] of U1 on F.Cu
[solder_mask_bridge]: Front solder mask aperture bridges items with different nets
    Rule: board setup solder mask min width; error
    @(83.9500 mm, 62.0000 mm): Track [RTL_1V1] on F.Cu, length 0.4000 mm
    @(83.9500 mm, 62.0000 mm): Pad 26 [DEVSLP] of U1 on F.Cu
[solder_mask_bridge]: Front solder mask aperture bridges items with different nets
    Rule: board setup solder mask min width; error
    @(82.8000 mm, 58.0500 mm): Track [RTL_1V1] on F.Cu, length 6.7500 mm
    @(80.8000 mm, 58.0500 mm): Pad 41 [USB_TXP0] of U1 on F.Cu
[solder_mask_bridge]: Front solder mask aperture bridges items with different nets
    Rule: board setup solder mask min width; error
    @(82.8000 mm, 58.0500 mm): Track [RTL_1V1] on F.Cu, length 6.7500 mm
    @(80.4000 mm, 58.0500 mm): Pad 42 [USB_TXN0] of U1 on F.Cu
[solder_mask_bridge]: Front solder mask aperture bridges items with different nets
    Rule: board setup solder mask min width; error
    @(82.8000 mm, 58.0500 mm): Track [RTL_1V1] on F.Cu, length 6.7500 mm
    @(80.0000 mm, 58.0500 mm): Pad 43 [<no net>] of U1 on F.Cu
[solder_mask_bridge]: Front solder mask aperture bridges items with different nets
    Rule: board setup solder mask min width; error
    @(82.8000 mm, 58.0500 mm): Track [RTL_1V1] on F.Cu, length 6.7500 mm
    @(79.6000 mm, 58.0500 mm): Pad 44 [<no net>] of U1 on F.Cu
[solder_mask_bridge]: Front solder mask aperture bridges items with different nets
    Rule: board setup solder mask min width; error
    @(82.8000 mm, 58.0500 mm): Track [RTL_1V1] on F.Cu, length 6.7500 mm
    @(79.2000 mm, 58.0500 mm): Pad 45 [GND] of U1 on F.Cu
[solder_mask_bridge]: Front solder mask aperture bridges items with different nets
    Rule: board setup solder mask min width; error
    @(82.8000 mm, 58.0500 mm): Track [RTL_1V1] on F.Cu, length 6.7500 mm
    @(78.8000 mm, 58.0500 mm): Pad 46 [USB_RXP0] of U1 on F.Cu
[solder_mask_bridge]: Front solder mask aperture bridges items with different nets
    Rule: board setup solder mask min width; error
    @(83.9500 mm, 58.8000 mm): Track [RTL_3V3] on F.Cu, length 5.6000 mm
    @(83.9500 mm, 61.2000 mm): Pad 28 [<no net>] of U1 on F.Cu
[solder_mask_bridge]: Front solder mask aperture bridges items with different nets
    Rule: board setup solder mask min width; error
    @(83.9500 mm, 58.8000 mm): Track [RTL_3V3] on F.Cu, length 5.6000 mm
    @(83.9500 mm, 60.8000 mm): Pad 29 [<no net>] of U1 on F.Cu
[solder_mask_bridge]: Front solder mask aperture bridges items with different nets
    Rule: board setup solder mask min width; error
    @(83.9500 mm, 58.8000 mm): Track [RTL_3V3] on F.Cu, length 5.6000 mm
    @(83.9500 mm, 60.4000 mm): Pad 30 [<no net>] of U1 on F.Cu
[solder_mask_bridge]: Front solder mask aperture bridges items with different nets
    Rule: board setup solder mask min width; error
    @(83.9500 mm, 58.8000 mm): Track [RTL_3V3] on F.Cu, length 5.6000 mm
    @(83.9500 mm, 60.0000 mm): Pad 31 [<no net>] of U1 on F.Cu
[solder_mask_bridge]: Front solder mask aperture bridges items with different nets
    Rule: board setup solder mask min width; error
    @(83.9500 mm, 58.8000 mm): Track [RTL_3V3] on F.Cu, length 5.6000 mm
    @(83.9500 mm, 59.6000 mm): Pad 32 [<no net>] of U1 on F.Cu
[solder_mask_bridge]: Front solder mask aperture bridges items with different nets
    Rule: board setup solder mask min width; error
    @(83.9500 mm, 58.8000 mm): Track [RTL_3V3] on F.Cu, length 5.6000 mm
    @(83.9500 mm, 59.2000 mm): Pad 33 [RTL_5V] of U1 on F.Cu
[solder_mask_bridge]: Front solder mask aperture bridges items with different nets
    Rule: board setup solder mask min width; error
    @(93.2000 mm, 80.0000 mm): Track [RTL_3V3] on F.Cu, length 6.0000 mm
    @(94.4000 mm, 80.0000 mm): Pad 4 [GND] of U2 on F.Cu
[solder_mask_bridge]: Front solder mask aperture bridges items with different nets
    Rule: board setup solder mask min width; error
    @(93.2000 mm, 80.0000 mm): Track [RTL_3V3] on F.Cu, length 6.0000 mm
    @(95.6000 mm, 80.0000 mm): Pad 5 [SPISI] of U2 on F.Cu
[solder_mask_bridge]: Front solder mask aperture bridges items with different nets
    Rule: board setup solder mask min width; error
    @(93.2000 mm, 80.0000 mm): Track [RTL_3V3] on F.Cu, length 6.0000 mm
    @(96.8000 mm, 80.0000 mm): Pad 6 [SPICLK] of U2 on F.Cu
[solder_mask_bridge]: Front solder mask aperture bridges items with different nets
    Rule: board setup solder mask min width; error
    @(93.2000 mm, 80.0000 mm): Track [RTL_3V3] on F.Cu, length 6.0000 mm
    @(98.0000 mm, 80.0000 mm): Pad 7 [SPISO3] of U2 on F.Cu
[solder_mask_bridge]: Front solder mask aperture bridges items with different nets
    Rule: board setup solder mask min width; error
    @(83.9500 mm, 64.4000 mm): Track [RTL_3V3] on F.Cu, length 11.7500 mm
    @(80.0000 mm, 62.0000 mm): Pad 69 [GND] of U1 on F.Cu
[solder_mask_bridge]: Front solder mask aperture bridges items with different nets
    Rule: board setup solder mask min width; error
    @(83.9500 mm, 64.4000 mm): Track [RTL_3V3] on F.Cu, length 11.7500 mm
    @(76.0500 mm, 64.4000 mm): Pad 66 [GND] of U1 on F.Cu
[solder_mask_bridge]: Front solder mask aperture bridges items with different nets
    Rule: board setup solder mask min width; error
    @(82.8000 mm, 58.0500 mm): Track [RTL_1V1] on F.Cu, length 6.7500 mm
    @(78.4000 mm, 58.0500 mm): Pad 47 [USB_RXN0] of U1 on F.Cu
[solder_mask_bridge]: Front solder mask aperture bridges items with different nets
    Rule: board setup solder mask min width; error
    @(82.8000 mm, 58.0500 mm): Track [RTL_1V1] on F.Cu, length 6.7500 mm
    @(78.0000 mm, 58.0500 mm): Pad 48 [<no net>] of U1 on F.Cu
[solder_mask_bridge]: Front solder mask aperture bridges items with different nets
    Rule: board setup solder mask min width; error
    @(82.8000 mm, 58.0500 mm): Track [RTL_1V1] on F.Cu, length 6.7500 mm
    @(77.6000 mm, 58.0500 mm): Pad 49 [<no net>] of U1 on F.Cu
[solder_mask_bridge]: Front solder mask aperture bridges items with different nets
    Rule: board setup solder mask min width; error
    @(82.8000 mm, 58.0500 mm): Track [RTL_1V1] on F.Cu, length 6.7500 mm
    @(76.8000 mm, 58.0500 mm): Pad 51 [RSET] of U1 on F.Cu
[solder_mask_bridge]: Front solder mask aperture bridges items with different nets
    Rule: board setup solder mask min width; error
    @(82.8000 mm, 58.0500 mm): Track [RTL_1V1] on F.Cu, length 6.7500 mm
    @(82.4000 mm, 58.0500 mm): Pad 37 [USB_DP] of U1 on F.Cu
[solder_mask_bridge]: Front solder mask aperture bridges items with different nets
    Rule: board setup solder mask min width; error
    @(82.8000 mm, 58.0500 mm): Track [RTL_1V1] on F.Cu, length 6.7500 mm
    @(82.0000 mm, 58.0500 mm): Pad 38 [USB_DM] of U1 on F.Cu
[solder_mask_bridge]: Front solder mask aperture bridges items with different nets
    Rule: board setup solder mask min width; error
    @(82.8000 mm, 58.0500 mm): Track [RTL_1V1] on F.Cu, length 6.7500 mm
    @(81.6000 mm, 58.0500 mm): Pad 39 [RTL_3V3] of U1 on F.Cu
[solder_mask_bridge]: Front solder mask aperture bridges items with different nets
    Rule: board setup solder mask min width; error
    @(76.0500 mm, 62.0000 mm): Track [RTL_1V1] on F.Cu, length 7.9000 mm
    @(83.9500 mm, 62.0000 mm): Pad 26 [DEVSLP] of U1 on F.Cu
[solder_mask_bridge]: Front solder mask aperture bridges items with different nets
    Rule: board setup solder mask min width; error
    @(76.0500 mm, 62.0000 mm): Track [RTL_1V1] on F.Cu, length 7.9000 mm
    @(80.0000 mm, 62.0000 mm): Pad 69 [GND] of U1 on F.Cu
[solder_mask_bridge]: Front solder mask aperture bridges items with different nets
    Rule: board setup solder mask min width; error
    @(76.0500 mm, 63.2000 mm): Track [RTL_1V1] on F.Cu, length 6.7500 mm
    @(80.0000 mm, 62.0000 mm): Pad 69 [GND] of U1 on F.Cu
[solder_mask_bridge]: Front solder mask aperture bridges items with different nets
    Rule: board setup solder mask min width; error
    @(76.0500 mm, 62.4000 mm): Track [RTL_1V1] on F.Cu, length 0.8000 mm
    @(76.0500 mm, 62.4000 mm): Pad 61 [REFCLK_P] of U1 on F.Cu
[solder_mask_bridge]: Front solder mask aperture bridges items with different nets
    Rule: board setup solder mask min width; error
    @(76.0500 mm, 62.4000 mm): Track [RTL_1V1] on F.Cu, length 0.8000 mm
    @(76.0500 mm, 62.8000 mm): Pad 62 [REFCLK_N] of U1 on F.Cu
[solder_mask_bridge]: Front solder mask aperture bridges items with different nets
    Rule: board setup solder mask min width; error
    @(76.0500 mm, 60.0000 mm): Track [RTL_1V1] on F.Cu, length 2.0000 mm
    @(76.0500 mm, 60.4000 mm): Pad 56 [<no net>] of U1 on F.Cu
[solder_mask_bridge]: Front solder mask aperture bridges items with different nets
    Rule: board setup solder mask min width; error
    @(76.0500 mm, 60.0000 mm): Track [RTL_1V1] on F.Cu, length 2.0000 mm
    @(76.0500 mm, 60.8000 mm): Pad 57 [<no net>] of U1 on F.Cu
[solder_mask_bridge]: Front solder mask aperture bridges items with different nets
    Rule: board setup solder mask min width; error
    @(76.0500 mm, 60.0000 mm): Track [RTL_1V1] on F.Cu, length 2.0000 mm
    @(76.0500 mm, 61.2000 mm): Pad 58 [<no net>] of U1 on F.Cu
[solder_mask_bridge]: Front solder mask aperture bridges items with different nets
    Rule: board setup solder mask min width; error
    @(76.0500 mm, 60.0000 mm): Track [RTL_1V1] on F.Cu, length 2.0000 mm
    @(76.0500 mm, 61.6000 mm): Pad 59 [<no net>] of U1 on F.Cu
[solder_mask_bridge]: Front solder mask aperture bridges items with different nets
    Rule: board setup solder mask min width; error
    @(83.9500 mm, 62.4000 mm): Track [RTL_1V1] on F.Cu, length 7.9000 mm
    @(80.0000 mm, 62.0000 mm): Pad 69 [GND] of U1 on F.Cu
[solder_mask_bridge]: Front solder mask aperture bridges items with different nets
    Rule: board setup solder mask min width; error
    @(83.9500 mm, 62.4000 mm): Track [RTL_1V1] on F.Cu, length 7.9000 mm
    @(76.0500 mm, 62.4000 mm): Pad 61 [REFCLK_P] of U1 on F.Cu
[solder_mask_bridge]: Front solder mask aperture bridges items with different nets
    Rule: board setup solder mask min width; error
    @(77.2000 mm, 58.0500 mm): Track [RTL_1V1] on F.Cu, length 4.0000 mm
    @(80.8000 mm, 58.0500 mm): Pad 41 [USB_TXP0] of U1 on F.Cu
[solder_mask_bridge]: Front solder mask aperture bridges items with different nets
    Rule: board setup solder mask min width; error
    @(77.2000 mm, 58.0500 mm): Track [RTL_1V1] on F.Cu, length 4.0000 mm
    @(80.4000 mm, 58.0500 mm): Pad 42 [USB_TXN0] of U1 on F.Cu
[solder_mask_bridge]: Front solder mask aperture bridges items with different nets
    Rule: board setup solder mask min width; error
    @(77.2000 mm, 58.0500 mm): Track [RTL_1V1] on F.Cu, length 4.0000 mm
    @(80.0000 mm, 58.0500 mm): Pad 43 [<no net>] of U1 on F.Cu
[solder_mask_bridge]: Front solder mask aperture bridges items with different nets
    Rule: board setup solder mask min width; error
    @(77.2000 mm, 58.0500 mm): Track [RTL_1V1] on F.Cu, length 4.0000 mm
    @(79.6000 mm, 58.0500 mm): Pad 44 [<no net>] of U1 on F.Cu
[solder_mask_bridge]: Front solder mask aperture bridges items with different nets
    Rule: board setup solder mask min width; error
    @(77.2000 mm, 58.0500 mm): Track [RTL_1V1] on F.Cu, length 4.0000 mm
    @(79.2000 mm, 58.0500 mm): Pad 45 [GND] of U1 on F.Cu
[solder_mask_bridge]: Front solder mask aperture bridges items with different nets
    Rule: board setup solder mask min width; error
    @(77.2000 mm, 58.0500 mm): Track [RTL_1V1] on F.Cu, length 4.0000 mm
    @(78.8000 mm, 58.0500 mm): Pad 46 [USB_RXP0] of U1 on F.Cu
[solder_mask_bridge]: Front solder mask aperture bridges items with different nets
    Rule: board setup solder mask min width; error
    @(77.2000 mm, 58.0500 mm): Track [RTL_1V1] on F.Cu, length 4.0000 mm
    @(78.4000 mm, 58.0500 mm): Pad 47 [USB_RXN0] of U1 on F.Cu
[solder_mask_bridge]: Front solder mask aperture bridges items with different nets
    Rule: board setup solder mask min width; error
    @(77.2000 mm, 58.0500 mm): Track [RTL_1V1] on F.Cu, length 4.0000 mm
    @(78.0000 mm, 58.0500 mm): Pad 48 [<no net>] of U1 on F.Cu
[solder_mask_bridge]: Front solder mask aperture bridges items with different nets
    Rule: board setup solder mask min width; error
    @(77.2000 mm, 58.0500 mm): Track [RTL_1V1] on F.Cu, length 4.0000 mm
    @(77.6000 mm, 58.0500 mm): Pad 49 [<no net>] of U1 on F.Cu
[solder_mask_bridge]: Front solder mask aperture bridges items with different nets
    Rule: board setup solder mask min width; error
    @(81.2000 mm, 58.0500 mm): Track [RTL_1V1] on F.Cu, length 1.6000 mm
    @(82.4000 mm, 58.0500 mm): Pad 37 [USB_DP] of U1 on F.Cu
[solder_mask_bridge]: Front solder mask aperture bridges items with different nets
    Rule: board setup solder mask min width; error
    @(81.2000 mm, 58.0500 mm): Track [RTL_1V1] on F.Cu, length 1.6000 mm
    @(82.0000 mm, 58.0500 mm): Pad 38 [USB_DM] of U1 on F.Cu
[solder_mask_bridge]: Front solder mask aperture bridges items with different nets
    Rule: board setup solder mask min width; error
    @(81.2000 mm, 58.0500 mm): Track [RTL_1V1] on F.Cu, length 1.6000 mm
    @(81.6000 mm, 58.0500 mm): Pad 39 [RTL_3V3] of U1 on F.Cu
[track_dangling]: Track has unconnected end
    Local override; warning
    @(90.8000 mm, 48.0000 mm): Track [SPICS] on F.Cu, length 10.0000 mm
[track_dangling]: Track has unconnected end
    Local override; warning
    @(92.0000 mm, 49.0000 mm): Track [SPISO] on F.Cu, length 9.0000 mm
[track_dangling]: Track has unconnected end
    Local override; warning
    @(68.0000 mm, 48.0000 mm): Track [PEDET] on F.Cu, length 3.0000 mm
[track_dangling]: Track has unconnected end
    Local override; warning
    @(74.0000 mm, 46.0000 mm): Track [CLKREQ_N] on F.Cu, length 2.0000 mm
[track_dangling]: Track has unconnected end
    Local override; warning
    @(103.4000 mm, 50.0000 mm): Track [RTL_1V1] on F.Cu, length 1.0000 mm
[track_dangling]: Track has unconnected end
    Local override; warning
    @(106.4000 mm, 50.0000 mm): Track [RTL_5V] on F.Cu, length 1.0000 mm
[track_dangling]: Track has unconnected end
    Local override; warning
    @(95.6000 mm, 46.0000 mm): Track [SPISI] on F.Cu, length 12.0000 mm
[track_dangling]: Track has unconnected end
    Local override; warning
    @(96.8000 mm, 55.5000 mm): Track [SPICLK] on F.Cu, length 2.5000 mm
[track_dangling]: Track has unconnected end
    Local override; warning
    @(93.2000 mm, 58.0000 mm): Track [RTL_3V3] on F.Cu, length 16.0000 mm
[track_dangling]: Track has unconnected end
    Local override; warning
    @(100.4000 mm, 51.0000 mm): Track [RTL_3V3] on F.Cu, length 9.0000 mm
[track_dangling]: Track has unconnected end
    Local override; warning
    @(99.2000 mm, 58.0000 mm): Track [RTL_3V3] on F.Cu, length 16.0000 mm
[track_dangling]: Track has unconnected end
    Local override; warning
    @(75.2000 mm, 48.0000 mm): Track [RTL_3V3] on F.Cu, length 6.0000 mm
[track_dangling]: Track has unconnected end
    Local override; warning
    @(72.2000 mm, 48.0000 mm): Track [RTL_3V3] on F.Cu, length 6.0000 mm
[track_dangling]: Track has unconnected end
    Local override; warning
    @(98.0000 mm, 50.0000 mm): Track [SPISO3] on F.Cu, length 8.0000 mm
[silk_over_copper]: Silkscreen clipped by solder mask
    Local override; warning
    @(95.0000 mm, 78.5000 mm): Reference field of U2
    @(96.0000 mm, 78.0000 mm): Pad 1 [SPISI] of TP3 on F.Cu
[copper_sliver]: Copper sliver (B.Cu)
    Local override; warning

** Found 31 unconnected pads **
[unconnected_items]: Missing connection between items
    Local override; error
    @(85.0000 mm, 62.8000 mm): Track [SPICS] on F.Cu, length 1.8000 mm
    @(88.0000 mm, 78.0000 mm): Pad 1 [SPICS] of TP1 on F.Cu
[unconnected_items]: Missing connection between items
    Local override; error
    @(88.0000 mm, 78.0000 mm): Pad 1 [SPICS] of TP1 on F.Cu
    @(90.8000 mm, 80.0000 mm): Pad 1 [SPICS] of U2 on F.Cu
[unconnected_items]: Missing connection between items
    Local override; error
    @(92.0000 mm, 80.0000 mm): Pad 2 [SPISO] of U2 on F.Cu
    @(100.0000 mm, 78.0000 mm): Pad 1 [SPISO] of TP4 on F.Cu
[unconnected_items]: Missing connection between items
    Local override; error
    @(92.0000 mm, 80.0000 mm): Pad 2 [SPISO] of U2 on F.Cu
    @(83.9500 mm, 63.2000 mm): Track [SPISO] on F.Cu, length 1.5500 mm
[unconnected_items]: Missing connection between items
    Local override; error
    @(79.6000 mm, 68.5000 mm): Track [PEDET] on B.Cu, length 11.6000 mm
    @(71.0000 mm, 70.0000 mm): Pad 1 [PEDET] of R2 on F.Cu
[unconnected_items]: Missing connection between items
    Local override; error
    @(74.0000 mm, 70.0000 mm): Pad 1 [CLKREQ_N] of R3 on F.Cu
    @(81.6000 mm, 69.5000 mm): Track [CLKREQ_N] on B.Cu, length 23.5000 mm
[unconnected_items]: Missing connection between items
    Local override; error
    @(103.4000 mm, 73.0000 mm): Pad 1 [RTL_1V1] of C4 on F.Cu
    @(82.8000 mm, 68.5000 mm): Track [RTL_1V1] on B.Cu, length 1.0000 mm
[unconnected_items]: Missing connection between items
    Local override; error
    @(106.4000 mm, 50.0000 mm): Track [RTL_5V] on F.Cu, length 1.0000 mm
    @(106.4000 mm, 73.0000 mm): Pad 1 [RTL_5V] of C5 on F.Cu
[unconnected_items]: Missing connection between items
    Local override; error
    @(85.5000 mm, 70.0000 mm): Track [SPISI] on F.Cu, length 10.1000 mm
    @(96.0000 mm, 78.0000 mm): Pad 1 [SPISI] of TP3 on F.Cu
[unconnected_items]: Missing connection between items
    Local override; error
    @(95.6000 mm, 80.0000 mm): Pad 5 [SPISI] of U2 on F.Cu
    @(96.0000 mm, 78.0000 mm): Pad 1 [SPISI] of TP3 on F.Cu
[unconnected_items]: Missing connection between items
    Local override; error
    @(92.0000 mm, 78.0000 mm): Pad 1 [SPICLK] of TP2 on F.Cu
    @(96.8000 mm, 80.0000 mm): Pad 6 [SPICLK] of U2 on F.Cu
[unconnected_items]: Missing connection between items
    Local override; error
    @(92.0000 mm, 78.0000 mm): Pad 1 [SPICLK] of TP2 on F.Cu
    @(89.0000 mm, 64.8000 mm): Via [SPICLK] on F.Cu - B.Cu
[unconnected_items]: Missing connection between items
    Local override; error
    @(76.0500 mm, 58.8000 mm): Track [RTL_3V3] on F.Cu, length 7.9000 mm
    @(93.2000 mm, 58.0000 mm): Track [RTL_3V3] on F.Cu, length 16.0000 mm
[unconnected_items]: Missing connection between items
    Local override; error
    @(93.2000 mm, 58.0000 mm): Track [RTL_3V3] on F.Cu, length 16.0000 mm
    @(99.2000 mm, 58.0000 mm): Track [RTL_3V3] on F.Cu, length 16.0000 mm
[unconnected_items]: Missing connection between items
    Local override; error
    @(93.2000 mm, 73.0000 mm): Track [RTL_3V3] on F.Cu, length 7.0000 mm
    @(83.9500 mm, 58.8000 mm): Track [RTL_3V3] on F.Cu, length 5.6000 mm
[unconnected_items]: Missing connection between items
    Local override; error
    @(100.4000 mm, 51.0000 mm): Track [RTL_3V3] on F.Cu, length 9.0000 mm
    @(99.2000 mm, 58.0000 mm): Track [RTL_3V3] on F.Cu, length 16.0000 mm
[unconnected_items]: Missing connection between items
    Local override; error
    @(86.0000 mm, 63.0000 mm): Track [SPISO3] on F.Cu, length 2.0000 mm
    @(98.0000 mm, 80.0000 mm): Pad 7 [SPISO3] of U2 on F.Cu
[unconnected_items]: Missing connection between items
    Local override; error
    @(75.0000 mm, 54.0000 mm): Via [GND] on F.Cu - B.Cu
    @(79.2000 mm, 58.0500 mm): Pad 45 [GND] of U1 on F.Cu
[unconnected_items]: Missing connection between items
    Local override; error
    @(80.0000 mm, 62.0000 mm): Pad 69 [GND] of U1 on F.Cu
    @(79.2000 mm, 58.0500 mm): Pad 45 [GND] of U1 on F.Cu
[unconnected_items]: Missing connection between items
    Local override; error
    @(80.0000 mm, 62.0000 mm): Pad 69 [GND] of U1 on F.Cu
    @(76.0500 mm, 64.4000 mm): Pad 66 [GND] of U1 on F.Cu
[unconnected_items]: Missing connection between items
    Local override; error
    @(104.0000 mm, 78.0000 mm): Pad 1 [GND] of TP5 on F.Cu
    @(94.4000 mm, 80.0000 mm): Pad 4 [GND] of U2 on F.Cu
[unconnected_items]: Missing connection between items
    Local override; error
    @(69.4000 mm, 51.0000 mm): Pad 1 [RSET] of R1 on F.Cu
    @(76.8000 mm, 58.0500 mm): Pad 51 [RSET] of U1 on F.Cu
[unconnected_items]: Missing connection between items
    Local override; error
    @(76.0500 mm, 62.4000 mm): Pad 61 [REFCLK_P] of U1 on F.Cu
    @(137.2500 mm, 62.7250 mm): Pad 55 [REFCLK_P] of J1 on F.Cu
[unconnected_items]: Missing connection between items
    Local override; error
    @(76.0500 mm, 62.8000 mm): Pad 62 [REFCLK_N] of U1 on F.Cu
    @(136.7500 mm, 62.7250 mm): Pad 53 [REFCLK_N] of J1 on F.Cu
[unconnected_items]: Missing connection between items
    Local override; error
    @(76.0500 mm, 63.6000 mm): Pad 64 [LANE0_RXP] of U1 on F.Cu
    @(134.2500 mm, 62.7250 mm): Pad 43 [LANE0_RXP] of J1 on F.Cu
[unconnected_items]: Missing connection between items
    Local override; error
    @(76.0500 mm, 64.0000 mm): Pad 65 [LANE0_RXN] of U1 on F.Cu
    @(133.7500 mm, 62.7250 mm): Pad 41 [LANE0_RXN] of J1 on F.Cu
[unconnected_items]: Missing connection between items
    Local override; error
    @(76.0500 mm, 64.8000 mm): Pad 67 [LANE0_TXN] of U1 on F.Cu
    @(135.2500 mm, 62.7250 mm): Pad 47 [LANE0_TXN] of J1 on F.Cu
[unconnected_items]: Missing connection between items
    Local override; error
    @(76.0500 mm, 65.2000 mm): Pad 68 [LANE0_TXP] of U1 on F.Cu
    @(135.7500 mm, 62.7250 mm): Pad 49 [LANE0_TXP] of J1 on F.Cu
[unconnected_items]: Missing connection between items
    Local override; error
    @(114.7500 mm, 62.7250 mm): Pad 2 [SSD_3V3] of J1 on F.Cu
    @(115.2500 mm, 62.7250 mm): Pad 4 [SSD_3V3] of J1 on F.Cu
[unconnected_items]: Missing connection between items
    Local override; error
    @(115.2500 mm, 62.7250 mm): Pad 4 [SSD_3V3] of J1 on F.Cu
    @(115.7500 mm, 62.7250 mm): Pad 6 [SSD_3V3] of J1 on F.Cu
[unconnected_items]: Missing connection between items
    Local override; error
    @(115.7500 mm, 62.7250 mm): Pad 6 [SSD_3V3] of J1 on F.Cu
    @(116.2500 mm, 62.7250 mm): Pad 8 [SSD_3V3] of J1 on F.Cu

** Found 0 Footprint errors **

** Ignored checks **
    - Footprint has no courtyard defined
    - Track endpoint not centered on via
    - Tuning profile track geometries
    - Footprint doesn't match symbol's footprint filters
    - Footprint component type doesn't match footprint pads

** End of Report **
