** Drc report for PHASE24_RTL9210B_LANE0_SOURCE_ESCAPE_V1245.kicad_pcb **
** Created on 2026-09-09T16:04:00 **
** Report includes: Errors, Warnings **

** Found 16 DRC violations **
[shorting_items]: Items shorting two nets (nets CLKREQ_N and LANE0_TXP)
    Local override; error
    @(98.8000 mm, 76.0000 mm): Track [CLKREQ_N] on B.Cu, length 28.8000 mm
    @(95.4000 mm, 76.2000 mm): Via [LANE0_TXP] on F.Cu - B.Cu
[tracks_crossing]: Tracks crossing
    Local override; error
    @(93.3000 mm, 71.6000 mm): Track [LANE0_RXP] on F.Cu, length 3.9000 mm
    @(94.0500 mm, 72.0000 mm): Track [LANE0_RXN] on F.Cu, length 1.3500 mm
[shorting_items]: Items shorting two nets (nets  and LANE0_TXP)
    Local override; error
    @(95.2000 mm, 73.9500 mm): Pad 2 [<no net>] of U1 on F.Cu
    @(95.4000 mm, 73.2000 mm): Track [LANE0_TXP] on F.Cu, length 3.0000 mm
[shorting_items]: Items shorting two nets (nets LANE0_RXP and RTL_1V1)
    Local override; error
    @(93.3000 mm, 71.6000 mm): Track [LANE0_RXP] on F.Cu, length 3.9000 mm
    @(93.2000 mm, 74.0000 mm): Via [RTL_1V1] on F.Cu - B.Cu
[shorting_items]: Items shorting two nets (nets LANE0_RXP and RTL_1V1)
    Local override; error
    @(94.0500 mm, 71.6000 mm): Track [LANE0_RXP] on F.Cu, length 0.7500 mm
    @(93.2000 mm, 71.2000 mm): Track [RTL_1V1] on F.Cu, length 2.8000 mm
[shorting_items]: Items shorting two nets (nets PEDET and LANE0_TXP)
    Local override; error
    @(97.6000 mm, 76.5000 mm): Track [PEDET] on F.Cu, length 2.6000 mm
    @(95.4000 mm, 76.2000 mm): Via [LANE0_TXP] on F.Cu - B.Cu
[clearance]: Clearance violation ( clearance 0.2000 mm; actual 0.1000 mm)
    Local override; error
    @(95.0000 mm, 76.5000 mm): Track [PEDET] on F.Cu, length 1.0000 mm
    @(95.4000 mm, 76.2000 mm): Via [LANE0_TXP] on F.Cu - B.Cu
[shorting_items]: Items shorting two nets (nets REFCLK_N and LANE0_RXN)
    Local override; error
    @(92.5000 mm, 70.8000 mm): Track [REFCLK_N] on F.Cu, length 8.4000 mm
    @(94.0500 mm, 72.0000 mm): Track [LANE0_RXN] on F.Cu, length 1.3500 mm
[tracks_crossing]: Tracks crossing
    Local override; error
    @(94.0500 mm, 73.2000 mm): Track [LANE0_TXP] on F.Cu, length 1.3500 mm
    @(94.8000 mm, 72.8000 mm): Track [LANE0_TXN] on F.Cu, length 2.7000 mm
[solder_mask_bridge]: Front solder mask aperture bridges items with different nets
    Rule: board setup solder mask min width; error
    @(94.8000 mm, 72.8000 mm): Track [LANE0_TXN] on F.Cu, length 2.7000 mm
    @(94.8000 mm, 73.9500 mm): Pad 1 [<no net>] of U1 on F.Cu
[via_dangling]: Via is not connected or connected on only one layer
    Local override; warning
    @(109.5000 mm, 68.5000 mm): Via [RTL_1V1] on F.Cu - B.Cu
[via_dangling]: Via is not connected or connected on only one layer
    Local override; warning
    @(104.5000 mm, 77.0000 mm): Via [RTL_1V1] on F.Cu - B.Cu
[track_dangling]: Track has unconnected end
    Local override; warning
    @(130.0000 mm, 69.0000 mm): Track [RTL_1V1] on In2.PWR, length 21.0000 mm
[track_dangling]: Track has unconnected end
    Local override; warning
    @(99.6000 mm, 62.8000 mm): Track [RTL_3V3] on B.Cu, length 1.3000 mm
[via_dangling]: Via is not connected or connected on only one layer
    Local override; warning
    @(93.3000 mm, 75.5000 mm): Via [LANE0_RXP] on F.Cu - B.Cu
[via_dangling]: Via is not connected or connected on only one layer
    Local override; warning
    @(94.8000 mm, 75.5000 mm): Via [LANE0_TXN] on F.Cu - B.Cu

** Found 7 unconnected pads **
[unconnected_items]: Missing connection between items
    Local override; error
    @(134.2500 mm, 62.7250 mm): Pad 43 [LANE0_RXP] of J1 on F.Cu
    @(94.0500 mm, 71.6000 mm): Track [LANE0_RXP] on F.Cu, length 0.7500 mm
[unconnected_items]: Missing connection between items
    Local override; error
    @(133.7500 mm, 62.7250 mm): Pad 41 [LANE0_RXN] of J1 on F.Cu
    @(94.0500 mm, 72.0000 mm): Track [LANE0_RXN] on F.Cu, length 1.3500 mm
[unconnected_items]: Missing connection between items
    Local override; error
    @(135.2500 mm, 62.7250 mm): Pad 47 [LANE0_TXN] of J1 on F.Cu
    @(94.0500 mm, 72.8000 mm): Track [LANE0_TXN] on F.Cu, length 0.7500 mm
[unconnected_items]: Missing connection between items
    Local override; error
    @(135.7500 mm, 62.7250 mm): Pad 49 [LANE0_TXP] of J1 on F.Cu
    @(94.0500 mm, 73.2000 mm): Track [LANE0_TXP] on F.Cu, length 1.3500 mm
[unconnected_items]: Missing connection between items
    Local override; error
    @(114.7500 mm, 62.7250 mm): Pad 2 [SSD_3V3] of J1 on F.Cu
    @(115.2500 mm, 62.7250 mm): Pad 4 [SSD_3V3] of J1 on F.Cu
[unconnected_items]: Missing connection between items
    Local override; error
    @(115.2500 mm, 62.7250 mm): Pad 4 [SSD_3V3] of J1 on F.Cu
    @(115.7500 mm, 62.7250 mm): Pad 6 [SSD_3V3] of J1 on F.Cu
[unconnected_items]: Missing connection between items
    Local override; error
    @(115.7500 mm, 62.7250 mm): Pad 6 [SSD_3V3] of J1 on F.Cu
    @(116.2500 mm, 62.7250 mm): Pad 8 [SSD_3V3] of J1 on F.Cu

** Found 0 Footprint errors **

** Ignored checks **
    - Footprint has no courtyard defined
    - Track endpoint not centered on via
    - Tuning profile track geometries
    - Footprint doesn't match symbol's footprint filters
    - Footprint component type doesn't match footprint pads

** End of Report **
