** Drc report for PHASE24_RTL9210B_U166_GND_LOCAL_V1448.kicad_pcb **
** Created on 2026-09-09T21:57:13 **
** Report includes: Errors, Warnings **

** Found 15 DRC violations **
[tracks_crossing]: Tracks crossing
    Local override; error
    @(94.0500 mm, 72.4000 mm): Track [GND] on F.Cu, length 1.6000 mm
    @(94.0500 mm, 73.2000 mm): Track [LANE0_TXP] on F.Cu, length 3.2500 mm
[shorting_items]: Items shorting two nets (nets  and GND)
    Local override; error
    @(94.8000 mm, 73.9500 mm): Pad 1 [<no net>] of U1 on F.Cu
    @(94.0500 mm, 74.0000 mm): Track [GND] on F.Cu, length 3.4500 mm
[clearance]: Clearance violation ( clearance 0.2000 mm; actual 0.1000 mm)
    Local override; error
    @(97.2000 mm, 73.9500 mm): Pad 7 [<no net>] of U1 on F.Cu
    @(97.5000 mm, 74.0000 mm): Track [GND] on F.Cu, length 3.0000 mm
[shorting_items]: Items shorting two nets (nets GND and PEDET)
    Local override; error
    @(97.5000 mm, 74.0000 mm): Track [GND] on F.Cu, length 3.0000 mm
    @(97.6000 mm, 73.9500 mm): Track [PEDET] on F.Cu, length 2.0500 mm
[solder_mask_bridge]: Front solder mask aperture bridges items with different nets
    Rule: board setup solder mask min width; error
    @(94.0500 mm, 74.0000 mm): Track [GND] on F.Cu, length 3.4500 mm
    @(94.8000 mm, 73.9500 mm): Pad 1 [<no net>] of U1 on F.Cu
[solder_mask_bridge]: Front solder mask aperture bridges items with different nets
    Rule: board setup solder mask min width; error
    @(94.0500 mm, 74.0000 mm): Track [GND] on F.Cu, length 3.4500 mm
    @(95.2000 mm, 73.9500 mm): Pad 2 [<no net>] of U1 on F.Cu
[solder_mask_bridge]: Front solder mask aperture bridges items with different nets
    Rule: board setup solder mask min width; error
    @(94.0500 mm, 74.0000 mm): Track [GND] on F.Cu, length 3.4500 mm
    @(95.6000 mm, 73.9500 mm): Pad 3 [RESET_N] of U1 on F.Cu
[solder_mask_bridge]: Front solder mask aperture bridges items with different nets
    Rule: board setup solder mask min width; error
    @(94.0500 mm, 74.0000 mm): Track [GND] on F.Cu, length 3.4500 mm
    @(96.0000 mm, 73.9500 mm): Pad 4 [<no net>] of U1 on F.Cu
[solder_mask_bridge]: Front solder mask aperture bridges items with different nets
    Rule: board setup solder mask min width; error
    @(94.0500 mm, 74.0000 mm): Track [GND] on F.Cu, length 3.4500 mm
    @(96.4000 mm, 73.9500 mm): Pad 5 [JTAG_TCK] of U1 on F.Cu
[solder_mask_bridge]: Front solder mask aperture bridges items with different nets
    Rule: board setup solder mask min width; error
    @(94.0500 mm, 74.0000 mm): Track [GND] on F.Cu, length 3.4500 mm
    @(96.8000 mm, 73.9500 mm): Pad 6 [JTAG_TDI] of U1 on F.Cu
[solder_mask_bridge]: Front solder mask aperture bridges items with different nets
    Rule: board setup solder mask min width; error
    @(94.0500 mm, 74.0000 mm): Track [GND] on F.Cu, length 3.4500 mm
    @(97.2000 mm, 73.9500 mm): Pad 7 [<no net>] of U1 on F.Cu
[solder_mask_bridge]: Front solder mask aperture bridges items with different nets
    Rule: board setup solder mask min width; error
    @(94.0500 mm, 74.0000 mm): Track [GND] on F.Cu, length 3.4500 mm
    @(97.6000 mm, 73.9500 mm): Pad 8 [PEDET] of U1 on F.Cu
[solder_mask_bridge]: Front solder mask aperture bridges items with different nets
    Rule: board setup solder mask min width; error
    @(97.5000 mm, 74.0000 mm): Track [GND] on F.Cu, length 3.0000 mm
    @(97.6000 mm, 73.9500 mm): Pad 8 [PEDET] of U1 on F.Cu
[solder_mask_bridge]: Front solder mask aperture bridges items with different nets
    Rule: board setup solder mask min width; error
    @(94.0500 mm, 72.4000 mm): Track [GND] on F.Cu, length 1.6000 mm
    @(94.0500 mm, 72.8000 mm): Pad 67 [LANE0_TXN] of U1 on F.Cu
[solder_mask_bridge]: Front solder mask aperture bridges items with different nets
    Rule: board setup solder mask min width; error
    @(94.0500 mm, 72.4000 mm): Track [GND] on F.Cu, length 1.6000 mm
    @(94.0500 mm, 73.2000 mm): Pad 68 [LANE0_TXP] of U1 on F.Cu

** Found 8 unconnected pads **
[unconnected_items]: Missing connection between items
    Local override; error
    @(94.0500 mm, 70.0000 mm): Track [RTL_1V1] on F.Cu, length 6.0500 mm
    @(94.0500 mm, 71.2000 mm): Pad 63 [RTL_1V1] of U1 on F.Cu
[unconnected_items]: Missing connection between items
    Local override; error
    @(88.0000 mm, 65.0000 mm): Pad 1 [RSET] of R1 on F.Cu
    @(94.8000 mm, 66.0500 mm): Pad 51 [RSET] of U1 on F.Cu
[unconnected_items]: Missing connection between items
    Local override; error
    @(88.0000 mm, 59.0000 mm): Pad 1 [XTAL_IN] of Y1 on F.Cu
    @(88.0000 mm, 62.0000 mm): Pad 1 [XTAL_IN] of C1 on F.Cu
[unconnected_items]: Missing connection between items
    Local override; error
    @(88.0000 mm, 62.0000 mm): Pad 1 [XTAL_IN] of C1 on F.Cu
    @(94.0500 mm, 67.2000 mm): Pad 53 [XTAL_IN] of U1 on F.Cu
[unconnected_items]: Missing connection between items
    Local override; error
    @(89.4000 mm, 59.0000 mm): Pad 2 [XTAL_OUT] of Y1 on F.Cu
    @(91.0000 mm, 62.0000 mm): Pad 1 [XTAL_OUT] of C2 on F.Cu
[unconnected_items]: Missing connection between items
    Local override; error
    @(91.0000 mm, 62.0000 mm): Pad 1 [XTAL_OUT] of C2 on F.Cu
    @(94.0500 mm, 67.6000 mm): Pad 54 [XTAL_OUT] of U1 on F.Cu
[unconnected_items]: Missing connection between items
    Local override; error
    @(94.0500 mm, 70.4000 mm): Pad 61 [REFCLK_P] of U1 on F.Cu
    @(137.2500 mm, 62.7250 mm): Pad 55 [REFCLK_P] of J1 on F.Cu
[unconnected_items]: Missing connection between items
    Local override; error
    @(94.0500 mm, 70.8000 mm): Pad 62 [REFCLK_N] of U1 on F.Cu
    @(136.7500 mm, 62.7250 mm): Pad 53 [REFCLK_N] of J1 on F.Cu

** Found 0 Footprint errors **

** Ignored checks **
    - Footprint has no courtyard defined
    - Track endpoint not centered on via
    - Tuning profile track geometries
    - Footprint doesn't match symbol's footprint filters
    - Footprint component type doesn't match footprint pads

** End of Report **
