** Drc report for PHASE24_RTL9210B_GND_RETURN_OUTBOARD_V1471.kicad_pcb **
** Created on 2026-09-10T04:49:01 **
** Report includes: Errors, Warnings **

** Found 7 DRC violations **
[tracks_crossing]: Tracks crossing
    Local override; error
    @(107.0000 mm, 74.0000 mm): Track [CLKREQ_N] on B.Cu, length 12.2000 mm
    @(109.0000 mm, 73.0000 mm): Track [GND] on B.Cu, length 6.0000 mm
[shorting_items]: Items shorting two nets (nets SPISI and GND)
    Local override; error
    @(101.9500 mm, 73.2000 mm): Pad 18 [SPISI] of U1 on F.Cu
    @(100.4000 mm, 73.0000 mm): Track [GND] on F.Cu, length 2.6000 mm
[shorting_items]: Items shorting two nets (nets SPICLK and GND)
    Local override; error
    @(101.9500 mm, 72.8000 mm): Track [SPICLK] on F.Cu, length 2.0500 mm
    @(103.0000 mm, 73.0000 mm): Via [GND] on F.Cu - B.Cu
[clearance]: Clearance violation ( clearance 0.2000 mm; actual 0.1000 mm)
    Local override; error
    @(100.4000 mm, 72.4000 mm): Track [GND] on F.Cu, length 0.6000 mm
    @(100.9000 mm, 72.4000 mm): Via [RTL_3V3] on F.Cu - B.Cu
[shorting_items]: Items shorting two nets (nets SPISI and GND)
    Local override; error
    @(101.9500 mm, 73.2000 mm): Track [SPISI] on F.Cu, length 2.0500 mm
    @(103.0000 mm, 73.0000 mm): Via [GND] on F.Cu - B.Cu
[tracks_crossing]: Tracks crossing
    Local override; error
    @(109.0000 mm, 75.2000 mm): Track [SPISI] on B.Cu, length 7.2000 mm
    @(109.0000 mm, 73.0000 mm): Track [GND] on B.Cu, length 6.0000 mm
[shorting_items]: Items shorting two nets (nets GND and SPISI)
    Local override; error
    @(109.0000 mm, 73.0000 mm): Track [GND] on B.Cu, length 6.0000 mm
    @(109.0000 mm, 75.2000 mm): Via [SPISI] on F.Cu - B.Cu

** Found 7 unconnected pads **
[unconnected_items]: Missing connection between items
    Local override; error
    @(88.0000 mm, 65.0000 mm): Pad 1 [RSET] of R1 on F.Cu
    @(94.8000 mm, 66.0500 mm): Pad 51 [RSET] of U1 on F.Cu
[unconnected_items]: Missing connection between items
    Local override; error
    @(88.0000 mm, 59.0000 mm): Pad 1 [XTAL_IN] of Y1 on F.Cu
    @(88.0000 mm, 62.0000 mm): Pad 1 [XTAL_IN] of C1 on F.Cu
[unconnected_items]: Missing connection between items
    Local override; error
    @(88.0000 mm, 62.0000 mm): Pad 1 [XTAL_IN] of C1 on F.Cu
    @(94.0500 mm, 67.2000 mm): Pad 53 [XTAL_IN] of U1 on F.Cu
[unconnected_items]: Missing connection between items
    Local override; error
    @(89.4000 mm, 59.0000 mm): Pad 2 [XTAL_OUT] of Y1 on F.Cu
    @(91.0000 mm, 62.0000 mm): Pad 1 [XTAL_OUT] of C2 on F.Cu
[unconnected_items]: Missing connection between items
    Local override; error
    @(91.0000 mm, 62.0000 mm): Pad 1 [XTAL_OUT] of C2 on F.Cu
    @(94.0500 mm, 67.6000 mm): Pad 54 [XTAL_OUT] of U1 on F.Cu
[unconnected_items]: Missing connection between items
    Local override; error
    @(94.0500 mm, 70.4000 mm): Pad 61 [REFCLK_P] of U1 on F.Cu
    @(137.2500 mm, 62.7250 mm): Pad 55 [REFCLK_P] of J1 on F.Cu
[unconnected_items]: Missing connection between items
    Local override; error
    @(94.0500 mm, 70.8000 mm): Pad 62 [REFCLK_N] of U1 on F.Cu
    @(136.7500 mm, 62.7250 mm): Pad 53 [REFCLK_N] of J1 on F.Cu

** Found 0 Footprint errors **

** Ignored checks **
    - Footprint has no courtyard defined
    - Track endpoint not centered on via
    - Tuning profile track geometries
    - Footprint doesn't match symbol's footprint filters
    - Footprint component type doesn't match footprint pads

** End of Report **
