** Drc report for PHASE24_RTL9210B_REFCLK_SOURCE_RIGHT_V1237.kicad_pcb **
** Created on 2026-09-09T15:35:52 **
** Report includes: Errors, Warnings **

** Found 23 DRC violations **
[tracks_crossing]: Tracks crossing
    Local override; error
    @(80.0000 mm, 68.0000 mm): Track [XTAL_OUT] on B.Cu, length 10.0000 mm
    @(95.2000 mm, 65.5000 mm): Track [REFCLK_P] on B.Cu, length 23.2000 mm
[shorting_items]: Items shorting two nets (nets REFCLK_N and GND)
    Local override; error
    @(94.0500 mm, 70.8000 mm): Track [REFCLK_N] on F.Cu, length 1.9500 mm
    @(98.0000 mm, 70.0000 mm): Pad 69 [GND] of U1 on F.Cu
[shorting_items]: Items shorting two nets (nets USB_RXN0 and REFCLK_N)
    Local override; error
    @(96.4000 mm, 66.0500 mm): Pad 47 [USB_RXN0] of U1 on F.Cu
    @(96.0000 mm, 66.2000 mm): Via [REFCLK_N] on F.Cu - B.Cu
[shorting_items]: Items shorting two nets (nets REFCLK_N and )
    Local override; error
    @(96.0000 mm, 70.8000 mm): Track [REFCLK_N] on F.Cu, length 4.6000 mm
    @(96.0000 mm, 66.0500 mm): Pad 48 [<no net>] of U1 on F.Cu
[tracks_crossing]: Tracks crossing
    Local override; error
    @(95.2000 mm, 65.5000 mm): Track [REFCLK_P] on B.Cu, length 23.2000 mm
    @(74.5000 mm, 75.0000 mm): Track [XTAL_IN] on B.Cu, length 13.0000 mm
[tracks_crossing]: Tracks crossing
    Local override; error
    @(94.0000 mm, 62.0000 mm): Track [GND] on B.Cu, length 6.9311 mm
    @(95.2000 mm, 65.5000 mm): Track [REFCLK_P] on B.Cu, length 23.2000 mm
[shorting_items]: Items shorting two nets (nets RTL_3V3 and REFCLK_N)
    Local override; error
    @(91.8000 mm, 66.2000 mm): Via [RTL_3V3] on F.Cu - B.Cu
    @(96.0000 mm, 66.2000 mm): Track [REFCLK_N] on B.Cu, length 25.2000 mm
[tracks_crossing]: Tracks crossing
    Local override; error
    @(95.2000 mm, 66.0500 mm): Track [RTL_1V1] on F.Cu, length 1.2500 mm
    @(95.2000 mm, 70.4000 mm): Track [REFCLK_P] on F.Cu, length 4.9000 mm
[shorting_items]: Items shorting two nets (nets RTL_1V1 and REFCLK_P)
    Local override; error
    @(95.2000 mm, 66.0500 mm): Pad 50 [RTL_1V1] of U1 on F.Cu
    @(95.2000 mm, 70.4000 mm): Track [REFCLK_P] on F.Cu, length 4.9000 mm
[clearance]: Clearance violation ( clearance 0.2000 mm; actual 0.0472 mm)
    Local override; error
    @(95.2000 mm, 65.5000 mm): Via [REFCLK_P] on F.Cu - B.Cu
    @(94.8000 mm, 66.0500 mm): Pad 51 [RSET] of U1 on F.Cu
[hole_clearance]: Hole clearance violation (board setup constraints hole clearance 0.2500 mm; actual 0.1500 mm)
    Rule: board setup constraints hole; error
    @(96.4000 mm, 66.0500 mm): Pad 47 [USB_RXN0] of U1 on F.Cu
    @(96.0000 mm, 66.2000 mm): Via [REFCLK_N] on F.Cu - B.Cu
[hole_clearance]: Hole clearance violation (board setup constraints hole clearance 0.2500 mm; actual 0.0000 mm)
    Rule: board setup constraints hole; error
    @(96.0000 mm, 66.0500 mm): Pad 48 [<no net>] of U1 on F.Cu
    @(96.0000 mm, 66.2000 mm): Via [REFCLK_N] on F.Cu - B.Cu
[hole_clearance]: Hole clearance violation (board setup constraints hole clearance 0.2500 mm; actual 0.1972 mm)
    Rule: board setup constraints hole; error
    @(95.6000 mm, 66.0500 mm): Pad 49 [<no net>] of U1 on F.Cu
    @(95.2000 mm, 65.5000 mm): Via [REFCLK_P] on F.Cu - B.Cu
[hole_clearance]: Hole clearance violation (board setup constraints hole clearance 0.2500 mm; actual 0.1500 mm)
    Rule: board setup constraints hole; error
    @(95.6000 mm, 66.0500 mm): Pad 49 [<no net>] of U1 on F.Cu
    @(96.0000 mm, 66.2000 mm): Via [REFCLK_N] on F.Cu - B.Cu
[hole_clearance]: Hole clearance violation (board setup constraints hole clearance 0.2500 mm; actual 0.0000 mm)
    Rule: board setup constraints hole; error
    @(95.2000 mm, 66.0500 mm): Pad 50 [RTL_1V1] of U1 on F.Cu
    @(95.2000 mm, 65.5000 mm): Via [REFCLK_P] on F.Cu - B.Cu
[hole_clearance]: Hole clearance violation (board setup constraints hole clearance 0.2500 mm; actual 0.1972 mm)
    Rule: board setup constraints hole; error
    @(94.8000 mm, 66.0500 mm): Pad 51 [RSET] of U1 on F.Cu
    @(95.2000 mm, 65.5000 mm): Via [REFCLK_P] on F.Cu - B.Cu
[solder_mask_bridge]: Front solder mask aperture bridges items with different nets
    Rule: board setup solder mask min width; error
    @(96.0000 mm, 66.2000 mm): Via [REFCLK_N] on F.Cu - B.Cu
    @(96.0000 mm, 66.0500 mm): Pad 48 [<no net>] of U1 on F.Cu
[solder_mask_bridge]: Front solder mask aperture bridges items with different nets
    Rule: board setup solder mask min width; error
    @(95.2000 mm, 70.4000 mm): Track [REFCLK_P] on F.Cu, length 4.9000 mm
    @(95.2000 mm, 66.0500 mm): Pad 50 [RTL_1V1] of U1 on F.Cu
[solder_mask_bridge]: Front solder mask aperture bridges items with different nets
    Rule: board setup solder mask min width; error
    @(95.2000 mm, 65.5000 mm): Via [REFCLK_P] on F.Cu - B.Cu
    @(95.2000 mm, 66.0500 mm): Pad 50 [RTL_1V1] of U1 on F.Cu
[solder_mask_bridge]: Front solder mask aperture bridges items with different nets
    Rule: board setup solder mask min width; error
    @(94.0500 mm, 70.8000 mm): Track [REFCLK_N] on F.Cu, length 1.9500 mm
    @(98.0000 mm, 70.0000 mm): Pad 69 [GND] of U1 on F.Cu
[solder_mask_bridge]: Front solder mask aperture bridges items with different nets
    Rule: board setup solder mask min width; error
    @(96.0000 mm, 70.8000 mm): Track [REFCLK_N] on F.Cu, length 4.6000 mm
    @(98.0000 mm, 70.0000 mm): Pad 69 [GND] of U1 on F.Cu
[solder_mask_bridge]: Front solder mask aperture bridges items with different nets
    Rule: board setup solder mask min width; error
    @(96.0000 mm, 70.8000 mm): Track [REFCLK_N] on F.Cu, length 4.6000 mm
    @(96.0000 mm, 66.0500 mm): Pad 48 [<no net>] of U1 on F.Cu
[track_dangling]: Track has unconnected end
    Local override; warning
    @(99.6000 mm, 62.8000 mm): Track [RTL_3V3] on B.Cu, length 1.3000 mm

** Found 8 unconnected pads **
[unconnected_items]: Missing connection between items
    Local override; error
    @(94.0000 mm, 62.0000 mm): Track [GND] on B.Cu, length 6.9311 mm
    @(97.2000 mm, 66.0500 mm): Track [GND] on F.Cu, length 1.5500 mm
[unconnected_items]: Missing connection between items
    Local override; error
    @(94.0500 mm, 71.6000 mm): Pad 64 [LANE0_RXP] of U1 on F.Cu
    @(134.2500 mm, 62.7250 mm): Pad 43 [LANE0_RXP] of J1 on F.Cu
[unconnected_items]: Missing connection between items
    Local override; error
    @(94.0500 mm, 72.0000 mm): Pad 65 [LANE0_RXN] of U1 on F.Cu
    @(133.7500 mm, 62.7250 mm): Pad 41 [LANE0_RXN] of J1 on F.Cu
[unconnected_items]: Missing connection between items
    Local override; error
    @(94.0500 mm, 72.8000 mm): Pad 67 [LANE0_TXN] of U1 on F.Cu
    @(135.2500 mm, 62.7250 mm): Pad 47 [LANE0_TXN] of J1 on F.Cu
[unconnected_items]: Missing connection between items
    Local override; error
    @(94.0500 mm, 73.2000 mm): Pad 68 [LANE0_TXP] of U1 on F.Cu
    @(135.7500 mm, 62.7250 mm): Pad 49 [LANE0_TXP] of J1 on F.Cu
[unconnected_items]: Missing connection between items
    Local override; error
    @(114.7500 mm, 62.7250 mm): Pad 2 [SSD_3V3] of J1 on F.Cu
    @(115.2500 mm, 62.7250 mm): Pad 4 [SSD_3V3] of J1 on F.Cu
[unconnected_items]: Missing connection between items
    Local override; error
    @(115.2500 mm, 62.7250 mm): Pad 4 [SSD_3V3] of J1 on F.Cu
    @(115.7500 mm, 62.7250 mm): Pad 6 [SSD_3V3] of J1 on F.Cu
[unconnected_items]: Missing connection between items
    Local override; error
    @(115.7500 mm, 62.7250 mm): Pad 6 [SSD_3V3] of J1 on F.Cu
    @(116.2500 mm, 62.7250 mm): Pad 8 [SSD_3V3] of J1 on F.Cu

** Found 0 Footprint errors **

** Ignored checks **
    - Footprint has no courtyard defined
    - Track endpoint not centered on via
    - Tuning profile track geometries
    - Footprint doesn't match symbol's footprint filters
    - Footprint component type doesn't match footprint pads

** End of Report **
