** Drc report for PHASE24_RTL9210B_PATHB_V1603_V1517_MIC2545A_OPEN_ACREAGE_U1LOCAL015_CANDIDATE.kicad_pcb **
** Created on 2026-09-11T09:08:17 **
** Report includes: Errors, Warnings **

** Found 20 DRC violations **
[tracks_crossing]: Tracks crossing
    Local override; error
    @(142.0000 mm, 92.0000 mm): Track [GND] on B.Cu, length 8.0000 mm
    @(158.0000 mm, 90.0000 mm): Track [RTL_3V3] on B.Cu, length 35.5000 mm
[tracks_crossing]: Tracks crossing
    Local override; error
    @(123.0000 mm, 77.2000 mm): Track [RTL_3V3] on B.Cu, length 14.4000 mm
    @(156.0000 mm, 70.5000 mm): Track [SSD_3V3] on B.Cu, length 36.0000 mm
[tracks_crossing]: Tracks crossing
    Local override; error
    @(156.0000 mm, 80.0950 mm): Track [SSD_3V3] on F.Cu, length 2.5400 mm
    @(154.2000 mm, 81.3650 mm): Track [RTL_3V3] on F.Cu, length 3.8000 mm
[tracks_crossing]: Tracks crossing
    Local override; error
    @(120.0000 mm, 70.5000 mm): Track [SSD_3V3] on F.Cu, length 9.3815 mm
    @(110.0000 mm, 67.2000 mm): Track [RTL_5V] on F.Cu, length 11.0000 mm
[tracks_crossing]: Tracks crossing
    Local override; error
    @(101.9500 mm, 67.2000 mm): Track [RTL_5V] on F.Cu, length 19.0500 mm
    @(120.0000 mm, 70.5000 mm): Track [SSD_3V3] on F.Cu, length 9.3815 mm
[tracks_crossing]: Tracks crossing
    Local override; error
    @(128.0000 mm, 72.0000 mm): Track [CLKREQ_N] on B.Cu, length 14.0000 mm
    @(156.0000 mm, 70.5000 mm): Track [SSD_3V3] on B.Cu, length 36.0000 mm
[tracks_crossing]: Tracks crossing
    Local override; error
    @(104.2000 mm, 86.8000 mm): Track [ISOLATEB] on B.Cu, length 42.3000 mm
    @(142.0000 mm, 92.0000 mm): Track [GND] on B.Cu, length 8.0000 mm
[tracks_crossing]: Tracks crossing
    Local override; error
    @(146.5000 mm, 86.8000 mm): Track [ISOLATEB] on F.Cu, length 6.7050 mm
    @(148.8000 mm, 82.6350 mm): Track [GND] on F.Cu, length 6.9356 mm
[clearance]: Clearance violation ( clearance 0.2000 mm; actual 0.0250 mm)
    Local override; error
    @(99.2000 mm, 73.9500 mm): Track [ISOLATEB] on F.Cu, length 10.0500 mm
    @(98.8000 mm, 76.0000 mm): Via [CLKREQ_N] on F.Cu - B.Cu
[clearance]: Clearance violation (zone clearance 0.5000 mm; actual 0.4308 mm)
    Local override; error
    @(94.0500 mm, 70.4000 mm): Track [REFCLK_P] on F.Cu, length 1.0500 mm
    @(65.5000 mm, 40.5000 mm): Zone [GND] on F.Cu, priority 0
[clearance]: Clearance violation (zone clearance 0.5000 mm; actual 0.2142 mm)
    Local override; error
    @(94.0500 mm, 73.2000 mm): Track [LANE0_TXP] on F.Cu, length 1.0500 mm
    @(65.5000 mm, 40.5000 mm): Zone [GND] on F.Cu, priority 0
[track_width]: Track width (board setup constraints min width 0.2000 mm; actual 0.1500 mm)
    Rule: netclass 'Default' (diff pair); error
    @(94.0500 mm, 70.4000 mm): Track [REFCLK_P] on F.Cu, length 1.0500 mm
[track_width]: Track width (board setup constraints min width 0.2000 mm; actual 0.1500 mm)
    Rule: netclass 'Default' (diff pair); error
    @(94.0500 mm, 70.8000 mm): Track [REFCLK_N] on F.Cu, length 1.0500 mm
[track_width]: Track width (board setup constraints min width 0.2000 mm; actual 0.1500 mm)
    Rule: netclass 'Default' (diff pair); error
    @(94.0500 mm, 71.6000 mm): Track [LANE0_RXP] on F.Cu, length 1.0500 mm
[track_width]: Track width (board setup constraints min width 0.2000 mm; actual 0.1500 mm)
    Rule: netclass 'Default' (diff pair); error
    @(94.0500 mm, 72.0000 mm): Track [LANE0_RXN] on F.Cu, length 1.0500 mm
[track_width]: Track width (board setup constraints min width 0.2000 mm; actual 0.1500 mm)
    Rule: netclass 'Default' (diff pair); error
    @(94.0500 mm, 72.8000 mm): Track [LANE0_TXN] on F.Cu, length 1.0500 mm
[track_width]: Track width (board setup constraints min width 0.2000 mm; actual 0.1500 mm)
    Rule: netclass 'Default' (diff pair); error
    @(94.0500 mm, 73.2000 mm): Track [LANE0_TXP] on F.Cu, length 1.0500 mm
[track_width]: Track width (board setup constraints min width 0.2000 mm; actual 0.1500 mm)
    Rule: netclass 'Default'; error
    @(99.2000 mm, 73.9500 mm): Track [ISOLATEB] on F.Cu, length 10.0500 mm
[via_dangling]: Via is not connected or connected on only one layer
    Local override; warning
    @(104.2000 mm, 86.8000 mm): Via [ISOLATEB] on F.Cu - B.Cu
[via_dangling]: Via is not connected or connected on only one layer
    Local override; warning
    @(122.5000 mm, 90.0000 mm): Via [RTL_3V3] on F.Cu - B.Cu

** Found 0 unconnected pads **

** Found 0 Footprint errors **

** Ignored checks **
    - Footprint has no courtyard defined
    - Track endpoint not centered on via
    - Tuning profile track geometries
    - Footprint doesn't match symbol's footprint filters
    - Footprint component type doesn't match footprint pads

** End of Report **
