** Drc report for PHASE24_RTL9210B_LANE0_OUTER_CORRIDOR_V1251.kicad_pcb **
** Created on 2026-09-09T16:13:35 **
** Report includes: Errors, Warnings **

** Found 48 DRC violations **
[shorting_items]: Items shorting two nets (nets LANE0_TXN and LANE0_TXP)
    Local override; error
    @(92.2000 mm, 59.2000 mm): Track [LANE0_TXN] on B.Cu, length 17.7500 mm
    @(108.0000 mm, 58.8000 mm): Via [LANE0_TXP] on F.Cu - B.Cu
[shorting_items]: Items shorting two nets (nets LANE0_RXN and LANE0_TXP)
    Local override; error
    @(133.7500 mm, 62.7250 mm): Pad 41 [LANE0_RXN] of J1 on F.Cu
    @(108.0000 mm, 58.8000 mm): Track [LANE0_TXP] on F.Cu, length 28.0262 mm
[shorting_items]: Items shorting two nets (nets LANE0_TXN and LANE0_TXP)
    Local override; error
    @(109.9500 mm, 59.2000 mm): Via [LANE0_TXN] on F.Cu - B.Cu
    @(108.0000 mm, 58.8000 mm): Track [LANE0_TXP] on F.Cu, length 28.0262 mm
[tracks_crossing]: Tracks crossing
    Local override; error
    @(132.0000 mm, 64.5000 mm): Track [LANE0_RXN] on F.Cu, length 1.7750 mm
    @(132.0000 mm, 62.7250 mm): Track [LANE0_RXP] on F.Cu, length 2.2500 mm
[tracks_crossing]: Tracks crossing
    Local override; error
    @(132.0000 mm, 66.5000 mm): Track [LANE0_RXP] on F.Cu, length 3.7750 mm
    @(132.0000 mm, 64.5000 mm): Track [LANE0_RXN] on F.Cu, length 1.7750 mm
[tracks_crossing]: Tracks crossing
    Local override; error
    @(94.0000 mm, 62.0000 mm): Track [GND] on B.Cu, length 6.9311 mm
    @(92.2000 mm, 72.6000 mm): Track [LANE0_TXN] on B.Cu, length 13.4000 mm
[tracks_crossing]: Tracks crossing
    Local override; error
    @(92.2000 mm, 72.6000 mm): Track [LANE0_TXN] on B.Cu, length 13.4000 mm
    @(89.2000 mm, 60.0000 mm): Track [GND] on B.Cu, length 5.2000 mm
[shorting_items]: Items shorting two nets (nets RTL_3V3 and LANE0_TXP)
    Local override; error
    @(91.8000 mm, 59.0000 mm): Track [RTL_3V3] on In2.PWR, length 16.2000 mm
    @(108.0000 mm, 58.8000 mm): Via [LANE0_TXP] on F.Cu - B.Cu
[shorting_items]: Items shorting two nets (nets RTL_3V3 and LANE0_TXP)
    Local override; error
    @(108.0000 mm, 59.0000 mm): Track [RTL_3V3] on In2.PWR, length 5.0000 mm
    @(108.0000 mm, 58.8000 mm): Via [LANE0_TXP] on F.Cu - B.Cu
[shorting_items]: Items shorting two nets (nets RTL_3V3 and LANE0_TXP)
    Local override; error
    @(108.0000 mm, 62.8000 mm): Track [RTL_3V3] on B.Cu, length 12.8000 mm
    @(108.0000 mm, 58.8000 mm): Via [LANE0_TXP] on F.Cu - B.Cu
[tracks_crossing]: Tracks crossing
    Local override; error
    @(123.5000 mm, 74.0000 mm): Track [RTL_3V3] on B.Cu, length 25.0000 mm
    @(110.6000 mm, 66.5000 mm): Track [LANE0_RXP] on B.Cu, length 21.4000 mm
[tracks_crossing]: Tracks crossing
    Local override; error
    @(126.4000 mm, 82.0000 mm): Track [RTL_5V] on B.Cu, length 31.0000 mm
    @(110.6000 mm, 66.5000 mm): Track [LANE0_RXP] on B.Cu, length 21.4000 mm
[tracks_crossing]: Tracks crossing
    Local override; error
    @(95.0000 mm, 66.5000 mm): Track [LANE0_RXP] on B.Cu, length 15.6000 mm
    @(105.5000 mm, 68.6000 mm): Track [RTL_1V1] on B.Cu, length 3.8000 mm
[shorting_items]: Items shorting two nets (nets LANE0_TXN and LANE0_TXP)
    Local override; error
    @(109.9500 mm, 59.2000 mm): Track [LANE0_TXN] on F.Cu, length 25.5444 mm
    @(108.0000 mm, 58.8000 mm): Track [LANE0_TXP] on F.Cu, length 28.0262 mm
[clearance]: Clearance violation ( clearance 0.2000 mm; actual 0.0070 mm)
    Local override; error
    @(109.9500 mm, 59.2000 mm): Track [LANE0_TXN] on F.Cu, length 25.5444 mm
    @(132.0000 mm, 62.7250 mm): Track [LANE0_RXN] on F.Cu, length 1.7500 mm
[clearance]: Clearance violation ( clearance 0.2000 mm; actual 0.1000 mm)
    Local override; error
    @(93.2000 mm, 64.5000 mm): Track [LANE0_RXN] on B.Cu, length 18.3000 mm
    @(108.0000 mm, 64.0000 mm): Via [RTL_3V3] on F.Cu - B.Cu
[clearance]: Clearance violation ( clearance 0.2000 mm; actual 0.1000 mm)
    Local override; error
    @(111.5000 mm, 64.5000 mm): Via [LANE0_RXN] on F.Cu - B.Cu
    @(112.0000 mm, 64.8000 mm): Track [RTL_1V1] on B.Cu, length 12.8000 mm
[solder_mask_bridge]: Front solder mask aperture bridges items with different nets
    Rule: board setup solder mask min width; error
    @(132.0000 mm, 62.7250 mm): Track [LANE0_RXP] on F.Cu, length 2.2500 mm
    @(133.7500 mm, 62.7250 mm): Pad 41 [LANE0_RXN] of J1 on F.Cu
[solder_mask_bridge]: Front solder mask aperture bridges items with different nets
    Rule: board setup solder mask min width; error
    @(109.9500 mm, 59.2000 mm): Track [LANE0_TXN] on F.Cu, length 25.5444 mm
    @(133.7500 mm, 62.7250 mm): Pad 41 [LANE0_RXN] of J1 on F.Cu
[solder_mask_bridge]: Front solder mask aperture bridges items with different nets
    Rule: board setup solder mask min width; error
    @(109.9500 mm, 59.2000 mm): Track [LANE0_TXN] on F.Cu, length 25.5444 mm
    @(134.2500 mm, 62.7250 mm): Pad 43 [LANE0_RXP] of J1 on F.Cu
[solder_mask_bridge]: Front solder mask aperture bridges items with different nets
    Rule: board setup solder mask min width; error
    @(108.0000 mm, 58.8000 mm): Track [LANE0_TXP] on F.Cu, length 28.0262 mm
    @(133.7500 mm, 62.7250 mm): Pad 41 [LANE0_RXN] of J1 on F.Cu
[solder_mask_bridge]: Front solder mask aperture bridges items with different nets
    Rule: board setup solder mask min width; error
    @(108.0000 mm, 58.8000 mm): Track [LANE0_TXP] on F.Cu, length 28.0262 mm
    @(134.2500 mm, 62.7250 mm): Pad 43 [LANE0_RXP] of J1 on F.Cu
[solder_mask_bridge]: Front solder mask aperture bridges items with different nets
    Rule: board setup solder mask min width; error
    @(108.0000 mm, 58.8000 mm): Track [LANE0_TXP] on F.Cu, length 28.0262 mm
    @(135.2500 mm, 62.7250 mm): Pad 47 [LANE0_TXN] of J1 on F.Cu
[track_dangling]: Track has unconnected end
    Local override; warning
    @(102.0000 mm, 84.0000 mm): Track [PEDET] on B.Cu, length 17.0000 mm
[track_dangling]: Track has unconnected end
    Local override; warning
    @(70.0000 mm, 76.0000 mm): Track [CLKREQ_N] on B.Cu, length 31.0000 mm
[via_dangling]: Via is not connected or connected on only one layer
    Local override; warning
    @(100.0000 mm, 83.0000 mm): Via [PERST_N] on F.Cu - B.Cu
[track_dangling]: Track has unconnected end
    Local override; warning
    @(105.5000 mm, 69.0000 mm): Track [RTL_1V1] on F.Cu, length 0.4000 mm
[via_dangling]: Via is not connected or connected on only one layer
    Local override; warning
    @(109.5000 mm, 68.5000 mm): Via [RTL_1V1] on F.Cu - B.Cu
[via_dangling]: Via is not connected or connected on only one layer
    Local override; warning
    @(104.5000 mm, 77.0000 mm): Via [RTL_1V1] on F.Cu - B.Cu
[track_dangling]: Track has unconnected end
    Local override; warning
    @(105.5000 mm, 68.6000 mm): Track [RTL_1V1] on B.Cu, length 3.8000 mm
[track_dangling]: Track has unconnected end
    Local override; warning
    @(112.0000 mm, 64.8000 mm): Track [RTL_1V1] on B.Cu, length 12.8000 mm
[track_dangling]: Track has unconnected end
    Local override; warning
    @(130.0000 mm, 69.0000 mm): Track [RTL_1V1] on In2.PWR, length 21.0000 mm
[track_dangling]: Track has unconnected end
    Local override; warning
    @(103.5000 mm, 82.0000 mm): Track [RTL_5V] on B.Cu, length 22.9000 mm
[track_dangling]: Track has unconnected end
    Local override; warning
    @(104.5000 mm, 73.2000 mm): Track [SPISI] on F.Cu, length 2.0000 mm
[track_dangling]: Track has unconnected end
    Local override; warning
    @(104.5000 mm, 72.8000 mm): Track [SPICLK] on F.Cu, length 0.8000 mm
[via_dangling]: Via is not connected or connected on only one layer
    Local override; warning
    @(99.6000 mm, 62.8000 mm): Via [RTL_3V3] on F.Cu - B.Cu
[track_dangling]: Track has unconnected end
    Local override; warning
    @(99.6000 mm, 62.8000 mm): Track [RTL_3V3] on B.Cu, length 1.3000 mm
[track_dangling]: Track has unconnected end
    Local override; warning
    @(91.8000 mm, 59.0000 mm): Track [RTL_3V3] on In2.PWR, length 16.2000 mm
[track_dangling]: Track has unconnected end
    Local override; warning
    @(106.5000 mm, 71.6000 mm): Track [SPISO3] on F.Cu, length 0.6000 mm
[track_dangling]: Track has unconnected end
    Local override; warning
    @(105.5000 mm, 71.2000 mm): Track [SPISO] on F.Cu, length 0.8000 mm
[track_dangling]: Track has unconnected end
    Local override; warning
    @(104.5000 mm, 70.8000 mm): Track [SPICS] on F.Cu, length 1.0000 mm
[track_dangling]: Track has unconnected end
    Local override; warning
    @(88.0000 mm, 64.0000 mm): Track [RSET] on F.Cu, length 1.0000 mm
[track_dangling]: Track has unconnected end
    Local override; warning
    @(74.5000 mm, 75.0000 mm): Track [XTAL_IN] on B.Cu, length 13.0000 mm
[via_dangling]: Via is not connected or connected on only one layer
    Local override; warning
    @(88.5000 mm, 67.6000 mm): Via [XTAL_OUT] on F.Cu - B.Cu
[via_dangling]: Via is not connected or connected on only one layer
    Local override; warning
    @(72.0000 mm, 78.5000 mm): Via [REFCLK_P] on F.Cu - B.Cu
[via_dangling]: Via is not connected or connected on only one layer
    Local override; warning
    @(70.8000 mm, 79.2000 mm): Via [REFCLK_N] on F.Cu - B.Cu
[via_dangling]: Via is not connected or connected on only one layer
    Local override; warning
    @(110.6000 mm, 66.5000 mm): Via [LANE0_RXP] on F.Cu - B.Cu
[via_dangling]: Via is not connected or connected on only one layer
    Local override; warning
    @(111.5000 mm, 64.5000 mm): Via [LANE0_RXN] on F.Cu - B.Cu

** Found 36 unconnected pads **
[unconnected_items]: Missing connection between items
    Local override; error
    @(97.6000 mm, 73.9500 mm): Pad 8 [PEDET] of U1 on F.Cu
    @(102.0000 mm, 84.0000 mm): Track [PEDET] on B.Cu, length 17.0000 mm
[unconnected_items]: Missing connection between items
    Local override; error
    @(120.0000 mm, 72.0000 mm): Track [CLKREQ_N] on F.Cu, length 3.0000 mm
    @(99.6000 mm, 73.9500 mm): Pad 13 [CLKREQ_N] of U1 on F.Cu
[unconnected_items]: Missing connection between items
    Local override; error
    @(100.0000 mm, 73.9500 mm): Pad 14 [PERST_N] of U1 on F.Cu
    @(100.0000 mm, 83.0000 mm): Track [PERST_N] on B.Cu, length 32.0000 mm
[unconnected_items]: Missing connection between items
    Local override; error
    @(94.0500 mm, 68.0000 mm): Pad 55 [RTL_1V1] of U1 on F.Cu
    @(94.0500 mm, 70.0000 mm): Pad 60 [RTL_1V1] of U1 on F.Cu
[unconnected_items]: Missing connection between items
    Local override; error
    @(94.0500 mm, 70.0000 mm): Pad 60 [RTL_1V1] of U1 on F.Cu
    @(94.0500 mm, 71.2000 mm): Pad 63 [RTL_1V1] of U1 on F.Cu
[unconnected_items]: Missing connection between items
    Local override; error
    @(95.2000 mm, 66.0500 mm): Pad 50 [RTL_1V1] of U1 on F.Cu
    @(94.0500 mm, 68.0000 mm): Pad 55 [RTL_1V1] of U1 on F.Cu
[unconnected_items]: Missing connection between items
    Local override; error
    @(95.2000 mm, 66.0500 mm): Pad 50 [RTL_1V1] of U1 on F.Cu
    @(99.2000 mm, 66.0500 mm): Pad 40 [RTL_1V1] of U1 on F.Cu
[unconnected_items]: Missing connection between items
    Local override; error
    @(99.2000 mm, 66.0500 mm): Pad 40 [RTL_1V1] of U1 on F.Cu
    @(100.8000 mm, 66.0500 mm): Pad 36 [RTL_1V1] of U1 on F.Cu
[unconnected_items]: Missing connection between items
    Local override; error
    @(101.9500 mm, 70.4000 mm): Pad 25 [RTL_1V1] of U1 on F.Cu
    @(100.8000 mm, 73.9500 mm): Pad 16 [RTL_1V1] of U1 on F.Cu
[unconnected_items]: Missing connection between items
    Local override; error
    @(101.9500 mm, 70.4000 mm): Pad 25 [RTL_1V1] of U1 on F.Cu
    @(100.8000 mm, 66.0500 mm): Pad 36 [RTL_1V1] of U1 on F.Cu
[unconnected_items]: Missing connection between items
    Local override; error
    @(104.5000 mm, 77.0000 mm): Via [RTL_1V1] on F.Cu - B.Cu
    @(100.8000 mm, 73.9500 mm): Pad 16 [RTL_1V1] of U1 on F.Cu
[unconnected_items]: Missing connection between items
    Local override; error
    @(105.5000 mm, 69.0000 mm): Track [RTL_1V1] on F.Cu, length 0.4000 mm
    @(101.9500 mm, 70.4000 mm): Pad 25 [RTL_1V1] of U1 on F.Cu
[unconnected_items]: Missing connection between items
    Local override; error
    @(109.5000 mm, 68.5000 mm): Via [RTL_1V1] on F.Cu - B.Cu
    @(105.5000 mm, 68.6000 mm): Track [RTL_1V1] on B.Cu, length 3.8000 mm
[unconnected_items]: Missing connection between items
    Local override; error
    @(109.5000 mm, 68.5000 mm): Via [RTL_1V1] on F.Cu - B.Cu
    @(112.0000 mm, 64.8000 mm): Track [RTL_1V1] on B.Cu, length 12.8000 mm
[unconnected_items]: Missing connection between items
    Local override; error
    @(101.2000 mm, 73.9500 mm): Pad 17 [RTL_5V] of U1 on F.Cu
    @(103.5000 mm, 82.0000 mm): Track [RTL_5V] on B.Cu, length 22.9000 mm
[unconnected_items]: Missing connection between items
    Local override; error
    @(101.9500 mm, 67.2000 mm): Pad 33 [RTL_5V] of U1 on F.Cu
    @(101.2000 mm, 73.9500 mm): Pad 17 [RTL_5V] of U1 on F.Cu
[unconnected_items]: Missing connection between items
    Local override; error
    @(104.5000 mm, 73.2000 mm): Track [SPISI] on F.Cu, length 2.0000 mm
    @(101.9500 mm, 73.2000 mm): Pad 18 [SPISI] of U1 on F.Cu
[unconnected_items]: Missing connection between items
    Local override; error
    @(101.9500 mm, 72.8000 mm): Pad 19 [SPICLK] of U1 on F.Cu
    @(104.5000 mm, 72.8000 mm): Track [SPICLK] on F.Cu, length 0.8000 mm
[unconnected_items]: Missing connection between items
    Local override; error
    @(99.6000 mm, 62.8000 mm): Track [RTL_3V3] on B.Cu, length 8.4000 mm
    @(99.6000 mm, 66.0500 mm): Pad 39 [RTL_3V3] of U1 on F.Cu
[unconnected_items]: Missing connection between items
    Local override; error
    @(99.6000 mm, 66.0500 mm): Pad 39 [RTL_3V3] of U1 on F.Cu
    @(94.0500 mm, 66.8000 mm): Pad 52 [RTL_3V3] of U1 on F.Cu
[unconnected_items]: Missing connection between items
    Local override; error
    @(101.9500 mm, 66.8000 mm): Pad 34 [RTL_3V3] of U1 on F.Cu
    @(99.6000 mm, 66.0500 mm): Pad 39 [RTL_3V3] of U1 on F.Cu
[unconnected_items]: Missing connection between items
    Local override; error
    @(101.9500 mm, 72.4000 mm): Pad 20 [RTL_3V3] of U1 on F.Cu
    @(101.9500 mm, 66.8000 mm): Pad 34 [RTL_3V3] of U1 on F.Cu
[unconnected_items]: Missing connection between items
    Local override; error
    @(101.9500 mm, 71.6000 mm): Pad 22 [SPISO3] of U1 on F.Cu
    @(106.5000 mm, 71.6000 mm): Track [SPISO3] on F.Cu, length 0.6000 mm
[unconnected_items]: Missing connection between items
    Local override; error
    @(101.9500 mm, 71.2000 mm): Pad 23 [SPISO] of U1 on F.Cu
    @(105.5000 mm, 71.2000 mm): Track [SPISO] on F.Cu, length 0.8000 mm
[unconnected_items]: Missing connection between items
    Local override; error
    @(101.9500 mm, 70.8000 mm): Pad 24 [SPICS] of U1 on F.Cu
    @(104.5000 mm, 70.8000 mm): Track [SPICS] on F.Cu, length 1.0000 mm
[unconnected_items]: Missing connection between items
    Local override; error
    @(97.2000 mm, 66.0500 mm): Pad 45 [GND] of U1 on F.Cu
    @(98.0000 mm, 70.0000 mm): Pad 69 [GND] of U1 on F.Cu
[unconnected_items]: Missing connection between items
    Local override; error
    @(97.2000 mm, 66.0500 mm): Pad 45 [GND] of U1 on F.Cu
    @(89.2000 mm, 60.0000 mm): Track [GND] on B.Cu, length 5.2000 mm
[unconnected_items]: Missing connection between items
    Local override; error
    @(98.0000 mm, 70.0000 mm): Pad 69 [GND] of U1 on F.Cu
    @(94.0500 mm, 72.4000 mm): Pad 66 [GND] of U1 on F.Cu
[unconnected_items]: Missing connection between items
    Local override; error
    @(88.0000 mm, 64.0000 mm): Track [RSET] on F.Cu, length 1.0000 mm
    @(94.8000 mm, 66.0500 mm): Pad 51 [RSET] of U1 on F.Cu
[unconnected_items]: Missing connection between items
    Local override; error
    @(94.0500 mm, 67.2000 mm): Pad 53 [XTAL_IN] of U1 on F.Cu
    @(74.5000 mm, 62.0000 mm): Track [XTAL_IN] on F.Cu, length 3.5000 mm
[unconnected_items]: Missing connection between items
    Local override; error
    @(88.5000 mm, 67.6000 mm): Track [XTAL_OUT] on B.Cu, length 8.5094 mm
    @(94.0500 mm, 67.6000 mm): Pad 54 [XTAL_OUT] of U1 on F.Cu
[unconnected_items]: Missing connection between items
    Local override; error
    @(94.0500 mm, 70.4000 mm): Pad 61 [REFCLK_P] of U1 on F.Cu
    @(72.0000 mm, 78.5000 mm): Track [REFCLK_P] on F.Cu, length 37.0000 mm
[unconnected_items]: Missing connection between items
    Local override; error
    @(94.0500 mm, 70.8000 mm): Pad 62 [REFCLK_N] of U1 on F.Cu
    @(70.8000 mm, 79.2000 mm): Track [REFCLK_N] on F.Cu, length 37.0000 mm
[unconnected_items]: Missing connection between items
    Local override; error
    @(114.7500 mm, 62.7250 mm): Pad 2 [SSD_3V3] of J1 on F.Cu
    @(115.2500 mm, 62.7250 mm): Pad 4 [SSD_3V3] of J1 on F.Cu
[unconnected_items]: Missing connection between items
    Local override; error
    @(115.2500 mm, 62.7250 mm): Pad 4 [SSD_3V3] of J1 on F.Cu
    @(115.7500 mm, 62.7250 mm): Pad 6 [SSD_3V3] of J1 on F.Cu
[unconnected_items]: Missing connection between items
    Local override; error
    @(115.7500 mm, 62.7250 mm): Pad 6 [SSD_3V3] of J1 on F.Cu
    @(116.2500 mm, 62.7250 mm): Pad 8 [SSD_3V3] of J1 on F.Cu

** Found 0 Footprint errors **

** Ignored checks **
    - Footprint has no courtyard defined
    - Track endpoint not centered on via
    - Tuning profile track geometries
    - Footprint doesn't match symbol's footprint filters
    - Footprint component type doesn't match footprint pads

** End of Report **
