** Drc report for PHASE24_RTL9210B_XTAL_RELOCATED_V73.kicad_pcb **
** Created on 2026-09-07T10:36:31 **
** Report includes: Errors, Warnings **

** Found 32 DRC violations **
[tracks_crossing]: Tracks crossing
    Local override; error
    @(91.0000 mm, 78.0000 mm): Track [RSET] on B.Cu, length 34.0000 mm
    @(102.2000 mm, 64.8000 mm): Track [SPISI] on B.Cu, length 13.8000 mm
[tracks_crossing]: Tracks crossing
    Local override; error
    @(102.0000 mm, 64.0000 mm): Track [SPICLK] on B.Cu, length 14.2000 mm
    @(91.0000 mm, 78.0000 mm): Track [RSET] on B.Cu, length 34.0000 mm
[clearance]: Clearance violation ( clearance 0.2000 mm; actual 0.0090 mm)
    Local override; error
    @(94.8000 mm, 74.4000 mm): Track [RTL_3V3] on F.Cu, length 0.6000 mm
    @(95.2000 mm, 73.9500 mm): Track [XTAL_IN] on F.Cu, length 2.2006 mm
[clearance]: Clearance violation ( clearance 0.2000 mm; actual 0.0090 mm)
    Local override; error
    @(94.8000 mm, 73.9500 mm): Track [RTL_3V3] on F.Cu, length 0.4500 mm
    @(95.2000 mm, 73.9500 mm): Track [XTAL_IN] on F.Cu, length 2.2006 mm
[shorting_items]: Items shorting two nets (nets RTL_3V3 and RSET)
    Local override; error
    @(91.2000 mm, 54.0000 mm): Via [RTL_3V3] on F.Cu - B.Cu
    @(91.0000 mm, 78.0000 mm): Track [RSET] on B.Cu, length 34.0000 mm
[shorting_items]: Items shorting two nets (nets RTL_3V3 and RSET)
    Local override; error
    @(91.2000 mm, 54.0000 mm): Track [RTL_3V3] on B.Cu, length 3.0000 mm
    @(91.0000 mm, 78.0000 mm): Track [RSET] on B.Cu, length 34.0000 mm
[tracks_crossing]: Tracks crossing
    Local override; error
    @(92.0000 mm, 68.4000 mm): Track [RTL_3V3] on B.Cu, length 7.3246 mm
    @(91.0000 mm, 78.0000 mm): Track [RSET] on B.Cu, length 34.0000 mm
[tracks_crossing]: Tracks crossing
    Local override; error
    @(94.2000 mm, 74.4000 mm): Track [RTL_3V3] on B.Cu, length 4.0000 mm
    @(91.0000 mm, 78.0000 mm): Track [RSET] on B.Cu, length 34.0000 mm
[tracks_crossing]: Tracks crossing
    Local override; error
    @(100.2000 mm, 60.0000 mm): Track [SPISO3] on B.Cu, length 9.7000 mm
    @(91.0000 mm, 78.0000 mm): Track [RSET] on B.Cu, length 34.0000 mm
[clearance]: Clearance violation ( clearance 0.2000 mm; actual 0.1000 mm)
    Local override; error
    @(90.5000 mm, 60.0000 mm): Via [SPISO3] on F.Cu - B.Cu
    @(91.0000 mm, 78.0000 mm): Track [RSET] on B.Cu, length 34.0000 mm
[tracks_crossing]: Tracks crossing
    Local override; error
    @(101.0000 mm, 58.5000 mm): Track [SPISO] on B.Cu, length 18.0000 mm
    @(91.0000 mm, 78.0000 mm): Track [RSET] on B.Cu, length 34.0000 mm
[tracks_crossing]: Tracks crossing
    Local override; error
    @(98.8000 mm, 57.0000 mm): Track [SPICS] on B.Cu, length 17.0000 mm
    @(91.0000 mm, 78.0000 mm): Track [RSET] on B.Cu, length 34.0000 mm
[tracks_crossing]: Tracks crossing
    Local override; error
    @(114.0000 mm, 77.0000 mm): Track [XTAL_OUT] on F.Cu, length 27.8189 mm
    @(121.5000 mm, 54.0000 mm): Track [RSET] on F.Cu, length 2.1000 mm
[shorting_items]: Items shorting two nets (nets XTAL_OUT and RSET)
    Local override; error
    @(121.4000 mm, 50.0000 mm): Pad 1 [XTAL_OUT] of C2 on F.Cu
    @(121.5000 mm, 44.0000 mm): Track [RSET] on F.Cu, length 10.0000 mm
[clearance]: Clearance violation ( clearance 0.2000 mm; actual 0.0252 mm)
    Local override; error
    @(113.0000 mm, 76.0000 mm): Track [XTAL_IN] on F.Cu, length 26.7524 mm
    @(115.7500 mm, 62.7250 mm): Pad 6 [SSD_3V3] of J1 on F.Cu
[clearance]: Clearance violation ( clearance 0.2000 mm; actual 0.0454 mm)
    Local override; error
    @(94.8000 mm, 73.9500 mm): Pad 52 [RTL_3V3] of U1 on F.Cu
    @(95.2000 mm, 73.9500 mm): Track [XTAL_IN] on F.Cu, length 2.2006 mm
[clearance]: Clearance violation ( clearance 0.2000 mm; actual 0.0981 mm)
    Local override; error
    @(96.0000 mm, 73.9500 mm): Pad 55 [RTL_1V1] of U1 on F.Cu
    @(95.6000 mm, 73.9500 mm): Track [XTAL_OUT] on F.Cu, length 3.1532 mm
[shorting_items]: Items shorting two nets (nets XTAL_OUT and RSET)
    Local override; error
    @(114.0000 mm, 77.0000 mm): Track [XTAL_OUT] on F.Cu, length 27.8189 mm
    @(119.4000 mm, 54.0000 mm): Pad 1 [RSET] of R1 on F.Cu
[starved_thermal]: Thermal relief connection to zone incomplete (layer F.Cu; zone min spoke count 2; actual 1)
    Local override; error
    @(65.5000 mm, 40.5000 mm): Zone [GND] on F.Cu, priority 0
    @(120.6000 mm, 54.0000 mm): Pad 2 [GND] of R1 on F.Cu
[solder_mask_bridge]: Front solder mask aperture bridges items with different nets
    Rule: board setup solder mask min width; error
    @(121.5000 mm, 54.0000 mm): Track [RSET] on F.Cu, length 2.1000 mm
    @(120.6000 mm, 54.0000 mm): Pad 2 [GND] of R1 on F.Cu
[solder_mask_bridge]: Front solder mask aperture bridges items with different nets
    Rule: board setup solder mask min width; error
    @(121.5000 mm, 44.0000 mm): Track [RSET] on F.Cu, length 10.0000 mm
    @(121.4000 mm, 50.0000 mm): Pad 1 [XTAL_OUT] of C2 on F.Cu
[solder_mask_bridge]: Front solder mask aperture bridges items with different nets
    Rule: board setup solder mask min width; error
    @(113.0000 mm, 76.0000 mm): Track [XTAL_IN] on F.Cu, length 26.7524 mm
    @(115.0000 mm, 69.0000 mm): Pad 2 [GND] of C4 on F.Cu
[solder_mask_bridge]: Front solder mask aperture bridges items with different nets
    Rule: board setup solder mask min width; error
    @(113.0000 mm, 76.0000 mm): Track [XTAL_IN] on F.Cu, length 26.7524 mm
    @(116.2500 mm, 62.7250 mm): Pad 8 [SSD_3V3] of J1 on F.Cu
[solder_mask_bridge]: Front solder mask aperture bridges items with different nets
    Rule: board setup solder mask min width; error
    @(114.0000 mm, 77.0000 mm): Track [XTAL_OUT] on F.Cu, length 27.8189 mm
    @(116.4000 mm, 69.0000 mm): Pad 1 [RTL_5V] of C5 on F.Cu
[solder_mask_bridge]: Front solder mask aperture bridges items with different nets
    Rule: board setup solder mask min width; error
    @(114.0000 mm, 77.0000 mm): Track [XTAL_OUT] on F.Cu, length 27.8189 mm
    @(119.4000 mm, 54.0000 mm): Pad 1 [RSET] of R1 on F.Cu
[isolated_copper]: Isolated copper fill
    Local override; warning
    @(65.5000 mm, 40.5000 mm): Zone [GND] on B.Cu, priority 0
[isolated_copper]: Isolated copper fill
    Local override; warning
    @(65.5000 mm, 40.5000 mm): Zone [GND] on B.Cu, priority 0
[isolated_copper]: Isolated copper fill
    Local override; warning
    @(65.5000 mm, 40.5000 mm): Zone [GND] on B.Cu, priority 0
[isolated_copper]: Isolated copper fill
    Local override; warning
    @(65.5000 mm, 40.5000 mm): Zone [GND] on B.Cu, priority 0
[isolated_copper]: Isolated copper fill
    Local override; warning
    @(65.5000 mm, 40.5000 mm): Zone [GND] on B.Cu, priority 0
[isolated_copper]: Isolated copper fill
    Local override; warning
    @(65.5000 mm, 40.5000 mm): Zone [GND] on B.Cu, priority 0
[holes_co_located]: Drilled holes co-located
    Local override; warning
    @(112.5000 mm, 74.8000 mm): Via [RTL_1V1] on F.Cu - B.Cu
    @(112.5000 mm, 74.8000 mm): Via [RTL_1V1] on F.Cu - B.Cu

** Found 28 unconnected pads **
[unconnected_items]: Missing connection between items
    Local override; error
    @(101.9500 mm, 66.8000 mm): Pad 17 [RTL_5V] of U1 on F.Cu
    @(95.2000 mm, 66.0500 mm): Pad 33 [RTL_5V] of U1 on F.Cu
[unconnected_items]: Missing connection between items
    Local override; error
    @(116.4000 mm, 69.0000 mm): Pad 1 [RTL_5V] of C5 on F.Cu
    @(101.9500 mm, 66.8000 mm): Pad 17 [RTL_5V] of U1 on F.Cu
[unconnected_items]: Missing connection between items
    Local override; error
    @(94.0500 mm, 70.8000 mm): Pad 45 [GND] of U1 on F.Cu
    @(98.0000 mm, 70.0000 mm): Pad 69 [GND] of U1 on F.Cu
[unconnected_items]: Missing connection between items
    Local override; error
    @(98.0000 mm, 70.0000 mm): Pad 69 [GND] of U1 on F.Cu
    @(100.4000 mm, 73.9500 mm): Pad 66 [GND] of U1 on F.Cu
[unconnected_items]: Missing connection between items
    Local override; error
    @(65.5000 mm, 40.5000 mm): Zone [GND] on F.Cu, priority 0
    @(100.4000 mm, 73.9500 mm): Pad 66 [GND] of U1 on F.Cu
[unconnected_items]: Missing connection between items
    Local override; error
    @(65.5000 mm, 40.5000 mm): Zone [GND] on F.Cu, priority 0
    @(115.0000 mm, 69.0000 mm): Pad 2 [GND] of C4 on F.Cu
[unconnected_items]: Missing connection between items
    Local override; error
    @(122.6000 mm, 50.0000 mm): Pad 2 [GND] of C2 on F.Cu
    @(120.6000 mm, 54.0000 mm): Pad 2 [GND] of R1 on F.Cu
[unconnected_items]: Missing connection between items
    Local override; error
    @(89.0000 mm, 56.0000 mm): Pad 1 [PEDET] of R2 on F.Cu
    @(101.9500 mm, 70.4000 mm): Pad 8 [PEDET] of U1 on F.Cu
[unconnected_items]: Missing connection between items
    Local override; error
    @(101.9500 mm, 70.4000 mm): Pad 8 [PEDET] of U1 on F.Cu
    @(140.7500 mm, 62.7250 mm): Pad 69 [PEDET] of J1 on F.Cu
[unconnected_items]: Missing connection between items
    Local override; error
    @(92.0000 mm, 56.0000 mm): Pad 1 [CLKREQ_N] of R3 on F.Cu
    @(101.9500 mm, 68.4000 mm): Pad 13 [CLKREQ_N] of U1 on F.Cu
[unconnected_items]: Missing connection between items
    Local override; error
    @(101.9500 mm, 68.4000 mm): Pad 13 [CLKREQ_N] of U1 on F.Cu
    @(136.5000 mm, 70.2750 mm): Pad 52 [CLKREQ_N] of J1 on F.Cu
[unconnected_items]: Missing connection between items
    Local override; error
    @(101.9500 mm, 68.0000 mm): Pad 14 [PERST_N] of U1 on F.Cu
    @(136.0000 mm, 70.2750 mm): Pad 50 [PERST_N] of J1 on F.Cu
[unconnected_items]: Missing connection between items
    Local override; error
    @(94.0500 mm, 67.2000 mm): Pad 36 [RTL_1V1] of U1 on F.Cu
    @(94.0500 mm, 68.8000 mm): Pad 40 [RTL_1V1] of U1 on F.Cu
[unconnected_items]: Missing connection between items
    Local override; error
    @(94.0500 mm, 68.8000 mm): Pad 40 [RTL_1V1] of U1 on F.Cu
    @(94.0500 mm, 72.8000 mm): Pad 50 [RTL_1V1] of U1 on F.Cu
[unconnected_items]: Missing connection between items
    Local override; error
    @(94.0500 mm, 72.8000 mm): Pad 50 [RTL_1V1] of U1 on F.Cu
    @(96.0000 mm, 73.9500 mm): Pad 55 [RTL_1V1] of U1 on F.Cu
[unconnected_items]: Missing connection between items
    Local override; error
    @(98.0000 mm, 73.9500 mm): Track [RTL_1V1] on F.Cu, length 0.8500 mm
    @(96.0000 mm, 73.9500 mm): Pad 55 [RTL_1V1] of U1 on F.Cu
[unconnected_items]: Missing connection between items
    Local override; error
    @(99.2000 mm, 73.9500 mm): Pad 63 [RTL_1V1] of U1 on F.Cu
    @(98.0000 mm, 73.9500 mm): Track [RTL_1V1] on F.Cu, length 0.8500 mm
[unconnected_items]: Missing connection between items
    Local override; error
    @(112.5000 mm, 74.8000 mm): Track [RTL_1V1] on B.Cu, length 1.3000 mm
    @(108.0000 mm, 70.5000 mm): Track [RTL_1V1] on B.Cu, length 5.8000 mm
[unconnected_items]: Missing connection between items
    Local override; error
    @(94.8000 mm, 66.0500 mm): Track [RTL_3V3] on F.Cu, length 1.9906 mm
    @(100.4000 mm, 66.0500 mm): Track [RTL_3V3] on F.Cu, length 5.2500 mm
[unconnected_items]: Missing connection between items
    Local override; error
    @(98.4000 mm, 73.9500 mm): Pad 61 [REFCLK_P] of U1 on F.Cu
    @(137.2500 mm, 62.7250 mm): Pad 55 [REFCLK_P] of J1 on F.Cu
[unconnected_items]: Missing connection between items
    Local override; error
    @(98.8000 mm, 73.9500 mm): Pad 62 [REFCLK_N] of U1 on F.Cu
    @(136.7500 mm, 62.7250 mm): Pad 53 [REFCLK_N] of J1 on F.Cu
[unconnected_items]: Missing connection between items
    Local override; error
    @(99.6000 mm, 73.9500 mm): Pad 64 [LANE0_RXP] of U1 on F.Cu
    @(134.2500 mm, 62.7250 mm): Pad 43 [LANE0_RXP] of J1 on F.Cu
[unconnected_items]: Missing connection between items
    Local override; error
    @(100.0000 mm, 73.9500 mm): Pad 65 [LANE0_RXN] of U1 on F.Cu
    @(133.7500 mm, 62.7250 mm): Pad 41 [LANE0_RXN] of J1 on F.Cu
[unconnected_items]: Missing connection between items
    Local override; error
    @(100.8000 mm, 73.9500 mm): Pad 67 [LANE0_TXN] of U1 on F.Cu
    @(135.2500 mm, 62.7250 mm): Pad 47 [LANE0_TXN] of J1 on F.Cu
[unconnected_items]: Missing connection between items
    Local override; error
    @(101.2000 mm, 73.9500 mm): Pad 68 [LANE0_TXP] of U1 on F.Cu
    @(135.7500 mm, 62.7250 mm): Pad 49 [LANE0_TXP] of J1 on F.Cu
[unconnected_items]: Missing connection between items
    Local override; error
    @(114.7500 mm, 62.7250 mm): Pad 2 [SSD_3V3] of J1 on F.Cu
    @(115.2500 mm, 62.7250 mm): Pad 4 [SSD_3V3] of J1 on F.Cu
[unconnected_items]: Missing connection between items
    Local override; error
    @(115.2500 mm, 62.7250 mm): Pad 4 [SSD_3V3] of J1 on F.Cu
    @(115.7500 mm, 62.7250 mm): Pad 6 [SSD_3V3] of J1 on F.Cu
[unconnected_items]: Missing connection between items
    Local override; error
    @(115.7500 mm, 62.7250 mm): Pad 6 [SSD_3V3] of J1 on F.Cu
    @(116.2500 mm, 62.7250 mm): Pad 8 [SSD_3V3] of J1 on F.Cu

** Found 0 Footprint errors **

** Ignored checks **
    - Footprint has no courtyard defined
    - Track endpoint not centered on via
    - Tuning profile track geometries
    - Footprint doesn't match symbol's footprint filters
    - Footprint component type doesn't match footprint pads

** End of Report **
