** Drc report for PHASE24_RTL9210B_GND_RETURN_TOPRIGHT_OUTER_V1474.kicad_pcb **
** Created on 2026-09-10T04:52:23 **
** Report includes: Errors, Warnings **

** Found 9 DRC violations **
[clearance]: Clearance violation ( clearance 0.2000 mm; actual 0.0123 mm)
    Local override; error
    @(101.5000 mm, 67.6000 mm): Via [GND] on F.Cu - B.Cu
    @(101.9500 mm, 67.2000 mm): Pad 33 [RTL_5V] of U1 on F.Cu
[tracks_crossing]: Tracks crossing
    Local override; error
    @(122.0000 mm, 69.2000 mm): Track [GND] on B.Cu, length 8.8000 mm
    @(121.0000 mm, 77.2000 mm): Track [RTL_3V3] on B.Cu, length 2.0000 mm
[tracks_crossing]: Tracks crossing
    Local override; error
    @(101.5000 mm, 69.2000 mm): Track [GND] on B.Cu, length 20.5000 mm
    @(102.0000 mm, 75.0000 mm): Track [RTL_1V1] on B.Cu, length 10.2000 mm
[shorting_items]: Items shorting two nets (nets GND and )
    Local override; error
    @(100.4000 mm, 67.6000 mm): Track [GND] on F.Cu, length 1.1000 mm
    @(101.9500 mm, 67.6000 mm): Pad 32 [<no net>] of U1 on F.Cu
[hole_clearance]: Hole clearance violation (board setup constraints hole clearance 0.2500 mm; actual 0.1623 mm)
    Rule: board setup constraints hole; error
    @(101.9500 mm, 68.0000 mm): Pad 31 [<no net>] of U1 on F.Cu
    @(101.5000 mm, 67.6000 mm): Via [GND] on F.Cu - B.Cu
[hole_clearance]: Hole clearance violation (board setup constraints hole clearance 0.2500 mm; actual 0.0000 mm)
    Rule: board setup constraints hole; error
    @(101.9500 mm, 67.6000 mm): Pad 32 [<no net>] of U1 on F.Cu
    @(101.5000 mm, 67.6000 mm): Via [GND] on F.Cu - B.Cu
[hole_clearance]: Hole clearance violation (board setup constraints hole clearance 0.2500 mm; actual 0.1623 mm)
    Rule: board setup constraints hole; error
    @(101.9500 mm, 67.2000 mm): Pad 33 [RTL_5V] of U1 on F.Cu
    @(101.5000 mm, 67.6000 mm): Via [GND] on F.Cu - B.Cu
[solder_mask_bridge]: Front solder mask aperture bridges items with different nets
    Rule: board setup solder mask min width; error
    @(101.5000 mm, 67.6000 mm): Via [GND] on F.Cu - B.Cu
    @(101.9500 mm, 67.6000 mm): Pad 32 [<no net>] of U1 on F.Cu
[solder_mask_bridge]: Front solder mask aperture bridges items with different nets
    Rule: board setup solder mask min width; error
    @(100.4000 mm, 67.6000 mm): Track [GND] on F.Cu, length 1.1000 mm
    @(101.9500 mm, 67.6000 mm): Pad 32 [<no net>] of U1 on F.Cu

** Found 7 unconnected pads **
[unconnected_items]: Missing connection between items
    Local override; error
    @(88.0000 mm, 65.0000 mm): Pad 1 [RSET] of R1 on F.Cu
    @(94.8000 mm, 66.0500 mm): Pad 51 [RSET] of U1 on F.Cu
[unconnected_items]: Missing connection between items
    Local override; error
    @(88.0000 mm, 59.0000 mm): Pad 1 [XTAL_IN] of Y1 on F.Cu
    @(88.0000 mm, 62.0000 mm): Pad 1 [XTAL_IN] of C1 on F.Cu
[unconnected_items]: Missing connection between items
    Local override; error
    @(88.0000 mm, 62.0000 mm): Pad 1 [XTAL_IN] of C1 on F.Cu
    @(94.0500 mm, 67.2000 mm): Pad 53 [XTAL_IN] of U1 on F.Cu
[unconnected_items]: Missing connection between items
    Local override; error
    @(89.4000 mm, 59.0000 mm): Pad 2 [XTAL_OUT] of Y1 on F.Cu
    @(91.0000 mm, 62.0000 mm): Pad 1 [XTAL_OUT] of C2 on F.Cu
[unconnected_items]: Missing connection between items
    Local override; error
    @(91.0000 mm, 62.0000 mm): Pad 1 [XTAL_OUT] of C2 on F.Cu
    @(94.0500 mm, 67.6000 mm): Pad 54 [XTAL_OUT] of U1 on F.Cu
[unconnected_items]: Missing connection between items
    Local override; error
    @(94.0500 mm, 70.4000 mm): Pad 61 [REFCLK_P] of U1 on F.Cu
    @(137.2500 mm, 62.7250 mm): Pad 55 [REFCLK_P] of J1 on F.Cu
[unconnected_items]: Missing connection between items
    Local override; error
    @(94.0500 mm, 70.8000 mm): Pad 62 [REFCLK_N] of U1 on F.Cu
    @(136.7500 mm, 62.7250 mm): Pad 53 [REFCLK_N] of J1 on F.Cu

** Found 0 Footprint errors **

** Ignored checks **
    - Footprint has no courtyard defined
    - Track endpoint not centered on via
    - Tuning profile track geometries
    - Footprint doesn't match symbol's footprint filters
    - Footprint component type doesn't match footprint pads

** End of Report **
