** Drc report for PHASE24_RTL9210B_CRYSTAL_COAUTHOR_V1580.kicad_pcb **
** Created on 2026-09-10T08:29:04 **
** Report includes: Errors, Warnings **

** Found 17 DRC violations **
[tracks_crossing]: Tracks crossing
    Local override; error
    @(88.8000 mm, 63.8000 mm): Track [RSET] on F.Cu, length 1.6000 mm
    @(88.0000 mm, 65.2000 mm): Track [XTAL_IN] on F.Cu, length 3.2000 mm
[tracks_crossing]: Tracks crossing
    Local override; error
    @(89.2000 mm, 65.0000 mm): Track [GND] on F.Cu, length 2.0000 mm
    @(92.8000 mm, 65.2000 mm): Track [XTAL_IN] on F.Cu, length 4.8000 mm
[tracks_crossing]: Tracks crossing
    Local override; error
    @(92.0000 mm, 68.0000 mm): Track [RTL_1V1] on F.Cu, length 4.0000 mm
    @(92.8000 mm, 65.2000 mm): Track [XTAL_IN] on F.Cu, length 4.8000 mm
[tracks_crossing]: Tracks crossing
    Local override; error
    @(94.0500 mm, 68.0000 mm): Track [RTL_1V1] on F.Cu, length 2.0500 mm
    @(93.6000 mm, 67.6000 mm): Track [XTAL_OUT] on F.Cu, length 1.4000 mm
[tracks_crossing]: Tracks crossing
    Local override; error
    @(87.2000 mm, 63.8000 mm): Track [RSET] on F.Cu, length 1.4422 mm
    @(88.0000 mm, 65.2000 mm): Track [XTAL_IN] on F.Cu, length 3.2000 mm
[shorting_items]: Items shorting two nets (nets RTL_3V3 and XTAL_IN)
    Local override; error
    @(94.0500 mm, 66.8000 mm): Track [RTL_3V3] on F.Cu, length 1.0500 mm
    @(92.8000 mm, 67.2000 mm): Track [XTAL_IN] on F.Cu, length 2.0000 mm
[shorting_items]: Items shorting two nets (nets XTAL_IN and RTL_3V3)
    Local override; error
    @(94.0500 mm, 67.2000 mm): Track [XTAL_IN] on F.Cu, length 1.2500 mm
    @(93.0000 mm, 66.8000 mm): Via [RTL_3V3] on F.Cu - B.Cu
[shorting_items]: Items shorting two nets (nets RSET and XTAL_IN)
    Local override; error
    @(88.0000 mm, 65.0000 mm): Pad 1 [RSET] of R1 on F.Cu
    @(88.0000 mm, 65.2000 mm): Track [XTAL_IN] on F.Cu, length 3.2000 mm
[shorting_items]: Items shorting two nets (nets RTL_1V1 and XTAL_OUT)
    Local override; error
    @(94.0500 mm, 68.0000 mm): Pad 55 [RTL_1V1] of U1 on F.Cu
    @(93.6000 mm, 67.6000 mm): Track [XTAL_OUT] on F.Cu, length 1.4000 mm
[clearance]: Clearance violation (pad clearance 0.1500 mm; actual 0.0236 mm)
    Local override; error
    @(93.6000 mm, 69.0000 mm): Track [XTAL_OUT] on F.Cu, length 2.6000 mm
    @(94.0500 mm, 68.8000 mm): Pad 57 [<no net>] of U1 on F.Cu
[shorting_items]: Items shorting two nets (nets RSET and XTAL_IN)
    Local override; error
    @(88.0000 mm, 65.0000 mm): Pad 1 [RSET] of R1 on F.Cu
    @(92.8000 mm, 65.2000 mm): Track [XTAL_IN] on F.Cu, length 4.8000 mm
[solder_mask_bridge]: Front solder mask aperture bridges items with different nets
    Rule: board setup solder mask min width; error
    @(88.0000 mm, 65.2000 mm): Track [XTAL_IN] on F.Cu, length 3.2000 mm
    @(88.0000 mm, 65.0000 mm): Pad 1 [RSET] of R1 on F.Cu
[solder_mask_bridge]: Front solder mask aperture bridges items with different nets
    Rule: board setup solder mask min width; error
    @(92.8000 mm, 65.2000 mm): Track [XTAL_IN] on F.Cu, length 4.8000 mm
    @(88.0000 mm, 65.0000 mm): Pad 1 [RSET] of R1 on F.Cu
[solder_mask_bridge]: Front solder mask aperture bridges items with different nets
    Rule: board setup solder mask min width; error
    @(92.8000 mm, 65.2000 mm): Track [XTAL_IN] on F.Cu, length 4.8000 mm
    @(89.2000 mm, 65.0000 mm): Pad 2 [GND] of R1 on F.Cu
[solder_mask_bridge]: Front solder mask aperture bridges items with different nets
    Rule: board setup solder mask min width; error
    @(93.6000 mm, 67.6000 mm): Track [XTAL_OUT] on F.Cu, length 1.4000 mm
    @(94.0500 mm, 68.0000 mm): Pad 55 [RTL_1V1] of U1 on F.Cu
[solder_mask_bridge]: Front solder mask aperture bridges items with different nets
    Rule: board setup solder mask min width; error
    @(93.6000 mm, 67.6000 mm): Track [XTAL_OUT] on F.Cu, length 1.4000 mm
    @(94.0500 mm, 68.4000 mm): Pad 56 [<no net>] of U1 on F.Cu
[solder_mask_bridge]: Front solder mask aperture bridges items with different nets
    Rule: board setup solder mask min width; error
    @(93.6000 mm, 67.6000 mm): Track [XTAL_OUT] on F.Cu, length 1.4000 mm
    @(94.0500 mm, 68.8000 mm): Pad 57 [<no net>] of U1 on F.Cu

** Found 2 unconnected pads **
[unconnected_items]: Missing connection between items
    Local override; error
    @(94.0500 mm, 70.4000 mm): Pad 61 [REFCLK_P] of U1 on F.Cu
    @(137.2500 mm, 62.7250 mm): Pad 55 [REFCLK_P] of J1 on F.Cu
[unconnected_items]: Missing connection between items
    Local override; error
    @(94.0500 mm, 70.8000 mm): Pad 62 [REFCLK_N] of U1 on F.Cu
    @(136.7500 mm, 62.7250 mm): Pad 53 [REFCLK_N] of J1 on F.Cu

** Found 0 Footprint errors **

** Ignored checks **
    - Footprint has no courtyard defined
    - Track endpoint not centered on via
    - Tuning profile track geometries
    - Footprint doesn't match symbol's footprint filters
    - Footprint component type doesn't match footprint pads

** End of Report **
