** Drc report for PHASE24_RTL9210B_GND_LOWER_WEST_V1479.kicad_pcb **
** Created on 2026-09-10T05:01:22 **
** Report includes: Errors, Warnings **

** Found 15 DRC violations **
[shorting_items]: Items shorting two nets (nets  and GND)
    Local override; error
    @(100.4000 mm, 73.9500 mm): Pad 15 [<no net>] of U1 on F.Cu
    @(100.4000 mm, 72.4000 mm): Track [GND] on F.Cu, length 1.1000 mm
[clearance]: Clearance violation ( clearance 0.2000 mm; actual 0.0236 mm)
    Local override; error
    @(99.6000 mm, 73.9500 mm): Pad 13 [CLKREQ_N] of U1 on F.Cu
    @(100.4000 mm, 73.5000 mm): Track [GND] on F.Cu, length 0.6000 mm
[shorting_items]: Items shorting two nets (nets CLKREQ_N and GND)
    Local override; error
    @(99.6000 mm, 73.9500 mm): Pad 13 [CLKREQ_N] of U1 on F.Cu
    @(99.8000 mm, 73.5000 mm): Via [GND] on F.Cu - B.Cu
[clearance]: Clearance violation ( clearance 0.2000 mm; actual 0.1000 mm)
    Local override; error
    @(114.4000 mm, 77.5000 mm): Track [GND] on B.Cu, length 0.5000 mm
    @(113.8000 mm, 77.2000 mm): Track [RTL_3V3] on B.Cu, length 7.2000 mm
[shorting_items]: Items shorting two nets (nets GND and RTL_3V3)
    Local override; error
    @(97.5000 mm, 77.5000 mm): Track [GND] on B.Cu, length 16.9000 mm
    @(113.8000 mm, 77.2000 mm): Via [RTL_3V3] on F.Cu - B.Cu
[clearance]: Clearance violation ( clearance 0.2000 mm; actual 0.1000 mm)
    Local override; error
    @(100.9000 mm, 72.4000 mm): Via [RTL_3V3] on F.Cu - B.Cu
    @(100.4000 mm, 72.4000 mm): Track [GND] on F.Cu, length 1.1000 mm
[clearance]: Clearance violation ( clearance 0.2000 mm; actual 0.0924 mm)
    Local override; error
    @(100.0000 mm, 73.9500 mm): Track [PERST_N] on F.Cu, length 7.0500 mm
    @(99.8000 mm, 73.5000 mm): Via [GND] on F.Cu - B.Cu
[clearance]: Clearance violation ( clearance 0.2000 mm; actual 0.0924 mm)
    Local override; error
    @(99.8000 mm, 73.5000 mm): Via [GND] on F.Cu - B.Cu
    @(99.6000 mm, 73.9500 mm): Track [CLKREQ_N] on F.Cu, length 1.0500 mm
[hole_clearance]: Hole clearance violation (board setup constraints hole clearance 0.2500 mm; actual 0.0000 mm)
    Rule: board setup constraints hole; error
    @(99.6000 mm, 73.9500 mm): Pad 13 [CLKREQ_N] of U1 on F.Cu
    @(99.8000 mm, 73.5000 mm): Via [GND] on F.Cu - B.Cu
[hole_clearance]: Hole clearance violation (board setup constraints hole clearance 0.2500 mm; actual 0.0000 mm)
    Rule: board setup constraints hole; error
    @(100.0000 mm, 73.9500 mm): Pad 14 [PERST_N] of U1 on F.Cu
    @(99.8000 mm, 73.5000 mm): Via [GND] on F.Cu - B.Cu
[solder_mask_bridge]: Front solder mask aperture bridges items with different nets
    Rule: board setup solder mask min width; error
    @(100.4000 mm, 72.4000 mm): Track [GND] on F.Cu, length 1.1000 mm
    @(100.4000 mm, 73.9500 mm): Pad 15 [<no net>] of U1 on F.Cu
[solder_mask_bridge]: Front solder mask aperture bridges items with different nets
    Rule: board setup solder mask min width; error
    @(99.8000 mm, 73.5000 mm): Via [GND] on F.Cu - B.Cu
    @(99.6000 mm, 73.9500 mm): Pad 13 [CLKREQ_N] of U1 on F.Cu
[solder_mask_bridge]: Front solder mask aperture bridges items with different nets
    Rule: board setup solder mask min width; error
    @(99.8000 mm, 73.5000 mm): Via [GND] on F.Cu - B.Cu
    @(100.0000 mm, 73.9500 mm): Pad 14 [PERST_N] of U1 on F.Cu
[solder_mask_bridge]: Front solder mask aperture bridges items with different nets
    Rule: board setup solder mask min width; error
    @(100.4000 mm, 73.5000 mm): Track [GND] on F.Cu, length 0.6000 mm
    @(100.0000 mm, 73.9500 mm): Pad 14 [PERST_N] of U1 on F.Cu
[solder_mask_bridge]: Front solder mask aperture bridges items with different nets
    Rule: board setup solder mask min width; error
    @(100.4000 mm, 73.5000 mm): Track [GND] on F.Cu, length 0.6000 mm
    @(100.4000 mm, 73.9500 mm): Pad 15 [<no net>] of U1 on F.Cu

** Found 7 unconnected pads **
[unconnected_items]: Missing connection between items
    Local override; error
    @(88.0000 mm, 65.0000 mm): Pad 1 [RSET] of R1 on F.Cu
    @(94.8000 mm, 66.0500 mm): Pad 51 [RSET] of U1 on F.Cu
[unconnected_items]: Missing connection between items
    Local override; error
    @(88.0000 mm, 59.0000 mm): Pad 1 [XTAL_IN] of Y1 on F.Cu
    @(88.0000 mm, 62.0000 mm): Pad 1 [XTAL_IN] of C1 on F.Cu
[unconnected_items]: Missing connection between items
    Local override; error
    @(88.0000 mm, 62.0000 mm): Pad 1 [XTAL_IN] of C1 on F.Cu
    @(94.0500 mm, 67.2000 mm): Pad 53 [XTAL_IN] of U1 on F.Cu
[unconnected_items]: Missing connection between items
    Local override; error
    @(89.4000 mm, 59.0000 mm): Pad 2 [XTAL_OUT] of Y1 on F.Cu
    @(91.0000 mm, 62.0000 mm): Pad 1 [XTAL_OUT] of C2 on F.Cu
[unconnected_items]: Missing connection between items
    Local override; error
    @(91.0000 mm, 62.0000 mm): Pad 1 [XTAL_OUT] of C2 on F.Cu
    @(94.0500 mm, 67.6000 mm): Pad 54 [XTAL_OUT] of U1 on F.Cu
[unconnected_items]: Missing connection between items
    Local override; error
    @(94.0500 mm, 70.4000 mm): Pad 61 [REFCLK_P] of U1 on F.Cu
    @(137.2500 mm, 62.7250 mm): Pad 55 [REFCLK_P] of J1 on F.Cu
[unconnected_items]: Missing connection between items
    Local override; error
    @(94.0500 mm, 70.8000 mm): Pad 62 [REFCLK_N] of U1 on F.Cu
    @(136.7500 mm, 62.7250 mm): Pad 53 [REFCLK_N] of J1 on F.Cu

** Found 0 Footprint errors **

** Ignored checks **
    - Footprint has no courtyard defined
    - Track endpoint not centered on via
    - Tuning profile track geometries
    - Footprint doesn't match symbol's footprint filters
    - Footprint component type doesn't match footprint pads

** End of Report **
