** Drc report for PHASE24_RTL9210B_XTALIN_WEST_CORRIDOR_V1579.kicad_pcb **
** Created on 2026-09-10T08:24:27 **
** Report includes: Errors, Warnings **

** Found 6 DRC violations **
[tracks_crossing]: Tracks crossing
    Local override; error
    @(87.2000 mm, 67.8000 mm): Track [XTAL_OUT] on B.Cu, length 12.8561 mm
    @(90.0000 mm, 67.2000 mm): Track [XTAL_IN] on B.Cu, length 6.0000 mm
[tracks_crossing]: Tracks crossing
    Local override; error
    @(88.0000 mm, 70.0000 mm): Track [RTL_1V1] on B.Cu, length 12.0000 mm
    @(90.0000 mm, 67.2000 mm): Track [XTAL_IN] on B.Cu, length 6.0000 mm
[clearance]: Clearance violation ( clearance 0.2000 mm; actual 0.0500 mm)
    Local override; error
    @(94.0500 mm, 67.2000 mm): Track [XTAL_IN] on F.Cu, length 4.0500 mm
    @(91.8000 mm, 66.8000 mm): Via [RTL_3V3] on F.Cu - B.Cu
[clearance]: Clearance violation ( clearance 0.2000 mm; actual 0.1488 mm)
    Local override; error
    @(92.8000 mm, 68.0000 mm): Track [RTL_1V1] on F.Cu, length 1.8000 mm
    @(93.4000 mm, 67.6000 mm): Track [XTAL_OUT] on F.Cu, length 2.4083 mm
[clearance]: Clearance violation ( clearance 0.2000 mm; actual 0.1488 mm)
    Local override; error
    @(94.0500 mm, 68.0000 mm): Track [RTL_1V1] on F.Cu, length 1.2500 mm
    @(93.4000 mm, 67.6000 mm): Track [XTAL_OUT] on F.Cu, length 2.4083 mm
[track_dangling]: Track has unconnected end
    Local override; warning
    @(93.0000 mm, 66.8000 mm): Track [RTL_3V3] on B.Cu, length 1.0000 mm

** Found 2 unconnected pads **
[unconnected_items]: Missing connection between items
    Local override; error
    @(94.0500 mm, 70.4000 mm): Pad 61 [REFCLK_P] of U1 on F.Cu
    @(137.2500 mm, 62.7250 mm): Pad 55 [REFCLK_P] of J1 on F.Cu
[unconnected_items]: Missing connection between items
    Local override; error
    @(94.0500 mm, 70.8000 mm): Pad 62 [REFCLK_N] of U1 on F.Cu
    @(136.7500 mm, 62.7250 mm): Pad 53 [REFCLK_N] of J1 on F.Cu

** Found 0 Footprint errors **

** Ignored checks **
    - Footprint has no courtyard defined
    - Track endpoint not centered on via
    - Tuning profile track geometries
    - Footprint doesn't match symbol's footprint filters
    - Footprint component type doesn't match footprint pads

** End of Report **
