** Drc report for PHASE24_RTL9210B_LANE0_FROM_V1243_V1244.kicad_pcb **
** Created on 2026-09-09T16:01:07 **
** Report includes: Errors, Warnings **

** Found 42 DRC violations **
[tracks_crossing]: Tracks crossing
    Local override; error
    @(125.0000 mm, 80.0000 mm): Track [PEDET] on F.Cu, length 15.7500 mm
    @(134.2500 mm, 82.0000 mm): Track [LANE0_RXP] on F.Cu, length 19.2750 mm
[tracks_crossing]: Tracks crossing
    Local override; error
    @(95.0000 mm, 72.8000 mm): Track [LANE0_TXN] on F.Cu, length 2.7000 mm
    @(94.0500 mm, 73.2000 mm): Track [LANE0_TXP] on F.Cu, length 1.5500 mm
[clearance]: Clearance violation ( clearance 0.2000 mm; actual 0.0500 mm)
    Local override; error
    @(136.0000 mm, 71.5000 mm): Track [PERST_N] on F.Cu, length 1.2250 mm
    @(135.7500 mm, 85.0000 mm): Track [LANE0_TXP] on F.Cu, length 22.2750 mm
[shorting_items]: Items shorting two nets (nets LANE0_RXP and LANE0_TXN)
    Local override; error
    @(93.6000 mm, 75.5000 mm): Track [LANE0_RXP] on B.Cu, length 40.6500 mm
    @(95.0000 mm, 75.5000 mm): Via [LANE0_TXN] on F.Cu - B.Cu
[clearance]: Clearance violation ( clearance 0.2000 mm; actual 0.1000 mm)
    Local override; error
    @(134.2500 mm, 82.0000 mm): Via [LANE0_RXP] on F.Cu - B.Cu
    @(133.7500 mm, 83.0000 mm): Track [LANE0_RXN] on F.Cu, length 20.2750 mm
[shorting_items]: Items shorting two nets (nets LANE0_RXP and LANE0_TXP)
    Local override; error
    @(93.6000 mm, 71.6000 mm): Track [LANE0_RXP] on F.Cu, length 3.9000 mm
    @(94.0500 mm, 73.2000 mm): Pad 68 [LANE0_TXP] of U1 on F.Cu
[shorting_items]: Items shorting two nets (nets LANE0_RXN and LANE0_TXP)
    Local override; error
    @(93.0000 mm, 76.2000 mm): Track [LANE0_RXN] on B.Cu, length 40.7500 mm
    @(95.6000 mm, 76.2000 mm): Via [LANE0_TXP] on F.Cu - B.Cu
[clearance]: Clearance violation ( clearance 0.2000 mm; actual 0.1000 mm)
    Local override; error
    @(92.5000 mm, 70.8000 mm): Track [REFCLK_N] on F.Cu, length 8.4000 mm
    @(93.0000 mm, 76.2000 mm): Via [LANE0_RXN] on F.Cu - B.Cu
[clearance]: Clearance violation ( clearance 0.2000 mm; actual 0.1000 mm)
    Local override; error
    @(135.7500 mm, 85.0000 mm): Track [LANE0_TXP] on F.Cu, length 22.2750 mm
    @(135.2500 mm, 84.0000 mm): Via [LANE0_TXN] on F.Cu - B.Cu
[tracks_crossing]: Tracks crossing
    Local override; error
    @(119.8000 mm, 74.0000 mm): Track [RTL_3V3] on B.Cu, length 4.0000 mm
    @(93.6000 mm, 75.5000 mm): Track [LANE0_RXP] on B.Cu, length 40.6500 mm
[clearance]: Clearance violation ( clearance 0.2000 mm; actual 0.1000 mm)
    Local override; error
    @(109.0000 mm, 75.2000 mm): Track [SPISI] on B.Cu, length 7.2000 mm
    @(93.6000 mm, 75.5000 mm): Track [LANE0_RXP] on B.Cu, length 40.6500 mm
[tracks_crossing]: Tracks crossing
    Local override; error
    @(103.5000 mm, 67.2000 mm): Track [RTL_5V] on B.Cu, length 14.8000 mm
    @(93.6000 mm, 75.5000 mm): Track [LANE0_RXP] on B.Cu, length 40.6500 mm
[tracks_crossing]: Tracks crossing
    Local override; error
    @(126.4000 mm, 82.0000 mm): Track [RTL_5V] on B.Cu, length 31.0000 mm
    @(93.6000 mm, 75.5000 mm): Track [LANE0_RXP] on B.Cu, length 40.6500 mm
[shorting_items]: Items shorting two nets (nets SPISI and LANE0_RXP)
    Local override; error
    @(116.2000 mm, 75.2000 mm): Via [SPISI] on F.Cu - B.Cu
    @(93.6000 mm, 75.5000 mm): Track [LANE0_RXP] on B.Cu, length 40.6500 mm
[shorting_items]: Items shorting two nets (nets LANE0_RXP and SPISI)
    Local override; error
    @(93.6000 mm, 75.5000 mm): Track [LANE0_RXP] on B.Cu, length 40.6500 mm
    @(109.0000 mm, 75.2000 mm): Via [SPISI] on F.Cu - B.Cu
[shorting_items]: Items shorting two nets (nets RTL_1V1 and LANE0_RXP)
    Local override; error
    @(93.2000 mm, 74.0000 mm): Via [RTL_1V1] on F.Cu - B.Cu
    @(93.6000 mm, 71.6000 mm): Track [LANE0_RXP] on F.Cu, length 3.9000 mm
[clearance]: Clearance violation ( clearance 0.2000 mm; actual 0.1000 mm)
    Local override; error
    @(93.6000 mm, 75.5000 mm): Track [LANE0_RXP] on B.Cu, length 40.6500 mm
    @(102.5000 mm, 75.0000 mm): Via [RTL_1V1] on F.Cu - B.Cu
[shorting_items]: Items shorting two nets (nets RTL_1V1 and LANE0_RXN)
    Local override; error
    @(93.2000 mm, 71.2000 mm): Track [RTL_1V1] on F.Cu, length 2.8000 mm
    @(93.0000 mm, 72.0000 mm): Track [LANE0_RXN] on F.Cu, length 4.2000 mm
[clearance]: Clearance violation ( clearance 0.2000 mm; actual 0.0500 mm)
    Local override; error
    @(135.7500 mm, 85.0000 mm): Track [LANE0_TXP] on F.Cu, length 22.2750 mm
    @(138.0000 mm, 71.5000 mm): Track [PERST_N] on F.Cu, length 2.0000 mm
[shorting_items]: Items shorting two nets (nets CLKREQ_N and LANE0_TXP)
    Local override; error
    @(98.8000 mm, 76.0000 mm): Track [CLKREQ_N] on B.Cu, length 28.8000 mm
    @(95.6000 mm, 76.2000 mm): Via [LANE0_TXP] on F.Cu - B.Cu
[clearance]: Clearance violation ( clearance 0.2000 mm; actual 0.1000 mm)
    Local override; error
    @(98.8000 mm, 76.0000 mm): Via [CLKREQ_N] on F.Cu - B.Cu
    @(93.6000 mm, 75.5000 mm): Track [LANE0_RXP] on B.Cu, length 40.6500 mm
[clearance]: Clearance violation ( clearance 0.2000 mm; actual 0.1000 mm)
    Local override; error
    @(97.6000 mm, 76.5000 mm): Track [PEDET] on F.Cu, length 2.6000 mm
    @(95.6000 mm, 73.2000 mm): Track [LANE0_TXP] on F.Cu, length 3.0000 mm
[shorting_items]: Items shorting two nets (nets LANE0_TXP and PERST_N)
    Local override; error
    @(135.7500 mm, 85.0000 mm): Track [LANE0_TXP] on F.Cu, length 22.2750 mm
    @(136.0000 mm, 70.2750 mm): Pad 50 [PERST_N] of J1 on F.Cu
[shorting_items]: Items shorting two nets (nets RESET_N and LANE0_TXP)
    Local override; error
    @(95.6000 mm, 73.9500 mm): Pad 3 [RESET_N] of U1 on F.Cu
    @(95.6000 mm, 73.2000 mm): Track [LANE0_TXP] on F.Cu, length 3.0000 mm
[copper_edge_clearance]: Board edge clearance violation (board setup constraints edge clearance 0.5000 mm; actual 0.0000 mm)
    Rule: board setup constraints edge; error
    @(65.0000 mm, 40.0000 mm): Rectangle on Edge.Cuts
    @(135.7500 mm, 85.0000 mm): Track [LANE0_TXP] on F.Cu, length 22.2750 mm
[copper_edge_clearance]: Board edge clearance violation (board setup constraints edge clearance 0.5000 mm; actual 0.0000 mm)
    Rule: board setup constraints edge; error
    @(65.0000 mm, 40.0000 mm): Rectangle on Edge.Cuts
    @(135.7500 mm, 85.0000 mm): Track [LANE0_TXP] on F.Cu, length 0.0000 mm
[copper_edge_clearance]: Board edge clearance violation (board setup constraints edge clearance 0.5000 mm; actual 0.0000 mm)
    Rule: board setup constraints edge; error
    @(65.0000 mm, 40.0000 mm): Rectangle on Edge.Cuts
    @(135.7500 mm, 85.0000 mm): Via [LANE0_TXP] on F.Cu - B.Cu
[solder_mask_bridge]: Front solder mask aperture bridges items with different nets
    Rule: board setup solder mask min width; error
    @(95.6000 mm, 73.2000 mm): Track [LANE0_TXP] on F.Cu, length 3.0000 mm
    @(95.6000 mm, 73.9500 mm): Pad 3 [RESET_N] of U1 on F.Cu
[solder_mask_bridge]: Front solder mask aperture bridges items with different nets
    Rule: board setup solder mask min width; error
    @(93.6000 mm, 71.6000 mm): Track [LANE0_RXP] on F.Cu, length 3.9000 mm
    @(94.0500 mm, 72.0000 mm): Pad 65 [LANE0_RXN] of U1 on F.Cu
[solder_mask_bridge]: Front solder mask aperture bridges items with different nets
    Rule: board setup solder mask min width; error
    @(93.6000 mm, 71.6000 mm): Track [LANE0_RXP] on F.Cu, length 3.9000 mm
    @(94.0500 mm, 72.4000 mm): Pad 66 [GND] of U1 on F.Cu
[solder_mask_bridge]: Front solder mask aperture bridges items with different nets
    Rule: board setup solder mask min width; error
    @(93.6000 mm, 71.6000 mm): Track [LANE0_RXP] on F.Cu, length 3.9000 mm
    @(94.0500 mm, 72.8000 mm): Pad 67 [LANE0_TXN] of U1 on F.Cu
[solder_mask_bridge]: Front solder mask aperture bridges items with different nets
    Rule: board setup solder mask min width; error
    @(93.6000 mm, 71.6000 mm): Track [LANE0_RXP] on F.Cu, length 3.9000 mm
    @(94.0500 mm, 73.2000 mm): Pad 68 [LANE0_TXP] of U1 on F.Cu
[via_dangling]: Via is not connected or connected on only one layer
    Local override; warning
    @(109.5000 mm, 68.5000 mm): Via [RTL_1V1] on F.Cu - B.Cu
[via_dangling]: Via is not connected or connected on only one layer
    Local override; warning
    @(104.5000 mm, 77.0000 mm): Via [RTL_1V1] on F.Cu - B.Cu
[track_dangling]: Track has unconnected end
    Local override; warning
    @(130.0000 mm, 69.0000 mm): Track [RTL_1V1] on In2.PWR, length 21.0000 mm
[track_dangling]: Track has unconnected end
    Local override; warning
    @(99.6000 mm, 62.8000 mm): Track [RTL_3V3] on B.Cu, length 1.3000 mm
[via_dangling]: Via is not connected or connected on only one layer
    Local override; warning
    @(134.2500 mm, 82.0000 mm): Via [LANE0_RXP] on F.Cu - B.Cu
[via_dangling]: Via is not connected or connected on only one layer
    Local override; warning
    @(133.7500 mm, 83.0000 mm): Via [LANE0_RXN] on F.Cu - B.Cu
[via_dangling]: Via is not connected or connected on only one layer
    Local override; warning
    @(135.2500 mm, 84.0000 mm): Via [LANE0_TXN] on F.Cu - B.Cu
[track_dangling]: Track has unconnected end
    Local override; warning
    @(95.0000 mm, 75.5000 mm): Track [LANE0_TXN] on B.Cu, length 40.2500 mm
[via_dangling]: Via is not connected or connected on only one layer
    Local override; warning
    @(135.7500 mm, 85.0000 mm): Via [LANE0_TXP] on F.Cu - B.Cu
[track_dangling]: Track has unconnected end
    Local override; warning
    @(95.6000 mm, 76.2000 mm): Track [LANE0_TXP] on B.Cu, length 40.1500 mm

** Found 7 unconnected pads **
[unconnected_items]: Missing connection between items
    Local override; error
    @(134.2500 mm, 82.0000 mm): Track [LANE0_RXP] on F.Cu, length 19.2750 mm
    @(93.6000 mm, 75.5000 mm): Track [LANE0_RXP] on B.Cu, length 40.6500 mm
[unconnected_items]: Missing connection between items
    Local override; error
    @(133.7500 mm, 83.0000 mm): Track [LANE0_RXN] on F.Cu, length 20.2750 mm
    @(93.0000 mm, 76.2000 mm): Track [LANE0_RXN] on B.Cu, length 40.7500 mm
[unconnected_items]: Missing connection between items
    Local override; error
    @(135.2500 mm, 84.0000 mm): Track [LANE0_TXN] on F.Cu, length 21.2750 mm
    @(95.0000 mm, 75.5000 mm): Track [LANE0_TXN] on B.Cu, length 40.2500 mm
[unconnected_items]: Missing connection between items
    Local override; error
    @(135.7500 mm, 85.0000 mm): Track [LANE0_TXP] on F.Cu, length 22.2750 mm
    @(95.6000 mm, 76.2000 mm): Track [LANE0_TXP] on B.Cu, length 40.1500 mm
[unconnected_items]: Missing connection between items
    Local override; error
    @(114.7500 mm, 62.7250 mm): Pad 2 [SSD_3V3] of J1 on F.Cu
    @(115.2500 mm, 62.7250 mm): Pad 4 [SSD_3V3] of J1 on F.Cu
[unconnected_items]: Missing connection between items
    Local override; error
    @(115.2500 mm, 62.7250 mm): Pad 4 [SSD_3V3] of J1 on F.Cu
    @(115.7500 mm, 62.7250 mm): Pad 6 [SSD_3V3] of J1 on F.Cu
[unconnected_items]: Missing connection between items
    Local override; error
    @(115.7500 mm, 62.7250 mm): Pad 6 [SSD_3V3] of J1 on F.Cu
    @(116.2500 mm, 62.7250 mm): Pad 8 [SSD_3V3] of J1 on F.Cu

** Found 0 Footprint errors **

** Ignored checks **
    - Footprint has no courtyard defined
    - Track endpoint not centered on via
    - Tuning profile track geometries
    - Footprint doesn't match symbol's footprint filters
    - Footprint component type doesn't match footprint pads

** End of Report **
