** Drc report for PHASE24_RTL9210B_SPISO_SWEEP_C.kicad_pcb **
** Created on 2026-09-09T08:36:49 **
** Report includes: Errors, Warnings **

** Found 7 DRC violations **
[shorting_items]: Items shorting two nets (nets SPICS and SPISO)
    Local override; error
    @(98.8000 mm, 66.0500 mm): Pad 24 [SPICS] of U1 on F.Cu
    @(99.2000 mm, 66.0500 mm): Track [SPISO] on F.Cu, length 1.3124 mm
[shorting_items]: Items shorting two nets (nets RTL_1V1 and SPISO)
    Local override; error
    @(97.5000 mm, 76.0000 mm): Via [RTL_1V1] on F.Cu - B.Cu
    @(97.2000 mm, 65.0000 mm): Track [SPISO] on B.Cu, length 19.0000 mm
[tracks_crossing]: Tracks crossing
    Local override; error
    @(98.4000 mm, 66.0500 mm): Track [RTL_1V1] on F.Cu, length 2.5500 mm
    @(99.2000 mm, 66.0500 mm): Track [SPISO] on F.Cu, length 1.3124 mm
[shorting_items]: Items shorting two nets (nets SPISO and RTL_5V)
    Local override; error
    @(97.2000 mm, 65.0000 mm): Via [SPISO] on F.Cu - B.Cu
    @(96.5000 mm, 64.5000 mm): Track [RTL_5V] on In2.PWR, length 9.0934 mm
[solder_mask_bridge]: Front solder mask aperture bridges items with different nets
    Rule: board setup solder mask min width; error
    @(99.2000 mm, 66.0500 mm): Track [SPISO] on F.Cu, length 1.3124 mm
    @(98.8000 mm, 66.0500 mm): Pad 24 [SPICS] of U1 on F.Cu
[isolated_copper]: Isolated copper fill
    Local override; warning
    @(65.5000 mm, 40.5000 mm): Zone [GND] on B.Cu, priority 0
[isolated_copper]: Isolated copper fill
    Local override; warning
    @(65.5000 mm, 40.5000 mm): Zone [GND] on B.Cu, priority 0

** Found 25 unconnected pads **
[unconnected_items]: Missing connection between items
    Local override; error
    @(108.0000 mm, 80.0000 mm): Track [PEDET] on F.Cu, length 12.0000 mm
    @(140.7500 mm, 62.7250 mm): Pad 69 [PEDET] of J1 on F.Cu
[unconnected_items]: Missing connection between items
    Local override; error
    @(110.0000 mm, 75.0000 mm): Track [CLKREQ_N] on F.Cu, length 10.0000 mm
    @(136.5000 mm, 70.2750 mm): Pad 52 [CLKREQ_N] of J1 on F.Cu
[unconnected_items]: Missing connection between items
    Local override; error
    @(101.2000 mm, 66.0500 mm): Pad 18 [SPISI] of U1 on F.Cu
    @(105.0000 mm, 75.2000 mm): Pad 5 [SPISI] of U2 on F.Cu
[unconnected_items]: Missing connection between items
    Local override; error
    @(100.8000 mm, 66.0500 mm): Pad 19 [SPICLK] of U1 on F.Cu
    @(105.0000 mm, 74.0000 mm): Pad 6 [SPICLK] of U2 on F.Cu
[unconnected_items]: Missing connection between items
    Local override; error
    @(94.0500 mm, 68.4000 mm): Pad 39 [RTL_3V3] of U1 on F.Cu
    @(94.8000 mm, 66.0500 mm): Track [RTL_3V3] on F.Cu, length 2.0500 mm
[unconnected_items]: Missing connection between items
    Local override; error
    @(94.0500 mm, 68.4000 mm): Pad 39 [RTL_3V3] of U1 on F.Cu
    @(94.8000 mm, 73.9500 mm): Pad 52 [RTL_3V3] of U1 on F.Cu
[unconnected_items]: Missing connection between items
    Local override; error
    @(100.4000 mm, 66.0500 mm): Track [RTL_3V3] on F.Cu, length 8.8500 mm
    @(94.8000 mm, 66.0500 mm): Track [RTL_3V3] on F.Cu, length 2.0500 mm
[unconnected_items]: Missing connection between items
    Local override; error
    @(105.0000 mm, 71.6000 mm): Pad 8 [RTL_3V3] of U2 on F.Cu
    @(100.4000 mm, 66.0500 mm): Track [RTL_3V3] on F.Cu, length 8.8500 mm
[unconnected_items]: Missing connection between items
    Local override; error
    @(105.0000 mm, 77.6000 mm): Pad 3 [RTL_3V3] of U2 on F.Cu
    @(105.0000 mm, 71.6000 mm): Pad 8 [RTL_3V3] of U2 on F.Cu
[unconnected_items]: Missing connection between items
    Local override; error
    @(105.0000 mm, 77.6000 mm): Pad 3 [RTL_3V3] of U2 on F.Cu
    @(121.2000 mm, 80.0000 mm): Pad 2 [RTL_3V3] of R2 on F.Cu
[unconnected_items]: Missing connection between items
    Local override; error
    @(109.5000 mm, 57.2000 mm): Via [RTL_3V3] on F.Cu - B.Cu
    @(120.4000 mm, 51.0000 mm): Pad 1 [RTL_3V3] of C3 on F.Cu
[unconnected_items]: Missing connection between items
    Local override; error
    @(121.2000 mm, 80.0000 mm): Pad 2 [RTL_3V3] of R2 on F.Cu
    @(121.2000 mm, 75.0000 mm): Pad 2 [RTL_3V3] of R3 on F.Cu
[unconnected_items]: Missing connection between items
    Local override; error
    @(98.8000 mm, 66.0500 mm): Pad 24 [SPICS] of U1 on F.Cu
    @(105.0000 mm, 80.0000 mm): Pad 1 [SPICS] of U2 on F.Cu
[unconnected_items]: Missing connection between items
    Local override; error
    @(98.0000 mm, 70.0000 mm): Pad 69 [GND] of U1 on F.Cu
    @(94.0500 mm, 70.8000 mm): Pad 45 [GND] of U1 on F.Cu
[unconnected_items]: Missing connection between items
    Local override; error
    @(65.5000 mm, 40.5000 mm): Zone [GND] on F.Cu, priority 0
    @(100.4000 mm, 73.9500 mm): Pad 66 [GND] of U1 on F.Cu
[unconnected_items]: Missing connection between items
    Local override; error
    @(100.4000 mm, 73.9500 mm): Pad 66 [GND] of U1 on F.Cu
    @(98.0000 mm, 70.0000 mm): Pad 69 [GND] of U1 on F.Cu
[unconnected_items]: Missing connection between items
    Local override; error
    @(98.4000 mm, 73.9500 mm): Pad 61 [REFCLK_P] of U1 on F.Cu
    @(137.2500 mm, 62.7250 mm): Pad 55 [REFCLK_P] of J1 on F.Cu
[unconnected_items]: Missing connection between items
    Local override; error
    @(98.8000 mm, 73.9500 mm): Pad 62 [REFCLK_N] of U1 on F.Cu
    @(136.7500 mm, 62.7250 mm): Pad 53 [REFCLK_N] of J1 on F.Cu
[unconnected_items]: Missing connection between items
    Local override; error
    @(99.6000 mm, 73.9500 mm): Pad 64 [LANE0_RXP] of U1 on F.Cu
    @(134.2500 mm, 62.7250 mm): Pad 43 [LANE0_RXP] of J1 on F.Cu
[unconnected_items]: Missing connection between items
    Local override; error
    @(100.0000 mm, 73.9500 mm): Pad 65 [LANE0_RXN] of U1 on F.Cu
    @(133.7500 mm, 62.7250 mm): Pad 41 [LANE0_RXN] of J1 on F.Cu
[unconnected_items]: Missing connection between items
    Local override; error
    @(100.8000 mm, 73.9500 mm): Pad 67 [LANE0_TXN] of U1 on F.Cu
    @(135.2500 mm, 62.7250 mm): Pad 47 [LANE0_TXN] of J1 on F.Cu
[unconnected_items]: Missing connection between items
    Local override; error
    @(101.2000 mm, 73.9500 mm): Pad 68 [LANE0_TXP] of U1 on F.Cu
    @(135.7500 mm, 62.7250 mm): Pad 49 [LANE0_TXP] of J1 on F.Cu
[unconnected_items]: Missing connection between items
    Local override; error
    @(114.7500 mm, 62.7250 mm): Pad 2 [SSD_3V3] of J1 on F.Cu
    @(115.2500 mm, 62.7250 mm): Pad 4 [SSD_3V3] of J1 on F.Cu
[unconnected_items]: Missing connection between items
    Local override; error
    @(115.2500 mm, 62.7250 mm): Pad 4 [SSD_3V3] of J1 on F.Cu
    @(115.7500 mm, 62.7250 mm): Pad 6 [SSD_3V3] of J1 on F.Cu
[unconnected_items]: Missing connection between items
    Local override; error
    @(115.7500 mm, 62.7250 mm): Pad 6 [SSD_3V3] of J1 on F.Cu
    @(116.2500 mm, 62.7250 mm): Pad 8 [SSD_3V3] of J1 on F.Cu

** Found 0 Footprint errors **

** Ignored checks **
    - Footprint has no courtyard defined
    - Track endpoint not centered on via
    - Tuning profile track geometries
    - Footprint doesn't match symbol's footprint filters
    - Footprint component type doesn't match footprint pads

** End of Report **
