** Drc report for PHASE24_RTL9210B_RSET_WEST_V1506.kicad_pcb **
** Created on 2026-09-10T05:29:23 **
** Report includes: Errors, Warnings **

** Found 5 DRC violations **
[shorting_items]: Items shorting two nets (nets RSET and GND)
    Local override; error
    @(88.8000 mm, 64.4000 mm): Via [RSET] on F.Cu - B.Cu
    @(89.2000 mm, 65.0000 mm): Pad 2 [GND] of R1 on F.Cu
[clearance]: Clearance violation ( clearance 0.2000 mm; actual 0.1000 mm)
    Local override; error
    @(88.8000 mm, 64.4000 mm): Track [RSET] on F.Cu, length 1.6000 mm
    @(89.2000 mm, 65.0000 mm): Pad 2 [GND] of R1 on F.Cu
[hole_clearance]: Hole clearance violation (board setup constraints hole clearance 0.2500 mm; actual 0.0500 mm)
    Rule: board setup constraints hole; error
    @(89.2000 mm, 65.0000 mm): Pad 2 [GND] of R1 on F.Cu
    @(88.8000 mm, 64.4000 mm): Via [RSET] on F.Cu - B.Cu
[solder_mask_bridge]: Front solder mask aperture bridges items with different nets
    Rule: board setup solder mask min width; error
    @(88.8000 mm, 64.4000 mm): Via [RSET] on F.Cu - B.Cu
    @(89.2000 mm, 65.0000 mm): Pad 2 [GND] of R1 on F.Cu
[via_dangling]: Via is not connected or connected on only one layer
    Local override; warning
    @(87.2000 mm, 64.4000 mm): Via [RSET] on F.Cu - B.Cu

** Found 6 unconnected pads **
[unconnected_items]: Missing connection between items
    Local override; error
    @(88.0000 mm, 59.0000 mm): Pad 1 [XTAL_IN] of Y1 on F.Cu
    @(88.0000 mm, 62.0000 mm): Pad 1 [XTAL_IN] of C1 on F.Cu
[unconnected_items]: Missing connection between items
    Local override; error
    @(88.0000 mm, 62.0000 mm): Pad 1 [XTAL_IN] of C1 on F.Cu
    @(94.0500 mm, 67.2000 mm): Pad 53 [XTAL_IN] of U1 on F.Cu
[unconnected_items]: Missing connection between items
    Local override; error
    @(89.4000 mm, 59.0000 mm): Pad 2 [XTAL_OUT] of Y1 on F.Cu
    @(91.0000 mm, 62.0000 mm): Pad 1 [XTAL_OUT] of C2 on F.Cu
[unconnected_items]: Missing connection between items
    Local override; error
    @(91.0000 mm, 62.0000 mm): Pad 1 [XTAL_OUT] of C2 on F.Cu
    @(94.0500 mm, 67.6000 mm): Pad 54 [XTAL_OUT] of U1 on F.Cu
[unconnected_items]: Missing connection between items
    Local override; error
    @(94.0500 mm, 70.4000 mm): Pad 61 [REFCLK_P] of U1 on F.Cu
    @(137.2500 mm, 62.7250 mm): Pad 55 [REFCLK_P] of J1 on F.Cu
[unconnected_items]: Missing connection between items
    Local override; error
    @(94.0500 mm, 70.8000 mm): Pad 62 [REFCLK_N] of U1 on F.Cu
    @(136.7500 mm, 62.7250 mm): Pad 53 [REFCLK_N] of J1 on F.Cu

** Found 0 Footprint errors **

** Ignored checks **
    - Footprint has no courtyard defined
    - Track endpoint not centered on via
    - Tuning profile track geometries
    - Footprint doesn't match symbol's footprint filters
    - Footprint component type doesn't match footprint pads

** End of Report **
