** Drc report for PHASE24_RTL9210B_LANE0_DEDICATED_ROWS_V1308.kicad_pcb **
** Created on 2026-09-09T18:53:26 **
** Report includes: Errors, Warnings **

** Found 39 DRC violations **
[tracks_crossing]: Tracks crossing
    Local override; error
    @(94.0500 mm, 72.0000 mm): Track [LANE0_RXN] on F.Cu, length 3.5500 mm
    @(92.5000 mm, 70.8000 mm): Track [REFCLK_N] on F.Cu, length 8.4000 mm
[tracks_crossing]: Tracks crossing
    Local override; error
    @(132.0000 mm, 62.7250 mm): Track [LANE0_RXP] on F.Cu, length 2.2500 mm
    @(133.0000 mm, 44.0000 mm): Track [LANE0_RXN] on F.Cu, length 18.7250 mm
[shorting_items]: Items shorting two nets (nets LANE0_RXP and REFCLK_N)
    Local override; error
    @(132.0000 mm, 42.0000 mm): Via [LANE0_RXP] on F.Cu - B.Cu
    @(70.8000 mm, 42.2000 mm): Track [REFCLK_N] on B.Cu, length 69.0000 mm
[clearance]: Clearance violation ( clearance 0.2000 mm; actual 0.1000 mm)
    Local override; error
    @(92.5000 mm, 79.2000 mm): Via [REFCLK_N] on F.Cu - B.Cu
    @(92.0000 mm, 72.8000 mm): Track [LANE0_TXN] on F.Cu, length 12.2000 mm
[tracks_crossing]: Tracks crossing
    Local override; error
    @(134.0000 mm, 62.7250 mm): Track [LANE0_TXN] on F.Cu, length 1.2500 mm
    @(135.0000 mm, 48.0000 mm): Track [LANE0_TXP] on F.Cu, length 14.7250 mm
[clearance]: Clearance violation ( clearance 0.2000 mm; actual 0.1000 mm)
    Local override; error
    @(132.0000 mm, 42.0000 mm): Via [LANE0_RXP] on F.Cu - B.Cu
    @(72.0000 mm, 41.5000 mm): Track [REFCLK_P] on B.Cu, length 69.0000 mm
[shorting_items]: Items shorting two nets (nets LANE0_TXN and LANE0_TXP)
    Local override; error
    @(135.2500 mm, 62.7250 mm): Pad 47 [LANE0_TXN] of J1 on F.Cu
    @(135.0000 mm, 62.7250 mm): Track [LANE0_TXP] on F.Cu, length 0.7500 mm
[shorting_items]: Items shorting two nets (nets LANE0_TXN and LANE0_TXP)
    Local override; error
    @(135.2500 mm, 62.7250 mm): Pad 47 [LANE0_TXN] of J1 on F.Cu
    @(135.0000 mm, 48.0000 mm): Track [LANE0_TXP] on F.Cu, length 14.7250 mm
[shorting_items]: Items shorting two nets (nets LANE0_RXN and LANE0_TXN)
    Local override; error
    @(133.7500 mm, 62.7250 mm): Pad 41 [LANE0_RXN] of J1 on F.Cu
    @(134.0000 mm, 46.0000 mm): Track [LANE0_TXN] on F.Cu, length 16.7250 mm
[clearance]: Clearance violation ( clearance 0.2000 mm; actual 0.0500 mm)
    Local override; error
    @(133.0000 mm, 62.7250 mm): Track [LANE0_RXN] on F.Cu, length 0.7500 mm
    @(134.0000 mm, 46.0000 mm): Track [LANE0_TXN] on F.Cu, length 16.7250 mm
[tracks_crossing]: Tracks crossing
    Local override; error
    @(91.5000 mm, 70.4000 mm): Track [REFCLK_P] on F.Cu, length 8.1000 mm
    @(94.0500 mm, 72.0000 mm): Track [LANE0_RXN] on F.Cu, length 3.5500 mm
[tracks_crossing]: Tracks crossing
    Local override; error
    @(103.5000 mm, 82.0000 mm): Track [RTL_5V] on B.Cu, length 22.9000 mm
    @(89.0000 mm, 82.0000 mm): Track [LANE0_RXP] on B.Cu, length 43.0000 mm
[tracks_crossing]: Tracks crossing
    Local override; error
    @(89.0000 mm, 82.0000 mm): Track [LANE0_RXP] on B.Cu, length 43.0000 mm
    @(103.5000 mm, 67.2000 mm): Track [RTL_5V] on B.Cu, length 14.8000 mm
[tracks_crossing]: Tracks crossing
    Local override; error
    @(89.0000 mm, 82.0000 mm): Track [LANE0_RXP] on B.Cu, length 43.0000 mm
    @(126.4000 mm, 82.0000 mm): Track [RTL_5V] on B.Cu, length 31.0000 mm
[shorting_items]: Items shorting two nets (nets RTL_1V1 and LANE0_TXP)
    Local override; error
    @(93.2000 mm, 74.0000 mm): Via [RTL_1V1] on F.Cu - B.Cu
    @(93.5000 mm, 73.2000 mm): Track [LANE0_TXP] on F.Cu, length 13.3000 mm
[tracks_crossing]: Tracks crossing
    Local override; error
    @(93.2000 mm, 71.2000 mm): Track [RTL_1V1] on F.Cu, length 2.8000 mm
    @(94.0500 mm, 72.0000 mm): Track [LANE0_RXN] on F.Cu, length 3.5500 mm
[clearance]: Clearance violation ( clearance 0.2000 mm; actual 0.1000 mm)
    Local override; error
    @(90.5000 mm, 83.5000 mm): Via [LANE0_RXN] on F.Cu - B.Cu
    @(100.0000 mm, 83.0000 mm): Track [PERST_N] on B.Cu, length 32.0000 mm
[tracks_crossing]: Tracks crossing
    Local override; error
    @(133.0000 mm, 83.5000 mm): Track [LANE0_RXN] on B.Cu, length 39.5000 mm
    @(133.0000 mm, 45.0000 mm): Track [CLKREQ_N] on B.Cu, length 3.5000 mm
[tracks_crossing]: Tracks crossing
    Local override; error
    @(133.0000 mm, 45.0000 mm): Track [CLKREQ_N] on B.Cu, length 27.0000 mm
    @(133.0000 mm, 83.5000 mm): Track [LANE0_RXN] on B.Cu, length 39.5000 mm
[tracks_crossing]: Tracks crossing
    Local override; error
    @(132.0000 mm, 82.0000 mm): Track [LANE0_RXP] on B.Cu, length 40.0000 mm
    @(70.0000 mm, 45.0000 mm): Track [CLKREQ_N] on B.Cu, length 63.0000 mm
[clearance]: Clearance violation ( clearance 0.2000 mm; actual 0.1000 mm)
    Local override; error
    @(90.5000 mm, 83.5000 mm): Track [LANE0_RXN] on B.Cu, length 42.5000 mm
    @(100.0000 mm, 83.0000 mm): Via [PERST_N] on F.Cu - B.Cu
[tracks_crossing]: Tracks crossing
    Local override; error
    @(89.0000 mm, 82.0000 mm): Track [LANE0_RXP] on B.Cu, length 43.0000 mm
    @(102.0000 mm, 77.5000 mm): Track [PEDET] on B.Cu, length 6.5000 mm
[shorting_items]: Items shorting two nets (nets LANE0_RXN and CLKREQ_N)
    Local override; error
    @(133.0000 mm, 83.5000 mm): Track [LANE0_RXN] on B.Cu, length 39.5000 mm
    @(133.0000 mm, 72.0000 mm): Via [CLKREQ_N] on F.Cu - B.Cu
[clearance]: Clearance violation ( clearance 0.2000 mm; actual 0.1000 mm)
    Local override; error
    @(119.0000 mm, 84.0000 mm): Via [PEDET] on F.Cu - B.Cu
    @(90.5000 mm, 83.5000 mm): Track [LANE0_RXN] on B.Cu, length 42.5000 mm
[clearance]: Clearance violation ( clearance 0.2000 mm; actual 0.1000 mm)
    Local override; error
    @(91.5000 mm, 78.5000 mm): Via [REFCLK_P] on F.Cu - B.Cu
    @(92.0000 mm, 72.8000 mm): Track [LANE0_TXN] on F.Cu, length 12.2000 mm
[tracks_crossing]: Tracks crossing
    Local override; error
    @(132.0000 mm, 82.0000 mm): Track [LANE0_RXP] on B.Cu, length 40.0000 mm
    @(68.0000 mm, 43.0000 mm): Track [PERST_N] on B.Cu, length 70.0000 mm
[copper_edge_clearance]: Board edge clearance violation (board setup constraints edge clearance 0.5000 mm; actual 0.0000 mm)
    Rule: board setup constraints edge; error
    @(65.0000 mm, 40.0000 mm): Rectangle on Edge.Cuts
    @(92.0000 mm, 72.8000 mm): Track [LANE0_TXN] on F.Cu, length 12.2000 mm
[copper_edge_clearance]: Board edge clearance violation (board setup constraints edge clearance 0.5000 mm; actual 0.0000 mm)
    Rule: board setup constraints edge; error
    @(65.0000 mm, 40.0000 mm): Rectangle on Edge.Cuts
    @(92.0000 mm, 85.0000 mm): Via [LANE0_TXN] on F.Cu - B.Cu
[copper_edge_clearance]: Board edge clearance violation (board setup constraints edge clearance 0.5000 mm; actual 0.0000 mm)
    Rule: board setup constraints edge; error
    @(65.0000 mm, 40.0000 mm): Rectangle on Edge.Cuts
    @(134.0000 mm, 85.0000 mm): Track [LANE0_TXN] on B.Cu, length 39.0000 mm
[copper_edge_clearance]: Board edge clearance violation (board setup constraints edge clearance 0.5000 mm; actual 0.0000 mm)
    Rule: board setup constraints edge; error
    @(65.0000 mm, 40.0000 mm): Rectangle on Edge.Cuts
    @(92.0000 mm, 85.0000 mm): Track [LANE0_TXN] on B.Cu, length 42.0000 mm
[copper_edge_clearance]: Board edge clearance violation (board setup constraints edge clearance 0.5000 mm; actual 0.0000 mm)
    Rule: board setup constraints edge; error
    @(65.0000 mm, 40.0000 mm): Rectangle on Edge.Cuts
    @(93.5000 mm, 73.2000 mm): Track [LANE0_TXP] on F.Cu, length 13.3000 mm
[copper_edge_clearance]: Board edge clearance violation (board setup constraints edge clearance 0.5000 mm; actual 0.0000 mm)
    Rule: board setup constraints edge; error
    @(65.0000 mm, 40.0000 mm): Rectangle on Edge.Cuts
    @(135.0000 mm, 86.5000 mm): Track [LANE0_TXP] on B.Cu, length 38.5000 mm
[solder_mask_bridge]: Front solder mask aperture bridges items with different nets
    Rule: board setup solder mask min width; error
    @(134.0000 mm, 62.7250 mm): Track [LANE0_TXN] on F.Cu, length 1.2500 mm
    @(134.2500 mm, 62.7250 mm): Pad 43 [LANE0_RXP] of J1 on F.Cu
[solder_mask_bridge]: Front solder mask aperture bridges items with different nets
    Rule: board setup solder mask min width; error
    @(132.0000 mm, 62.7250 mm): Track [LANE0_RXP] on F.Cu, length 2.2500 mm
    @(133.7500 mm, 62.7250 mm): Pad 41 [LANE0_RXN] of J1 on F.Cu
[solder_mask_bridge]: Front solder mask aperture bridges items with different nets
    Rule: board setup solder mask min width; error
    @(135.0000 mm, 62.7250 mm): Track [LANE0_TXP] on F.Cu, length 0.7500 mm
    @(135.2500 mm, 62.7250 mm): Pad 47 [LANE0_TXN] of J1 on F.Cu
[via_dangling]: Via is not connected or connected on only one layer
    Local override; warning
    @(109.5000 mm, 68.5000 mm): Via [RTL_1V1] on F.Cu - B.Cu
[via_dangling]: Via is not connected or connected on only one layer
    Local override; warning
    @(104.5000 mm, 77.0000 mm): Via [RTL_1V1] on F.Cu - B.Cu
[track_dangling]: Track has unconnected end
    Local override; warning
    @(130.0000 mm, 69.0000 mm): Track [RTL_1V1] on In2.PWR, length 21.0000 mm
[track_dangling]: Track has unconnected end
    Local override; warning
    @(99.6000 mm, 62.8000 mm): Track [RTL_3V3] on B.Cu, length 1.3000 mm

** Found 3 unconnected pads **
[unconnected_items]: Missing connection between items
    Local override; error
    @(114.7500 mm, 62.7250 mm): Pad 2 [SSD_3V3] of J1 on F.Cu
    @(115.2500 mm, 62.7250 mm): Pad 4 [SSD_3V3] of J1 on F.Cu
[unconnected_items]: Missing connection between items
    Local override; error
    @(115.2500 mm, 62.7250 mm): Pad 4 [SSD_3V3] of J1 on F.Cu
    @(115.7500 mm, 62.7250 mm): Pad 6 [SSD_3V3] of J1 on F.Cu
[unconnected_items]: Missing connection between items
    Local override; error
    @(115.7500 mm, 62.7250 mm): Pad 6 [SSD_3V3] of J1 on F.Cu
    @(116.2500 mm, 62.7250 mm): Pad 8 [SSD_3V3] of J1 on F.Cu

** Found 0 Footprint errors **

** Ignored checks **
    - Footprint has no courtyard defined
    - Track endpoint not centered on via
    - Tuning profile track geometries
    - Footprint doesn't match symbol's footprint filters
    - Footprint component type doesn't match footprint pads

** End of Report **
