** Drc report for PHASE24_RTL9210B_GND_LOWER_EAST_V1478.kicad_pcb **
** Created on 2026-09-10T05:00:46 **
** Report includes: Errors, Warnings **

** Found 6 DRC violations **
[shorting_items]: Items shorting two nets (nets GND and RTL_1V1)
    Local override; error
    @(100.8000 mm, 73.2000 mm): Via [GND] on F.Cu - B.Cu
    @(100.8000 mm, 73.9500 mm): Pad 16 [RTL_1V1] of U1 on F.Cu
[shorting_items]: Items shorting two nets (nets GND and RTL_3V3)
    Local override; error
    @(100.8000 mm, 72.4000 mm): Track [GND] on F.Cu, length 0.8000 mm
    @(100.9000 mm, 72.4000 mm): Via [RTL_3V3] on F.Cu - B.Cu
[tracks_crossing]: Tracks crossing
    Local override; error
    @(100.8000 mm, 73.2000 mm): Track [GND] on B.Cu, length 3.2000 mm
    @(102.0000 mm, 75.0000 mm): Track [RTL_1V1] on B.Cu, length 10.2000 mm
[tracks_crossing]: Tracks crossing
    Local override; error
    @(98.8000 mm, 76.0000 mm): Track [CLKREQ_N] on B.Cu, length 8.2000 mm
    @(104.0000 mm, 73.2000 mm): Track [GND] on B.Cu, length 4.8000 mm
[shorting_items]: Items shorting two nets (nets GND and RTL_3V3)
    Local override; error
    @(100.8000 mm, 72.4000 mm): Track [GND] on F.Cu, length 0.8000 mm
    @(101.9500 mm, 72.4000 mm): Track [RTL_3V3] on F.Cu, length 1.0500 mm
[hole_clearance]: Hole clearance violation (board setup constraints hole clearance 0.2500 mm; actual 0.1500 mm)
    Rule: board setup constraints hole; error
    @(100.8000 mm, 73.9500 mm): Pad 16 [RTL_1V1] of U1 on F.Cu
    @(100.8000 mm, 73.2000 mm): Via [GND] on F.Cu - B.Cu

** Found 7 unconnected pads **
[unconnected_items]: Missing connection between items
    Local override; error
    @(88.0000 mm, 65.0000 mm): Pad 1 [RSET] of R1 on F.Cu
    @(94.8000 mm, 66.0500 mm): Pad 51 [RSET] of U1 on F.Cu
[unconnected_items]: Missing connection between items
    Local override; error
    @(88.0000 mm, 59.0000 mm): Pad 1 [XTAL_IN] of Y1 on F.Cu
    @(88.0000 mm, 62.0000 mm): Pad 1 [XTAL_IN] of C1 on F.Cu
[unconnected_items]: Missing connection between items
    Local override; error
    @(88.0000 mm, 62.0000 mm): Pad 1 [XTAL_IN] of C1 on F.Cu
    @(94.0500 mm, 67.2000 mm): Pad 53 [XTAL_IN] of U1 on F.Cu
[unconnected_items]: Missing connection between items
    Local override; error
    @(89.4000 mm, 59.0000 mm): Pad 2 [XTAL_OUT] of Y1 on F.Cu
    @(91.0000 mm, 62.0000 mm): Pad 1 [XTAL_OUT] of C2 on F.Cu
[unconnected_items]: Missing connection between items
    Local override; error
    @(91.0000 mm, 62.0000 mm): Pad 1 [XTAL_OUT] of C2 on F.Cu
    @(94.0500 mm, 67.6000 mm): Pad 54 [XTAL_OUT] of U1 on F.Cu
[unconnected_items]: Missing connection between items
    Local override; error
    @(94.0500 mm, 70.4000 mm): Pad 61 [REFCLK_P] of U1 on F.Cu
    @(137.2500 mm, 62.7250 mm): Pad 55 [REFCLK_P] of J1 on F.Cu
[unconnected_items]: Missing connection between items
    Local override; error
    @(94.0500 mm, 70.8000 mm): Pad 62 [REFCLK_N] of U1 on F.Cu
    @(136.7500 mm, 62.7250 mm): Pad 53 [REFCLK_N] of J1 on F.Cu

** Found 0 Footprint errors **

** Ignored checks **
    - Footprint has no courtyard defined
    - Track endpoint not centered on via
    - Tuning profile track geometries
    - Footprint doesn't match symbol's footprint filters
    - Footprint component type doesn't match footprint pads

** End of Report **
