** Drc report for SP3019_ETHERNET_DISPOSABLE_FIXTURE.kicad_pcb **
** Created on 2026-09-03T11:18:45 **
** Report includes: Errors, Warnings **

** Found 105 DRC violations **
[shorting_items]: Items shorting two nets (nets CM5_GBE_TD3_N and /ETHERNET/GBE_SHIELD)
    Local override; error
    @(87.0000 mm, 45.7150 mm): Track [CM5_GBE_TD3_N] on F.Cu, length 9.1700 mm
    @(91.1100 mm, 45.7150 mm): PTH pad 1 [/ETHERNET/GBE_SHIELD] of J2
[shorting_items]: Items shorting two nets (nets CM5_GBE_TD3_P and CM5_GBE_TD2_N)
    Local override; error
    @(93.0000 mm, 99.0500 mm): Track [CM5_GBE_TD3_P] on F.Cu, length 3.9500 mm
    @(90.9500 mm, 99.0500 mm): Via [CM5_GBE_TD2_N] on F.Cu - B.Cu
[shorting_items]: Items shorting two nets (nets CM5_GBE_TD3_P and /ETHERNET/GBE_LED_G_K)
    Local override; error
    @(88.0000 mm, 43.1750 mm): Track [CM5_GBE_TD3_P] on F.Cu, length 9.4400 mm
    @(91.1100 mm, 43.1750 mm): PTH pad 3 [/ETHERNET/GBE_LED_G_K] of J2
[clearance]: Clearance violation ( clearance 0.2000 mm; actual 0.1786 mm)
    Local override; error
    @(97.9600 mm, 99.1000 mm): Track [CM5_GBE_TD3_P] on F.Cu, length 4.9600 mm
    @(97.9600 mm, 100.3000 mm): Track [CM5_GBE_TD2_N] on F.Cu, length 7.1206 mm
[shorting_items]: Items shorting two nets (nets CM5_GBE_TD3_N and CM5_GBE_TD2_N)
    Local override; error
    @(97.9600 mm, 99.5000 mm): Track [CM5_GBE_TD3_N] on F.Cu, length 3.9600 mm
    @(97.9600 mm, 100.3000 mm): Track [CM5_GBE_TD2_N] on F.Cu, length 7.1206 mm
[clearance]: Clearance violation ( clearance 0.2000 mm; actual 0.1786 mm)
    Local override; error
    @(93.0000 mm, 99.1000 mm): Track [CM5_GBE_TD3_P] on F.Cu, length 0.0500 mm
    @(97.9600 mm, 100.3000 mm): Track [CM5_GBE_TD2_N] on F.Cu, length 7.1206 mm
[tracks_crossing]: Tracks crossing
    Local override; error
    @(94.0000 mm, 99.5000 mm): Track [CM5_GBE_TD3_N] on F.Cu, length 1.4500 mm
    @(97.9600 mm, 100.3000 mm): Track [CM5_GBE_TD2_N] on F.Cu, length 7.1206 mm
[tracks_crossing]: Tracks crossing
    Local override; error
    @(94.0000 mm, 100.9500 mm): Track [CM5_GBE_TD3_N] on F.Cu, length 4.9500 mm
    @(90.9500 mm, 100.9500 mm): Track [CM5_GBE_TD2_P] on F.Cu, length 0.0000 mm
[shorting_items]: Items shorting two nets (nets CM5_GBE_TD2_N and CM5_GBE_TD3_P)
    Local override; error
    @(90.9500 mm, 99.0500 mm): Via [CM5_GBE_TD2_N] on F.Cu - B.Cu
    @(93.0000 mm, 99.0500 mm): Track [CM5_GBE_TD3_P] on F.Cu, length 3.9500 mm
[shorting_items]: Items shorting two nets (nets /ETHERNET/ETH_CT3 and CM5_GBE_TD2_N)
    Local override; error
    @(93.6500 mm, 36.8250 mm): PTH pad 8 [/ETHERNET/ETH_CT3] of J2
    @(92.0000 mm, 36.8250 mm): Track [CM5_GBE_TD2_N] on B.Cu, length 5.4400 mm
[shorting_items]: Items shorting two nets (nets CM5_GBE_TD1_N and CM5_GBE_TD0_P)
    Local override; error
    @(109.0500 mm, 100.9500 mm): Pad 3 [CM5_GBE_TD1_N] of U6 on F.Cu
    @(109.0500 mm, 100.9500 mm): Via [CM5_GBE_TD0_P] on F.Cu - B.Cu
[shorting_items]: Items shorting two nets (nets CM5_GBE_TD1_N and CM5_GBE_TD0_P)
    Local override; error
    @(109.0500 mm, 100.9500 mm): Pad 3 [CM5_GBE_TD1_N] of U6 on F.Cu
    @(109.0500 mm, 100.9500 mm): Via [CM5_GBE_TD0_P] on F.Cu - B.Cu
[shorting_items]: Items shorting two nets (nets CM5_GBE_TD1_N and CM5_GBE_TD0_P)
    Local override; error
    @(109.0500 mm, 100.9500 mm): Pad 3 [CM5_GBE_TD1_N] of U6 on F.Cu
    @(109.0500 mm, 100.9500 mm): Track [CM5_GBE_TD0_P] on F.Cu, length 11.9000 mm
[shorting_items]: Items shorting two nets (nets CM5_GBE_TD1_N and CM5_GBE_TD0_P)
    Local override; error
    @(109.0500 mm, 100.9500 mm): Pad 3 [CM5_GBE_TD1_N] of U6 on F.Cu
    @(101.0400 mm, 100.7000 mm): Track [CM5_GBE_TD0_P] on F.Cu, length 8.0139 mm
[shorting_items]: Items shorting two nets (nets CM5_GBE_TD0_N and CM5_GBE_TD1_P)
    Local override; error
    @(109.0500 mm, 99.0500 mm): Via [CM5_GBE_TD0_N] on F.Cu - B.Cu
    @(109.0500 mm, 99.0500 mm): Pad 1 [CM5_GBE_TD1_P] of U6 on F.Cu
[shorting_items]: Items shorting two nets (nets CM5_GBE_TD0_N and CM5_GBE_TD1_P)
    Local override; error
    @(109.0500 mm, 99.0500 mm): Via [CM5_GBE_TD0_N] on F.Cu - B.Cu
    @(109.0500 mm, 99.0500 mm): Pad 1 [CM5_GBE_TD1_P] of U6 on F.Cu
[shorting_items]: Items shorting two nets (nets CM5_GBE_TD1_P and CM5_GBE_TD0_N)
    Local override; error
    @(109.0500 mm, 99.0500 mm): Pad 1 [CM5_GBE_TD1_P] of U6 on F.Cu
    @(101.0400 mm, 100.3000 mm): Track [CM5_GBE_TD0_N] on F.Cu, length 8.1069 mm
[shorting_items]: Items shorting two nets (nets CM5_GBE_TD0_N and CM5_GBE_TD1_P)
    Local override; error
    @(109.0500 mm, 99.0500 mm): Track [CM5_GBE_TD0_N] on F.Cu, length 11.9000 mm
    @(109.0500 mm, 99.0500 mm): Pad 1 [CM5_GBE_TD1_P] of U6 on F.Cu
[tracks_crossing]: Tracks crossing
    Local override; error
    @(109.0500 mm, 99.0500 mm): Track [CM5_GBE_TD0_N] on F.Cu, length 11.9000 mm
    @(119.0500 mm, 99.0500 mm): Track [CM5_GBE_TD1_P] on F.Cu, length 7.0500 mm
[tracks_crossing]: Tracks crossing
    Local override; error
    @(106.0000 mm, 99.0500 mm): Track [CM5_GBE_TD1_P] on F.Cu, length 13.0500 mm
    @(101.0400 mm, 100.3000 mm): Track [CM5_GBE_TD0_N] on F.Cu, length 8.1069 mm
[tracks_crossing]: Tracks crossing
    Local override; error
    @(112.0000 mm, 99.0500 mm): Track [CM5_GBE_TD1_P] on F.Cu, length 54.9600 mm
    @(109.0500 mm, 99.0500 mm): Track [CM5_GBE_TD0_N] on F.Cu, length 11.9000 mm
[shorting_items]: Items shorting two nets (nets CM5_GBE_TD1_N and CM5_GBE_TD0_N)
    Local override; error
    @(107.0000 mm, 99.5000 mm): Track [CM5_GBE_TD1_N] on F.Cu, length 1.4500 mm
    @(101.0400 mm, 100.3000 mm): Track [CM5_GBE_TD0_N] on F.Cu, length 8.1069 mm
[tracks_crossing]: Tracks crossing
    Local override; error
    @(111.0000 mm, 100.9500 mm): Track [CM5_GBE_TD1_N] on F.Cu, length 54.3200 mm
    @(106.0000 mm, 99.0500 mm): Track [CM5_GBE_TD1_P] on F.Cu, length 13.0500 mm
[tracks_crossing]: Tracks crossing
    Local override; error
    @(107.0000 mm, 100.9500 mm): Track [CM5_GBE_TD1_N] on F.Cu, length 12.0500 mm
    @(101.0400 mm, 100.7000 mm): Track [CM5_GBE_TD0_P] on F.Cu, length 8.0139 mm
[tracks_crossing]: Tracks crossing
    Local override; error
    @(119.0500 mm, 100.9500 mm): Track [CM5_GBE_TD1_N] on F.Cu, length 8.0500 mm
    @(109.0500 mm, 100.9500 mm): Track [CM5_GBE_TD0_P] on F.Cu, length 11.9000 mm
[clearance]: Clearance violation ( clearance 0.2000 mm; actual 0.0740 mm)
    Local override; error
    @(91.1100 mm, 45.7150 mm): PTH pad 1 [/ETHERNET/GBE_SHIELD] of J2
    @(92.0000 mm, 99.0500 mm): Track [CM5_GBE_TD2_N] on B.Cu, length 62.2250 mm
[hole_clearance]: Hole clearance violation (board setup constraints hole clearance 0.2500 mm; actual 0.1840 mm)
    Rule: board setup constraints hole; error
    @(98.0000 mm, 104.0000 mm): Track [CM5_GBE_TD2_P] on B.Cu, length 69.7150 mm
    @(96.9500 mm, 47.8750 mm): NPTH pad of J2
[tracks_crossing]: Tracks crossing
    Local override; error
    @(101.0400 mm, 99.5000 mm): Track [CM5_GBE_TD1_N] on F.Cu, length 5.9600 mm
    @(101.0400 mm, 100.3000 mm): Track [CM5_GBE_TD0_N] on F.Cu, length 8.1069 mm
[hole_clearance]: Hole clearance violation (board setup constraints hole clearance 0.2500 mm; actual 0.0000 mm)
    Rule: board setup constraints hole; error
    @(109.0500 mm, 99.0500 mm): Pad 1 [CM5_GBE_TD1_P] of U6 on F.Cu
    @(109.0500 mm, 99.0500 mm): Via [CM5_GBE_TD0_N] on F.Cu - B.Cu
[hole_clearance]: Hole clearance violation (board setup constraints hole clearance 0.2500 mm; actual 0.0000 mm)
    Rule: board setup constraints hole; error
    @(109.0500 mm, 99.0500 mm): Pad 1 [CM5_GBE_TD1_P] of U6 on F.Cu
    @(109.0500 mm, 99.0500 mm): Via [CM5_GBE_TD0_N] on F.Cu - B.Cu
[hole_clearance]: Hole clearance violation (board setup constraints hole clearance 0.2500 mm; actual 0.0000 mm)
    Rule: board setup constraints hole; error
    @(109.0500 mm, 100.9500 mm): Pad 3 [CM5_GBE_TD1_N] of U6 on F.Cu
    @(109.0500 mm, 100.9500 mm): Via [CM5_GBE_TD0_P] on F.Cu - B.Cu
[hole_clearance]: Hole clearance violation (board setup constraints hole clearance 0.2500 mm; actual 0.0000 mm)
    Rule: board setup constraints hole; error
    @(109.0500 mm, 100.9500 mm): Pad 3 [CM5_GBE_TD1_N] of U6 on F.Cu
    @(109.0500 mm, 100.9500 mm): Via [CM5_GBE_TD0_P] on F.Cu - B.Cu
[drill_out_of_range]: Hole size out of range (board setup constraints min hole 0.3000 mm; actual 0.2500 mm)
    Rule: netclass 'Default'; error
    @(90.9500 mm, 99.0500 mm): Via [CM5_GBE_TD2_N] on F.Cu - B.Cu
[drill_out_of_range]: Hole size out of range (board setup constraints min hole 0.3000 mm; actual 0.2500 mm)
    Rule: netclass 'Default'; error
    @(90.9500 mm, 99.0500 mm): Via [CM5_GBE_TD2_N] on F.Cu - B.Cu
[drill_out_of_range]: Hole size out of range (board setup constraints min hole 0.3000 mm; actual 0.2500 mm)
    Rule: netclass 'Default'; error
    @(90.9500 mm, 100.9500 mm): Via [CM5_GBE_TD2_P] on F.Cu - B.Cu
[drill_out_of_range]: Hole size out of range (board setup constraints min hole 0.3000 mm; actual 0.2500 mm)
    Rule: netclass 'Default'; error
    @(90.9500 mm, 100.9500 mm): Via [CM5_GBE_TD2_P] on F.Cu - B.Cu
[drill_out_of_range]: Hole size out of range (board setup constraints min hole 0.3000 mm; actual 0.2500 mm)
    Rule: netclass 'Default'; error
    @(109.0500 mm, 99.0500 mm): Via [CM5_GBE_TD0_N] on F.Cu - B.Cu
[drill_out_of_range]: Hole size out of range (board setup constraints min hole 0.3000 mm; actual 0.2500 mm)
    Rule: netclass 'Default'; error
    @(109.0500 mm, 99.0500 mm): Via [CM5_GBE_TD0_N] on F.Cu - B.Cu
[drill_out_of_range]: Hole size out of range (board setup constraints min hole 0.3000 mm; actual 0.2500 mm)
    Rule: netclass 'Default'; error
    @(109.0500 mm, 100.9500 mm): Via [CM5_GBE_TD0_P] on F.Cu - B.Cu
[drill_out_of_range]: Hole size out of range (board setup constraints min hole 0.3000 mm; actual 0.2500 mm)
    Rule: netclass 'Default'; error
    @(109.0500 mm, 100.9500 mm): Via [CM5_GBE_TD0_P] on F.Cu - B.Cu
[via_diameter]: Via diameter (board setup constraints min diameter 0.5000 mm; actual 0.4500 mm)
    Rule: netclass 'Default'; error
    @(90.9500 mm, 99.0500 mm): Via [CM5_GBE_TD2_N] on F.Cu - B.Cu
[via_diameter]: Via diameter (board setup constraints min diameter 0.5000 mm; actual 0.4500 mm)
    Rule: netclass 'Default'; error
    @(90.9500 mm, 99.0500 mm): Via [CM5_GBE_TD2_N] on F.Cu - B.Cu
[via_diameter]: Via diameter (board setup constraints min diameter 0.5000 mm; actual 0.4500 mm)
    Rule: netclass 'Default'; error
    @(90.9500 mm, 100.9500 mm): Via [CM5_GBE_TD2_P] on F.Cu - B.Cu
[via_diameter]: Via diameter (board setup constraints min diameter 0.5000 mm; actual 0.4500 mm)
    Rule: netclass 'Default'; error
    @(90.9500 mm, 100.9500 mm): Via [CM5_GBE_TD2_P] on F.Cu - B.Cu
[via_diameter]: Via diameter (board setup constraints min diameter 0.5000 mm; actual 0.4500 mm)
    Rule: netclass 'Default'; error
    @(109.0500 mm, 99.0500 mm): Via [CM5_GBE_TD0_N] on F.Cu - B.Cu
[via_diameter]: Via diameter (board setup constraints min diameter 0.5000 mm; actual 0.4500 mm)
    Rule: netclass 'Default'; error
    @(109.0500 mm, 99.0500 mm): Via [CM5_GBE_TD0_N] on F.Cu - B.Cu
[via_diameter]: Via diameter (board setup constraints min diameter 0.5000 mm; actual 0.4500 mm)
    Rule: netclass 'Default'; error
    @(109.0500 mm, 100.9500 mm): Via [CM5_GBE_TD0_P] on F.Cu - B.Cu
[via_diameter]: Via diameter (board setup constraints min diameter 0.5000 mm; actual 0.4500 mm)
    Rule: netclass 'Default'; error
    @(109.0500 mm, 100.9500 mm): Via [CM5_GBE_TD0_P] on F.Cu - B.Cu
[solder_mask_bridge]: Front solder mask aperture bridges items with different nets
    Rule: board setup solder mask min width; error
    @(87.0000 mm, 45.7150 mm): Track [CM5_GBE_TD3_N] on F.Cu, length 9.1700 mm
    @(91.1100 mm, 45.7150 mm): PTH pad 1 [/ETHERNET/GBE_SHIELD] of J2
[solder_mask_bridge]: Front solder mask aperture bridges items with different nets
    Rule: board setup solder mask min width; error
    @(94.0000 mm, 100.9500 mm): Track [CM5_GBE_TD3_N] on F.Cu, length 4.9500 mm
    @(110.9500 mm, 100.9500 mm): Pad 4 [CM5_GBE_TD0_P] of U6 on F.Cu
[solder_mask_bridge]: Front solder mask aperture bridges items with different nets
    Rule: board setup solder mask min width; error
    @(93.0000 mm, 99.0500 mm): Track [CM5_GBE_TD3_P] on F.Cu, length 3.9500 mm
    @(110.9500 mm, 99.0500 mm): Pad 6 [CM5_GBE_TD0_N] of U6 on F.Cu
[solder_mask_bridge]: Front solder mask aperture bridges items with different nets
    Rule: board setup solder mask min width; error
    @(88.0000 mm, 43.1750 mm): Track [CM5_GBE_TD3_P] on F.Cu, length 9.4400 mm
    @(91.1100 mm, 43.1750 mm): PTH pad 3 [/ETHERNET/GBE_LED_G_K] of J2
[solder_mask_bridge]: Front solder mask aperture bridges items with different nets
    Rule: board setup solder mask min width; error
    @(111.0000 mm, 100.9500 mm): Track [CM5_GBE_TD1_N] on F.Cu, length 54.3200 mm
    @(110.9500 mm, 100.9500 mm): Pad 4 [CM5_GBE_TD0_P] of U6 on F.Cu
[solder_mask_bridge]: Front solder mask aperture bridges items with different nets
    Rule: board setup solder mask min width; error
    @(111.0000 mm, 100.9500 mm): Track [CM5_GBE_TD1_N] on F.Cu, length 54.3200 mm
    @(110.9500 mm, 100.0000 mm): Pad 5 [<no net>] of U6 on F.Cu
[solder_mask_bridge]: Front solder mask aperture bridges items with different nets
    Rule: board setup solder mask min width; error
    @(111.0000 mm, 100.9500 mm): Track [CM5_GBE_TD1_N] on F.Cu, length 54.3200 mm
    @(110.9500 mm, 99.0500 mm): Pad 6 [CM5_GBE_TD0_N] of U6 on F.Cu
[solder_mask_bridge]: Front solder mask aperture bridges items with different nets
    Rule: board setup solder mask min width; error
    @(101.0400 mm, 100.3000 mm): Track [CM5_GBE_TD0_N] on F.Cu, length 8.1069 mm
    @(109.0500 mm, 99.0500 mm): Pad 1 [CM5_GBE_TD1_P] of U6 on F.Cu
[solder_mask_bridge]: Rear solder mask aperture bridges items with different nets
    Rule: board setup solder mask min width; error
    @(98.0000 mm, 104.0000 mm): Track [CM5_GBE_TD2_P] on B.Cu, length 69.7150 mm
    @(97.4400 mm, 43.1750 mm): PTH pad 12 [CM5_GBE_TD3_P] of J2
[solder_mask_bridge]: Rear solder mask aperture bridges items with different nets
    Rule: board setup solder mask min width; error
    @(92.0000 mm, 36.8250 mm): Track [CM5_GBE_TD2_N] on B.Cu, length 5.4400 mm
    @(93.6500 mm, 36.8250 mm): PTH pad 8 [/ETHERNET/ETH_CT3] of J2
[solder_mask_bridge]: Rear solder mask aperture bridges items with different nets
    Rule: board setup solder mask min width; error
    @(98.0000 mm, 104.0000 mm): Track [CM5_GBE_TD2_P] on B.Cu, length 69.7150 mm
    @(97.4400 mm, 36.8250 mm): PTH pad 13 [CM5_GBE_TD2_N] of J2
[solder_mask_bridge]: Front solder mask aperture bridges items with different nets
    Rule: board setup solder mask min width; error
    @(106.0000 mm, 99.0500 mm): Track [CM5_GBE_TD1_P] on F.Cu, length 13.0500 mm
    @(110.9500 mm, 99.0500 mm): Pad 6 [CM5_GBE_TD0_N] of U6 on F.Cu
[solder_mask_bridge]: Front solder mask aperture bridges items with different nets
    Rule: board setup solder mask min width; error
    @(101.0400 mm, 100.7000 mm): Track [CM5_GBE_TD0_P] on F.Cu, length 8.0139 mm
    @(109.0500 mm, 100.9500 mm): Pad 3 [CM5_GBE_TD1_N] of U6 on F.Cu
[solder_mask_bridge]: Front solder mask aperture bridges items with different nets
    Rule: board setup solder mask min width; error
    @(109.0500 mm, 100.9500 mm): Track [CM5_GBE_TD0_P] on F.Cu, length 11.9000 mm
    @(109.0500 mm, 100.9500 mm): Pad 3 [CM5_GBE_TD1_N] of U6 on F.Cu
[solder_mask_bridge]: Front solder mask aperture bridges items with different nets
    Rule: board setup solder mask min width; error
    @(109.0500 mm, 99.0500 mm): Via [CM5_GBE_TD0_N] on F.Cu - B.Cu
    @(109.0500 mm, 99.0500 mm): Pad 1 [CM5_GBE_TD1_P] of U6 on F.Cu
[solder_mask_bridge]: Front solder mask aperture bridges items with different nets
    Rule: board setup solder mask min width; error
    @(109.0500 mm, 99.0500 mm): Track [CM5_GBE_TD0_N] on F.Cu, length 11.9000 mm
    @(109.0500 mm, 99.0500 mm): Pad 1 [CM5_GBE_TD1_P] of U6 on F.Cu
[solder_mask_bridge]: Front solder mask aperture bridges items with different nets
    Rule: board setup solder mask min width; error
    @(119.0500 mm, 100.9500 mm): Track [CM5_GBE_TD1_N] on F.Cu, length 8.0500 mm
    @(110.9500 mm, 100.9500 mm): Pad 4 [CM5_GBE_TD0_P] of U6 on F.Cu
[solder_mask_bridge]: Front solder mask aperture bridges items with different nets
    Rule: board setup solder mask min width; error
    @(109.0500 mm, 99.0500 mm): Via [CM5_GBE_TD0_N] on F.Cu - B.Cu
    @(109.0500 mm, 99.0500 mm): Pad 1 [CM5_GBE_TD1_P] of U6 on F.Cu
[solder_mask_bridge]: Front solder mask aperture bridges items with different nets
    Rule: board setup solder mask min width; error
    @(109.0500 mm, 100.9500 mm): Via [CM5_GBE_TD0_P] on F.Cu - B.Cu
    @(109.0500 mm, 100.9500 mm): Pad 3 [CM5_GBE_TD1_N] of U6 on F.Cu
[solder_mask_bridge]: Front solder mask aperture bridges items with different nets
    Rule: board setup solder mask min width; error
    @(109.0500 mm, 100.9500 mm): Via [CM5_GBE_TD0_P] on F.Cu - B.Cu
    @(109.0500 mm, 100.9500 mm): Pad 3 [CM5_GBE_TD1_N] of U6 on F.Cu
[solder_mask_bridge]: Front solder mask aperture bridges items with different nets
    Rule: board setup solder mask min width; error
    @(107.0000 mm, 100.9500 mm): Track [CM5_GBE_TD1_N] on F.Cu, length 12.0500 mm
    @(110.9500 mm, 100.9500 mm): Pad 4 [CM5_GBE_TD0_P] of U6 on F.Cu
[track_dangling]: Track has unconnected end
    Local override; warning
    @(109.0500 mm, 99.0500 mm): Track [CM5_GBE_TD0_N] on F.Cu, length 11.9000 mm
[track_dangling]: Track has unconnected end
    Local override; warning
    @(120.9500 mm, 99.0500 mm): Track [CM5_GBE_TD0_N] on B.Cu, length 2.9500 mm
[track_dangling]: Track has unconnected end
    Local override; warning
    @(109.0500 mm, 100.9500 mm): Track [CM5_GBE_TD0_P] on F.Cu, length 11.9000 mm
[track_dangling]: Track has unconnected end
    Local override; warning
    @(120.9500 mm, 100.9500 mm): Track [CM5_GBE_TD0_P] on B.Cu, length 3.0500 mm
[holes_co_located]: Drilled holes co-located
    Local override; warning
    @(90.9500 mm, 99.0500 mm): Via [CM5_GBE_TD2_N] on F.Cu - B.Cu
    @(90.9500 mm, 99.0500 mm): Via [CM5_GBE_TD2_N] on F.Cu - B.Cu
[holes_co_located]: Drilled holes co-located
    Local override; warning
    @(90.9500 mm, 100.9500 mm): Via [CM5_GBE_TD2_P] on F.Cu - B.Cu
    @(90.9500 mm, 100.9500 mm): Via [CM5_GBE_TD2_P] on F.Cu - B.Cu
[holes_co_located]: Drilled holes co-located
    Local override; warning
    @(109.0500 mm, 99.0500 mm): Via [CM5_GBE_TD0_N] on F.Cu - B.Cu
    @(109.0500 mm, 99.0500 mm): Via [CM5_GBE_TD0_N] on F.Cu - B.Cu
[holes_co_located]: Drilled holes co-located
    Local override; warning
    @(109.0500 mm, 100.9500 mm): Via [CM5_GBE_TD0_P] on F.Cu - B.Cu
    @(109.0500 mm, 100.9500 mm): Via [CM5_GBE_TD0_P] on F.Cu - B.Cu
[silk_over_copper]: Silkscreen clipped by solder mask
    Local override; warning
    @(89.3250 mm, 47.9500 mm): Rectangle of J2 on f.silkscreen
    @(110.7500 mm, 48.2000 mm): NPTH pad of J2
[silk_over_copper]: Silkscreen clipped by solder mask
    Local override; warning
    @(89.3250 mm, 47.9500 mm): Rectangle of J2 on f.silkscreen
    @(96.9500 mm, 47.8750 mm): NPTH pad of J2
[silk_over_copper]: Silkscreen clipped by solder mask
    Local override; warning
    @(89.3250 mm, 47.9500 mm): Rectangle of J2 on f.silkscreen
    @(100.0000 mm, 48.2000 mm): NPTH pad of J2
[silk_over_copper]: Silkscreen clipped by solder mask
    Local override; warning
    @(89.3250 mm, 47.9500 mm): Rectangle of J2 on f.silkscreen
    @(110.7500 mm, 31.8000 mm): NPTH pad of J2
[silk_over_copper]: Silkscreen clipped by solder mask
    Local override; warning
    @(89.3250 mm, 47.9500 mm): Rectangle of J2 on f.silkscreen
    @(96.9500 mm, 32.1250 mm): NPTH pad of J2
[silk_over_copper]: Silkscreen clipped by solder mask
    Local override; warning
    @(89.3250 mm, 47.9500 mm): Rectangle of J2 on f.silkscreen
    @(100.0000 mm, 31.8000 mm): NPTH pad of J2
[silk_over_copper]: Silkscreen clipped by solder mask
    Local override; warning
    @(109.0500 mm, 99.5000 mm): Segment of U6 on f.silkscreen
    @(109.0500 mm, 100.0000 mm): Pad 2 [/ETHERNET/ETH_GND] of U6 on F.Cu
[silk_over_copper]: Silkscreen clipped by solder mask
    Local override; warning
    @(109.0500 mm, 99.5000 mm): Segment of U6 on f.silkscreen
    @(109.0500 mm, 100.9500 mm): Pad 3 [CM5_GBE_TD1_N] of U6 on F.Cu
[silk_over_copper]: Silkscreen clipped by solder mask
    Local override; warning
    @(109.0500 mm, 100.8000 mm): Segment of U6 on f.silkscreen
    @(109.0500 mm, 100.9500 mm): Pad 3 [CM5_GBE_TD1_N] of U6 on F.Cu
[silk_over_copper]: Silkscreen clipped by solder mask
    Local override; warning
    @(109.0500 mm, 100.8000 mm): Segment of U6 on f.silkscreen
    @(110.9500 mm, 100.9500 mm): Pad 4 [CM5_GBE_TD0_P] of U6 on F.Cu
[silk_over_copper]: Silkscreen clipped by solder mask
    Local override; warning
    @(109.3500 mm, 99.2000 mm): Segment of U6 on f.silkscreen
    @(109.0500 mm, 99.0500 mm): Pad 1 [CM5_GBE_TD1_P] of U6 on F.Cu
[silk_over_copper]: Silkscreen clipped by solder mask
    Local override; warning
    @(110.9500 mm, 99.2000 mm): Segment of U6 on f.silkscreen
    @(109.0500 mm, 99.0500 mm): Pad 1 [CM5_GBE_TD1_P] of U6 on F.Cu
[silk_over_copper]: Silkscreen clipped by solder mask
    Local override; warning
    @(110.9500 mm, 99.2000 mm): Segment of U6 on f.silkscreen
    @(110.9500 mm, 99.0500 mm): Pad 6 [CM5_GBE_TD0_N] of U6 on F.Cu
[silk_over_copper]: Silkscreen clipped by solder mask
    Local override; warning
    @(110.9500 mm, 100.8000 mm): Segment of U6 on f.silkscreen
    @(110.9500 mm, 100.9500 mm): Pad 4 [CM5_GBE_TD0_P] of U6 on F.Cu
[silk_over_copper]: Silkscreen clipped by solder mask
    Local override; warning
    @(110.9500 mm, 100.8000 mm): Segment of U6 on f.silkscreen
    @(110.9500 mm, 100.0000 mm): Pad 5 [<no net>] of U6 on F.Cu
[silk_over_copper]: Silkscreen clipped by solder mask
    Local override; warning
    @(110.9500 mm, 100.8000 mm): Segment of U6 on f.silkscreen
    @(110.9500 mm, 99.0500 mm): Pad 6 [CM5_GBE_TD0_N] of U6 on F.Cu
[silk_over_copper]: Silkscreen clipped by solder mask
    Local override; warning
    @(109.0500 mm, 99.5000 mm): Segment of U6 on f.silkscreen
    @(109.0500 mm, 100.0000 mm): Pad 2 [/ETHERNET/ETH_GND] of U6 on F.Cu
[silk_over_copper]: Silkscreen clipped by solder mask
    Local override; warning
    @(109.0500 mm, 99.5000 mm): Segment of U6 on f.silkscreen
    @(109.0500 mm, 100.9500 mm): Pad 3 [CM5_GBE_TD1_N] of U6 on F.Cu
[silk_over_copper]: Silkscreen clipped by solder mask
    Local override; warning
    @(109.0500 mm, 100.8000 mm): Segment of U6 on f.silkscreen
    @(109.0500 mm, 100.9500 mm): Pad 3 [CM5_GBE_TD1_N] of U6 on F.Cu
[silk_over_copper]: Silkscreen clipped by solder mask
    Local override; warning
    @(109.0500 mm, 100.8000 mm): Segment of U6 on f.silkscreen
    @(110.9500 mm, 100.9500 mm): Pad 4 [CM5_GBE_TD0_P] of U6 on F.Cu
[silk_over_copper]: Silkscreen clipped by solder mask
    Local override; warning
    @(109.3500 mm, 99.2000 mm): Segment of U6 on f.silkscreen
    @(109.0500 mm, 99.0500 mm): Pad 1 [CM5_GBE_TD1_P] of U6 on F.Cu
[silk_over_copper]: Silkscreen clipped by solder mask
    Local override; warning
    @(110.9500 mm, 99.2000 mm): Segment of U6 on f.silkscreen
    @(109.0500 mm, 99.0500 mm): Pad 1 [CM5_GBE_TD1_P] of U6 on F.Cu
[silk_over_copper]: Silkscreen clipped by solder mask
    Local override; warning
    @(110.9500 mm, 99.2000 mm): Segment of U6 on f.silkscreen
    @(110.9500 mm, 99.0500 mm): Pad 6 [CM5_GBE_TD0_N] of U6 on F.Cu
[silk_over_copper]: Silkscreen clipped by solder mask
    Local override; warning
    @(110.9500 mm, 100.8000 mm): Segment of U6 on f.silkscreen
    @(110.9500 mm, 100.9500 mm): Pad 4 [CM5_GBE_TD0_P] of U6 on F.Cu
[silk_over_copper]: Silkscreen clipped by solder mask
    Local override; warning
    @(110.9500 mm, 100.8000 mm): Segment of U6 on f.silkscreen
    @(110.9500 mm, 100.0000 mm): Pad 5 [<no net>] of U6 on F.Cu
[silk_over_copper]: Silkscreen clipped by solder mask
    Local override; warning
    @(110.9500 mm, 100.8000 mm): Segment of U6 on f.silkscreen
    @(110.9500 mm, 99.0500 mm): Pad 6 [CM5_GBE_TD0_N] of U6 on F.Cu
[copper_sliver]: Copper sliver (F.Cu)
    Local override; warning
[copper_sliver]: Copper sliver (F.Cu)
    Local override; warning

** Found 4 unconnected pads **
[unconnected_items]: Missing connection between items
    Local override; error
    @(91.1100 mm, 45.7150 mm): PTH pad 1 [/ETHERNET/GBE_SHIELD] of J2
    @(93.6500 mm, 44.4450 mm): PTH pad 2 [/ETHERNET/GBE_SHIELD] of J2
[unconnected_items]: Missing connection between items
    Local override; error
    @(109.0500 mm, 99.0500 mm): Track [CM5_GBE_TD0_N] on F.Cu, length 11.9000 mm
    @(120.9500 mm, 99.0500 mm): Track [CM5_GBE_TD0_N] on B.Cu, length 2.9500 mm
[unconnected_items]: Missing connection between items
    Local override; error
    @(109.0500 mm, 100.9500 mm): Track [CM5_GBE_TD0_P] on F.Cu, length 11.9000 mm
    @(120.9500 mm, 100.9500 mm): Track [CM5_GBE_TD0_P] on B.Cu, length 3.0500 mm
[unconnected_items]: Missing connection between items
    Local override; error
    @(109.0500 mm, 100.0000 mm): Pad 2 [/ETHERNET/ETH_GND] of U6 on F.Cu
    @(109.0500 mm, 100.0000 mm): Pad 2 [/ETHERNET/ETH_GND] of U6 on F.Cu

** Found 0 Footprint errors **

** Ignored checks **
    - Footprint has no courtyard defined
    - Track endpoint not centered on via
    - Tuning profile track geometries
    - Footprint doesn't match symbol's footprint filters
    - Footprint component type doesn't match footprint pads

** End of Report **
