** Drc report for SP3019_ETHERNET_DISPOSABLE_FIXTURE.kicad_pcb **
** Created on 2026-09-03T11:08:20 **
** Report includes: Errors, Warnings **

** Found 96 DRC violations **
[tracks_crossing]: Tracks crossing
    Local override; error
    @(48.9500 mm, 107.4500 mm): Track [CM5_GBE_TD0_P] on F.Cu, length 19.0500 mm
    @(63.0000 mm, 107.4500 mm): Track [CM5_GBE_TD1_N] on F.Cu, length 1.6100 mm
[tracks_crossing]: Tracks crossing
    Local override; error
    @(48.9500 mm, 107.4500 mm): Track [CM5_GBE_TD0_P] on F.Cu, length 19.0500 mm
    @(47.0500 mm, 107.4500 mm): Track [CM5_GBE_TD1_N] on F.Cu, length 15.9500 mm
[tracks_crossing]: Tracks crossing
    Local override; error
    @(35.4000 mm, 103.8000 mm): Track [CM5_GBE_TD1_P] on F.Cu, length 7.3500 mm
    @(34.8000 mm, 99.5000 mm): Track [CM5_GBE_TD1_N] on F.Cu, length 8.3000 mm
[clearance]: Clearance violation ( clearance 0.2000 mm; actual 0.1340 mm)
    Local override; error
    @(35.4000 mm, 103.8000 mm): Track [CM5_GBE_TD1_P] on F.Cu, length 7.3500 mm
    @(32.9600 mm, 103.5000 mm): Pad 25 [unconnected-(J7A-GPIO21-Pad25)] of J7 on F.Cu
[tracks_crossing]: Tracks crossing
    Local override; error
    @(36.0400 mm, 99.5000 mm): Track [CM5_GBE_TD1_N] on F.Cu, length 1.2400 mm
    @(35.4000 mm, 99.1000 mm): Track [CM5_GBE_TD1_P] on F.Cu, length 4.7000 mm
[clearance]: Clearance violation ( clearance 0.2000 mm; actual 0.1340 mm)
    Local override; error
    @(68.0000 mm, 112.0000 mm): Track [CM5_GBE_TD0_P] on F.Cu, length 28.6300 mm
    @(70.0400 mm, 112.3000 mm): Pad 170 [unconnected-(J7B-HDMI0_TX2_P-Pad170)] of J7 on F.Cu
[tracks_crossing]: Tracks crossing
    Local override; error
    @(48.9500 mm, 107.4500 mm): Track [CM5_GBE_TD0_P] on F.Cu, length 19.0500 mm
    @(67.0000 mm, 105.5500 mm): Track [CM5_GBE_TD0_N] on F.Cu, length 5.4500 mm
[clearance]: Clearance violation ( clearance 0.2000 mm; actual 0.1840 mm)
    Local override; error
    @(48.9500 mm, 107.4500 mm): Track [CM5_GBE_TD0_P] on F.Cu, length 19.0500 mm
    @(66.9600 mm, 107.1000 mm): Pad 143 [unconnected-(J7B-HDMI1_HOTPLUG-Pad143)] of J7 on F.Cu
[tracks_crossing]: Tracks crossing
    Local override; error
    @(67.0000 mm, 111.0000 mm): Track [CM5_GBE_TD0_N] on F.Cu, length 27.0900 mm
    @(68.0000 mm, 107.4500 mm): Track [CM5_GBE_TD0_P] on F.Cu, length 4.5500 mm
[tracks_crossing]: Tracks crossing
    Local override; error
    @(47.0500 mm, 105.5500 mm): Track [CM5_GBE_TD1_P] on F.Cu, length 16.9500 mm
    @(48.9500 mm, 105.5500 mm): Track [CM5_GBE_TD0_N] on F.Cu, length 18.0500 mm
[clearance]: Clearance violation ( clearance 0.2000 mm; actual 0.1240 mm)
    Local override; error
    @(64.0000 mm, 110.0000 mm): Track [CM5_GBE_TD1_P] on F.Cu, length 21.9100 mm
    @(83.3700 mm, 109.0600 mm): PTH pad 15 [CM5_GBE_TD1_N] of J2
[tracks_crossing]: Tracks crossing
    Local override; error
    @(64.0000 mm, 105.5500 mm): Track [CM5_GBE_TD1_P] on F.Cu, length 4.4500 mm
    @(48.9500 mm, 105.5500 mm): Track [CM5_GBE_TD0_N] on F.Cu, length 18.0500 mm
[tracks_crossing]: Tracks crossing
    Local override; error
    @(64.0000 mm, 105.5500 mm): Track [CM5_GBE_TD1_P] on F.Cu, length 4.4500 mm
    @(63.0000 mm, 109.0600 mm): Track [CM5_GBE_TD1_N] on F.Cu, length 20.3700 mm
[shorting_items]: Items shorting two nets (nets /ETHERNET/ETH_CT2 and CM5_GBE_TD2_P)
    Local override; error
    @(94.4450 mm, 96.1100 mm): PTH pad 9 [/ETHERNET/ETH_CT2] of J2
    @(94.0000 mm, 96.1700 mm): Track [CM5_GBE_TD2_P] on F.Cu, length 1.7150 mm
[shorting_items]: Items shorting two nets (nets CM5_GBE_TD2_P and /ETHERNET/ETH_CT2)
    Local override; error
    @(94.0000 mm, 94.0000 mm): Track [CM5_GBE_TD2_P] on F.Cu, length 2.1700 mm
    @(94.4450 mm, 96.1100 mm): PTH pad 9 [/ETHERNET/ETH_CT2] of J2
[shorting_items]: Items shorting two nets (nets /ETHERNET/ETH_CT4 and CM5_GBE_TD2_N)
    Local override; error
    @(91.9050 mm, 96.1100 mm): PTH pad 7 [/ETHERNET/ETH_CT4] of J2
    @(92.0000 mm, 95.0000 mm): Track [CM5_GBE_TD2_N] on F.Cu, length 2.4400 mm
[tracks_crossing]: Tracks crossing
    Local override; error
    @(59.0000 mm, 100.4500 mm): Track [CM5_GBE_TD2_P] on F.Cu, length 6.4500 mm
    @(58.0000 mm, 95.0000 mm): Track [CM5_GBE_TD2_N] on F.Cu, length 34.0000 mm
[tracks_crossing]: Tracks crossing
    Local override; error
    @(47.0500 mm, 98.5500 mm): Track [CM5_GBE_TD3_P] on F.Cu, length 8.9500 mm
    @(48.9500 mm, 98.5500 mm): Track [CM5_GBE_TD2_N] on F.Cu, length 9.0500 mm
[tracks_crossing]: Tracks crossing
    Local override; error
    @(56.0000 mm, 98.5500 mm): Track [CM5_GBE_TD3_P] on F.Cu, length 1.1100 mm
    @(48.9500 mm, 98.5500 mm): Track [CM5_GBE_TD2_N] on F.Cu, length 9.0500 mm
[tracks_crossing]: Tracks crossing
    Local override; error
    @(58.0000 mm, 98.5500 mm): Track [CM5_GBE_TD2_N] on F.Cu, length 3.5500 mm
    @(56.0000 mm, 97.4400 mm): Track [CM5_GBE_TD3_P] on F.Cu, length 30.8250 mm
[tracks_crossing]: Tracks crossing
    Local override; error
    @(58.0000 mm, 98.5500 mm): Track [CM5_GBE_TD2_N] on F.Cu, length 3.5500 mm
    @(55.0000 mm, 96.1700 mm): Track [CM5_GBE_TD3_N] on F.Cu, length 29.2850 mm
[tracks_crossing]: Tracks crossing
    Local override; error
    @(48.9500 mm, 100.4500 mm): Track [CM5_GBE_TD2_P] on F.Cu, length 10.0500 mm
    @(47.0500 mm, 100.4500 mm): Track [CM5_GBE_TD3_N] on F.Cu, length 7.9500 mm
[clearance]: Clearance violation ( clearance 0.2000 mm; actual 0.1340 mm)
    Local override; error
    @(32.9600 mm, 107.5000 mm): Pad 45 [unconnected-(J7A-GPIO24-Pad45)] of J7 on F.Cu
    @(34.8000 mm, 107.8000 mm): Track [CM5_GBE_TD1_N] on F.Cu, length 6.7500 mm
[tracks_crossing]: Tracks crossing
    Local override; error
    @(55.0000 mm, 100.4500 mm): Track [CM5_GBE_TD3_N] on F.Cu, length 4.2800 mm
    @(47.0500 mm, 98.5500 mm): Track [CM5_GBE_TD3_P] on F.Cu, length 8.9500 mm
[shorting_items]: Items shorting two nets (nets CM5_GBE_TD0_N and unconnected-(J7B-MIPI0_D2_P-Pad135))
    Local override; error
    @(48.9500 mm, 105.5500 mm): Track [CM5_GBE_TD0_N] on F.Cu, length 18.0500 mm
    @(66.9600 mm, 105.5000 mm): Pad 135 [unconnected-(J7B-MIPI0_D2_P-Pad135)] of J7 on F.Cu
[solder_mask_bridge]: Front solder mask aperture bridges items with different nets
    Rule: board setup solder mask min width; error
    @(55.0000 mm, 96.1700 mm): Track [CM5_GBE_TD3_N] on F.Cu, length 29.2850 mm
    @(84.2850 mm, 96.1100 mm): PTH pad 1 [/ETHERNET/GBE_SHIELD] of J2
[solder_mask_bridge]: Front solder mask aperture bridges items with different nets
    Rule: board setup solder mask min width; error
    @(48.9500 mm, 107.4500 mm): Track [CM5_GBE_TD0_P] on F.Cu, length 19.0500 mm
    @(66.9600 mm, 107.5000 mm): Pad 145 [unconnected-(J7B-HDMI1_SDA-Pad145)] of J7 on F.Cu
[solder_mask_bridge]: Front solder mask aperture bridges items with different nets
    Rule: board setup solder mask min width; error
    @(94.0000 mm, 96.1700 mm): Track [CM5_GBE_TD2_P] on F.Cu, length 1.7150 mm
    @(94.4450 mm, 96.1100 mm): PTH pad 9 [/ETHERNET/ETH_CT2] of J2
[solder_mask_bridge]: Front solder mask aperture bridges items with different nets
    Rule: board setup solder mask min width; error
    @(63.0000 mm, 109.0600 mm): Track [CM5_GBE_TD1_N] on F.Cu, length 20.3700 mm
    @(70.0400 mm, 109.1000 mm): Pad 154 [unconnected-(J7B-HDMI1_TX1_N-Pad154)] of J7 on F.Cu
[solder_mask_bridge]: Front solder mask aperture bridges items with different nets
    Rule: board setup solder mask min width; error
    @(63.0000 mm, 109.0600 mm): Track [CM5_GBE_TD1_N] on F.Cu, length 20.3700 mm
    @(66.9600 mm, 109.1000 mm): Pad 153 [unconnected-(J7B-HDMI0_HOTPLUG-Pad153)] of J7 on F.Cu
[solder_mask_bridge]: Front solder mask aperture bridges items with different nets
    Rule: board setup solder mask min width; error
    @(68.0000 mm, 112.0000 mm): Track [CM5_GBE_TD0_P] on F.Cu, length 28.6300 mm
    @(70.0400 mm, 111.9000 mm): Pad 168 [/CORE_CM5/POWER_GND] of J7 on F.Cu
[solder_mask_bridge]: Front solder mask aperture bridges items with different nets
    Rule: board setup solder mask min width; error
    @(34.8000 mm, 107.8000 mm): Track [CM5_GBE_TD1_N] on F.Cu, length 6.7500 mm
    @(32.9600 mm, 107.9000 mm): Pad 47 [unconnected-(J7A-GPIO23-Pad47)] of J7 on F.Cu
[solder_mask_bridge]: Front solder mask aperture bridges items with different nets
    Rule: board setup solder mask min width; error
    @(92.0000 mm, 95.0000 mm): Track [CM5_GBE_TD2_N] on F.Cu, length 2.4400 mm
    @(91.9050 mm, 96.1100 mm): PTH pad 7 [/ETHERNET/ETH_CT4] of J2
[solder_mask_bridge]: Front solder mask aperture bridges items with different nets
    Rule: board setup solder mask min width; error
    @(94.0000 mm, 94.0000 mm): Track [CM5_GBE_TD2_P] on F.Cu, length 2.1700 mm
    @(94.4450 mm, 96.1100 mm): PTH pad 9 [/ETHERNET/ETH_CT2] of J2
[solder_mask_bridge]: Front solder mask aperture bridges items with different nets
    Rule: board setup solder mask min width; error
    @(35.4000 mm, 103.8000 mm): Track [CM5_GBE_TD1_P] on F.Cu, length 7.3500 mm
    @(32.9600 mm, 103.9000 mm): Pad 27 [unconnected-(J7A-GPIO20-Pad27)] of J7 on F.Cu
[solder_mask_bridge]: Front solder mask aperture bridges items with different nets
    Rule: board setup solder mask min width; error
    @(64.0000 mm, 110.0000 mm): Track [CM5_GBE_TD1_P] on F.Cu, length 21.9100 mm
    @(70.0400 mm, 109.9000 mm): Pad 158 [unconnected-(J7B-HDMI1_TX0_P-Pad158)] of J7 on F.Cu
[solder_mask_bridge]: Front solder mask aperture bridges items with different nets
    Rule: board setup solder mask min width; error
    @(64.0000 mm, 110.0000 mm): Track [CM5_GBE_TD1_P] on F.Cu, length 21.9100 mm
    @(66.9600 mm, 109.9000 mm): Pad 157 [unconnected-(J7B-USB3-1-RX_N-Pad157)] of J7 on F.Cu
[solder_mask_bridge]: Front solder mask aperture bridges items with different nets
    Rule: board setup solder mask min width; error
    @(67.0000 mm, 111.0000 mm): Track [CM5_GBE_TD0_N] on F.Cu, length 27.0900 mm
    @(70.0400 mm, 111.1000 mm): Pad 164 [unconnected-(J7B-HDMI1_CLK_P-Pad164)] of J7 on F.Cu
[solder_mask_bridge]: Front solder mask aperture bridges items with different nets
    Rule: board setup solder mask min width; error
    @(67.0000 mm, 111.0000 mm): Track [CM5_GBE_TD0_N] on F.Cu, length 27.0900 mm
    @(66.9600 mm, 111.1000 mm): Pad 163 [unconnected-(J7B-USB3-1-D_P-Pad163)] of J7 on F.Cu
[solder_mask_bridge]: Front solder mask aperture bridges items with different nets
    Rule: board setup solder mask min width; error
    @(48.9500 mm, 105.5500 mm): Track [CM5_GBE_TD0_N] on F.Cu, length 18.0500 mm
    @(66.9600 mm, 105.5000 mm): Pad 135 [unconnected-(J7B-MIPI0_D2_P-Pad135)] of J7 on F.Cu
[solder_mask_bridge]: Front solder mask aperture bridges items with different nets
    Rule: board setup solder mask min width; error
    @(67.0000 mm, 105.5500 mm): Track [CM5_GBE_TD0_N] on F.Cu, length 5.4500 mm
    @(66.9600 mm, 108.7000 mm): Pad 151 [unconnected-(J7B-HDMI0_CEC-Pad151)] of J7 on F.Cu
[solder_mask_bridge]: Front solder mask aperture bridges items with different nets
    Rule: board setup solder mask min width; error
    @(67.0000 mm, 105.5500 mm): Track [CM5_GBE_TD0_N] on F.Cu, length 5.4500 mm
    @(66.9600 mm, 109.1000 mm): Pad 153 [unconnected-(J7B-HDMI0_HOTPLUG-Pad153)] of J7 on F.Cu
[solder_mask_bridge]: Front solder mask aperture bridges items with different nets
    Rule: board setup solder mask min width; error
    @(67.0000 mm, 105.5500 mm): Track [CM5_GBE_TD0_N] on F.Cu, length 5.4500 mm
    @(66.9600 mm, 105.5000 mm): Pad 135 [unconnected-(J7B-MIPI0_D2_P-Pad135)] of J7 on F.Cu
[solder_mask_bridge]: Front solder mask aperture bridges items with different nets
    Rule: board setup solder mask min width; error
    @(67.0000 mm, 105.5500 mm): Track [CM5_GBE_TD0_N] on F.Cu, length 5.4500 mm
    @(66.9600 mm, 105.9000 mm): Pad 137 [/CORE_CM5/POWER_GND] of J7 on F.Cu
[solder_mask_bridge]: Front solder mask aperture bridges items with different nets
    Rule: board setup solder mask min width; error
    @(67.0000 mm, 105.5500 mm): Track [CM5_GBE_TD0_N] on F.Cu, length 5.4500 mm
    @(66.9600 mm, 106.3000 mm): Pad 139 [unconnected-(J7B-MIPI0_D3_N-Pad139)] of J7 on F.Cu
[solder_mask_bridge]: Front solder mask aperture bridges items with different nets
    Rule: board setup solder mask min width; error
    @(67.0000 mm, 105.5500 mm): Track [CM5_GBE_TD0_N] on F.Cu, length 5.4500 mm
    @(66.9600 mm, 106.7000 mm): Pad 141 [unconnected-(J7B-MIPI0_D3_P-Pad141)] of J7 on F.Cu
[solder_mask_bridge]: Front solder mask aperture bridges items with different nets
    Rule: board setup solder mask min width; error
    @(67.0000 mm, 105.5500 mm): Track [CM5_GBE_TD0_N] on F.Cu, length 5.4500 mm
    @(66.9600 mm, 107.1000 mm): Pad 143 [unconnected-(J7B-HDMI1_HOTPLUG-Pad143)] of J7 on F.Cu
[solder_mask_bridge]: Front solder mask aperture bridges items with different nets
    Rule: board setup solder mask min width; error
    @(67.0000 mm, 105.5500 mm): Track [CM5_GBE_TD0_N] on F.Cu, length 5.4500 mm
    @(66.9600 mm, 107.5000 mm): Pad 145 [unconnected-(J7B-HDMI1_SDA-Pad145)] of J7 on F.Cu
[solder_mask_bridge]: Front solder mask aperture bridges items with different nets
    Rule: board setup solder mask min width; error
    @(67.0000 mm, 105.5500 mm): Track [CM5_GBE_TD0_N] on F.Cu, length 5.4500 mm
    @(66.9600 mm, 107.9000 mm): Pad 147 [unconnected-(J7B-HDMI1_SCL-Pad147)] of J7 on F.Cu
[solder_mask_bridge]: Front solder mask aperture bridges items with different nets
    Rule: board setup solder mask min width; error
    @(67.0000 mm, 105.5500 mm): Track [CM5_GBE_TD0_N] on F.Cu, length 5.4500 mm
    @(66.9600 mm, 108.3000 mm): Pad 149 [unconnected-(J7B-HDMI1_CEC-Pad149)] of J7 on F.Cu
[solder_mask_bridge]: Front solder mask aperture bridges items with different nets
    Rule: board setup solder mask min width; error
    @(67.0000 mm, 105.5500 mm): Track [CM5_GBE_TD0_N] on F.Cu, length 5.4500 mm
    @(66.9600 mm, 109.5000 mm): Pad 155 [/CORE_CM5/POWER_GND] of J7 on F.Cu
[solder_mask_bridge]: Front solder mask aperture bridges items with different nets
    Rule: board setup solder mask min width; error
    @(67.0000 mm, 105.5500 mm): Track [CM5_GBE_TD0_N] on F.Cu, length 5.4500 mm
    @(66.9600 mm, 109.9000 mm): Pad 157 [unconnected-(J7B-USB3-1-RX_N-Pad157)] of J7 on F.Cu
[solder_mask_bridge]: Front solder mask aperture bridges items with different nets
    Rule: board setup solder mask min width; error
    @(67.0000 mm, 105.5500 mm): Track [CM5_GBE_TD0_N] on F.Cu, length 5.4500 mm
    @(66.9600 mm, 110.3000 mm): Pad 159 [unconnected-(J7B-USB3-1-RX_P-Pad159)] of J7 on F.Cu
[solder_mask_bridge]: Front solder mask aperture bridges items with different nets
    Rule: board setup solder mask min width; error
    @(67.0000 mm, 105.5500 mm): Track [CM5_GBE_TD0_N] on F.Cu, length 5.4500 mm
    @(66.9600 mm, 110.7000 mm): Pad 161 [/CORE_CM5/POWER_GND] of J7 on F.Cu
[solder_mask_bridge]: Front solder mask aperture bridges items with different nets
    Rule: board setup solder mask min width; error
    @(67.0000 mm, 105.5500 mm): Track [CM5_GBE_TD0_N] on F.Cu, length 5.4500 mm
    @(66.9600 mm, 111.1000 mm): Pad 163 [unconnected-(J7B-USB3-1-D_P-Pad163)] of J7 on F.Cu
[track_dangling]: Track has unconnected end
    Local override; warning
    @(47.0500 mm, 100.4500 mm): Track [CM5_GBE_TD3_N] on F.Cu, length 7.9500 mm
[track_dangling]: Track has unconnected end
    Local override; warning
    @(56.0000 mm, 97.4400 mm): Track [CM5_GBE_TD3_P] on F.Cu, length 30.8250 mm
[track_dangling]: Track has unconnected end
    Local override; warning
    @(47.0500 mm, 98.5500 mm): Track [CM5_GBE_TD3_P] on F.Cu, length 8.9500 mm
[track_dangling]: Track has unconnected end
    Local override; warning
    @(92.0000 mm, 97.4400 mm): Track [CM5_GBE_TD2_N] on F.Cu, length 1.1750 mm
[track_dangling]: Track has unconnected end
    Local override; warning
    @(32.9600 mm, 100.3000 mm): Track [CM5_GBE_TD2_N] on B.Cu, length 1.9600 mm
[track_dangling]: Track has unconnected end
    Local override; warning
    @(25.9500 mm, 98.0000 mm): Track [CM5_GBE_TD2_N] on B.Cu, length 1.0500 mm
[track_dangling]: Track has unconnected end
    Local override; warning
    @(94.0000 mm, 96.1700 mm): Track [CM5_GBE_TD2_P] on F.Cu, length 1.7150 mm
[track_dangling]: Track has unconnected end
    Local override; warning
    @(25.9500 mm, 102.0000 mm): Track [CM5_GBE_TD2_P] on B.Cu, length 1.0500 mm
[track_dangling]: Track has unconnected end
    Local override; warning
    @(32.9600 mm, 100.7000 mm): Track [CM5_GBE_TD2_P] on B.Cu, length 2.3600 mm
[track_dangling]: Track has unconnected end
    Local override; warning
    @(47.0500 mm, 107.4500 mm): Track [CM5_GBE_TD1_N] on F.Cu, length 15.9500 mm
[track_dangling]: Track has unconnected end
    Local override; warning
    @(47.0500 mm, 105.5500 mm): Track [CM5_GBE_TD1_P] on F.Cu, length 16.9500 mm
[track_dangling]: Track has unconnected end
    Local override; warning
    @(36.0400 mm, 100.3000 mm): Track [CM5_GBE_TD0_P] on B.Cu, length 1.8400 mm
[track_dangling]: Track has unconnected end
    Local override; warning
    @(29.9500 mm, 108.6000 mm): Track [CM5_GBE_TD0_P] on B.Cu, length 1.6500 mm
[track_dangling]: Track has unconnected end
    Local override; warning
    @(36.0400 mm, 100.7000 mm): Track [CM5_GBE_TD0_P] on B.Cu, length 2.4400 mm
[track_dangling]: Track has unconnected end
    Local override; warning
    @(29.9500 mm, 103.2000 mm): Track [CM5_GBE_TD0_P] on B.Cu, length 1.8500 mm
[silk_over_copper]: Silkscreen clipped by solder mask
    Local override; warning
    @(82.0500 mm, 94.3250 mm): Rectangle of J2 on f.silkscreen
    @(97.8750 mm, 101.9500 mm): NPTH pad of J2
[silk_over_copper]: Silkscreen clipped by solder mask
    Local override; warning
    @(82.0500 mm, 94.3250 mm): Rectangle of J2 on f.silkscreen
    @(98.2000 mm, 105.0000 mm): NPTH pad of J2
[silk_over_copper]: Silkscreen clipped by solder mask
    Local override; warning
    @(82.0500 mm, 94.3250 mm): Rectangle of J2 on f.silkscreen
    @(98.2000 mm, 115.7500 mm): NPTH pad of J2
[silk_over_copper]: Silkscreen clipped by solder mask
    Local override; warning
    @(82.0500 mm, 94.3250 mm): Rectangle of J2 on f.silkscreen
    @(81.8000 mm, 115.7500 mm): NPTH pad of J2
[silk_over_copper]: Silkscreen clipped by solder mask
    Local override; warning
    @(82.0500 mm, 94.3250 mm): Rectangle of J2 on f.silkscreen
    @(81.8000 mm, 105.0000 mm): NPTH pad of J2
[silk_over_copper]: Silkscreen clipped by solder mask
    Local override; warning
    @(82.0500 mm, 94.3250 mm): Rectangle of J2 on f.silkscreen
    @(82.1250 mm, 101.9500 mm): NPTH pad of J2
[silk_over_copper]: Silkscreen clipped by solder mask
    Local override; warning
    @(24.0500 mm, 99.5000 mm): Segment of U9 on f.silkscreen
    @(24.0500 mm, 100.0000 mm): Pad 2 [/ETHERNET/ETH_GND] of U9 on F.Cu
[silk_over_copper]: Silkscreen clipped by solder mask
    Local override; warning
    @(24.0500 mm, 99.5000 mm): Segment of U9 on f.silkscreen
    @(24.0500 mm, 100.9500 mm): Pad 3 [CM5_GBE_TD3_N] of U9 on F.Cu
[silk_over_copper]: Silkscreen clipped by solder mask
    Local override; warning
    @(24.0500 mm, 100.8000 mm): Segment of U9 on f.silkscreen
    @(24.0500 mm, 100.9500 mm): Pad 3 [CM5_GBE_TD3_N] of U9 on F.Cu
[silk_over_copper]: Silkscreen clipped by solder mask
    Local override; warning
    @(24.0500 mm, 100.8000 mm): Segment of U9 on f.silkscreen
    @(25.9500 mm, 100.9500 mm): Pad 4 [CM5_GBE_TD2_P] of U9 on F.Cu
[silk_over_copper]: Silkscreen clipped by solder mask
    Local override; warning
    @(24.3500 mm, 99.2000 mm): Segment of U9 on f.silkscreen
    @(24.0500 mm, 99.0500 mm): Pad 1 [CM5_GBE_TD3_P] of U9 on F.Cu
[silk_over_copper]: Silkscreen clipped by solder mask
    Local override; warning
    @(25.9500 mm, 99.2000 mm): Segment of U9 on f.silkscreen
    @(25.9500 mm, 99.0500 mm): Pad 6 [CM5_GBE_TD2_N] of U9 on F.Cu
[silk_over_copper]: Silkscreen clipped by solder mask
    Local override; warning
    @(25.9500 mm, 99.2000 mm): Segment of U9 on f.silkscreen
    @(24.0500 mm, 99.0500 mm): Pad 1 [CM5_GBE_TD3_P] of U9 on F.Cu
[silk_over_copper]: Silkscreen clipped by solder mask
    Local override; warning
    @(25.9500 mm, 100.8000 mm): Segment of U9 on f.silkscreen
    @(25.9500 mm, 100.0000 mm): Pad 5 [<no net>] of U9 on F.Cu
[silk_over_copper]: Silkscreen clipped by solder mask
    Local override; warning
    @(25.9500 mm, 100.8000 mm): Segment of U9 on f.silkscreen
    @(25.9500 mm, 99.0500 mm): Pad 6 [CM5_GBE_TD2_N] of U9 on F.Cu
[silk_over_copper]: Silkscreen clipped by solder mask
    Local override; warning
    @(25.9500 mm, 100.8000 mm): Segment of U9 on f.silkscreen
    @(25.9500 mm, 100.9500 mm): Pad 4 [CM5_GBE_TD2_P] of U9 on F.Cu
[silk_over_copper]: Silkscreen clipped by solder mask
    Local override; warning
    @(24.0500 mm, 99.5000 mm): Segment of U9 on f.silkscreen
    @(24.0500 mm, 100.0000 mm): Pad 2 [/ETHERNET/ETH_GND] of U9 on F.Cu
[silk_over_copper]: Silkscreen clipped by solder mask
    Local override; warning
    @(24.0500 mm, 99.5000 mm): Segment of U9 on f.silkscreen
    @(24.0500 mm, 100.9500 mm): Pad 3 [CM5_GBE_TD3_N] of U9 on F.Cu
[silk_over_copper]: Silkscreen clipped by solder mask
    Local override; warning
    @(24.0500 mm, 100.8000 mm): Segment of U9 on f.silkscreen
    @(24.0500 mm, 100.9500 mm): Pad 3 [CM5_GBE_TD3_N] of U9 on F.Cu
[silk_over_copper]: Silkscreen clipped by solder mask
    Local override; warning
    @(24.0500 mm, 100.8000 mm): Segment of U9 on f.silkscreen
    @(25.9500 mm, 100.9500 mm): Pad 4 [CM5_GBE_TD2_P] of U9 on F.Cu
[silk_over_copper]: Silkscreen clipped by solder mask
    Local override; warning
    @(24.3500 mm, 99.2000 mm): Segment of U9 on f.silkscreen
    @(24.0500 mm, 99.0500 mm): Pad 1 [CM5_GBE_TD3_P] of U9 on F.Cu
[silk_over_copper]: Silkscreen clipped by solder mask
    Local override; warning
    @(25.9500 mm, 99.2000 mm): Segment of U9 on f.silkscreen
    @(24.0500 mm, 99.0500 mm): Pad 1 [CM5_GBE_TD3_P] of U9 on F.Cu
[silk_over_copper]: Silkscreen clipped by solder mask
    Local override; warning
    @(25.9500 mm, 99.2000 mm): Segment of U9 on f.silkscreen
    @(25.9500 mm, 99.0500 mm): Pad 6 [CM5_GBE_TD2_N] of U9 on F.Cu
[silk_over_copper]: Silkscreen clipped by solder mask
    Local override; warning
    @(25.9500 mm, 100.8000 mm): Segment of U9 on f.silkscreen
    @(25.9500 mm, 100.9500 mm): Pad 4 [CM5_GBE_TD2_P] of U9 on F.Cu
[silk_over_copper]: Silkscreen clipped by solder mask
    Local override; warning
    @(25.9500 mm, 100.8000 mm): Segment of U9 on f.silkscreen
    @(25.9500 mm, 100.0000 mm): Pad 5 [<no net>] of U9 on F.Cu
[silk_over_copper]: Silkscreen clipped by solder mask
    Local override; warning
    @(25.9500 mm, 100.8000 mm): Segment of U9 on f.silkscreen
    @(25.9500 mm, 99.0500 mm): Pad 6 [CM5_GBE_TD2_N] of U9 on F.Cu

** Found 76 unconnected pads **
[unconnected_items]: Missing connection between items
    Local override; error
    @(84.2850 mm, 96.1100 mm): PTH pad 1 [/ETHERNET/GBE_SHIELD] of J2
    @(85.5550 mm, 98.6500 mm): PTH pad 2 [/ETHERNET/GBE_SHIELD] of J2
[unconnected_items]: Missing connection between items
    Local override; error
    @(47.0500 mm, 100.4500 mm): Track [CM5_GBE_TD3_N] on F.Cu, length 7.9500 mm
    @(32.9600 mm, 99.5000 mm): Track [CM5_GBE_TD3_N] on F.Cu, length 1.5600 mm
[unconnected_items]: Missing connection between items
    Local override; error
    @(84.2850 mm, 101.1700 mm): PTH pad 11 [CM5_GBE_TD3_N] of J2
    @(55.0000 mm, 96.1700 mm): Track [CM5_GBE_TD3_N] on F.Cu, length 29.2850 mm
[unconnected_items]: Missing connection between items
    Local override; error
    @(32.9600 mm, 99.1000 mm): Track [CM5_GBE_TD3_P] on F.Cu, length 1.1600 mm
    @(47.0500 mm, 98.5500 mm): Track [CM5_GBE_TD3_P] on F.Cu, length 8.9500 mm
[unconnected_items]: Missing connection between items
    Local override; error
    @(86.8250 mm, 102.4400 mm): PTH pad 12 [CM5_GBE_TD3_P] of J2
    @(56.0000 mm, 97.4400 mm): Track [CM5_GBE_TD3_P] on F.Cu, length 30.8250 mm
[unconnected_items]: Missing connection between items
    Local override; error
    @(25.9500 mm, 99.0500 mm): Pad 6 [CM5_GBE_TD2_N] of U9 on F.Cu
    @(25.9500 mm, 98.0000 mm): Track [CM5_GBE_TD2_N] on B.Cu, length 1.0500 mm
[unconnected_items]: Missing connection between items
    Local override; error
    @(32.9600 mm, 100.3000 mm): Pad 9 [CM5_GBE_TD2_N] of J7 on F.Cu
    @(32.9600 mm, 100.3000 mm): Track [CM5_GBE_TD2_N] on B.Cu, length 1.9600 mm
[unconnected_items]: Missing connection between items
    Local override; error
    @(32.9600 mm, 100.3000 mm): Pad 9 [CM5_GBE_TD2_N] of J7 on F.Cu
    @(48.9500 mm, 98.5500 mm): Track [CM5_GBE_TD2_N] on F.Cu, length 9.0500 mm
[unconnected_items]: Missing connection between items
    Local override; error
    @(93.1750 mm, 102.4400 mm): PTH pad 13 [CM5_GBE_TD2_N] of J2
    @(92.0000 mm, 97.4400 mm): Track [CM5_GBE_TD2_N] on F.Cu, length 1.1750 mm
[unconnected_items]: Missing connection between items
    Local override; error
    @(25.9500 mm, 100.9500 mm): Pad 4 [CM5_GBE_TD2_P] of U9 on F.Cu
    @(25.9500 mm, 102.0000 mm): Track [CM5_GBE_TD2_P] on B.Cu, length 1.0500 mm
[unconnected_items]: Missing connection between items
    Local override; error
    @(32.9600 mm, 100.7000 mm): Pad 11 [CM5_GBE_TD2_P] of J7 on F.Cu
    @(32.9600 mm, 100.7000 mm): Track [CM5_GBE_TD2_P] on B.Cu, length 2.3600 mm
[unconnected_items]: Missing connection between items
    Local override; error
    @(32.9600 mm, 100.7000 mm): Track [CM5_GBE_TD2_P] on B.Cu, length 2.3600 mm
    @(48.9500 mm, 100.4500 mm): Track [CM5_GBE_TD2_P] on F.Cu, length 10.0500 mm
[unconnected_items]: Missing connection between items
    Local override; error
    @(95.7150 mm, 101.1700 mm): PTH pad 14 [CM5_GBE_TD2_P] of J2
    @(94.0000 mm, 96.1700 mm): Track [CM5_GBE_TD2_P] on F.Cu, length 1.7150 mm
[unconnected_items]: Missing connection between items
    Local override; error
    @(34.8000 mm, 107.8000 mm): Track [CM5_GBE_TD1_N] on F.Cu, length 6.7500 mm
    @(47.0500 mm, 107.4500 mm): Track [CM5_GBE_TD1_N] on F.Cu, length 15.9500 mm
[unconnected_items]: Missing connection between items
    Local override; error
    @(35.4000 mm, 99.1000 mm): Track [CM5_GBE_TD1_P] on F.Cu, length 4.7000 mm
    @(47.0500 mm, 105.5500 mm): Track [CM5_GBE_TD1_P] on F.Cu, length 16.9500 mm
[unconnected_items]: Missing connection between items
    Local override; error
    @(36.0400 mm, 100.3000 mm): Pad 10 [CM5_GBE_TD0_N] of J7 on F.Cu
    @(25.9500 mm, 99.0500 mm): Pad 6 [CM5_GBE_TD2_N] of U9 on F.Cu
[unconnected_items]: Missing connection between items
    Local override; error
    @(36.0400 mm, 100.3000 mm): Pad 10 [CM5_GBE_TD0_N] of J7 on F.Cu
    @(48.9500 mm, 105.5500 mm): Track [CM5_GBE_TD0_N] on F.Cu, length 18.0500 mm
[unconnected_items]: Missing connection between items
    Local override; error
    @(25.9500 mm, 100.9500 mm): Pad 4 [CM5_GBE_TD2_P] of U9 on F.Cu
    @(29.9500 mm, 108.6000 mm): Track [CM5_GBE_TD0_P] on B.Cu, length 1.6500 mm
[unconnected_items]: Missing connection between items
    Local override; error
    @(36.0400 mm, 100.7000 mm): Pad 12 [CM5_GBE_TD0_P] of J7 on F.Cu
    @(36.0400 mm, 100.7000 mm): Track [CM5_GBE_TD0_P] on B.Cu, length 2.4400 mm
[unconnected_items]: Missing connection between items
    Local override; error
    @(36.0400 mm, 100.7000 mm): Track [CM5_GBE_TD0_P] on B.Cu, length 2.4400 mm
    @(48.9500 mm, 107.4500 mm): Track [CM5_GBE_TD0_P] on F.Cu, length 19.0500 mm
[unconnected_items]: Missing connection between items
    Local override; error
    @(24.0500 mm, 100.0000 mm): Pad 2 [/ETHERNET/ETH_GND] of U9 on F.Cu
    @(24.0500 mm, 100.0000 mm): Pad 2 [/ETHERNET/ETH_GND] of U9 on F.Cu
[unconnected_items]: Missing connection between items
    Local override; error
    @(32.9600 mm, 98.7000 mm): Pad 1 [/CORE_CM5/POWER_GND] of J7 on F.Cu
    @(32.9600 mm, 99.9000 mm): Pad 7 [/CORE_CM5/POWER_GND] of J7 on F.Cu
[unconnected_items]: Missing connection between items
    Local override; error
    @(32.9600 mm, 99.9000 mm): Pad 7 [/CORE_CM5/POWER_GND] of J7 on F.Cu
    @(32.9600 mm, 101.1000 mm): Pad 13 [/CORE_CM5/POWER_GND] of J7 on F.Cu
[unconnected_items]: Missing connection between items
    Local override; error
    @(32.9600 mm, 101.1000 mm): Pad 13 [/CORE_CM5/POWER_GND] of J7 on F.Cu
    @(32.9600 mm, 103.1000 mm): Pad 23 [/CORE_CM5/POWER_GND] of J7 on F.Cu
[unconnected_items]: Missing connection between items
    Local override; error
    @(32.9600 mm, 103.1000 mm): Pad 23 [/CORE_CM5/POWER_GND] of J7 on F.Cu
    @(32.9600 mm, 105.1000 mm): Pad 33 [/CORE_CM5/POWER_GND] of J7 on F.Cu
[unconnected_items]: Missing connection between items
    Local override; error
    @(32.9600 mm, 105.1000 mm): Pad 33 [/CORE_CM5/POWER_GND] of J7 on F.Cu
    @(32.9600 mm, 107.1000 mm): Pad 43 [/CORE_CM5/POWER_GND] of J7 on F.Cu
[unconnected_items]: Missing connection between items
    Local override; error
    @(32.9600 mm, 107.1000 mm): Pad 43 [/CORE_CM5/POWER_GND] of J7 on F.Cu
    @(32.9600 mm, 109.1000 mm): Pad 53 [/CORE_CM5/POWER_GND] of J7 on F.Cu
[unconnected_items]: Missing connection between items
    Local override; error
    @(32.9600 mm, 109.1000 mm): Pad 53 [/CORE_CM5/POWER_GND] of J7 on F.Cu
    @(32.9600 mm, 110.3000 mm): Pad 59 [/CORE_CM5/POWER_GND] of J7 on F.Cu
[unconnected_items]: Missing connection between items
    Local override; error
    @(32.9600 mm, 110.3000 mm): Pad 59 [/CORE_CM5/POWER_GND] of J7 on F.Cu
    @(32.9600 mm, 111.5000 mm): Pad 65 [/CORE_CM5/POWER_GND] of J7 on F.Cu
[unconnected_items]: Missing connection between items
    Local override; error
    @(32.9600 mm, 111.5000 mm): Pad 65 [/CORE_CM5/POWER_GND] of J7 on F.Cu
    @(32.9600 mm, 112.7000 mm): Pad 71 [/CORE_CM5/POWER_GND] of J7 on F.Cu
[unconnected_items]: Missing connection between items
    Local override; error
    @(36.0400 mm, 99.9000 mm): Pad 8 [/CORE_CM5/POWER_GND] of J7 on F.Cu
    @(36.0400 mm, 98.7000 mm): Pad 2 [/CORE_CM5/POWER_GND] of J7 on F.Cu
[unconnected_items]: Missing connection between items
    Local override; error
    @(36.0400 mm, 101.1000 mm): Pad 14 [/CORE_CM5/POWER_GND] of J7 on F.Cu
    @(36.0400 mm, 99.9000 mm): Pad 8 [/CORE_CM5/POWER_GND] of J7 on F.Cu
[unconnected_items]: Missing connection between items
    Local override; error
    @(36.0400 mm, 101.1000 mm): Pad 14 [/CORE_CM5/POWER_GND] of J7 on F.Cu
    @(36.0400 mm, 102.7000 mm): Pad 22 [/CORE_CM5/POWER_GND] of J7 on F.Cu
[unconnected_items]: Missing connection between items
    Local override; error
    @(36.0400 mm, 102.7000 mm): Pad 22 [/CORE_CM5/POWER_GND] of J7 on F.Cu
    @(36.0400 mm, 104.7000 mm): Pad 32 [/CORE_CM5/POWER_GND] of J7 on F.Cu
[unconnected_items]: Missing connection between items
    Local override; error
    @(36.0400 mm, 104.7000 mm): Pad 32 [/CORE_CM5/POWER_GND] of J7 on F.Cu
    @(36.0400 mm, 106.7000 mm): Pad 42 [/CORE_CM5/POWER_GND] of J7 on F.Cu
[unconnected_items]: Missing connection between items
    Local override; error
    @(36.0400 mm, 106.7000 mm): Pad 42 [/CORE_CM5/POWER_GND] of J7 on F.Cu
    @(36.0400 mm, 108.7000 mm): Pad 52 [/CORE_CM5/POWER_GND] of J7 on F.Cu
[unconnected_items]: Missing connection between items
    Local override; error
    @(36.0400 mm, 110.3000 mm): Pad 60 [/CORE_CM5/POWER_GND] of J7 on F.Cu
    @(36.0400 mm, 111.5000 mm): Pad 66 [/CORE_CM5/POWER_GND] of J7 on F.Cu
[unconnected_items]: Missing connection between items
    Local override; error
    @(36.0400 mm, 110.3000 mm): Pad 60 [/CORE_CM5/POWER_GND] of J7 on F.Cu
    @(36.0400 mm, 108.7000 mm): Pad 52 [/CORE_CM5/POWER_GND] of J7 on F.Cu
[unconnected_items]: Missing connection between items
    Local override; error
    @(36.0400 mm, 111.5000 mm): Pad 66 [/CORE_CM5/POWER_GND] of J7 on F.Cu
    @(36.0400 mm, 113.1000 mm): Pad 74 [/CORE_CM5/POWER_GND] of J7 on F.Cu
[unconnected_items]: Missing connection between items
    Local override; error
    @(36.0400 mm, 111.5000 mm): Pad 66 [/CORE_CM5/POWER_GND] of J7 on F.Cu
    @(32.9600 mm, 111.5000 mm): Pad 65 [/CORE_CM5/POWER_GND] of J7 on F.Cu
[unconnected_items]: Missing connection between items
    Local override; error
    @(36.0400 mm, 117.9000 mm): Pad 98 [/CORE_CM5/POWER_GND] of J7 on F.Cu
    @(36.0400 mm, 113.1000 mm): Pad 74 [/CORE_CM5/POWER_GND] of J7 on F.Cu
[unconnected_items]: Missing connection between items
    Local override; error
    @(66.9600 mm, 101.1000 mm): Pad 113 [/CORE_CM5/POWER_GND] of J7 on F.Cu
    @(66.9600 mm, 99.9000 mm): Pad 107 [/CORE_CM5/POWER_GND] of J7 on F.Cu
[unconnected_items]: Missing connection between items
    Local override; error
    @(66.9600 mm, 102.3000 mm): Pad 119 [/CORE_CM5/POWER_GND] of J7 on F.Cu
    @(66.9600 mm, 101.1000 mm): Pad 113 [/CORE_CM5/POWER_GND] of J7 on F.Cu
[unconnected_items]: Missing connection between items
    Local override; error
    @(66.9600 mm, 103.5000 mm): Pad 125 [/CORE_CM5/POWER_GND] of J7 on F.Cu
    @(66.9600 mm, 102.3000 mm): Pad 119 [/CORE_CM5/POWER_GND] of J7 on F.Cu
[unconnected_items]: Missing connection between items
    Local override; error
    @(66.9600 mm, 104.7000 mm): Pad 131 [/CORE_CM5/POWER_GND] of J7 on F.Cu
    @(66.9600 mm, 103.5000 mm): Pad 125 [/CORE_CM5/POWER_GND] of J7 on F.Cu
[unconnected_items]: Missing connection between items
    Local override; error
    @(66.9600 mm, 104.7000 mm): Pad 131 [/CORE_CM5/POWER_GND] of J7 on F.Cu
    @(66.9600 mm, 105.9000 mm): Pad 137 [/CORE_CM5/POWER_GND] of J7 on F.Cu
[unconnected_items]: Missing connection between items
    Local override; error
    @(66.9600 mm, 104.7000 mm): Pad 131 [/CORE_CM5/POWER_GND] of J7 on F.Cu
    @(36.0400 mm, 104.7000 mm): Pad 32 [/CORE_CM5/POWER_GND] of J7 on F.Cu
[unconnected_items]: Missing connection between items
    Local override; error
    @(66.9600 mm, 105.9000 mm): Pad 137 [/CORE_CM5/POWER_GND] of J7 on F.Cu
    @(70.0400 mm, 105.9000 mm): Pad 138 [/CORE_CM5/POWER_GND] of J7 on F.Cu
[unconnected_items]: Missing connection between items
    Local override; error
    @(66.9600 mm, 110.7000 mm): Pad 161 [/CORE_CM5/POWER_GND] of J7 on F.Cu
    @(66.9600 mm, 109.5000 mm): Pad 155 [/CORE_CM5/POWER_GND] of J7 on F.Cu
[unconnected_items]: Missing connection between items
    Local override; error
    @(66.9600 mm, 110.7000 mm): Pad 161 [/CORE_CM5/POWER_GND] of J7 on F.Cu
    @(66.9600 mm, 111.9000 mm): Pad 167 [/CORE_CM5/POWER_GND] of J7 on F.Cu
[unconnected_items]: Missing connection between items
    Local override; error
    @(66.9600 mm, 111.9000 mm): Pad 167 [/CORE_CM5/POWER_GND] of J7 on F.Cu
    @(66.9600 mm, 113.1000 mm): Pad 173 [/CORE_CM5/POWER_GND] of J7 on F.Cu
[unconnected_items]: Missing connection between items
    Local override; error
    @(66.9600 mm, 113.1000 mm): Pad 173 [/CORE_CM5/POWER_GND] of J7 on F.Cu
    @(66.9600 mm, 114.3000 mm): Pad 179 [/CORE_CM5/POWER_GND] of J7 on F.Cu
[unconnected_items]: Missing connection between items
    Local override; error
    @(66.9600 mm, 115.5000 mm): Pad 185 [/CORE_CM5/POWER_GND] of J7 on F.Cu
    @(66.9600 mm, 114.3000 mm): Pad 179 [/CORE_CM5/POWER_GND] of J7 on F.Cu
[unconnected_items]: Missing connection between items
    Local override; error
    @(66.9600 mm, 116.7000 mm): Pad 191 [/CORE_CM5/POWER_GND] of J7 on F.Cu
    @(66.9600 mm, 115.5000 mm): Pad 185 [/CORE_CM5/POWER_GND] of J7 on F.Cu
[unconnected_items]: Missing connection between items
    Local override; error
    @(66.9600 mm, 117.9000 mm): Pad 197 [/CORE_CM5/POWER_GND] of J7 on F.Cu
    @(66.9600 mm, 116.7000 mm): Pad 191 [/CORE_CM5/POWER_GND] of J7 on F.Cu
[unconnected_items]: Missing connection between items
    Local override; error
    @(70.0400 mm, 101.1000 mm): Pad 114 [/CORE_CM5/POWER_GND] of J7 on F.Cu
    @(70.0400 mm, 99.9000 mm): Pad 108 [/CORE_CM5/POWER_GND] of J7 on F.Cu
[unconnected_items]: Missing connection between items
    Local override; error
    @(70.0400 mm, 102.3000 mm): Pad 120 [/CORE_CM5/POWER_GND] of J7 on F.Cu
    @(70.0400 mm, 101.1000 mm): Pad 114 [/CORE_CM5/POWER_GND] of J7 on F.Cu
[unconnected_items]: Missing connection between items
    Local override; error
    @(70.0400 mm, 103.5000 mm): Pad 126 [/CORE_CM5/POWER_GND] of J7 on F.Cu
    @(70.0400 mm, 102.3000 mm): Pad 120 [/CORE_CM5/POWER_GND] of J7 on F.Cu
[unconnected_items]: Missing connection between items
    Local override; error
    @(70.0400 mm, 104.7000 mm): Pad 132 [/CORE_CM5/POWER_GND] of J7 on F.Cu
    @(70.0400 mm, 103.5000 mm): Pad 126 [/CORE_CM5/POWER_GND] of J7 on F.Cu
[unconnected_items]: Missing connection between items
    Local override; error
    @(70.0400 mm, 105.9000 mm): Pad 138 [/CORE_CM5/POWER_GND] of J7 on F.Cu
    @(70.0400 mm, 104.7000 mm): Pad 132 [/CORE_CM5/POWER_GND] of J7 on F.Cu
[unconnected_items]: Missing connection between items
    Local override; error
    @(70.0400 mm, 107.1000 mm): Pad 144 [/CORE_CM5/POWER_GND] of J7 on F.Cu
    @(70.0400 mm, 105.9000 mm): Pad 138 [/CORE_CM5/POWER_GND] of J7 on F.Cu
[unconnected_items]: Missing connection between items
    Local override; error
    @(70.0400 mm, 108.3000 mm): Pad 150 [/CORE_CM5/POWER_GND] of J7 on F.Cu
    @(70.0400 mm, 107.1000 mm): Pad 144 [/CORE_CM5/POWER_GND] of J7 on F.Cu
[unconnected_items]: Missing connection between items
    Local override; error
    @(70.0400 mm, 109.5000 mm): Pad 156 [/CORE_CM5/POWER_GND] of J7 on F.Cu
    @(70.0400 mm, 108.3000 mm): Pad 150 [/CORE_CM5/POWER_GND] of J7 on F.Cu
[unconnected_items]: Missing connection between items
    Local override; error
    @(70.0400 mm, 110.7000 mm): Pad 162 [/CORE_CM5/POWER_GND] of J7 on F.Cu
    @(70.0400 mm, 109.5000 mm): Pad 156 [/CORE_CM5/POWER_GND] of J7 on F.Cu
[unconnected_items]: Missing connection between items
    Local override; error
    @(70.0400 mm, 111.9000 mm): Pad 168 [/CORE_CM5/POWER_GND] of J7 on F.Cu
    @(70.0400 mm, 110.7000 mm): Pad 162 [/CORE_CM5/POWER_GND] of J7 on F.Cu
[unconnected_items]: Missing connection between items
    Local override; error
    @(70.0400 mm, 113.1000 mm): Pad 174 [/CORE_CM5/POWER_GND] of J7 on F.Cu
    @(70.0400 mm, 111.9000 mm): Pad 168 [/CORE_CM5/POWER_GND] of J7 on F.Cu
[unconnected_items]: Missing connection between items
    Local override; error
    @(70.0400 mm, 114.3000 mm): Pad 180 [/CORE_CM5/POWER_GND] of J7 on F.Cu
    @(70.0400 mm, 113.1000 mm): Pad 174 [/CORE_CM5/POWER_GND] of J7 on F.Cu
[unconnected_items]: Missing connection between items
    Local override; error
    @(70.0400 mm, 115.5000 mm): Pad 186 [/CORE_CM5/POWER_GND] of J7 on F.Cu
    @(70.0400 mm, 114.3000 mm): Pad 180 [/CORE_CM5/POWER_GND] of J7 on F.Cu
[unconnected_items]: Missing connection between items
    Local override; error
    @(70.0400 mm, 116.7000 mm): Pad 192 [/CORE_CM5/POWER_GND] of J7 on F.Cu
    @(70.0400 mm, 115.5000 mm): Pad 186 [/CORE_CM5/POWER_GND] of J7 on F.Cu
[unconnected_items]: Missing connection between items
    Local override; error
    @(70.0400 mm, 116.7000 mm): Pad 192 [/CORE_CM5/POWER_GND] of J7 on F.Cu
    @(66.9600 mm, 116.7000 mm): Pad 191 [/CORE_CM5/POWER_GND] of J7 on F.Cu
[unconnected_items]: Missing connection between items
    Local override; error
    @(70.0400 mm, 117.9000 mm): Pad 198 [/CORE_CM5/POWER_GND] of J7 on F.Cu
    @(70.0400 mm, 116.7000 mm): Pad 192 [/CORE_CM5/POWER_GND] of J7 on F.Cu
[unconnected_items]: Missing connection between items
    Local override; error
    @(32.9600 mm, 113.9000 mm): Pad 77 [/CORE_CM5/CM5_5V] of J7 on F.Cu
    @(32.9600 mm, 114.3000 mm): Pad 79 [/CORE_CM5/CM5_5V] of J7 on F.Cu
[unconnected_items]: Missing connection between items
    Local override; error
    @(32.9600 mm, 114.3000 mm): Pad 79 [/CORE_CM5/CM5_5V] of J7 on F.Cu
    @(32.9600 mm, 114.7000 mm): Pad 81 [/CORE_CM5/CM5_5V] of J7 on F.Cu
[unconnected_items]: Missing connection between items
    Local override; error
    @(32.9600 mm, 114.7000 mm): Pad 81 [/CORE_CM5/CM5_5V] of J7 on F.Cu
    @(32.9600 mm, 115.1000 mm): Pad 83 [/CORE_CM5/CM5_5V] of J7 on F.Cu
[unconnected_items]: Missing connection between items
    Local override; error
    @(32.9600 mm, 115.1000 mm): Pad 83 [/CORE_CM5/CM5_5V] of J7 on F.Cu
    @(32.9600 mm, 115.5000 mm): Pad 85 [/CORE_CM5/CM5_5V] of J7 on F.Cu
[unconnected_items]: Missing connection between items
    Local override; error
    @(32.9600 mm, 115.5000 mm): Pad 85 [/CORE_CM5/CM5_5V] of J7 on F.Cu
    @(32.9600 mm, 115.9000 mm): Pad 87 [/CORE_CM5/CM5_5V] of J7 on F.Cu

** Found 0 Footprint errors **

** Ignored checks **
    - Footprint has no courtyard defined
    - Track endpoint not centered on via
    - Tuning profile track geometries
    - Footprint doesn't match symbol's footprint filters
    - Footprint component type doesn't match footprint pads

** End of Report **
