** Drc report for PHASE24_RTL9210B_ROTATE_U1_CONTROLS_V428.kicad_pcb **
** Created on 2026-09-08T00:34:35 **
** Report includes: Errors, Warnings **

** Found 46 DRC violations **
[tracks_crossing]: Tracks crossing
    Local override; error
    @(110.8000 mm, 60.4000 mm): Track [LANE0_RXP] on F.Cu, length 6.1000 mm
    @(109.9500 mm, 62.4000 mm): Track [PEDET] on F.Cu, length 2.0500 mm
[tracks_crossing]: Tracks crossing
    Local override; error
    @(112.0000 mm, 62.4000 mm): Track [PEDET] on B.Cu, length 28.0000 mm
    @(136.5000 mm, 60.4000 mm): Track [CLKREQ_N] on B.Cu, length 9.8750 mm
[tracks_crossing]: Tracks crossing
    Local override; error
    @(109.9500 mm, 60.4000 mm): Track [CLKREQ_N] on F.Cu, length 2.0500 mm
    @(110.8000 mm, 60.4000 mm): Track [LANE0_RXP] on F.Cu, length 6.1000 mm
[clearance]: Clearance violation ( clearance 0.2000 mm; actual 0.1278 mm)
    Local override; error
    @(134.5000 mm, 59.8000 mm): Track [PERST_N] on F.Cu, length 10.5819 mm
    @(135.2500 mm, 59.2000 mm): Track [LANE0_TXN] on F.Cu, length 3.5250 mm
[shorting_items]: Items shorting two nets (nets REFCLK_N and CLKREQ_N)
    Local override; error
    @(136.7500 mm, 62.7250 mm): Pad 53 [REFCLK_N] of J1 on F.Cu
    @(136.5000 mm, 60.4000 mm): Track [CLKREQ_N] on F.Cu, length 9.8750 mm
[clearance]: Clearance violation ( clearance 0.2000 mm; actual 0.1972 mm)
    Local override; error
    @(109.9500 mm, 60.0000 mm): Track [PERST_N] on F.Cu, length 2.0597 mm
    @(112.0000 mm, 60.4000 mm): Via [CLKREQ_N] on F.Cu - B.Cu
[shorting_items]: Items shorting two nets (nets PERST_N and CLKREQ_N)
    Local override; error
    @(112.0000 mm, 59.8000 mm): Via [PERST_N] on F.Cu - B.Cu
    @(112.0000 mm, 60.4000 mm): Via [CLKREQ_N] on F.Cu - B.Cu
[clearance]: Clearance violation ( clearance 0.2000 mm; actual 0.1385 mm)
    Local override; error
    @(111.5000 mm, 60.0000 mm): Track [LANE0_RXN] on F.Cu, length 4.5000 mm
    @(112.0000 mm, 59.8000 mm): Via [PERST_N] on F.Cu - B.Cu
[shorting_items]: Items shorting two nets (nets PERST_N and CLKREQ_N)
    Local override; error
    @(112.0000 mm, 59.8000 mm): Via [PERST_N] on F.Cu - B.Cu
    @(112.0000 mm, 60.4000 mm): Via [CLKREQ_N] on F.Cu - B.Cu
[clearance]: Clearance violation ( clearance 0.2000 mm; actual 0.1641 mm)
    Local override; error
    @(109.9500 mm, 59.6000 mm): Pad 15 [<no net>] of U1 on F.Cu
    @(109.9500 mm, 60.0000 mm): Track [PERST_N] on F.Cu, length 2.0597 mm
[shorting_items]: Items shorting two nets (nets LANE0_TXP and RTL_5V)
    Local override; error
    @(109.9500 mm, 58.8000 mm): Track [LANE0_TXP] on F.Cu, length 25.8000 mm
    @(109.9500 mm, 58.8000 mm): Pad 17 [RTL_5V] of U1 on F.Cu
[shorting_items]: Items shorting two nets (nets RESET_N and XTAL_OUT)
    Local override; error
    @(109.9500 mm, 64.4000 mm): Pad 3 [RESET_N] of U1 on F.Cu
    @(109.9500 mm, 64.4000 mm): Track [XTAL_OUT] on F.Cu, length 0.7500 mm
[shorting_items]: Items shorting two nets (nets PERST_N and CLKREQ_N)
    Local override; error
    @(112.0000 mm, 59.8000 mm): Via [PERST_N] on F.Cu - B.Cu
    @(112.0000 mm, 60.4000 mm): Via [CLKREQ_N] on F.Cu - B.Cu
[shorting_items]: Items shorting two nets (nets PERST_N and CLKREQ_N)
    Local override; error
    @(112.0000 mm, 59.8000 mm): Via [PERST_N] on F.Cu - B.Cu
    @(112.0000 mm, 60.4000 mm): Via [CLKREQ_N] on F.Cu - B.Cu
[shorting_items]: Items shorting two nets (nets PERST_N and CLKREQ_N)
    Local override; error
    @(112.0000 mm, 59.8000 mm): Via [PERST_N] on F.Cu - B.Cu
    @(112.0000 mm, 60.4000 mm): Via [CLKREQ_N] on F.Cu - B.Cu
[shorting_items]: Items shorting two nets (nets  and XTAL_IN)
    Local override; error
    @(109.9500 mm, 64.8000 mm): Pad 2 [<no net>] of U1 on F.Cu
    @(109.9500 mm, 64.8000 mm): Track [XTAL_IN] on F.Cu, length 2.9500 mm
[shorting_items]: Items shorting two nets (nets RSET and LANE0_TXP)
    Local override; error
    @(109.2000 mm, 65.9500 mm): Track [RSET] on F.Cu, length 1.5500 mm
    @(109.2000 mm, 65.9500 mm): Pad 68 [LANE0_TXP] of U1 on F.Cu
[shorting_items]: Items shorting two nets (nets PERST_N and LANE0_RXN)
    Local override; error
    @(109.9500 mm, 60.0000 mm): Pad 14 [PERST_N] of U1 on F.Cu
    @(109.9500 mm, 60.0000 mm): Track [LANE0_RXN] on F.Cu, length 1.5500 mm
[shorting_items]: Items shorting two nets (nets CLKREQ_N and LANE0_RXP)
    Local override; error
    @(109.9500 mm, 60.4000 mm): Pad 13 [CLKREQ_N] of U1 on F.Cu
    @(109.9500 mm, 60.4000 mm): Track [LANE0_RXP] on F.Cu, length 0.8500 mm
[shorting_items]: Items shorting two nets (nets  and RTL_3V3)
    Local override; error
    @(109.9500 mm, 65.2000 mm): Pad 1 [<no net>] of U1 on F.Cu
    @(109.9500 mm, 65.2000 mm): Track [RTL_3V3] on F.Cu, length 0.1500 mm
[shorting_items]: Items shorting two nets (nets  and RTL_3V3)
    Local override; error
    @(109.9500 mm, 65.2000 mm): Pad 1 [<no net>] of U1 on F.Cu
    @(109.8000 mm, 65.2000 mm): Track [RTL_3V3] on F.Cu, length 1.6000 mm
[shorting_items]: Items shorting two nets (nets RTL_3V3 and USB_DP)
    Local override; error
    @(102.0500 mm, 59.6000 mm): Track [RTL_3V3] on F.Cu, length 1.5500 mm
    @(102.0500 mm, 59.6000 mm): Pad 37 [USB_DP] of U1 on F.Cu
[shorting_items]: Items shorting two nets (nets RTL_3V3 and RSET)
    Local override; error
    @(102.0500 mm, 65.2000 mm): Track [RTL_3V3] on F.Cu, length 1.5500 mm
    @(102.0500 mm, 65.2000 mm): Pad 51 [RSET] of U1 on F.Cu
[shorting_items]: Items shorting two nets (nets RTL_3V3 and )
    Local override; error
    @(104.4000 mm, 65.9500 mm): Track [RTL_3V3] on F.Cu, length 2.5500 mm
    @(104.4000 mm, 65.9500 mm): Pad 56 [<no net>] of U1 on F.Cu
[tracks_crossing]: Tracks crossing
    Local override; error
    @(134.5000 mm, 59.8000 mm): Track [PERST_N] on B.Cu, length 14.2000 mm
    @(112.0000 mm, 60.4000 mm): Track [CLKREQ_N] on B.Cu, length 24.5000 mm
[clearance]: Clearance violation ( clearance 0.2000 mm; actual 0.1000 mm)
    Local override; error
    @(111.5000 mm, 60.0000 mm): Track [LANE0_RXN] on F.Cu, length 4.5000 mm
    @(112.0000 mm, 62.4000 mm): Via [PEDET] on F.Cu - B.Cu
[shorting_items]: Items shorting two nets (nets RTL_1V1 and LANE0_TXN)
    Local override; error
    @(109.9500 mm, 59.2000 mm): Pad 16 [RTL_1V1] of U1 on F.Cu
    @(109.9500 mm, 59.2000 mm): Track [LANE0_TXN] on F.Cu, length 25.3000 mm
[solder_mask_bridge]: Front solder mask aperture bridges items with different nets
    Rule: board setup solder mask min width; error
    @(134.5000 mm, 59.8000 mm): Track [PERST_N] on F.Cu, length 10.5819 mm
    @(135.2500 mm, 62.7250 mm): Pad 47 [LANE0_TXN] of J1 on F.Cu
[solder_mask_bridge]: Front solder mask aperture bridges items with different nets
    Rule: board setup solder mask min width; error
    @(102.0500 mm, 65.2000 mm): Track [RTL_3V3] on F.Cu, length 1.5500 mm
    @(102.0500 mm, 65.2000 mm): Pad 51 [RSET] of U1 on F.Cu
[solder_mask_bridge]: Front solder mask aperture bridges items with different nets
    Rule: board setup solder mask min width; error
    @(104.4000 mm, 65.9500 mm): Track [RTL_3V3] on F.Cu, length 2.5500 mm
    @(104.4000 mm, 65.9500 mm): Pad 56 [<no net>] of U1 on F.Cu
[solder_mask_bridge]: Front solder mask aperture bridges items with different nets
    Rule: board setup solder mask min width; error
    @(102.0500 mm, 59.6000 mm): Track [RTL_3V3] on F.Cu, length 1.5500 mm
    @(102.0500 mm, 59.6000 mm): Pad 37 [USB_DP] of U1 on F.Cu
[solder_mask_bridge]: Front solder mask aperture bridges items with different nets
    Rule: board setup solder mask min width; error
    @(109.8000 mm, 65.2000 mm): Track [RTL_3V3] on F.Cu, length 1.6000 mm
    @(109.9500 mm, 65.2000 mm): Pad 1 [<no net>] of U1 on F.Cu
[solder_mask_bridge]: Front solder mask aperture bridges items with different nets
    Rule: board setup solder mask min width; error
    @(109.9500 mm, 65.2000 mm): Track [RTL_3V3] on F.Cu, length 0.1500 mm
    @(109.9500 mm, 65.2000 mm): Pad 1 [<no net>] of U1 on F.Cu
[solder_mask_bridge]: Front solder mask aperture bridges items with different nets
    Rule: board setup solder mask min width; error
    @(109.2000 mm, 65.9500 mm): Track [RSET] on F.Cu, length 1.5500 mm
    @(109.2000 mm, 65.9500 mm): Pad 68 [LANE0_TXP] of U1 on F.Cu
[solder_mask_bridge]: Front solder mask aperture bridges items with different nets
    Rule: board setup solder mask min width; error
    @(109.9500 mm, 64.8000 mm): Track [XTAL_IN] on F.Cu, length 2.9500 mm
    @(109.9500 mm, 64.8000 mm): Pad 2 [<no net>] of U1 on F.Cu
[solder_mask_bridge]: Front solder mask aperture bridges items with different nets
    Rule: board setup solder mask min width; error
    @(109.9500 mm, 60.4000 mm): Track [LANE0_RXP] on F.Cu, length 0.8500 mm
    @(109.9500 mm, 60.4000 mm): Pad 13 [CLKREQ_N] of U1 on F.Cu
[solder_mask_bridge]: Front solder mask aperture bridges items with different nets
    Rule: board setup solder mask min width; error
    @(109.9500 mm, 60.0000 mm): Track [LANE0_RXN] on F.Cu, length 1.5500 mm
    @(109.9500 mm, 60.0000 mm): Pad 14 [PERST_N] of U1 on F.Cu
[solder_mask_bridge]: Front solder mask aperture bridges items with different nets
    Rule: board setup solder mask min width; error
    @(109.9500 mm, 64.4000 mm): Track [XTAL_OUT] on F.Cu, length 0.7500 mm
    @(109.9500 mm, 64.4000 mm): Pad 3 [RESET_N] of U1 on F.Cu
[solder_mask_bridge]: Front solder mask aperture bridges items with different nets
    Rule: board setup solder mask min width; error
    @(109.9500 mm, 59.2000 mm): Track [LANE0_TXN] on F.Cu, length 25.3000 mm
    @(109.9500 mm, 59.2000 mm): Pad 16 [RTL_1V1] of U1 on F.Cu
[solder_mask_bridge]: Front solder mask aperture bridges items with different nets
    Rule: board setup solder mask min width; error
    @(109.9500 mm, 58.8000 mm): Track [LANE0_TXP] on F.Cu, length 25.8000 mm
    @(109.9500 mm, 58.8000 mm): Pad 17 [RTL_5V] of U1 on F.Cu
[track_dangling]: Track has unconnected end
    Local override; warning
    @(136.5000 mm, 60.4000 mm): Track [CLKREQ_N] on B.Cu, length 9.8750 mm
[track_dangling]: Track has unconnected end
    Local override; warning
    @(134.5000 mm, 74.0000 mm): Track [PERST_N] on F.Cu, length 4.0157 mm
[track_dangling]: Track has unconnected end
    Local override; warning
    @(134.5000 mm, 59.8000 mm): Track [PERST_N] on B.Cu, length 14.2000 mm
[track_dangling]: Track has unconnected end
    Local override; warning
    @(100.0000 mm, 51.5000 mm): Track [RTL_3V3] on In2.PWR, length 15.5000 mm
[isolated_copper]: Isolated copper fill
    Local override; warning
    @(65.5000 mm, 40.5000 mm): Zone [GND] on B.Cu, priority 0
[isolated_copper]: Isolated copper fill
    Local override; warning
    @(65.5000 mm, 40.5000 mm): Zone [GND] on B.Cu, priority 0

** Found 33 unconnected pads **
[unconnected_items]: Missing connection between items
    Local override; error
    @(109.9500 mm, 58.8000 mm): Pad 17 [RTL_5V] of U1 on F.Cu
    @(103.2000 mm, 58.0500 mm): Pad 33 [RTL_5V] of U1 on F.Cu
[unconnected_items]: Missing connection between items
    Local override; error
    @(124.4000 mm, 61.0000 mm): Pad 1 [RTL_5V] of C5 on F.Cu
    @(109.9500 mm, 58.8000 mm): Pad 17 [RTL_5V] of U1 on F.Cu
[unconnected_items]: Missing connection between items
    Local override; error
    @(106.0000 mm, 62.0000 mm): Pad 69 [GND] of U1 on F.Cu
    @(102.0500 mm, 62.8000 mm): Pad 45 [GND] of U1 on F.Cu
[unconnected_items]: Missing connection between items
    Local override; error
    @(106.0000 mm, 62.0000 mm): Pad 69 [GND] of U1 on F.Cu
    @(108.4000 mm, 65.9500 mm): Pad 66 [GND] of U1 on F.Cu
[unconnected_items]: Missing connection between items
    Local override; error
    @(108.4000 mm, 65.9500 mm): Pad 66 [GND] of U1 on F.Cu
    @(65.5000 mm, 40.5000 mm): Zone [GND] on F.Cu, priority 0
[unconnected_items]: Missing connection between items
    Local override; error
    @(98.9000 mm, 53.0000 mm): Pad 1 [PEDET] of R2 on F.Cu
    @(109.9500 mm, 62.4000 mm): Track [PEDET] on F.Cu, length 2.0500 mm
[unconnected_items]: Missing connection between items
    Local override; error
    @(101.4000 mm, 53.0000 mm): Pad 1 [CLKREQ_N] of R3 on F.Cu
    @(109.9500 mm, 60.4000 mm): Track [CLKREQ_N] on F.Cu, length 2.0500 mm
[unconnected_items]: Missing connection between items
    Local override; error
    @(102.0500 mm, 59.2000 mm): Pad 36 [RTL_1V1] of U1 on F.Cu
    @(102.0500 mm, 60.8000 mm): Pad 40 [RTL_1V1] of U1 on F.Cu
[unconnected_items]: Missing connection between items
    Local override; error
    @(102.0500 mm, 59.2000 mm): Pad 36 [RTL_1V1] of U1 on F.Cu
    @(106.4000 mm, 58.0500 mm): Pad 25 [RTL_1V1] of U1 on F.Cu
[unconnected_items]: Missing connection between items
    Local override; error
    @(102.0500 mm, 60.8000 mm): Pad 40 [RTL_1V1] of U1 on F.Cu
    @(102.0500 mm, 64.8000 mm): Pad 50 [RTL_1V1] of U1 on F.Cu
[unconnected_items]: Missing connection between items
    Local override; error
    @(102.0500 mm, 64.8000 mm): Pad 50 [RTL_1V1] of U1 on F.Cu
    @(104.0000 mm, 65.9500 mm): Pad 55 [RTL_1V1] of U1 on F.Cu
[unconnected_items]: Missing connection between items
    Local override; error
    @(104.0000 mm, 65.9500 mm): Pad 55 [RTL_1V1] of U1 on F.Cu
    @(106.0000 mm, 65.9500 mm): Pad 60 [RTL_1V1] of U1 on F.Cu
[unconnected_items]: Missing connection between items
    Local override; error
    @(106.0000 mm, 65.9500 mm): Pad 60 [RTL_1V1] of U1 on F.Cu
    @(107.2000 mm, 65.9500 mm): Pad 63 [RTL_1V1] of U1 on F.Cu
[unconnected_items]: Missing connection between items
    Local override; error
    @(106.4000 mm, 58.0500 mm): Pad 25 [RTL_1V1] of U1 on F.Cu
    @(109.9500 mm, 59.2000 mm): Pad 16 [RTL_1V1] of U1 on F.Cu
[unconnected_items]: Missing connection between items
    Local override; error
    @(109.9500 mm, 59.2000 mm): Pad 16 [RTL_1V1] of U1 on F.Cu
    @(113.2000 mm, 53.0000 mm): Pad 1 [RTL_1V1] of C4 on F.Cu
[unconnected_items]: Missing connection between items
    Local override; error
    @(96.1000 mm, 70.0000 mm): Pad 5 [SPISI] of U2 on F.Cu
    @(109.2000 mm, 58.0500 mm): Pad 18 [SPISI] of U1 on F.Cu
[unconnected_items]: Missing connection between items
    Local override; error
    @(97.3000 mm, 70.0000 mm): Pad 6 [SPICLK] of U2 on F.Cu
    @(108.8000 mm, 58.0500 mm): Pad 19 [SPICLK] of U1 on F.Cu
[unconnected_items]: Missing connection between items
    Local override; error
    @(102.0500 mm, 59.6000 mm): Track [RTL_3V3] on F.Cu, length 1.5500 mm
    @(102.0500 mm, 60.4000 mm): Pad 39 [RTL_3V3] of U1 on F.Cu
[unconnected_items]: Missing connection between items
    Local override; error
    @(102.0500 mm, 65.2000 mm): Track [RTL_3V3] on F.Cu, length 1.5500 mm
    @(102.8000 mm, 65.9500 mm): Pad 52 [RTL_3V3] of U1 on F.Cu
[unconnected_items]: Missing connection between items
    Local override; error
    @(102.8000 mm, 58.0500 mm): Pad 34 [RTL_3V3] of U1 on F.Cu
    @(102.0500 mm, 59.6000 mm): Track [RTL_3V3] on F.Cu, length 1.5500 mm
[unconnected_items]: Missing connection between items
    Local override; error
    @(108.4000 mm, 58.0500 mm): Pad 20 [RTL_3V3] of U1 on F.Cu
    @(110.2000 mm, 53.0000 mm): Track [RTL_3V3] on F.Cu, length 2.0000 mm
[unconnected_items]: Missing connection between items
    Local override; error
    @(98.5000 mm, 70.0000 mm): Pad 7 [SPISO3] of U2 on F.Cu
    @(107.6000 mm, 58.0500 mm): Pad 22 [SPISO3] of U1 on F.Cu
[unconnected_items]: Missing connection between items
    Local override; error
    @(92.5000 mm, 70.0000 mm): Pad 2 [SPISO] of U2 on F.Cu
    @(107.2000 mm, 58.0500 mm): Pad 23 [SPISO] of U1 on F.Cu
[unconnected_items]: Missing connection between items
    Local override; error
    @(91.3000 mm, 70.0000 mm): Pad 1 [SPICS] of U2 on F.Cu
    @(106.8000 mm, 58.0500 mm): Pad 24 [SPICS] of U1 on F.Cu
[unconnected_items]: Missing connection between items
    Local override; error
    @(102.0500 mm, 65.2000 mm): Pad 51 [RSET] of U1 on F.Cu
    @(108.5000 mm, 69.5000 mm): Track [RSET] on B.Cu, length 7.1000 mm
[unconnected_items]: Missing connection between items
    Local override; error
    @(107.0000 mm, 64.9500 mm): Track [XTAL_IN] on B.Cu, length 20.9500 mm
    @(103.2000 mm, 65.9500 mm): Pad 53 [XTAL_IN] of U1 on F.Cu
[unconnected_items]: Missing connection between items
    Local override; error
    @(109.2000 mm, 64.4000 mm): Track [XTAL_OUT] on F.Cu, length 0.6325 mm
    @(103.6000 mm, 65.9500 mm): Pad 54 [XTAL_OUT] of U1 on F.Cu
[unconnected_items]: Missing connection between items
    Local override; error
    @(106.4000 mm, 65.9500 mm): Pad 61 [REFCLK_P] of U1 on F.Cu
    @(137.2500 mm, 62.7250 mm): Pad 55 [REFCLK_P] of J1 on F.Cu
[unconnected_items]: Missing connection between items
    Local override; error
    @(106.8000 mm, 65.9500 mm): Pad 62 [REFCLK_N] of U1 on F.Cu
    @(136.7500 mm, 62.7250 mm): Pad 53 [REFCLK_N] of J1 on F.Cu
[unconnected_items]: Missing connection between items
    Local override; error
    @(107.6000 mm, 65.9500 mm): Pad 64 [LANE0_RXP] of U1 on F.Cu
    @(110.8000 mm, 66.5000 mm): Track [LANE0_RXP] on B.Cu, length 21.2000 mm
[unconnected_items]: Missing connection between items
    Local override; error
    @(111.5000 mm, 64.5000 mm): Track [LANE0_RXN] on B.Cu, length 20.5000 mm
    @(108.0000 mm, 65.9500 mm): Pad 65 [LANE0_RXN] of U1 on F.Cu
[unconnected_items]: Missing connection between items
    Local override; error
    @(109.9500 mm, 59.2000 mm): Track [LANE0_TXN] on F.Cu, length 25.3000 mm
    @(108.8000 mm, 65.9500 mm): Pad 67 [LANE0_TXN] of U1 on F.Cu
[unconnected_items]: Missing connection between items
    Local override; error
    @(109.9500 mm, 58.8000 mm): Track [LANE0_TXP] on F.Cu, length 25.8000 mm
    @(109.2000 mm, 65.9500 mm): Pad 68 [LANE0_TXP] of U1 on F.Cu

** Found 0 Footprint errors **

** Ignored checks **
    - Footprint has no courtyard defined
    - Track endpoint not centered on via
    - Tuning profile track geometries
    - Footprint doesn't match symbol's footprint filters
    - Footprint component type doesn't match footprint pads

** End of Report **
